nohup: ignoring input
================================================================================
TRUE HOLDOUT TEST - PARALLEL OPTIMIZED
================================================================================

[TIME] Script Started: 2025-10-29 17:50:45

Configuration:
  Parallel processes: 4
  Threads per model: 4
  Total vCPUs used: 16
  Available CPUs: 32
  Memory available: 124.9 GB
  Memory current: 0.13 GB

Loading raw data: /workspace/data/raw/c5_Matrix.csv
  Total events: 11589
  Event ID range: 1 to 11589
  Memory: 0.14 GB

Test Configuration:
  Test range: Events 11490 to 11589
  Total events: 100
  Training: Events 1 to N-1 for each test event N

Running TRUE holdout predictions with parallel model training...


================================================================================
Event 11490 (1/100)
================================================================================
2025-10-29 17:50:45,971 - src.imputation.base_imputer - INFO - Fitting amplitude_embedding imputer on 11489 samples
2025-10-29 17:50:45,972 - src.imputation.base_imputer - INFO - Fitting graph_cycle_encoding imputer on 11489 samples
2025-10-29 17:50:45,972 - src.imputation.base_imputer - INFO - Fitting angle_encoding imputer on 11489 samples
2025-10-29 17:50:45,973 - src.imputation.base_imputer - INFO - Fitting density_matrix_optimized imputer on 11489 samples
2025-10-29 17:50:45,975 - src.imputation.amplitude_embedding - INFO - Learned position frequencies from 11489 samples. Normalization mode: uniform
2025-10-29 17:50:45,975 - src.imputation.base_imputer - INFO - amplitude_embedding imputer fitted successfully
2025-10-29 17:50:45,975 - src.imputation.base_imputer - INFO - Transforming 11489 samples with amplitude_embedding imputer
2025-10-29 17:50:45,976 - src.imputation.density_matrix - INFO - Density matrix uses fixed quantum mechanical construction (no learning from 11489 training samples)
2025-10-29 17:50:45,976 - src.imputation.angle_encoding - INFO - Angle encoding uses fixed angular mapping (no learning from 11489 training samples)
2025-10-29 17:50:45,976 - src.imputation.graph_cycle_encoding - INFO - Graph/Cycle encoding uses fixed DFT basis and geometric distances (no learning from 11489 training samples)
2025-10-29 17:50:45,976 - src.imputation.base_imputer - INFO - density_matrix_optimized imputer fitted successfully
2025-10-29 17:50:45,976 - src.imputation.base_imputer - INFO - angle_encoding imputer fitted successfully
2025-10-29 17:50:45,976 - src.imputation.base_imputer - INFO - graph_cycle_encoding imputer fitted successfully
2025-10-29 17:50:45,976 - src.imputation.base_imputer - INFO - Transforming 11489 samples with density_matrix_optimized imputer
2025-10-29 17:50:45,976 - src.imputation.base_imputer - INFO - Transforming 11489 samples with angle_encoding imputer
2025-10-29 17:50:45,976 - src.imputation.base_imputer - INFO - Transforming 11489 samples with graph_cycle_encoding imputer
2025-10-29 17:50:53,631 - src.imputation.base_imputer - INFO - Transformation complete: output shape (11489, 322)
2025-10-29 17:50:53,631 - src.imputation.base_imputer - INFO - Transforming 1 samples with angle_encoding imputer
2025-10-29 17:50:53,633 - src.imputation.base_imputer - INFO - Transformation complete: output shape (1, 322)
2025-10-29 17:50:53,755 - src.imputation.base_imputer - INFO - Transformation complete: output shape (11489, 377)
2025-10-29 17:50:53,755 - src.imputation.base_imputer - INFO - Transforming 1 samples with amplitude_embedding imputer
2025-10-29 17:50:53,757 - src.imputation.base_imputer - INFO - Transformation complete: output shape (1, 377)
2025-10-29 17:50:53,889 - src.imputation.base_imputer - INFO - Transformation complete: output shape (11489, 259)
2025-10-29 17:50:53,889 - src.imputation.base_imputer - INFO - Transforming 1 samples with density_matrix_optimized imputer
2025-10-29 17:50:53,891 - src.imputation.base_imputer - INFO - Transformation complete: output shape (1, 259)
2025-10-29 17:50:54,257 - src.imputation.base_imputer - INFO - Transformation complete: output shape (11489, 277)
2025-10-29 17:50:54,257 - src.imputation.base_imputer - INFO - Transforming 1 samples with graph_cycle_encoding imputer
2025-10-29 17:50:54,259 - src.imputation.base_imputer - INFO - Transformation complete: output shape (1, 277)
2025-10-29 17:50:59,306 - src.modeling.rankers.lgbm_ranker - INFO - Training LGBMRanker on 11489 events...
2025-10-29 17:50:59,327 - src.modeling.rankers.lgbm_ranker - INFO - Training LGBMRanker on 11489 events...
2025-10-29 17:50:59,445 - src.modeling.rankers.lgbm_ranker - INFO - Computed position frequencies: 39 positions
2025-10-29 17:50:59,462 - src.modeling.rankers.lgbm_ranker - INFO - Training LGBMRanker on 11489 events...
2025-10-29 17:50:59,470 - src.modeling.rankers.lgbm_ranker - INFO - Computed position frequencies: 39 positions
2025-10-29 17:50:59,602 - src.modeling.rankers.lgbm_ranker - INFO - Computed position frequencies: 39 positions
2025-10-29 17:50:59,953 - src.modeling.rankers.lgbm_ranker - INFO - Training LGBMRanker on 11489 events...
2025-10-29 17:51:00,096 - src.modeling.rankers.lgbm_ranker - INFO - Computed position frequencies: 39 positions
2025-10-29 17:52:12,969 - src.modeling.rankers.lgbm_ranker - INFO - Transformed to ranking format: 448071 samples (11489 groups of 39 positions each)
2025-10-29 17:52:12,970 - src.modeling.rankers.lgbm_ranker - INFO - Training LightGBM model...
/usr/local/lib/python3.10/dist-packages/lightgbm/sklearn.py:861: UserWarning: Found 'ndcg_eval_at' in params. Will use it instead of 'eval_at' argument
  _log_warning(f"Found '{alias}' in params. Will use it instead of 'eval_at' argument")
2025-10-29 17:52:14,108 - src.modeling.rankers.lgbm_ranker - INFO - Top-5 most important features:
2025-10-29 17:52:14,108 - src.modeling.rankers.lgbm_ranker - INFO -   aggregate_0: 297.00
2025-10-29 17:52:14,108 - src.modeling.rankers.lgbm_ranker - INFO -   position_frequency: 280.00
2025-10-29 17:52:14,108 - src.modeling.rankers.lgbm_ranker - INFO -   position_id: 217.00
2025-10-29 17:52:14,108 - src.modeling.rankers.lgbm_ranker - INFO -   angle: 81.00
2025-10-29 17:52:14,108 - src.modeling.rankers.lgbm_ranker - INFO -   tunneling: 80.00
2025-10-29 17:52:14,108 - src.modeling.rankers.lgbm_ranker - INFO - ✓ Training completed in 74.78 seconds
2025-10-29 17:52:14,108 - src.modeling.rankers.lgbm_ranker - INFO - ✓ LGBMRanker training successful
2025-10-29 17:52:14,119 - src.modeling.rankers.lgbm_ranker - INFO - Predicting top-20 for 1 test events...
/usr/local/lib/python3.10/dist-packages/lightgbm/sklearn.py:861: UserWarning: Found 'ndcg_eval_at' in params. Will use it instead of 'eval_at' argument
  _log_warning(f"Found '{alias}' in params. Will use it instead of 'eval_at' argument")
2025-10-29 17:52:14,127 - src.modeling.rankers.lgbm_ranker - INFO - ✓ Predictions generated for 1 events
2025-10-29 17:52:14,901 - src.modeling.rankers.lgbm_ranker - INFO - Transformed to ranking format: 448071 samples (11489 groups of 39 positions each)
2025-10-29 17:52:14,901 - src.modeling.rankers.lgbm_ranker - INFO - Training LightGBM model...
/usr/local/lib/python3.10/dist-packages/lightgbm/sklearn.py:861: UserWarning: Found 'ndcg_eval_at' in params. Will use it instead of 'eval_at' argument
  _log_warning(f"Found '{alias}' in params. Will use it instead of 'eval_at' argument")
2025-10-29 17:52:16,542 - src.modeling.rankers.lgbm_ranker - INFO - Top-5 most important features:
2025-10-29 17:52:16,542 - src.modeling.rankers.lgbm_ranker - INFO -   position_id: 431.00
2025-10-29 17:52:16,542 - src.modeling.rankers.lgbm_ranker - INFO -   tunneling: 309.00
2025-10-29 17:52:16,542 - src.modeling.rankers.lgbm_ranker - INFO -   position_frequency: 294.00
2025-10-29 17:52:16,542 - src.modeling.rankers.lgbm_ranker - INFO -   min_distance: 209.00
2025-10-29 17:52:16,542 - src.modeling.rankers.lgbm_ranker - INFO -   density_window_0: 181.00
2025-10-29 17:52:16,542 - src.modeling.rankers.lgbm_ranker - INFO - ✓ Training completed in 77.08 seconds
2025-10-29 17:52:16,542 - src.modeling.rankers.lgbm_ranker - INFO - ✓ LGBMRanker training successful
2025-10-29 17:52:16,561 - src.modeling.rankers.lgbm_ranker - INFO - Predicting top-20 for 1 test events...
/usr/local/lib/python3.10/dist-packages/lightgbm/sklearn.py:861: UserWarning: Found 'ndcg_eval_at' in params. Will use it instead of 'eval_at' argument
  _log_warning(f"Found '{alias}' in params. Will use it instead of 'eval_at' argument")
2025-10-29 17:52:16,569 - src.modeling.rankers.lgbm_ranker - INFO - ✓ Predictions generated for 1 events
2025-10-29 17:52:18,340 - src.modeling.rankers.lgbm_ranker - INFO - Transformed to ranking format: 448071 samples (11489 groups of 39 positions each)
2025-10-29 17:52:18,340 - src.modeling.rankers.lgbm_ranker - INFO - Training LightGBM model...
/usr/local/lib/python3.10/dist-packages/lightgbm/sklearn.py:861: UserWarning: Found 'ndcg_eval_at' in params. Will use it instead of 'eval_at' argument
  _log_warning(f"Found '{alias}' in params. Will use it instead of 'eval_at' argument")
2025-10-29 17:52:19,378 - src.modeling.rankers.lgbm_ranker - INFO - Top-5 most important features:
2025-10-29 17:52:19,378 - src.modeling.rankers.lgbm_ranker - INFO -   position_frequency: 359.00
2025-10-29 17:52:19,378 - src.modeling.rankers.lgbm_ranker - INFO -   min_distance: 243.00
2025-10-29 17:52:19,378 - src.modeling.rankers.lgbm_ranker - INFO -   position_id: 221.00
2025-10-29 17:52:19,378 - src.modeling.rankers.lgbm_ranker - INFO -   tunneling: 205.00
2025-10-29 17:52:19,378 - src.modeling.rankers.lgbm_ranker - INFO -   density_window_0: 112.00
2025-10-29 17:52:19,378 - src.modeling.rankers.lgbm_ranker - INFO - ✓ Training completed in 80.07 seconds
2025-10-29 17:52:19,378 - src.modeling.rankers.lgbm_ranker - INFO - ✓ LGBMRanker training successful
2025-10-29 17:52:19,382 - src.modeling.rankers.lgbm_ranker - INFO - Predicting top-20 for 1 test events...
/usr/local/lib/python3.10/dist-packages/lightgbm/sklearn.py:861: UserWarning: Found 'ndcg_eval_at' in params. Will use it instead of 'eval_at' argument
  _log_warning(f"Found '{alias}' in params. Will use it instead of 'eval_at' argument")
2025-10-29 17:52:19,390 - src.modeling.rankers.lgbm_ranker - INFO - ✓ Predictions generated for 1 events
2025-10-29 17:52:21,103 - src.modeling.rankers.lgbm_ranker - INFO - Transformed to ranking format: 448071 samples (11489 groups of 39 positions each)
2025-10-29 17:52:21,103 - src.modeling.rankers.lgbm_ranker - INFO - Training LightGBM model...
/usr/local/lib/python3.10/dist-packages/lightgbm/sklearn.py:861: UserWarning: Found 'ndcg_eval_at' in params. Will use it instead of 'eval_at' argument
  _log_warning(f"Found '{alias}' in params. Will use it instead of 'eval_at' argument")
2025-10-29 17:52:24,103 - src.modeling.rankers.lgbm_ranker - INFO - Top-5 most important features:
2025-10-29 17:52:24,103 - src.modeling.rankers.lgbm_ranker - INFO -   tunneling: 417.00
2025-10-29 17:52:24,103 - src.modeling.rankers.lgbm_ranker - INFO -   min_distance: 270.00
2025-10-29 17:52:24,103 - src.modeling.rankers.lgbm_ranker - INFO -   position_id: 248.00
2025-10-29 17:52:24,103 - src.modeling.rankers.lgbm_ranker - INFO -   dft_45: 183.00
2025-10-29 17:52:24,103 - src.modeling.rankers.lgbm_ranker - INFO -   density_window_0: 179.00
2025-10-29 17:52:24,103 - src.modeling.rankers.lgbm_ranker - INFO - ✓ Training completed in 84.15 seconds
2025-10-29 17:52:24,103 - src.modeling.rankers.lgbm_ranker - INFO - ✓ LGBMRanker training successful
2025-10-29 17:52:24,150 - src.modeling.rankers.lgbm_ranker - INFO - Predicting top-20 for 1 test events...
/usr/local/lib/python3.10/dist-packages/lightgbm/sklearn.py:861: UserWarning: Found 'ndcg_eval_at' in params. Will use it instead of 'eval_at' argument
  _log_warning(f"Found '{alias}' in params. Will use it instead of 'eval_at' argument")
2025-10-29 17:52:24,158 - src.modeling.rankers.lgbm_ranker - INFO - ✓ Predictions generated for 1 events

  Event Duration: 98.4s
  Parallel Exec:  98.4s
  Model Training Times:
    amplitude: train=80.1s, total=93.4s
    angle_encoding: train=74.8s, total=88.2s
    graph_cycle: train=84.2s, total=98.2s
    density_matrix: train=77.1s, total=90.6s
  Memory Peak: 1.59 GB
  Recalls: amplitude: 100%, angle_encoding: 100%, graph_cycle: 100%, density_matrix: 100%, ensemble: 100%
  [CHECKPOINT] Saved

================================================================================
Event 11491 (2/100)
================================================================================
2025-10-29 17:52:24,337 - src.imputation.base_imputer - INFO - Fitting amplitude_embedding imputer on 11490 samples
2025-10-29 17:52:24,338 - src.imputation.base_imputer - INFO - Fitting graph_cycle_encoding imputer on 11490 samples
2025-10-29 17:52:24,338 - src.imputation.base_imputer - INFO - Fitting density_matrix_optimized imputer on 11490 samples
2025-10-29 17:52:24,338 - src.imputation.base_imputer - INFO - Fitting angle_encoding imputer on 11490 samples
2025-10-29 17:52:24,341 - src.imputation.amplitude_embedding - INFO - Learned position frequencies from 11490 samples. Normalization mode: uniform
2025-10-29 17:52:24,341 - src.imputation.base_imputer - INFO - amplitude_embedding imputer fitted successfully
2025-10-29 17:52:24,341 - src.imputation.base_imputer - INFO - Transforming 11490 samples with amplitude_embedding imputer
2025-10-29 17:52:24,342 - src.imputation.angle_encoding - INFO - Angle encoding uses fixed angular mapping (no learning from 11490 training samples)
2025-10-29 17:52:24,342 - src.imputation.density_matrix - INFO - Density matrix uses fixed quantum mechanical construction (no learning from 11490 training samples)
2025-10-29 17:52:24,342 - src.imputation.graph_cycle_encoding - INFO - Graph/Cycle encoding uses fixed DFT basis and geometric distances (no learning from 11490 training samples)
2025-10-29 17:52:24,342 - src.imputation.base_imputer - INFO - angle_encoding imputer fitted successfully
2025-10-29 17:52:24,342 - src.imputation.base_imputer - INFO - density_matrix_optimized imputer fitted successfully
2025-10-29 17:52:24,342 - src.imputation.base_imputer - INFO - graph_cycle_encoding imputer fitted successfully
2025-10-29 17:52:24,342 - src.imputation.base_imputer - INFO - Transforming 11490 samples with angle_encoding imputer
2025-10-29 17:52:24,342 - src.imputation.base_imputer - INFO - Transforming 11490 samples with density_matrix_optimized imputer
2025-10-29 17:52:24,342 - src.imputation.base_imputer - INFO - Transforming 11490 samples with graph_cycle_encoding imputer
2025-10-29 17:52:32,038 - src.imputation.base_imputer - INFO - Transformation complete: output shape (11490, 322)
2025-10-29 17:52:32,038 - src.imputation.base_imputer - INFO - Transforming 1 samples with angle_encoding imputer
2025-10-29 17:52:32,040 - src.imputation.base_imputer - INFO - Transformation complete: output shape (1, 322)
2025-10-29 17:52:32,226 - src.imputation.base_imputer - INFO - Transformation complete: output shape (11490, 377)
2025-10-29 17:52:32,226 - src.imputation.base_imputer - INFO - Transforming 1 samples with amplitude_embedding imputer
2025-10-29 17:52:32,228 - src.imputation.base_imputer - INFO - Transformation complete: output shape (1, 377)
2025-10-29 17:52:32,372 - src.imputation.base_imputer - INFO - Transformation complete: output shape (11490, 259)
2025-10-29 17:52:32,372 - src.imputation.base_imputer - INFO - Transforming 1 samples with density_matrix_optimized imputer
2025-10-29 17:52:32,374 - src.imputation.base_imputer - INFO - Transformation complete: output shape (1, 259)
2025-10-29 17:52:32,786 - src.imputation.base_imputer - INFO - Transformation complete: output shape (11490, 277)
2025-10-29 17:52:32,786 - src.imputation.base_imputer - INFO - Transforming 1 samples with graph_cycle_encoding imputer
2025-10-29 17:52:32,788 - src.imputation.base_imputer - INFO - Transformation complete: output shape (1, 277)
2025-10-29 17:52:37,606 - src.modeling.rankers.lgbm_ranker - INFO - Training LGBMRanker on 11490 events...
2025-10-29 17:52:37,759 - src.modeling.rankers.lgbm_ranker - INFO - Computed position frequencies: 39 positions
2025-10-29 17:52:37,918 - src.modeling.rankers.lgbm_ranker - INFO - Training LGBMRanker on 11490 events...
2025-10-29 17:52:37,923 - src.modeling.rankers.lgbm_ranker - INFO - Training LGBMRanker on 11490 events...
2025-10-29 17:52:38,057 - src.modeling.rankers.lgbm_ranker - INFO - Computed position frequencies: 39 positions
2025-10-29 17:52:38,068 - src.modeling.rankers.lgbm_ranker - INFO - Computed position frequencies: 39 positions
2025-10-29 17:52:38,547 - src.modeling.rankers.lgbm_ranker - INFO - Training LGBMRanker on 11490 events...
2025-10-29 17:52:38,691 - src.modeling.rankers.lgbm_ranker - INFO - Computed position frequencies: 39 positions
2025-10-29 17:53:49,780 - src.modeling.rankers.lgbm_ranker - INFO - Transformed to ranking format: 448110 samples (11490 groups of 39 positions each)
2025-10-29 17:53:49,780 - src.modeling.rankers.lgbm_ranker - INFO - Training LightGBM model...
/usr/local/lib/python3.10/dist-packages/lightgbm/sklearn.py:861: UserWarning: Found 'ndcg_eval_at' in params. Will use it instead of 'eval_at' argument
  _log_warning(f"Found '{alias}' in params. Will use it instead of 'eval_at' argument")
2025-10-29 17:53:50,929 - src.modeling.rankers.lgbm_ranker - INFO - Top-5 most important features:
2025-10-29 17:53:50,929 - src.modeling.rankers.lgbm_ranker - INFO -   aggregate_0: 285.00
2025-10-29 17:53:50,929 - src.modeling.rankers.lgbm_ranker - INFO -   position_frequency: 256.00
2025-10-29 17:53:50,929 - src.modeling.rankers.lgbm_ranker - INFO -   position_id: 233.00
2025-10-29 17:53:50,929 - src.modeling.rankers.lgbm_ranker - INFO -   aggregate_1: 128.00
2025-10-29 17:53:50,929 - src.modeling.rankers.lgbm_ranker - INFO -   tunneling: 108.00
2025-10-29 17:53:50,929 - src.modeling.rankers.lgbm_ranker - INFO - ✓ Training completed in 73.32 seconds
2025-10-29 17:53:50,930 - src.modeling.rankers.lgbm_ranker - INFO - ✓ LGBMRanker training successful
2025-10-29 17:53:50,944 - src.modeling.rankers.lgbm_ranker - INFO - Predicting top-20 for 1 test events...
/usr/local/lib/python3.10/dist-packages/lightgbm/sklearn.py:861: UserWarning: Found 'ndcg_eval_at' in params. Will use it instead of 'eval_at' argument
  _log_warning(f"Found '{alias}' in params. Will use it instead of 'eval_at' argument")
2025-10-29 17:53:50,952 - src.modeling.rankers.lgbm_ranker - INFO - ✓ Predictions generated for 1 events
2025-10-29 17:53:51,747 - src.modeling.rankers.lgbm_ranker - INFO - Transformed to ranking format: 448110 samples (11490 groups of 39 positions each)
2025-10-29 17:53:51,748 - src.modeling.rankers.lgbm_ranker - INFO - Training LightGBM model...
/usr/local/lib/python3.10/dist-packages/lightgbm/sklearn.py:861: UserWarning: Found 'ndcg_eval_at' in params. Will use it instead of 'eval_at' argument
  _log_warning(f"Found '{alias}' in params. Will use it instead of 'eval_at' argument")
2025-10-29 17:53:53,279 - src.modeling.rankers.lgbm_ranker - INFO - Top-5 most important features:
2025-10-29 17:53:53,279 - src.modeling.rankers.lgbm_ranker - INFO -   position_id: 377.00
2025-10-29 17:53:53,279 - src.modeling.rankers.lgbm_ranker - INFO -   tunneling: 362.00
2025-10-29 17:53:53,279 - src.modeling.rankers.lgbm_ranker - INFO -   position_frequency: 258.00
2025-10-29 17:53:53,279 - src.modeling.rankers.lgbm_ranker - INFO -   min_distance: 255.00
2025-10-29 17:53:53,280 - src.modeling.rankers.lgbm_ranker - INFO -   density_window_0: 195.00
2025-10-29 17:53:53,280 - src.modeling.rankers.lgbm_ranker - INFO - ✓ Training completed in 75.36 seconds
2025-10-29 17:53:53,280 - src.modeling.rankers.lgbm_ranker - INFO - ✓ LGBMRanker training successful
2025-10-29 17:53:53,299 - src.modeling.rankers.lgbm_ranker - INFO - Predicting top-20 for 1 test events...
/usr/local/lib/python3.10/dist-packages/lightgbm/sklearn.py:861: UserWarning: Found 'ndcg_eval_at' in params. Will use it instead of 'eval_at' argument
  _log_warning(f"Found '{alias}' in params. Will use it instead of 'eval_at' argument")
2025-10-29 17:53:53,307 - src.modeling.rankers.lgbm_ranker - INFO - ✓ Predictions generated for 1 events
2025-10-29 17:53:59,153 - src.modeling.rankers.lgbm_ranker - INFO - Transformed to ranking format: 448110 samples (11490 groups of 39 positions each)
2025-10-29 17:53:59,153 - src.modeling.rankers.lgbm_ranker - INFO - Training LightGBM model...
/usr/local/lib/python3.10/dist-packages/lightgbm/sklearn.py:861: UserWarning: Found 'ndcg_eval_at' in params. Will use it instead of 'eval_at' argument
  _log_warning(f"Found '{alias}' in params. Will use it instead of 'eval_at' argument")
2025-10-29 17:54:00,872 - src.modeling.rankers.lgbm_ranker - INFO - Top-5 most important features:
2025-10-29 17:54:00,872 - src.modeling.rankers.lgbm_ranker - INFO -   position_frequency: 411.00
2025-10-29 17:54:00,872 - src.modeling.rankers.lgbm_ranker - INFO -   tunneling: 241.00
2025-10-29 17:54:00,872 - src.modeling.rankers.lgbm_ranker - INFO -   position_id: 203.00
2025-10-29 17:54:00,872 - src.modeling.rankers.lgbm_ranker - INFO -   min_distance: 189.00
2025-10-29 17:54:00,872 - src.modeling.rankers.lgbm_ranker - INFO -   density_window_0: 159.00
2025-10-29 17:54:00,872 - src.modeling.rankers.lgbm_ranker - INFO - ✓ Training completed in 82.95 seconds
2025-10-29 17:54:00,872 - src.modeling.rankers.lgbm_ranker - INFO - ✓ LGBMRanker training successful
2025-10-29 17:54:00,876 - src.modeling.rankers.lgbm_ranker - INFO - Predicting top-20 for 1 test events...
/usr/local/lib/python3.10/dist-packages/lightgbm/sklearn.py:861: UserWarning: Found 'ndcg_eval_at' in params. Will use it instead of 'eval_at' argument
  _log_warning(f"Found '{alias}' in params. Will use it instead of 'eval_at' argument")
2025-10-29 17:54:00,884 - src.modeling.rankers.lgbm_ranker - INFO - ✓ Predictions generated for 1 events
2025-10-29 17:54:00,963 - src.modeling.rankers.lgbm_ranker - INFO - Transformed to ranking format: 448110 samples (11490 groups of 39 positions each)
2025-10-29 17:54:00,963 - src.modeling.rankers.lgbm_ranker - INFO - Training LightGBM model...
/usr/local/lib/python3.10/dist-packages/lightgbm/sklearn.py:861: UserWarning: Found 'ndcg_eval_at' in params. Will use it instead of 'eval_at' argument
  _log_warning(f"Found '{alias}' in params. Will use it instead of 'eval_at' argument")
2025-10-29 17:54:03,994 - src.modeling.rankers.lgbm_ranker - INFO - Top-5 most important features:
2025-10-29 17:54:03,994 - src.modeling.rankers.lgbm_ranker - INFO -   tunneling: 396.00
2025-10-29 17:54:03,994 - src.modeling.rankers.lgbm_ranker - INFO -   position_id: 271.00
2025-10-29 17:54:03,994 - src.modeling.rankers.lgbm_ranker - INFO -   min_distance: 253.00
2025-10-29 17:54:03,994 - src.modeling.rankers.lgbm_ranker - INFO -   dft_45: 183.00
2025-10-29 17:54:03,994 - src.modeling.rankers.lgbm_ranker - INFO -   density_window_0: 174.00
2025-10-29 17:54:03,994 - src.modeling.rankers.lgbm_ranker - INFO - ✓ Training completed in 85.45 seconds
2025-10-29 17:54:03,994 - src.modeling.rankers.lgbm_ranker - INFO - ✓ LGBMRanker training successful
2025-10-29 17:54:04,053 - src.modeling.rankers.lgbm_ranker - INFO - Predicting top-20 for 1 test events...
/usr/local/lib/python3.10/dist-packages/lightgbm/sklearn.py:861: UserWarning: Found 'ndcg_eval_at' in params. Will use it instead of 'eval_at' argument
  _log_warning(f"Found '{alias}' in params. Will use it instead of 'eval_at' argument")
2025-10-29 17:54:04,061 - src.modeling.rankers.lgbm_ranker - INFO - ✓ Predictions generated for 1 events

  Event Duration: 99.9s
  Parallel Exec:  99.9s
  Model Training Times:
    amplitude: train=82.9s, total=96.6s
    angle_encoding: train=73.3s, total=86.6s
    graph_cycle: train=85.5s, total=99.7s
    density_matrix: train=75.4s, total=89.0s
  Memory Peak: 1.59 GB
  Recalls: amplitude: 100%, angle_encoding: 100%, graph_cycle: 100%, density_matrix: 100%, ensemble: 100%
  [CHECKPOINT] Saved

================================================================================
Event 11492 (3/100)
================================================================================
2025-10-29 17:54:04,247 - src.imputation.base_imputer - INFO - Fitting amplitude_embedding imputer on 11491 samples
2025-10-29 17:54:04,248 - src.imputation.base_imputer - INFO - Fitting density_matrix_optimized imputer on 11491 samples
2025-10-29 17:54:04,248 - src.imputation.base_imputer - INFO - Fitting graph_cycle_encoding imputer on 11491 samples
2025-10-29 17:54:04,248 - src.imputation.base_imputer - INFO - Fitting angle_encoding imputer on 11491 samples
2025-10-29 17:54:04,251 - src.imputation.amplitude_embedding - INFO - Learned position frequencies from 11491 samples. Normalization mode: uniform
2025-10-29 17:54:04,251 - src.imputation.base_imputer - INFO - amplitude_embedding imputer fitted successfully
2025-10-29 17:54:04,251 - src.imputation.base_imputer - INFO - Transforming 11491 samples with amplitude_embedding imputer
2025-10-29 17:54:04,251 - src.imputation.density_matrix - INFO - Density matrix uses fixed quantum mechanical construction (no learning from 11491 training samples)
2025-10-29 17:54:04,252 - src.imputation.angle_encoding - INFO - Angle encoding uses fixed angular mapping (no learning from 11491 training samples)
2025-10-29 17:54:04,252 - src.imputation.graph_cycle_encoding - INFO - Graph/Cycle encoding uses fixed DFT basis and geometric distances (no learning from 11491 training samples)
2025-10-29 17:54:04,252 - src.imputation.base_imputer - INFO - density_matrix_optimized imputer fitted successfully
2025-10-29 17:54:04,252 - src.imputation.base_imputer - INFO - angle_encoding imputer fitted successfully
2025-10-29 17:54:04,252 - src.imputation.base_imputer - INFO - graph_cycle_encoding imputer fitted successfully
2025-10-29 17:54:04,252 - src.imputation.base_imputer - INFO - Transforming 11491 samples with density_matrix_optimized imputer
2025-10-29 17:54:04,252 - src.imputation.base_imputer - INFO - Transforming 11491 samples with angle_encoding imputer
2025-10-29 17:54:04,252 - src.imputation.base_imputer - INFO - Transforming 11491 samples with graph_cycle_encoding imputer
2025-10-29 17:54:12,031 - src.imputation.base_imputer - INFO - Transformation complete: output shape (11491, 322)
2025-10-29 17:54:12,031 - src.imputation.base_imputer - INFO - Transforming 1 samples with angle_encoding imputer
2025-10-29 17:54:12,033 - src.imputation.base_imputer - INFO - Transformation complete: output shape (1, 322)
2025-10-29 17:54:12,111 - src.imputation.base_imputer - INFO - Transformation complete: output shape (11491, 377)
2025-10-29 17:54:12,111 - src.imputation.base_imputer - INFO - Transforming 1 samples with amplitude_embedding imputer
2025-10-29 17:54:12,113 - src.imputation.base_imputer - INFO - Transformation complete: output shape (1, 377)
2025-10-29 17:54:12,282 - src.imputation.base_imputer - INFO - Transformation complete: output shape (11491, 259)
2025-10-29 17:54:12,282 - src.imputation.base_imputer - INFO - Transforming 1 samples with density_matrix_optimized imputer
2025-10-29 17:54:12,284 - src.imputation.base_imputer - INFO - Transformation complete: output shape (1, 259)
2025-10-29 17:54:12,569 - src.imputation.base_imputer - INFO - Transformation complete: output shape (11491, 277)
2025-10-29 17:54:12,569 - src.imputation.base_imputer - INFO - Transforming 1 samples with graph_cycle_encoding imputer
2025-10-29 17:54:12,571 - src.imputation.base_imputer - INFO - Transformation complete: output shape (1, 277)
2025-10-29 17:54:17,828 - src.modeling.rankers.lgbm_ranker - INFO - Training LGBMRanker on 11491 events...
2025-10-29 17:54:17,863 - src.modeling.rankers.lgbm_ranker - INFO - Training LGBMRanker on 11491 events...
2025-10-29 17:54:17,894 - src.modeling.rankers.lgbm_ranker - INFO - Training LGBMRanker on 11491 events...
2025-10-29 17:54:17,972 - src.modeling.rankers.lgbm_ranker - INFO - Computed position frequencies: 39 positions
2025-10-29 17:54:18,002 - src.modeling.rankers.lgbm_ranker - INFO - Computed position frequencies: 39 positions
2025-10-29 17:54:18,040 - src.modeling.rankers.lgbm_ranker - INFO - Computed position frequencies: 39 positions
2025-10-29 17:54:18,131 - src.modeling.rankers.lgbm_ranker - INFO - Training LGBMRanker on 11491 events...
2025-10-29 17:54:18,271 - src.modeling.rankers.lgbm_ranker - INFO - Computed position frequencies: 39 positions
2025-10-29 17:55:31,405 - src.modeling.rankers.lgbm_ranker - INFO - Transformed to ranking format: 448149 samples (11491 groups of 39 positions each)
2025-10-29 17:55:31,405 - src.modeling.rankers.lgbm_ranker - INFO - Training LightGBM model...
/usr/local/lib/python3.10/dist-packages/lightgbm/sklearn.py:861: UserWarning: Found 'ndcg_eval_at' in params. Will use it instead of 'eval_at' argument
  _log_warning(f"Found '{alias}' in params. Will use it instead of 'eval_at' argument")
2025-10-29 17:55:31,974 - src.modeling.rankers.lgbm_ranker - INFO - Transformed to ranking format: 448149 samples (11491 groups of 39 positions each)
2025-10-29 17:55:31,974 - src.modeling.rankers.lgbm_ranker - INFO - Training LightGBM model...
/usr/local/lib/python3.10/dist-packages/lightgbm/sklearn.py:861: UserWarning: Found 'ndcg_eval_at' in params. Will use it instead of 'eval_at' argument
  _log_warning(f"Found '{alias}' in params. Will use it instead of 'eval_at' argument")
2025-10-29 17:55:33,096 - src.modeling.rankers.lgbm_ranker - INFO - Top-5 most important features:
2025-10-29 17:55:33,096 - src.modeling.rankers.lgbm_ranker - INFO -   position_id: 417.00
2025-10-29 17:55:33,096 - src.modeling.rankers.lgbm_ranker - INFO -   tunneling: 308.00
2025-10-29 17:55:33,096 - src.modeling.rankers.lgbm_ranker - INFO -   position_frequency: 260.00
2025-10-29 17:55:33,096 - src.modeling.rankers.lgbm_ranker - INFO -   min_distance: 222.00
2025-10-29 17:55:33,096 - src.modeling.rankers.lgbm_ranker - INFO -   density_window_0: 209.00
2025-10-29 17:55:33,096 - src.modeling.rankers.lgbm_ranker - INFO - ✓ Training completed in 75.23 seconds
2025-10-29 17:55:33,096 - src.modeling.rankers.lgbm_ranker - INFO - ✓ LGBMRanker training successful
2025-10-29 17:55:33,115 - src.modeling.rankers.lgbm_ranker - INFO - Predicting top-20 for 1 test events...
2025-10-29 17:55:33,123 - src.modeling.rankers.lgbm_ranker - INFO - Top-5 most important features:
2025-10-29 17:55:33,123 - src.modeling.rankers.lgbm_ranker - INFO -   aggregate_0: 382.00
2025-10-29 17:55:33,123 - src.modeling.rankers.lgbm_ranker - INFO -   position_frequency: 240.00
2025-10-29 17:55:33,123 - src.modeling.rankers.lgbm_ranker - INFO -   position_id: 213.00
2025-10-29 17:55:33,123 - src.modeling.rankers.lgbm_ranker - INFO -   aggregate_1: 89.00
2025-10-29 17:55:33,123 - src.modeling.rankers.lgbm_ranker - INFO -   angle: 82.00
2025-10-29 17:55:33,123 - src.modeling.rankers.lgbm_ranker - INFO - ✓ Training completed in 75.30 seconds
2025-10-29 17:55:33,123 - src.modeling.rankers.lgbm_ranker - INFO - ✓ LGBMRanker training successful
/usr/local/lib/python3.10/dist-packages/lightgbm/sklearn.py:861: UserWarning: Found 'ndcg_eval_at' in params. Will use it instead of 'eval_at' argument
  _log_warning(f"Found '{alias}' in params. Will use it instead of 'eval_at' argument")
2025-10-29 17:55:33,124 - src.modeling.rankers.lgbm_ranker - INFO - ✓ Predictions generated for 1 events
2025-10-29 17:55:33,134 - src.modeling.rankers.lgbm_ranker - INFO - Predicting top-20 for 1 test events...
/usr/local/lib/python3.10/dist-packages/lightgbm/sklearn.py:861: UserWarning: Found 'ndcg_eval_at' in params. Will use it instead of 'eval_at' argument
  _log_warning(f"Found '{alias}' in params. Will use it instead of 'eval_at' argument")
2025-10-29 17:55:33,142 - src.modeling.rankers.lgbm_ranker - INFO - ✓ Predictions generated for 1 events
2025-10-29 17:55:37,164 - src.modeling.rankers.lgbm_ranker - INFO - Transformed to ranking format: 448149 samples (11491 groups of 39 positions each)
2025-10-29 17:55:37,164 - src.modeling.rankers.lgbm_ranker - INFO - Training LightGBM model...
/usr/local/lib/python3.10/dist-packages/lightgbm/sklearn.py:861: UserWarning: Found 'ndcg_eval_at' in params. Will use it instead of 'eval_at' argument
  _log_warning(f"Found '{alias}' in params. Will use it instead of 'eval_at' argument")
2025-10-29 17:55:39,864 - src.modeling.rankers.lgbm_ranker - INFO - Transformed to ranking format: 448149 samples (11491 groups of 39 positions each)
2025-10-29 17:55:39,864 - src.modeling.rankers.lgbm_ranker - INFO - Training LightGBM model...
/usr/local/lib/python3.10/dist-packages/lightgbm/sklearn.py:861: UserWarning: Found 'ndcg_eval_at' in params. Will use it instead of 'eval_at' argument
  _log_warning(f"Found '{alias}' in params. Will use it instead of 'eval_at' argument")
2025-10-29 17:55:40,191 - src.modeling.rankers.lgbm_ranker - INFO - Top-5 most important features:
2025-10-29 17:55:40,191 - src.modeling.rankers.lgbm_ranker - INFO -   tunneling: 400.00
2025-10-29 17:55:40,191 - src.modeling.rankers.lgbm_ranker - INFO -   position_id: 263.00
2025-10-29 17:55:40,191 - src.modeling.rankers.lgbm_ranker - INFO -   min_distance: 247.00
2025-10-29 17:55:40,191 - src.modeling.rankers.lgbm_ranker - INFO -   density_window_0: 197.00
2025-10-29 17:55:40,191 - src.modeling.rankers.lgbm_ranker - INFO -   dft_45: 186.00
2025-10-29 17:55:40,191 - src.modeling.rankers.lgbm_ranker - INFO - ✓ Training completed in 82.06 seconds
2025-10-29 17:55:40,191 - src.modeling.rankers.lgbm_ranker - INFO - ✓ LGBMRanker training successful
2025-10-29 17:55:40,252 - src.modeling.rankers.lgbm_ranker - INFO - Predicting top-20 for 1 test events...
/usr/local/lib/python3.10/dist-packages/lightgbm/sklearn.py:861: UserWarning: Found 'ndcg_eval_at' in params. Will use it instead of 'eval_at' argument
  _log_warning(f"Found '{alias}' in params. Will use it instead of 'eval_at' argument")
2025-10-29 17:55:40,260 - src.modeling.rankers.lgbm_ranker - INFO - ✓ Predictions generated for 1 events
2025-10-29 17:55:40,914 - src.modeling.rankers.lgbm_ranker - INFO - Top-5 most important features:
2025-10-29 17:55:40,914 - src.modeling.rankers.lgbm_ranker - INFO -   position_frequency: 345.00
2025-10-29 17:55:40,914 - src.modeling.rankers.lgbm_ranker - INFO -   position_id: 245.00
2025-10-29 17:55:40,914 - src.modeling.rankers.lgbm_ranker - INFO -   tunneling: 218.00
2025-10-29 17:55:40,914 - src.modeling.rankers.lgbm_ranker - INFO -   min_distance: 176.00
2025-10-29 17:55:40,914 - src.modeling.rankers.lgbm_ranker - INFO -   circ_dist_1: 86.00
2025-10-29 17:55:40,914 - src.modeling.rankers.lgbm_ranker - INFO - ✓ Training completed in 83.02 seconds
2025-10-29 17:55:40,914 - src.modeling.rankers.lgbm_ranker - INFO - ✓ LGBMRanker training successful
2025-10-29 17:55:40,918 - src.modeling.rankers.lgbm_ranker - INFO - Predicting top-20 for 1 test events...
/usr/local/lib/python3.10/dist-packages/lightgbm/sklearn.py:861: UserWarning: Found 'ndcg_eval_at' in params. Will use it instead of 'eval_at' argument
  _log_warning(f"Found '{alias}' in params. Will use it instead of 'eval_at' argument")
2025-10-29 17:55:40,927 - src.modeling.rankers.lgbm_ranker - INFO - ✓ Predictions generated for 1 events

  Event Duration: 96.8s
  Parallel Exec:  96.8s
  Model Training Times:
    amplitude: train=83.0s, total=96.7s
    angle_encoding: train=75.3s, total=88.9s
    graph_cycle: train=82.1s, total=96.0s
    density_matrix: train=75.2s, total=88.9s
  Memory Peak: 1.43 GB
  Recalls: amplitude: 100%, angle_encoding: 100%, graph_cycle: 100%, density_matrix: 100%, ensemble: 100%
  [CHECKPOINT] Saved

================================================================================
Event 11493 (4/100)
================================================================================
2025-10-29 17:55:41,090 - src.imputation.base_imputer - INFO - Fitting amplitude_embedding imputer on 11492 samples
2025-10-29 17:55:41,091 - src.imputation.base_imputer - INFO - Fitting density_matrix_optimized imputer on 11492 samples
2025-10-29 17:55:41,091 - src.imputation.base_imputer - INFO - Fitting graph_cycle_encoding imputer on 11492 samples
2025-10-29 17:55:41,091 - src.imputation.base_imputer - INFO - Fitting angle_encoding imputer on 11492 samples
2025-10-29 17:55:41,094 - src.imputation.amplitude_embedding - INFO - Learned position frequencies from 11492 samples. Normalization mode: uniform
2025-10-29 17:55:41,094 - src.imputation.base_imputer - INFO - amplitude_embedding imputer fitted successfully
2025-10-29 17:55:41,094 - src.imputation.base_imputer - INFO - Transforming 11492 samples with amplitude_embedding imputer
2025-10-29 17:55:41,094 - src.imputation.density_matrix - INFO - Density matrix uses fixed quantum mechanical construction (no learning from 11492 training samples)
2025-10-29 17:55:41,094 - src.imputation.graph_cycle_encoding - INFO - Graph/Cycle encoding uses fixed DFT basis and geometric distances (no learning from 11492 training samples)
2025-10-29 17:55:41,094 - src.imputation.base_imputer - INFO - density_matrix_optimized imputer fitted successfully
2025-10-29 17:55:41,094 - src.imputation.base_imputer - INFO - graph_cycle_encoding imputer fitted successfully
2025-10-29 17:55:41,094 - src.imputation.base_imputer - INFO - Transforming 11492 samples with density_matrix_optimized imputer
2025-10-29 17:55:41,094 - src.imputation.base_imputer - INFO - Transforming 11492 samples with graph_cycle_encoding imputer
2025-10-29 17:55:41,094 - src.imputation.angle_encoding - INFO - Angle encoding uses fixed angular mapping (no learning from 11492 training samples)
2025-10-29 17:55:41,094 - src.imputation.base_imputer - INFO - angle_encoding imputer fitted successfully
2025-10-29 17:55:41,094 - src.imputation.base_imputer - INFO - Transforming 11492 samples with angle_encoding imputer
2025-10-29 17:55:48,803 - src.imputation.base_imputer - INFO - Transformation complete: output shape (11492, 322)
2025-10-29 17:55:48,803 - src.imputation.base_imputer - INFO - Transforming 1 samples with angle_encoding imputer
2025-10-29 17:55:48,805 - src.imputation.base_imputer - INFO - Transformation complete: output shape (1, 322)
2025-10-29 17:55:49,121 - src.imputation.base_imputer - INFO - Transformation complete: output shape (11492, 377)
2025-10-29 17:55:49,121 - src.imputation.base_imputer - INFO - Transforming 1 samples with amplitude_embedding imputer
2025-10-29 17:55:49,123 - src.imputation.base_imputer - INFO - Transformation complete: output shape (1, 377)
2025-10-29 17:55:49,167 - src.imputation.base_imputer - INFO - Transformation complete: output shape (11492, 259)
2025-10-29 17:55:49,167 - src.imputation.base_imputer - INFO - Transforming 1 samples with density_matrix_optimized imputer
2025-10-29 17:55:49,169 - src.imputation.base_imputer - INFO - Transformation complete: output shape (1, 259)
2025-10-29 17:55:49,616 - src.imputation.base_imputer - INFO - Transformation complete: output shape (11492, 277)
2025-10-29 17:55:49,616 - src.imputation.base_imputer - INFO - Transforming 1 samples with graph_cycle_encoding imputer
2025-10-29 17:55:49,618 - src.imputation.base_imputer - INFO - Transformation complete: output shape (1, 277)
2025-10-29 17:55:54,432 - src.modeling.rankers.lgbm_ranker - INFO - Training LGBMRanker on 11492 events...
2025-10-29 17:55:54,573 - src.modeling.rankers.lgbm_ranker - INFO - Computed position frequencies: 39 positions
2025-10-29 17:55:54,791 - src.modeling.rankers.lgbm_ranker - INFO - Training LGBMRanker on 11492 events...
2025-10-29 17:55:54,931 - src.modeling.rankers.lgbm_ranker - INFO - Computed position frequencies: 39 positions
2025-10-29 17:55:54,978 - src.modeling.rankers.lgbm_ranker - INFO - Training LGBMRanker on 11492 events...
2025-10-29 17:55:55,126 - src.modeling.rankers.lgbm_ranker - INFO - Computed position frequencies: 39 positions
2025-10-29 17:55:55,377 - src.modeling.rankers.lgbm_ranker - INFO - Training LGBMRanker on 11492 events...
2025-10-29 17:55:55,521 - src.modeling.rankers.lgbm_ranker - INFO - Computed position frequencies: 39 positions
2025-10-29 17:57:06,829 - src.modeling.rankers.lgbm_ranker - INFO - Transformed to ranking format: 448188 samples (11492 groups of 39 positions each)
2025-10-29 17:57:06,829 - src.modeling.rankers.lgbm_ranker - INFO - Training LightGBM model...
/usr/local/lib/python3.10/dist-packages/lightgbm/sklearn.py:861: UserWarning: Found 'ndcg_eval_at' in params. Will use it instead of 'eval_at' argument
  _log_warning(f"Found '{alias}' in params. Will use it instead of 'eval_at' argument")
2025-10-29 17:57:07,937 - src.modeling.rankers.lgbm_ranker - INFO - Top-5 most important features:
2025-10-29 17:57:07,937 - src.modeling.rankers.lgbm_ranker - INFO -   aggregate_0: 280.00
2025-10-29 17:57:07,937 - src.modeling.rankers.lgbm_ranker - INFO -   position_frequency: 274.00
2025-10-29 17:57:07,937 - src.modeling.rankers.lgbm_ranker - INFO -   position_id: 260.00
2025-10-29 17:57:07,937 - src.modeling.rankers.lgbm_ranker - INFO -   tunneling: 132.00
2025-10-29 17:57:07,937 - src.modeling.rankers.lgbm_ranker - INFO -   aggregate_1: 90.00
2025-10-29 17:57:07,937 - src.modeling.rankers.lgbm_ranker - INFO - ✓ Training completed in 73.50 seconds
2025-10-29 17:57:07,937 - src.modeling.rankers.lgbm_ranker - INFO - ✓ LGBMRanker training successful
2025-10-29 17:57:07,951 - src.modeling.rankers.lgbm_ranker - INFO - Predicting top-20 for 1 test events...
/usr/local/lib/python3.10/dist-packages/lightgbm/sklearn.py:861: UserWarning: Found 'ndcg_eval_at' in params. Will use it instead of 'eval_at' argument
  _log_warning(f"Found '{alias}' in params. Will use it instead of 'eval_at' argument")
2025-10-29 17:57:07,958 - src.modeling.rankers.lgbm_ranker - INFO - ✓ Predictions generated for 1 events
2025-10-29 17:57:08,868 - src.modeling.rankers.lgbm_ranker - INFO - Transformed to ranking format: 448188 samples (11492 groups of 39 positions each)
2025-10-29 17:57:08,868 - src.modeling.rankers.lgbm_ranker - INFO - Training LightGBM model...
/usr/local/lib/python3.10/dist-packages/lightgbm/sklearn.py:861: UserWarning: Found 'ndcg_eval_at' in params. Will use it instead of 'eval_at' argument
  _log_warning(f"Found '{alias}' in params. Will use it instead of 'eval_at' argument")
2025-10-29 17:57:10,486 - src.modeling.rankers.lgbm_ranker - INFO - Top-5 most important features:
2025-10-29 17:57:10,486 - src.modeling.rankers.lgbm_ranker - INFO -   position_id: 397.00
2025-10-29 17:57:10,486 - src.modeling.rankers.lgbm_ranker - INFO -   tunneling: 324.00
2025-10-29 17:57:10,486 - src.modeling.rankers.lgbm_ranker - INFO -   min_distance: 243.00
2025-10-29 17:57:10,486 - src.modeling.rankers.lgbm_ranker - INFO -   position_frequency: 239.00
2025-10-29 17:57:10,486 - src.modeling.rankers.lgbm_ranker - INFO -   density_window_0: 196.00
2025-10-29 17:57:10,486 - src.modeling.rankers.lgbm_ranker - INFO - ✓ Training completed in 75.69 seconds
2025-10-29 17:57:10,486 - src.modeling.rankers.lgbm_ranker - INFO - ✓ LGBMRanker training successful
2025-10-29 17:57:10,506 - src.modeling.rankers.lgbm_ranker - INFO - Predicting top-20 for 1 test events...
/usr/local/lib/python3.10/dist-packages/lightgbm/sklearn.py:861: UserWarning: Found 'ndcg_eval_at' in params. Will use it instead of 'eval_at' argument
  _log_warning(f"Found '{alias}' in params. Will use it instead of 'eval_at' argument")
2025-10-29 17:57:10,514 - src.modeling.rankers.lgbm_ranker - INFO - ✓ Predictions generated for 1 events
2025-10-29 17:57:16,407 - src.modeling.rankers.lgbm_ranker - INFO - Transformed to ranking format: 448188 samples (11492 groups of 39 positions each)
2025-10-29 17:57:16,407 - src.modeling.rankers.lgbm_ranker - INFO - Training LightGBM model...
/usr/local/lib/python3.10/dist-packages/lightgbm/sklearn.py:861: UserWarning: Found 'ndcg_eval_at' in params. Will use it instead of 'eval_at' argument
  _log_warning(f"Found '{alias}' in params. Will use it instead of 'eval_at' argument")
2025-10-29 17:57:17,985 - src.modeling.rankers.lgbm_ranker - INFO - Transformed to ranking format: 448188 samples (11492 groups of 39 positions each)
2025-10-29 17:57:17,985 - src.modeling.rankers.lgbm_ranker - INFO - Training LightGBM model...
/usr/local/lib/python3.10/dist-packages/lightgbm/sklearn.py:861: UserWarning: Found 'ndcg_eval_at' in params. Will use it instead of 'eval_at' argument
  _log_warning(f"Found '{alias}' in params. Will use it instead of 'eval_at' argument")
2025-10-29 17:57:18,011 - src.modeling.rankers.lgbm_ranker - INFO - Top-5 most important features:
2025-10-29 17:57:18,011 - src.modeling.rankers.lgbm_ranker - INFO -   tunneling: 251.00
2025-10-29 17:57:18,011 - src.modeling.rankers.lgbm_ranker - INFO -   position_frequency: 245.00
2025-10-29 17:57:18,011 - src.modeling.rankers.lgbm_ranker - INFO -   position_id: 237.00
2025-10-29 17:57:18,011 - src.modeling.rankers.lgbm_ranker - INFO -   min_distance: 233.00
2025-10-29 17:57:18,011 - src.modeling.rankers.lgbm_ranker - INFO -   density_window_0: 125.00
2025-10-29 17:57:18,011 - src.modeling.rankers.lgbm_ranker - INFO - ✓ Training completed in 83.03 seconds
2025-10-29 17:57:18,011 - src.modeling.rankers.lgbm_ranker - INFO - ✓ LGBMRanker training successful
2025-10-29 17:57:18,015 - src.modeling.rankers.lgbm_ranker - INFO - Predicting top-20 for 1 test events...
/usr/local/lib/python3.10/dist-packages/lightgbm/sklearn.py:861: UserWarning: Found 'ndcg_eval_at' in params. Will use it instead of 'eval_at' argument
  _log_warning(f"Found '{alias}' in params. Will use it instead of 'eval_at' argument")
2025-10-29 17:57:18,024 - src.modeling.rankers.lgbm_ranker - INFO - ✓ Predictions generated for 1 events
2025-10-29 17:57:20,927 - src.modeling.rankers.lgbm_ranker - INFO - Top-5 most important features:
2025-10-29 17:57:20,927 - src.modeling.rankers.lgbm_ranker - INFO -   tunneling: 388.00
2025-10-29 17:57:20,927 - src.modeling.rankers.lgbm_ranker - INFO -   min_distance: 229.00
2025-10-29 17:57:20,927 - src.modeling.rankers.lgbm_ranker - INFO -   position_id: 227.00
2025-10-29 17:57:20,927 - src.modeling.rankers.lgbm_ranker - INFO -   density_window_0: 180.00
2025-10-29 17:57:20,927 - src.modeling.rankers.lgbm_ranker - INFO -   dft_45: 164.00
2025-10-29 17:57:20,927 - src.modeling.rankers.lgbm_ranker - INFO - ✓ Training completed in 85.55 seconds
2025-10-29 17:57:20,927 - src.modeling.rankers.lgbm_ranker - INFO - ✓ LGBMRanker training successful
2025-10-29 17:57:20,986 - src.modeling.rankers.lgbm_ranker - INFO - Predicting top-20 for 1 test events...
/usr/local/lib/python3.10/dist-packages/lightgbm/sklearn.py:861: UserWarning: Found 'ndcg_eval_at' in params. Will use it instead of 'eval_at' argument
  _log_warning(f"Found '{alias}' in params. Will use it instead of 'eval_at' argument")
2025-10-29 17:57:20,995 - src.modeling.rankers.lgbm_ranker - INFO - ✓ Predictions generated for 1 events

  Event Duration: 100.1s
  Parallel Exec:  100.1s
  Model Training Times:
    amplitude: train=83.0s, total=97.0s
    angle_encoding: train=73.5s, total=86.9s
    graph_cycle: train=85.6s, total=99.9s
    density_matrix: train=75.7s, total=89.4s
  Memory Peak: 1.59 GB
  Recalls: amplitude: 100%, angle_encoding: 100%, graph_cycle: 100%, density_matrix: 100%, ensemble: 100%
  [CHECKPOINT] Saved

================================================================================
Event 11494 (5/100)
================================================================================
2025-10-29 17:57:21,177 - src.imputation.base_imputer - INFO - Fitting amplitude_embedding imputer on 11493 samples
2025-10-29 17:57:21,178 - src.imputation.base_imputer - INFO - Fitting density_matrix_optimized imputer on 11493 samples
2025-10-29 17:57:21,178 - src.imputation.base_imputer - INFO - Fitting graph_cycle_encoding imputer on 11493 samples
2025-10-29 17:57:21,178 - src.imputation.base_imputer - INFO - Fitting angle_encoding imputer on 11493 samples
2025-10-29 17:57:21,180 - src.imputation.amplitude_embedding - INFO - Learned position frequencies from 11493 samples. Normalization mode: uniform
2025-10-29 17:57:21,180 - src.imputation.base_imputer - INFO - amplitude_embedding imputer fitted successfully
2025-10-29 17:57:21,180 - src.imputation.base_imputer - INFO - Transforming 11493 samples with amplitude_embedding imputer
2025-10-29 17:57:21,181 - src.imputation.density_matrix - INFO - Density matrix uses fixed quantum mechanical construction (no learning from 11493 training samples)
2025-10-29 17:57:21,181 - src.imputation.angle_encoding - INFO - Angle encoding uses fixed angular mapping (no learning from 11493 training samples)
2025-10-29 17:57:21,181 - src.imputation.graph_cycle_encoding - INFO - Graph/Cycle encoding uses fixed DFT basis and geometric distances (no learning from 11493 training samples)
2025-10-29 17:57:21,181 - src.imputation.base_imputer - INFO - density_matrix_optimized imputer fitted successfully
2025-10-29 17:57:21,181 - src.imputation.base_imputer - INFO - angle_encoding imputer fitted successfully
2025-10-29 17:57:21,181 - src.imputation.base_imputer - INFO - graph_cycle_encoding imputer fitted successfully
2025-10-29 17:57:21,181 - src.imputation.base_imputer - INFO - Transforming 11493 samples with density_matrix_optimized imputer
2025-10-29 17:57:21,181 - src.imputation.base_imputer - INFO - Transforming 11493 samples with angle_encoding imputer
2025-10-29 17:57:21,181 - src.imputation.base_imputer - INFO - Transforming 11493 samples with graph_cycle_encoding imputer
2025-10-29 17:57:28,838 - src.imputation.base_imputer - INFO - Transformation complete: output shape (11493, 322)
2025-10-29 17:57:28,838 - src.imputation.base_imputer - INFO - Transforming 1 samples with angle_encoding imputer
2025-10-29 17:57:28,840 - src.imputation.base_imputer - INFO - Transformation complete: output shape (1, 322)
2025-10-29 17:57:29,104 - src.imputation.base_imputer - INFO - Transformation complete: output shape (11493, 377)
2025-10-29 17:57:29,105 - src.imputation.base_imputer - INFO - Transforming 1 samples with amplitude_embedding imputer
2025-10-29 17:57:29,107 - src.imputation.base_imputer - INFO - Transformation complete: output shape (1, 377)
2025-10-29 17:57:29,384 - src.imputation.base_imputer - INFO - Transformation complete: output shape (11493, 259)
2025-10-29 17:57:29,384 - src.imputation.base_imputer - INFO - Transforming 1 samples with density_matrix_optimized imputer
2025-10-29 17:57:29,386 - src.imputation.base_imputer - INFO - Transformation complete: output shape (1, 259)
2025-10-29 17:57:29,630 - src.imputation.base_imputer - INFO - Transformation complete: output shape (11493, 277)
2025-10-29 17:57:29,630 - src.imputation.base_imputer - INFO - Transforming 1 samples with graph_cycle_encoding imputer
2025-10-29 17:57:29,632 - src.imputation.base_imputer - INFO - Transformation complete: output shape (1, 277)
2025-10-29 17:57:34,476 - src.modeling.rankers.lgbm_ranker - INFO - Training LGBMRanker on 11493 events...
2025-10-29 17:57:34,617 - src.modeling.rankers.lgbm_ranker - INFO - Computed position frequencies: 39 positions
2025-10-29 17:57:34,974 - src.modeling.rankers.lgbm_ranker - INFO - Training LGBMRanker on 11493 events...
2025-10-29 17:57:35,121 - src.modeling.rankers.lgbm_ranker - INFO - Computed position frequencies: 39 positions
2025-10-29 17:57:35,181 - src.modeling.rankers.lgbm_ranker - INFO - Training LGBMRanker on 11493 events...
2025-10-29 17:57:35,263 - src.modeling.rankers.lgbm_ranker - INFO - Training LGBMRanker on 11493 events...
2025-10-29 17:57:35,327 - src.modeling.rankers.lgbm_ranker - INFO - Computed position frequencies: 39 positions
2025-10-29 17:57:35,405 - src.modeling.rankers.lgbm_ranker - INFO - Computed position frequencies: 39 positions
2025-10-29 17:58:46,765 - src.modeling.rankers.lgbm_ranker - INFO - Transformed to ranking format: 448227 samples (11493 groups of 39 positions each)
2025-10-29 17:58:46,765 - src.modeling.rankers.lgbm_ranker - INFO - Training LightGBM model...
/usr/local/lib/python3.10/dist-packages/lightgbm/sklearn.py:861: UserWarning: Found 'ndcg_eval_at' in params. Will use it instead of 'eval_at' argument
  _log_warning(f"Found '{alias}' in params. Will use it instead of 'eval_at' argument")
2025-10-29 17:58:47,887 - src.modeling.rankers.lgbm_ranker - INFO - Top-5 most important features:
2025-10-29 17:58:47,887 - src.modeling.rankers.lgbm_ranker - INFO -   position_frequency: 276.00
2025-10-29 17:58:47,887 - src.modeling.rankers.lgbm_ranker - INFO -   position_id: 212.00
2025-10-29 17:58:47,887 - src.modeling.rankers.lgbm_ranker - INFO -   aggregate_0: 211.00
2025-10-29 17:58:47,887 - src.modeling.rankers.lgbm_ranker - INFO -   tunneling: 151.00
2025-10-29 17:58:47,887 - src.modeling.rankers.lgbm_ranker - INFO -   aggregate_1: 99.00
2025-10-29 17:58:47,887 - src.modeling.rankers.lgbm_ranker - INFO - ✓ Training completed in 73.41 seconds
2025-10-29 17:58:47,887 - src.modeling.rankers.lgbm_ranker - INFO - ✓ LGBMRanker training successful
2025-10-29 17:58:47,896 - src.modeling.rankers.lgbm_ranker - INFO - Predicting top-20 for 1 test events...
/usr/local/lib/python3.10/dist-packages/lightgbm/sklearn.py:861: UserWarning: Found 'ndcg_eval_at' in params. Will use it instead of 'eval_at' argument
  _log_warning(f"Found '{alias}' in params. Will use it instead of 'eval_at' argument")
2025-10-29 17:58:47,904 - src.modeling.rankers.lgbm_ranker - INFO - ✓ Predictions generated for 1 events
2025-10-29 17:58:52,328 - src.modeling.rankers.lgbm_ranker - INFO - Transformed to ranking format: 448227 samples (11493 groups of 39 positions each)
2025-10-29 17:58:52,328 - src.modeling.rankers.lgbm_ranker - INFO - Training LightGBM model...
/usr/local/lib/python3.10/dist-packages/lightgbm/sklearn.py:861: UserWarning: Found 'ndcg_eval_at' in params. Will use it instead of 'eval_at' argument
  _log_warning(f"Found '{alias}' in params. Will use it instead of 'eval_at' argument")
2025-10-29 17:58:53,958 - src.modeling.rankers.lgbm_ranker - INFO - Top-5 most important features:
2025-10-29 17:58:53,958 - src.modeling.rankers.lgbm_ranker - INFO -   position_id: 404.00
2025-10-29 17:58:53,958 - src.modeling.rankers.lgbm_ranker - INFO -   tunneling: 346.00
2025-10-29 17:58:53,958 - src.modeling.rankers.lgbm_ranker - INFO -   position_frequency: 260.00
2025-10-29 17:58:53,958 - src.modeling.rankers.lgbm_ranker - INFO -   min_distance: 244.00
2025-10-29 17:58:53,958 - src.modeling.rankers.lgbm_ranker - INFO -   density_window_0: 185.00
2025-10-29 17:58:53,958 - src.modeling.rankers.lgbm_ranker - INFO - ✓ Training completed in 78.78 seconds
2025-10-29 17:58:53,958 - src.modeling.rankers.lgbm_ranker - INFO - ✓ LGBMRanker training successful
2025-10-29 17:58:53,999 - src.modeling.rankers.lgbm_ranker - INFO - Predicting top-20 for 1 test events...
/usr/local/lib/python3.10/dist-packages/lightgbm/sklearn.py:861: UserWarning: Found 'ndcg_eval_at' in params. Will use it instead of 'eval_at' argument
  _log_warning(f"Found '{alias}' in params. Will use it instead of 'eval_at' argument")
2025-10-29 17:58:54,009 - src.modeling.rankers.lgbm_ranker - INFO - ✓ Predictions generated for 1 events
2025-10-29 17:58:55,087 - src.modeling.rankers.lgbm_ranker - INFO - Transformed to ranking format: 448227 samples (11493 groups of 39 positions each)
2025-10-29 17:58:55,087 - src.modeling.rankers.lgbm_ranker - INFO - Training LightGBM model...
/usr/local/lib/python3.10/dist-packages/lightgbm/sklearn.py:861: UserWarning: Found 'ndcg_eval_at' in params. Will use it instead of 'eval_at' argument
  _log_warning(f"Found '{alias}' in params. Will use it instead of 'eval_at' argument")
2025-10-29 17:58:57,205 - src.modeling.rankers.lgbm_ranker - INFO - Transformed to ranking format: 448227 samples (11493 groups of 39 positions each)
2025-10-29 17:58:57,206 - src.modeling.rankers.lgbm_ranker - INFO - Training LightGBM model...
/usr/local/lib/python3.10/dist-packages/lightgbm/sklearn.py:861: UserWarning: Found 'ndcg_eval_at' in params. Will use it instead of 'eval_at' argument
  _log_warning(f"Found '{alias}' in params. Will use it instead of 'eval_at' argument")
2025-10-29 17:58:58,143 - src.modeling.rankers.lgbm_ranker - INFO - Top-5 most important features:
2025-10-29 17:58:58,143 - src.modeling.rankers.lgbm_ranker - INFO -   tunneling: 349.00
2025-10-29 17:58:58,143 - src.modeling.rankers.lgbm_ranker - INFO -   position_id: 242.00
2025-10-29 17:58:58,143 - src.modeling.rankers.lgbm_ranker - INFO -   min_distance: 242.00
2025-10-29 17:58:58,143 - src.modeling.rankers.lgbm_ranker - INFO -   density_window_0: 194.00
2025-10-29 17:58:58,143 - src.modeling.rankers.lgbm_ranker - INFO -   dft_45: 155.00
2025-10-29 17:58:58,143 - src.modeling.rankers.lgbm_ranker - INFO - ✓ Training completed in 82.88 seconds
2025-10-29 17:58:58,143 - src.modeling.rankers.lgbm_ranker - INFO - ✓ LGBMRanker training successful
2025-10-29 17:58:58,217 - src.modeling.rankers.lgbm_ranker - INFO - Predicting top-20 for 1 test events...
/usr/local/lib/python3.10/dist-packages/lightgbm/sklearn.py:861: UserWarning: Found 'ndcg_eval_at' in params. Will use it instead of 'eval_at' argument
  _log_warning(f"Found '{alias}' in params. Will use it instead of 'eval_at' argument")
2025-10-29 17:58:58,225 - src.modeling.rankers.lgbm_ranker - INFO - ✓ Predictions generated for 1 events
2025-10-29 17:58:58,249 - src.modeling.rankers.lgbm_ranker - INFO - Top-5 most important features:
2025-10-29 17:58:58,249 - src.modeling.rankers.lgbm_ranker - INFO -   position_frequency: 354.00
2025-10-29 17:58:58,249 - src.modeling.rankers.lgbm_ranker - INFO -   position_id: 271.00
2025-10-29 17:58:58,249 - src.modeling.rankers.lgbm_ranker - INFO -   min_distance: 219.00
2025-10-29 17:58:58,249 - src.modeling.rankers.lgbm_ranker - INFO -   tunneling: 187.00
2025-10-29 17:58:58,249 - src.modeling.rankers.lgbm_ranker - INFO -   density_window_0: 112.00
2025-10-29 17:58:58,249 - src.modeling.rankers.lgbm_ranker - INFO - ✓ Training completed in 83.28 seconds
2025-10-29 17:58:58,249 - src.modeling.rankers.lgbm_ranker - INFO - ✓ LGBMRanker training successful
2025-10-29 17:58:58,254 - src.modeling.rankers.lgbm_ranker - INFO - Predicting top-20 for 1 test events...
/usr/local/lib/python3.10/dist-packages/lightgbm/sklearn.py:861: UserWarning: Found 'ndcg_eval_at' in params. Will use it instead of 'eval_at' argument
  _log_warning(f"Found '{alias}' in params. Will use it instead of 'eval_at' argument")
2025-10-29 17:58:58,263 - src.modeling.rankers.lgbm_ranker - INFO - ✓ Predictions generated for 1 events

  Event Duration: 97.2s
  Parallel Exec:  97.2s
  Model Training Times:
    amplitude: train=83.3s, total=97.1s
    angle_encoding: train=73.4s, total=86.7s
    graph_cycle: train=83.0s, total=97.1s
    density_matrix: train=78.8s, total=92.9s
  Memory Peak: 1.27 GB
  Recalls: amplitude: 100%, angle_encoding: 100%, graph_cycle: 100%, density_matrix: 100%, ensemble: 100%
  [CHECKPOINT] Saved

================================================================================
Event 11495 (6/100)
================================================================================
2025-10-29 17:58:58,411 - src.imputation.base_imputer - INFO - Fitting density_matrix_optimized imputer on 11494 samples
2025-10-29 17:58:58,411 - src.imputation.base_imputer - INFO - Fitting graph_cycle_encoding imputer on 11494 samples
2025-10-29 17:58:58,411 - src.imputation.base_imputer - INFO - Fitting amplitude_embedding imputer on 11494 samples
2025-10-29 17:58:58,411 - src.imputation.base_imputer - INFO - Fitting angle_encoding imputer on 11494 samples
2025-10-29 17:58:58,414 - src.imputation.density_matrix - INFO - Density matrix uses fixed quantum mechanical construction (no learning from 11494 training samples)
2025-10-29 17:58:58,414 - src.imputation.base_imputer - INFO - density_matrix_optimized imputer fitted successfully
2025-10-29 17:58:58,414 - src.imputation.base_imputer - INFO - Transforming 11494 samples with density_matrix_optimized imputer
2025-10-29 17:58:58,415 - src.imputation.graph_cycle_encoding - INFO - Graph/Cycle encoding uses fixed DFT basis and geometric distances (no learning from 11494 training samples)
2025-10-29 17:58:58,415 - src.imputation.base_imputer - INFO - graph_cycle_encoding imputer fitted successfully
2025-10-29 17:58:58,415 - src.imputation.base_imputer - INFO - Transforming 11494 samples with graph_cycle_encoding imputer
2025-10-29 17:58:58,415 - src.imputation.angle_encoding - INFO - Angle encoding uses fixed angular mapping (no learning from 11494 training samples)
2025-10-29 17:58:58,415 - src.imputation.base_imputer - INFO - angle_encoding imputer fitted successfully
2025-10-29 17:58:58,415 - src.imputation.base_imputer - INFO - Transforming 11494 samples with angle_encoding imputer
2025-10-29 17:58:58,415 - src.imputation.amplitude_embedding - INFO - Learned position frequencies from 11494 samples. Normalization mode: uniform
2025-10-29 17:58:58,415 - src.imputation.base_imputer - INFO - amplitude_embedding imputer fitted successfully
2025-10-29 17:58:58,415 - src.imputation.base_imputer - INFO - Transforming 11494 samples with amplitude_embedding imputer
2025-10-29 17:59:06,554 - src.imputation.base_imputer - INFO - Transformation complete: output shape (11494, 377)
2025-10-29 17:59:06,554 - src.imputation.base_imputer - INFO - Transforming 1 samples with amplitude_embedding imputer
2025-10-29 17:59:06,556 - src.imputation.base_imputer - INFO - Transformation complete: output shape (1, 377)
2025-10-29 17:59:06,577 - src.imputation.base_imputer - INFO - Transformation complete: output shape (11494, 259)
2025-10-29 17:59:06,577 - src.imputation.base_imputer - INFO - Transforming 1 samples with density_matrix_optimized imputer
2025-10-29 17:59:06,579 - src.imputation.base_imputer - INFO - Transformation complete: output shape (1, 259)
2025-10-29 17:59:06,582 - src.imputation.base_imputer - INFO - Transformation complete: output shape (11494, 322)
2025-10-29 17:59:06,582 - src.imputation.base_imputer - INFO - Transforming 1 samples with angle_encoding imputer
2025-10-29 17:59:06,584 - src.imputation.base_imputer - INFO - Transformation complete: output shape (1, 322)
2025-10-29 17:59:06,965 - src.imputation.base_imputer - INFO - Transformation complete: output shape (11494, 277)
2025-10-29 17:59:06,965 - src.imputation.base_imputer - INFO - Transforming 1 samples with graph_cycle_encoding imputer
2025-10-29 17:59:06,968 - src.imputation.base_imputer - INFO - Transformation complete: output shape (1, 277)
2025-10-29 17:59:12,240 - src.modeling.rankers.lgbm_ranker - INFO - Training LGBMRanker on 11494 events...
2025-10-29 17:59:12,353 - src.modeling.rankers.lgbm_ranker - INFO - Training LGBMRanker on 11494 events...
2025-10-29 17:59:12,382 - src.modeling.rankers.lgbm_ranker - INFO - Computed position frequencies: 39 positions
2025-10-29 17:59:12,449 - src.modeling.rankers.lgbm_ranker - INFO - Training LGBMRanker on 11494 events...
2025-10-29 17:59:12,501 - src.modeling.rankers.lgbm_ranker - INFO - Computed position frequencies: 39 positions
2025-10-29 17:59:12,594 - src.modeling.rankers.lgbm_ranker - INFO - Computed position frequencies: 39 positions
2025-10-29 17:59:12,653 - src.modeling.rankers.lgbm_ranker - INFO - Training LGBMRanker on 11494 events...
2025-10-29 17:59:12,795 - src.modeling.rankers.lgbm_ranker - INFO - Computed position frequencies: 39 positions
2025-10-29 18:00:26,900 - src.modeling.rankers.lgbm_ranker - INFO - Transformed to ranking format: 448266 samples (11494 groups of 39 positions each)
2025-10-29 18:00:26,900 - src.modeling.rankers.lgbm_ranker - INFO - Training LightGBM model...
/usr/local/lib/python3.10/dist-packages/lightgbm/sklearn.py:861: UserWarning: Found 'ndcg_eval_at' in params. Will use it instead of 'eval_at' argument
  _log_warning(f"Found '{alias}' in params. Will use it instead of 'eval_at' argument")
2025-10-29 18:00:27,205 - src.modeling.rankers.lgbm_ranker - INFO - Transformed to ranking format: 448266 samples (11494 groups of 39 positions each)
2025-10-29 18:00:27,205 - src.modeling.rankers.lgbm_ranker - INFO - Training LightGBM model...
/usr/local/lib/python3.10/dist-packages/lightgbm/sklearn.py:861: UserWarning: Found 'ndcg_eval_at' in params. Will use it instead of 'eval_at' argument
  _log_warning(f"Found '{alias}' in params. Will use it instead of 'eval_at' argument")
2025-10-29 18:00:28,077 - src.modeling.rankers.lgbm_ranker - INFO - Top-5 most important features:
2025-10-29 18:00:28,077 - src.modeling.rankers.lgbm_ranker - INFO -   aggregate_0: 364.00
2025-10-29 18:00:28,077 - src.modeling.rankers.lgbm_ranker - INFO -   position_frequency: 226.00
2025-10-29 18:00:28,078 - src.modeling.rankers.lgbm_ranker - INFO -   position_id: 172.00
2025-10-29 18:00:28,078 - src.modeling.rankers.lgbm_ranker - INFO -   min_distance: 108.00
2025-10-29 18:00:28,078 - src.modeling.rankers.lgbm_ranker - INFO -   aggregate_1: 88.00
2025-10-29 18:00:28,078 - src.modeling.rankers.lgbm_ranker - INFO - ✓ Training completed in 75.63 seconds
2025-10-29 18:00:28,078 - src.modeling.rankers.lgbm_ranker - INFO - ✓ LGBMRanker training successful
2025-10-29 18:00:28,090 - src.modeling.rankers.lgbm_ranker - INFO - Predicting top-20 for 1 test events...
/usr/local/lib/python3.10/dist-packages/lightgbm/sklearn.py:861: UserWarning: Found 'ndcg_eval_at' in params. Will use it instead of 'eval_at' argument
  _log_warning(f"Found '{alias}' in params. Will use it instead of 'eval_at' argument")
2025-10-29 18:00:28,098 - src.modeling.rankers.lgbm_ranker - INFO - ✓ Predictions generated for 1 events
2025-10-29 18:00:28,854 - src.modeling.rankers.lgbm_ranker - INFO - Top-5 most important features:
2025-10-29 18:00:28,854 - src.modeling.rankers.lgbm_ranker - INFO -   position_id: 441.00
2025-10-29 18:00:28,854 - src.modeling.rankers.lgbm_ranker - INFO -   tunneling: 328.00
2025-10-29 18:00:28,854 - src.modeling.rankers.lgbm_ranker - INFO -   min_distance: 237.00
2025-10-29 18:00:28,854 - src.modeling.rankers.lgbm_ranker - INFO -   position_frequency: 231.00
2025-10-29 18:00:28,854 - src.modeling.rankers.lgbm_ranker - INFO -   density_window_0: 187.00
2025-10-29 18:00:28,854 - src.modeling.rankers.lgbm_ranker - INFO - ✓ Training completed in 76.61 seconds
2025-10-29 18:00:28,854 - src.modeling.rankers.lgbm_ranker - INFO - ✓ LGBMRanker training successful
2025-10-29 18:00:28,877 - src.modeling.rankers.lgbm_ranker - INFO - Predicting top-20 for 1 test events...
/usr/local/lib/python3.10/dist-packages/lightgbm/sklearn.py:861: UserWarning: Found 'ndcg_eval_at' in params. Will use it instead of 'eval_at' argument
  _log_warning(f"Found '{alias}' in params. Will use it instead of 'eval_at' argument")
2025-10-29 18:00:28,886 - src.modeling.rankers.lgbm_ranker - INFO - ✓ Predictions generated for 1 events
2025-10-29 18:00:33,263 - src.modeling.rankers.lgbm_ranker - INFO - Transformed to ranking format: 448266 samples (11494 groups of 39 positions each)
2025-10-29 18:00:33,263 - src.modeling.rankers.lgbm_ranker - INFO - Training LightGBM model...
/usr/local/lib/python3.10/dist-packages/lightgbm/sklearn.py:861: UserWarning: Found 'ndcg_eval_at' in params. Will use it instead of 'eval_at' argument
  _log_warning(f"Found '{alias}' in params. Will use it instead of 'eval_at' argument")
2025-10-29 18:00:36,277 - src.modeling.rankers.lgbm_ranker - INFO - Top-5 most important features:
2025-10-29 18:00:36,277 - src.modeling.rankers.lgbm_ranker - INFO -   tunneling: 380.00
2025-10-29 18:00:36,277 - src.modeling.rankers.lgbm_ranker - INFO -   min_distance: 243.00
2025-10-29 18:00:36,277 - src.modeling.rankers.lgbm_ranker - INFO -   position_id: 227.00
2025-10-29 18:00:36,277 - src.modeling.rankers.lgbm_ranker - INFO -   density_window_0: 191.00
2025-10-29 18:00:36,277 - src.modeling.rankers.lgbm_ranker - INFO -   dft_45: 179.00
2025-10-29 18:00:36,277 - src.modeling.rankers.lgbm_ranker - INFO - ✓ Training completed in 83.62 seconds
2025-10-29 18:00:36,277 - src.modeling.rankers.lgbm_ranker - INFO - ✓ LGBMRanker training successful
2025-10-29 18:00:36,331 - src.modeling.rankers.lgbm_ranker - INFO - Predicting top-20 for 1 test events...
/usr/local/lib/python3.10/dist-packages/lightgbm/sklearn.py:861: UserWarning: Found 'ndcg_eval_at' in params. Will use it instead of 'eval_at' argument
  _log_warning(f"Found '{alias}' in params. Will use it instead of 'eval_at' argument")
2025-10-29 18:00:36,339 - src.modeling.rankers.lgbm_ranker - INFO - ✓ Predictions generated for 1 events
2025-10-29 18:00:36,937 - src.modeling.rankers.lgbm_ranker - INFO - Transformed to ranking format: 448266 samples (11494 groups of 39 positions each)
2025-10-29 18:00:36,937 - src.modeling.rankers.lgbm_ranker - INFO - Training LightGBM model...
/usr/local/lib/python3.10/dist-packages/lightgbm/sklearn.py:861: UserWarning: Found 'ndcg_eval_at' in params. Will use it instead of 'eval_at' argument
  _log_warning(f"Found '{alias}' in params. Will use it instead of 'eval_at' argument")
2025-10-29 18:00:37,971 - src.modeling.rankers.lgbm_ranker - INFO - Top-5 most important features:
2025-10-29 18:00:37,971 - src.modeling.rankers.lgbm_ranker - INFO -   position_frequency: 326.00
2025-10-29 18:00:37,971 - src.modeling.rankers.lgbm_ranker - INFO -   tunneling: 252.00
2025-10-29 18:00:37,971 - src.modeling.rankers.lgbm_ranker - INFO -   position_id: 251.00
2025-10-29 18:00:37,971 - src.modeling.rankers.lgbm_ranker - INFO -   min_distance: 190.00
2025-10-29 18:00:37,971 - src.modeling.rankers.lgbm_ranker - INFO -   density_window_0: 122.00
2025-10-29 18:00:37,971 - src.modeling.rankers.lgbm_ranker - INFO - ✓ Training completed in 85.62 seconds
2025-10-29 18:00:37,971 - src.modeling.rankers.lgbm_ranker - INFO - ✓ LGBMRanker training successful
2025-10-29 18:00:37,975 - src.modeling.rankers.lgbm_ranker - INFO - Predicting top-20 for 1 test events...
/usr/local/lib/python3.10/dist-packages/lightgbm/sklearn.py:861: UserWarning: Found 'ndcg_eval_at' in params. Will use it instead of 'eval_at' argument
  _log_warning(f"Found '{alias}' in params. Will use it instead of 'eval_at' argument")
2025-10-29 18:00:37,984 - src.modeling.rankers.lgbm_ranker - INFO - ✓ Predictions generated for 1 events

  Event Duration: 99.8s
  Parallel Exec:  99.8s
  Model Training Times:
    amplitude: train=85.6s, total=99.6s
    angle_encoding: train=75.6s, total=89.7s
    graph_cycle: train=83.7s, total=97.9s
    density_matrix: train=76.6s, total=90.5s
  Memory Peak: 1.59 GB
  Recalls: amplitude: 100%, angle_encoding: 100%, graph_cycle: 100%, density_matrix: 100%, ensemble: 100%
  [CHECKPOINT] Saved

================================================================================
Event 11496 (7/100)
================================================================================
2025-10-29 18:00:38,168 - src.imputation.base_imputer - INFO - Fitting amplitude_embedding imputer on 11495 samples
2025-10-29 18:00:38,168 - src.imputation.base_imputer - INFO - Fitting density_matrix_optimized imputer on 11495 samples
2025-10-29 18:00:38,169 - src.imputation.base_imputer - INFO - Fitting angle_encoding imputer on 11495 samples
2025-10-29 18:00:38,169 - src.imputation.base_imputer - INFO - Fitting graph_cycle_encoding imputer on 11495 samples
2025-10-29 18:00:38,172 - src.imputation.amplitude_embedding - INFO - Learned position frequencies from 11495 samples. Normalization mode: uniform
2025-10-29 18:00:38,172 - src.imputation.base_imputer - INFO - amplitude_embedding imputer fitted successfully
2025-10-29 18:00:38,172 - src.imputation.base_imputer - INFO - Transforming 11495 samples with amplitude_embedding imputer
2025-10-29 18:00:38,173 - src.imputation.angle_encoding - INFO - Angle encoding uses fixed angular mapping (no learning from 11495 training samples)
2025-10-29 18:00:38,173 - src.imputation.base_imputer - INFO - angle_encoding imputer fitted successfully
2025-10-29 18:00:38,173 - src.imputation.base_imputer - INFO - Transforming 11495 samples with angle_encoding imputer
2025-10-29 18:00:38,173 - src.imputation.density_matrix - INFO - Density matrix uses fixed quantum mechanical construction (no learning from 11495 training samples)
2025-10-29 18:00:38,173 - src.imputation.base_imputer - INFO - density_matrix_optimized imputer fitted successfully
2025-10-29 18:00:38,173 - src.imputation.base_imputer - INFO - Transforming 11495 samples with density_matrix_optimized imputer
2025-10-29 18:00:38,173 - src.imputation.graph_cycle_encoding - INFO - Graph/Cycle encoding uses fixed DFT basis and geometric distances (no learning from 11495 training samples)
2025-10-29 18:00:38,173 - src.imputation.base_imputer - INFO - graph_cycle_encoding imputer fitted successfully
2025-10-29 18:00:38,173 - src.imputation.base_imputer - INFO - Transforming 11495 samples with graph_cycle_encoding imputer
2025-10-29 18:00:45,905 - src.imputation.base_imputer - INFO - Transformation complete: output shape (11495, 322)
2025-10-29 18:00:45,905 - src.imputation.base_imputer - INFO - Transforming 1 samples with angle_encoding imputer
2025-10-29 18:00:45,907 - src.imputation.base_imputer - INFO - Transformation complete: output shape (1, 322)
2025-10-29 18:00:46,178 - src.imputation.base_imputer - INFO - Transformation complete: output shape (11495, 377)
2025-10-29 18:00:46,178 - src.imputation.base_imputer - INFO - Transforming 1 samples with amplitude_embedding imputer
2025-10-29 18:00:46,181 - src.imputation.base_imputer - INFO - Transformation complete: output shape (1, 377)
2025-10-29 18:00:46,390 - src.imputation.base_imputer - INFO - Transformation complete: output shape (11495, 259)
2025-10-29 18:00:46,390 - src.imputation.base_imputer - INFO - Transforming 1 samples with density_matrix_optimized imputer
2025-10-29 18:00:46,392 - src.imputation.base_imputer - INFO - Transformation complete: output shape (1, 259)
2025-10-29 18:00:46,698 - src.imputation.base_imputer - INFO - Transformation complete: output shape (11495, 277)
2025-10-29 18:00:46,698 - src.imputation.base_imputer - INFO - Transforming 1 samples with graph_cycle_encoding imputer
2025-10-29 18:00:46,700 - src.imputation.base_imputer - INFO - Transformation complete: output shape (1, 277)
2025-10-29 18:00:51,558 - src.modeling.rankers.lgbm_ranker - INFO - Training LGBMRanker on 11495 events...
2025-10-29 18:00:51,702 - src.modeling.rankers.lgbm_ranker - INFO - Computed position frequencies: 39 positions
2025-10-29 18:00:51,966 - src.modeling.rankers.lgbm_ranker - INFO - Training LGBMRanker on 11495 events...
2025-10-29 18:00:52,112 - src.modeling.rankers.lgbm_ranker - INFO - Computed position frequencies: 39 positions
2025-10-29 18:00:52,141 - src.modeling.rankers.lgbm_ranker - INFO - Training LGBMRanker on 11495 events...
2025-10-29 18:00:52,286 - src.modeling.rankers.lgbm_ranker - INFO - Computed position frequencies: 39 positions
2025-10-29 18:00:52,327 - src.modeling.rankers.lgbm_ranker - INFO - Training LGBMRanker on 11495 events...
2025-10-29 18:00:52,469 - src.modeling.rankers.lgbm_ranker - INFO - Computed position frequencies: 39 positions
2025-10-29 18:02:04,237 - src.modeling.rankers.lgbm_ranker - INFO - Transformed to ranking format: 448305 samples (11495 groups of 39 positions each)
2025-10-29 18:02:04,237 - src.modeling.rankers.lgbm_ranker - INFO - Training LightGBM model...
/usr/local/lib/python3.10/dist-packages/lightgbm/sklearn.py:861: UserWarning: Found 'ndcg_eval_at' in params. Will use it instead of 'eval_at' argument
  _log_warning(f"Found '{alias}' in params. Will use it instead of 'eval_at' argument")
2025-10-29 18:02:05,352 - src.modeling.rankers.lgbm_ranker - INFO - Top-5 most important features:
2025-10-29 18:02:05,352 - src.modeling.rankers.lgbm_ranker - INFO -   aggregate_0: 286.00
2025-10-29 18:02:05,352 - src.modeling.rankers.lgbm_ranker - INFO -   position_frequency: 247.00
2025-10-29 18:02:05,352 - src.modeling.rankers.lgbm_ranker - INFO -   position_id: 162.00
2025-10-29 18:02:05,352 - src.modeling.rankers.lgbm_ranker - INFO -   tunneling: 106.00
2025-10-29 18:02:05,352 - src.modeling.rankers.lgbm_ranker - INFO -   aggregate_1: 96.00
2025-10-29 18:02:05,352 - src.modeling.rankers.lgbm_ranker - INFO - ✓ Training completed in 73.79 seconds
2025-10-29 18:02:05,352 - src.modeling.rankers.lgbm_ranker - INFO - ✓ LGBMRanker training successful
2025-10-29 18:02:05,361 - src.modeling.rankers.lgbm_ranker - INFO - Predicting top-20 for 1 test events...
/usr/local/lib/python3.10/dist-packages/lightgbm/sklearn.py:861: UserWarning: Found 'ndcg_eval_at' in params. Will use it instead of 'eval_at' argument
  _log_warning(f"Found '{alias}' in params. Will use it instead of 'eval_at' argument")
2025-10-29 18:02:05,369 - src.modeling.rankers.lgbm_ranker - INFO - ✓ Predictions generated for 1 events
2025-10-29 18:02:09,718 - src.modeling.rankers.lgbm_ranker - INFO - Transformed to ranking format: 448305 samples (11495 groups of 39 positions each)
2025-10-29 18:02:09,718 - src.modeling.rankers.lgbm_ranker - INFO - Training LightGBM model...
/usr/local/lib/python3.10/dist-packages/lightgbm/sklearn.py:861: UserWarning: Found 'ndcg_eval_at' in params. Will use it instead of 'eval_at' argument
  _log_warning(f"Found '{alias}' in params. Will use it instead of 'eval_at' argument")
2025-10-29 18:02:11,388 - src.modeling.rankers.lgbm_ranker - INFO - Top-5 most important features:
2025-10-29 18:02:11,388 - src.modeling.rankers.lgbm_ranker - INFO -   min_distance: 373.00
2025-10-29 18:02:11,388 - src.modeling.rankers.lgbm_ranker - INFO -   position_id: 348.00
2025-10-29 18:02:11,388 - src.modeling.rankers.lgbm_ranker - INFO -   tunneling: 325.00
2025-10-29 18:02:11,388 - src.modeling.rankers.lgbm_ranker - INFO -   position_frequency: 273.00
2025-10-29 18:02:11,388 - src.modeling.rankers.lgbm_ranker - INFO -   density_window_0: 208.00
2025-10-29 18:02:11,388 - src.modeling.rankers.lgbm_ranker - INFO - ✓ Training completed in 79.25 seconds
2025-10-29 18:02:11,388 - src.modeling.rankers.lgbm_ranker - INFO - ✓ LGBMRanker training successful
2025-10-29 18:02:11,432 - src.modeling.rankers.lgbm_ranker - INFO - Predicting top-20 for 1 test events...
/usr/local/lib/python3.10/dist-packages/lightgbm/sklearn.py:861: UserWarning: Found 'ndcg_eval_at' in params. Will use it instead of 'eval_at' argument
  _log_warning(f"Found '{alias}' in params. Will use it instead of 'eval_at' argument")
2025-10-29 18:02:11,441 - src.modeling.rankers.lgbm_ranker - INFO - ✓ Predictions generated for 1 events
2025-10-29 18:02:12,410 - src.modeling.rankers.lgbm_ranker - INFO - Transformed to ranking format: 448305 samples (11495 groups of 39 positions each)
2025-10-29 18:02:12,410 - src.modeling.rankers.lgbm_ranker - INFO - Training LightGBM model...
/usr/local/lib/python3.10/dist-packages/lightgbm/sklearn.py:861: UserWarning: Found 'ndcg_eval_at' in params. Will use it instead of 'eval_at' argument
  _log_warning(f"Found '{alias}' in params. Will use it instead of 'eval_at' argument")
2025-10-29 18:02:14,159 - src.modeling.rankers.lgbm_ranker - INFO - Transformed to ranking format: 448305 samples (11495 groups of 39 positions each)
2025-10-29 18:02:14,159 - src.modeling.rankers.lgbm_ranker - INFO - Training LightGBM model...
/usr/local/lib/python3.10/dist-packages/lightgbm/sklearn.py:861: UserWarning: Found 'ndcg_eval_at' in params. Will use it instead of 'eval_at' argument
  _log_warning(f"Found '{alias}' in params. Will use it instead of 'eval_at' argument")
2025-10-29 18:02:15,170 - src.modeling.rankers.lgbm_ranker - INFO - Top-5 most important features:
2025-10-29 18:02:15,170 - src.modeling.rankers.lgbm_ranker - INFO -   position_frequency: 306.00
2025-10-29 18:02:15,170 - src.modeling.rankers.lgbm_ranker - INFO -   tunneling: 293.00
2025-10-29 18:02:15,170 - src.modeling.rankers.lgbm_ranker - INFO -   position_id: 221.00
2025-10-29 18:02:15,170 - src.modeling.rankers.lgbm_ranker - INFO -   min_distance: 181.00
2025-10-29 18:02:15,170 - src.modeling.rankers.lgbm_ranker - INFO -   density_window_0: 110.00
2025-10-29 18:02:15,170 - src.modeling.rankers.lgbm_ranker - INFO - ✓ Training completed in 83.20 seconds
2025-10-29 18:02:15,170 - src.modeling.rankers.lgbm_ranker - INFO - ✓ LGBMRanker training successful
2025-10-29 18:02:15,174 - src.modeling.rankers.lgbm_ranker - INFO - Predicting top-20 for 1 test events...
/usr/local/lib/python3.10/dist-packages/lightgbm/sklearn.py:861: UserWarning: Found 'ndcg_eval_at' in params. Will use it instead of 'eval_at' argument
  _log_warning(f"Found '{alias}' in params. Will use it instead of 'eval_at' argument")
2025-10-29 18:02:15,183 - src.modeling.rankers.lgbm_ranker - INFO - ✓ Predictions generated for 1 events
2025-10-29 18:02:15,461 - src.modeling.rankers.lgbm_ranker - INFO - Top-5 most important features:
2025-10-29 18:02:15,461 - src.modeling.rankers.lgbm_ranker - INFO -   tunneling: 408.00
2025-10-29 18:02:15,461 - src.modeling.rankers.lgbm_ranker - INFO -   position_id: 285.00
2025-10-29 18:02:15,461 - src.modeling.rankers.lgbm_ranker - INFO -   min_distance: 225.00
2025-10-29 18:02:15,461 - src.modeling.rankers.lgbm_ranker - INFO -   density_window_0: 214.00
2025-10-29 18:02:15,461 - src.modeling.rankers.lgbm_ranker - INFO -   dft_45: 212.00
2025-10-29 18:02:15,461 - src.modeling.rankers.lgbm_ranker - INFO - ✓ Training completed in 83.13 seconds
2025-10-29 18:02:15,461 - src.modeling.rankers.lgbm_ranker - INFO - ✓ LGBMRanker training successful
2025-10-29 18:02:15,509 - src.modeling.rankers.lgbm_ranker - INFO - Predicting top-20 for 1 test events...
/usr/local/lib/python3.10/dist-packages/lightgbm/sklearn.py:861: UserWarning: Found 'ndcg_eval_at' in params. Will use it instead of 'eval_at' argument
  _log_warning(f"Found '{alias}' in params. Will use it instead of 'eval_at' argument")
2025-10-29 18:02:15,518 - src.modeling.rankers.lgbm_ranker - INFO - ✓ Predictions generated for 1 events

  Event Duration: 97.5s
  Parallel Exec:  97.5s
  Model Training Times:
    amplitude: train=83.2s, total=97.0s
    angle_encoding: train=73.8s, total=87.2s
    graph_cycle: train=83.2s, total=97.4s
    density_matrix: train=79.3s, total=93.3s
  Memory Peak: 1.59 GB
  Recalls: amplitude: 100%, angle_encoding: 100%, graph_cycle: 100%, density_matrix: 100%, ensemble: 100%
  [CHECKPOINT] Saved

================================================================================
Event 11497 (8/100)
================================================================================
2025-10-29 18:02:15,692 - src.imputation.base_imputer - INFO - Fitting amplitude_embedding imputer on 11496 samples
2025-10-29 18:02:15,692 - src.imputation.base_imputer - INFO - Fitting density_matrix_optimized imputer on 11496 samples
2025-10-29 18:02:15,692 - src.imputation.base_imputer - INFO - Fitting angle_encoding imputer on 11496 samples
2025-10-29 18:02:15,692 - src.imputation.base_imputer - INFO - Fitting graph_cycle_encoding imputer on 11496 samples
2025-10-29 18:02:15,697 - src.imputation.amplitude_embedding - INFO - Learned position frequencies from 11496 samples. Normalization mode: uniform
2025-10-29 18:02:15,697 - src.imputation.base_imputer - INFO - amplitude_embedding imputer fitted successfully
2025-10-29 18:02:15,697 - src.imputation.base_imputer - INFO - Transforming 11496 samples with amplitude_embedding imputer
2025-10-29 18:02:15,697 - src.imputation.density_matrix - INFO - Density matrix uses fixed quantum mechanical construction (no learning from 11496 training samples)
2025-10-29 18:02:15,697 - src.imputation.angle_encoding - INFO - Angle encoding uses fixed angular mapping (no learning from 11496 training samples)
2025-10-29 18:02:15,697 - src.imputation.graph_cycle_encoding - INFO - Graph/Cycle encoding uses fixed DFT basis and geometric distances (no learning from 11496 training samples)
2025-10-29 18:02:15,697 - src.imputation.base_imputer - INFO - density_matrix_optimized imputer fitted successfully
2025-10-29 18:02:15,697 - src.imputation.base_imputer - INFO - angle_encoding imputer fitted successfully
2025-10-29 18:02:15,697 - src.imputation.base_imputer - INFO - graph_cycle_encoding imputer fitted successfully
2025-10-29 18:02:15,697 - src.imputation.base_imputer - INFO - Transforming 11496 samples with density_matrix_optimized imputer
2025-10-29 18:02:15,697 - src.imputation.base_imputer - INFO - Transforming 11496 samples with angle_encoding imputer
2025-10-29 18:02:15,697 - src.imputation.base_imputer - INFO - Transforming 11496 samples with graph_cycle_encoding imputer
2025-10-29 18:02:23,702 - src.imputation.base_imputer - INFO - Transformation complete: output shape (11496, 322)
2025-10-29 18:02:23,702 - src.imputation.base_imputer - INFO - Transforming 1 samples with angle_encoding imputer
2025-10-29 18:02:23,704 - src.imputation.base_imputer - INFO - Transformation complete: output shape (1, 322)
2025-10-29 18:02:23,719 - src.imputation.base_imputer - INFO - Transformation complete: output shape (11496, 377)
2025-10-29 18:02:23,719 - src.imputation.base_imputer - INFO - Transforming 1 samples with amplitude_embedding imputer
2025-10-29 18:02:23,722 - src.imputation.base_imputer - INFO - Transformation complete: output shape (1, 377)
2025-10-29 18:02:23,842 - src.imputation.base_imputer - INFO - Transformation complete: output shape (11496, 259)
2025-10-29 18:02:23,842 - src.imputation.base_imputer - INFO - Transforming 1 samples with density_matrix_optimized imputer
2025-10-29 18:02:23,844 - src.imputation.base_imputer - INFO - Transformation complete: output shape (1, 259)
2025-10-29 18:02:24,219 - src.imputation.base_imputer - INFO - Transformation complete: output shape (11496, 277)
2025-10-29 18:02:24,219 - src.imputation.base_imputer - INFO - Transforming 1 samples with graph_cycle_encoding imputer
2025-10-29 18:02:24,221 - src.imputation.base_imputer - INFO - Transformation complete: output shape (1, 277)
2025-10-29 18:02:29,451 - src.modeling.rankers.lgbm_ranker - INFO - Training LGBMRanker on 11496 events...
2025-10-29 18:02:29,465 - src.modeling.rankers.lgbm_ranker - INFO - Training LGBMRanker on 11496 events...
2025-10-29 18:02:29,559 - src.modeling.rankers.lgbm_ranker - INFO - Training LGBMRanker on 11496 events...
2025-10-29 18:02:29,596 - src.modeling.rankers.lgbm_ranker - INFO - Computed position frequencies: 39 positions
2025-10-29 18:02:29,608 - src.modeling.rankers.lgbm_ranker - INFO - Computed position frequencies: 39 positions
2025-10-29 18:02:29,706 - src.modeling.rankers.lgbm_ranker - INFO - Computed position frequencies: 39 positions
2025-10-29 18:02:29,805 - src.modeling.rankers.lgbm_ranker - INFO - Training LGBMRanker on 11496 events...
2025-10-29 18:02:29,947 - src.modeling.rankers.lgbm_ranker - INFO - Computed position frequencies: 39 positions
2025-10-29 18:03:43,714 - src.modeling.rankers.lgbm_ranker - INFO - Transformed to ranking format: 448344 samples (11496 groups of 39 positions each)
2025-10-29 18:03:43,715 - src.modeling.rankers.lgbm_ranker - INFO - Training LightGBM model...
/usr/local/lib/python3.10/dist-packages/lightgbm/sklearn.py:861: UserWarning: Found 'ndcg_eval_at' in params. Will use it instead of 'eval_at' argument
  _log_warning(f"Found '{alias}' in params. Will use it instead of 'eval_at' argument")
2025-10-29 18:03:43,725 - src.modeling.rankers.lgbm_ranker - INFO - Transformed to ranking format: 448344 samples (11496 groups of 39 positions each)
2025-10-29 18:03:43,725 - src.modeling.rankers.lgbm_ranker - INFO - Training LightGBM model...
/usr/local/lib/python3.10/dist-packages/lightgbm/sklearn.py:861: UserWarning: Found 'ndcg_eval_at' in params. Will use it instead of 'eval_at' argument
  _log_warning(f"Found '{alias}' in params. Will use it instead of 'eval_at' argument")
2025-10-29 18:03:44,920 - src.modeling.rankers.lgbm_ranker - INFO - Top-5 most important features:
2025-10-29 18:03:44,920 - src.modeling.rankers.lgbm_ranker - INFO -   position_frequency: 278.00
2025-10-29 18:03:44,920 - src.modeling.rankers.lgbm_ranker - INFO -   aggregate_0: 233.00
2025-10-29 18:03:44,920 - src.modeling.rankers.lgbm_ranker - INFO -   position_id: 206.00
2025-10-29 18:03:44,920 - src.modeling.rankers.lgbm_ranker - INFO -   tunneling: 133.00
2025-10-29 18:03:44,920 - src.modeling.rankers.lgbm_ranker - INFO -   aggregate_1: 106.00
2025-10-29 18:03:44,920 - src.modeling.rankers.lgbm_ranker - INFO - ✓ Training completed in 75.47 seconds
2025-10-29 18:03:44,920 - src.modeling.rankers.lgbm_ranker - INFO - ✓ LGBMRanker training successful
2025-10-29 18:03:44,931 - src.modeling.rankers.lgbm_ranker - INFO - Predicting top-20 for 1 test events...
/usr/local/lib/python3.10/dist-packages/lightgbm/sklearn.py:861: UserWarning: Found 'ndcg_eval_at' in params. Will use it instead of 'eval_at' argument
  _log_warning(f"Found '{alias}' in params. Will use it instead of 'eval_at' argument")
2025-10-29 18:03:44,939 - src.modeling.rankers.lgbm_ranker - INFO - ✓ Predictions generated for 1 events
2025-10-29 18:03:45,364 - src.modeling.rankers.lgbm_ranker - INFO - Top-5 most important features:
2025-10-29 18:03:45,364 - src.modeling.rankers.lgbm_ranker - INFO -   position_id: 364.00
2025-10-29 18:03:45,364 - src.modeling.rankers.lgbm_ranker - INFO -   tunneling: 324.00
2025-10-29 18:03:45,364 - src.modeling.rankers.lgbm_ranker - INFO -   position_frequency: 282.00
2025-10-29 18:03:45,364 - src.modeling.rankers.lgbm_ranker - INFO -   min_distance: 239.00
2025-10-29 18:03:45,364 - src.modeling.rankers.lgbm_ranker - INFO -   density_window_0: 186.00
2025-10-29 18:03:45,364 - src.modeling.rankers.lgbm_ranker - INFO - ✓ Training completed in 75.90 seconds
2025-10-29 18:03:45,364 - src.modeling.rankers.lgbm_ranker - INFO - ✓ LGBMRanker training successful
2025-10-29 18:03:45,380 - src.modeling.rankers.lgbm_ranker - INFO - Predicting top-20 for 1 test events...
/usr/local/lib/python3.10/dist-packages/lightgbm/sklearn.py:861: UserWarning: Found 'ndcg_eval_at' in params. Will use it instead of 'eval_at' argument
  _log_warning(f"Found '{alias}' in params. Will use it instead of 'eval_at' argument")
2025-10-29 18:03:45,388 - src.modeling.rankers.lgbm_ranker - INFO - ✓ Predictions generated for 1 events
2025-10-29 18:03:49,814 - src.modeling.rankers.lgbm_ranker - INFO - Transformed to ranking format: 448344 samples (11496 groups of 39 positions each)
2025-10-29 18:03:49,814 - src.modeling.rankers.lgbm_ranker - INFO - Training LightGBM model...
/usr/local/lib/python3.10/dist-packages/lightgbm/sklearn.py:861: UserWarning: Found 'ndcg_eval_at' in params. Will use it instead of 'eval_at' argument
  _log_warning(f"Found '{alias}' in params. Will use it instead of 'eval_at' argument")
2025-10-29 18:03:50,818 - src.modeling.rankers.lgbm_ranker - INFO - Top-5 most important features:
2025-10-29 18:03:50,818 - src.modeling.rankers.lgbm_ranker - INFO -   position_frequency: 386.00
2025-10-29 18:03:50,818 - src.modeling.rankers.lgbm_ranker - INFO -   min_distance: 233.00
2025-10-29 18:03:50,818 - src.modeling.rankers.lgbm_ranker - INFO -   tunneling: 221.00
2025-10-29 18:03:50,818 - src.modeling.rankers.lgbm_ranker - INFO -   position_id: 207.00
2025-10-29 18:03:50,818 - src.modeling.rankers.lgbm_ranker - INFO -   density_window_0: 120.00
2025-10-29 18:03:50,818 - src.modeling.rankers.lgbm_ranker - INFO - ✓ Training completed in 81.26 seconds
2025-10-29 18:03:50,818 - src.modeling.rankers.lgbm_ranker - INFO - ✓ LGBMRanker training successful
2025-10-29 18:03:50,822 - src.modeling.rankers.lgbm_ranker - INFO - Predicting top-20 for 1 test events...
/usr/local/lib/python3.10/dist-packages/lightgbm/sklearn.py:861: UserWarning: Found 'ndcg_eval_at' in params. Will use it instead of 'eval_at' argument
  _log_warning(f"Found '{alias}' in params. Will use it instead of 'eval_at' argument")
2025-10-29 18:03:50,830 - src.modeling.rankers.lgbm_ranker - INFO - ✓ Predictions generated for 1 events
2025-10-29 18:03:51,906 - src.modeling.rankers.lgbm_ranker - INFO - Transformed to ranking format: 448344 samples (11496 groups of 39 positions each)
2025-10-29 18:03:51,906 - src.modeling.rankers.lgbm_ranker - INFO - Training LightGBM model...
/usr/local/lib/python3.10/dist-packages/lightgbm/sklearn.py:861: UserWarning: Found 'ndcg_eval_at' in params. Will use it instead of 'eval_at' argument
  _log_warning(f"Found '{alias}' in params. Will use it instead of 'eval_at' argument")
2025-10-29 18:03:54,887 - src.modeling.rankers.lgbm_ranker - INFO - Top-5 most important features:
2025-10-29 18:03:54,887 - src.modeling.rankers.lgbm_ranker - INFO -   tunneling: 383.00
2025-10-29 18:03:54,887 - src.modeling.rankers.lgbm_ranker - INFO -   min_distance: 240.00
2025-10-29 18:03:54,887 - src.modeling.rankers.lgbm_ranker - INFO -   position_id: 235.00
2025-10-29 18:03:54,887 - src.modeling.rankers.lgbm_ranker - INFO -   dft_45: 187.00
2025-10-29 18:03:54,887 - src.modeling.rankers.lgbm_ranker - INFO -   density_window_0: 184.00
2025-10-29 18:03:54,887 - src.modeling.rankers.lgbm_ranker - INFO - ✓ Training completed in 85.08 seconds
2025-10-29 18:03:54,887 - src.modeling.rankers.lgbm_ranker - INFO - ✓ LGBMRanker training successful
2025-10-29 18:03:54,949 - src.modeling.rankers.lgbm_ranker - INFO - Predicting top-20 for 1 test events...
/usr/local/lib/python3.10/dist-packages/lightgbm/sklearn.py:861: UserWarning: Found 'ndcg_eval_at' in params. Will use it instead of 'eval_at' argument
  _log_warning(f"Found '{alias}' in params. Will use it instead of 'eval_at' argument")
2025-10-29 18:03:54,958 - src.modeling.rankers.lgbm_ranker - INFO - ✓ Predictions generated for 1 events

  Event Duration: 99.4s
  Parallel Exec:  99.4s
  Model Training Times:
    amplitude: train=81.3s, total=95.2s
    angle_encoding: train=75.5s, total=89.3s
    graph_cycle: train=85.1s, total=99.3s
    density_matrix: train=75.9s, total=89.7s
  Memory Peak: 1.43 GB
  Recalls: amplitude: 100%, angle_encoding: 100%, graph_cycle: 100%, density_matrix: 100%, ensemble: 100%
  [CHECKPOINT] Saved

================================================================================
Event 11498 (9/100)
================================================================================
2025-10-29 18:03:55,121 - src.imputation.base_imputer - INFO - Fitting graph_cycle_encoding imputer on 11497 samples
2025-10-29 18:03:55,122 - src.imputation.base_imputer - INFO - Fitting density_matrix_optimized imputer on 11497 samples
2025-10-29 18:03:55,122 - src.imputation.base_imputer - INFO - Fitting amplitude_embedding imputer on 11497 samples
2025-10-29 18:03:55,122 - src.imputation.base_imputer - INFO - Fitting angle_encoding imputer on 11497 samples
2025-10-29 18:03:55,125 - src.imputation.graph_cycle_encoding - INFO - Graph/Cycle encoding uses fixed DFT basis and geometric distances (no learning from 11497 training samples)
2025-10-29 18:03:55,125 - src.imputation.base_imputer - INFO - graph_cycle_encoding imputer fitted successfully
2025-10-29 18:03:55,126 - src.imputation.base_imputer - INFO - Transforming 11497 samples with graph_cycle_encoding imputer
2025-10-29 18:03:55,126 - src.imputation.density_matrix - INFO - Density matrix uses fixed quantum mechanical construction (no learning from 11497 training samples)
2025-10-29 18:03:55,126 - src.imputation.angle_encoding - INFO - Angle encoding uses fixed angular mapping (no learning from 11497 training samples)
2025-10-29 18:03:55,126 - src.imputation.base_imputer - INFO - density_matrix_optimized imputer fitted successfully
2025-10-29 18:03:55,126 - src.imputation.base_imputer - INFO - angle_encoding imputer fitted successfully
2025-10-29 18:03:55,126 - src.imputation.base_imputer - INFO - Transforming 11497 samples with density_matrix_optimized imputer
2025-10-29 18:03:55,126 - src.imputation.base_imputer - INFO - Transforming 11497 samples with angle_encoding imputer
2025-10-29 18:03:55,127 - src.imputation.amplitude_embedding - INFO - Learned position frequencies from 11497 samples. Normalization mode: uniform
2025-10-29 18:03:55,127 - src.imputation.base_imputer - INFO - amplitude_embedding imputer fitted successfully
2025-10-29 18:03:55,127 - src.imputation.base_imputer - INFO - Transforming 11497 samples with amplitude_embedding imputer
2025-10-29 18:04:02,826 - src.imputation.base_imputer - INFO - Transformation complete: output shape (11497, 377)
2025-10-29 18:04:02,826 - src.imputation.base_imputer - INFO - Transforming 1 samples with amplitude_embedding imputer
2025-10-29 18:04:02,828 - src.imputation.base_imputer - INFO - Transformation complete: output shape (1, 377)
2025-10-29 18:04:03,007 - src.imputation.base_imputer - INFO - Transformation complete: output shape (11497, 322)
2025-10-29 18:04:03,007 - src.imputation.base_imputer - INFO - Transforming 1 samples with angle_encoding imputer
2025-10-29 18:04:03,009 - src.imputation.base_imputer - INFO - Transformation complete: output shape (1, 322)
2025-10-29 18:04:03,443 - src.imputation.base_imputer - INFO - Transformation complete: output shape (11497, 259)
2025-10-29 18:04:03,443 - src.imputation.base_imputer - INFO - Transforming 1 samples with density_matrix_optimized imputer
2025-10-29 18:04:03,445 - src.imputation.base_imputer - INFO - Transformation complete: output shape (1, 259)
2025-10-29 18:04:03,448 - src.imputation.base_imputer - INFO - Transformation complete: output shape (11497, 277)
2025-10-29 18:04:03,449 - src.imputation.base_imputer - INFO - Transforming 1 samples with graph_cycle_encoding imputer
2025-10-29 18:04:03,451 - src.imputation.base_imputer - INFO - Transformation complete: output shape (1, 277)
2025-10-29 18:04:08,363 - src.modeling.rankers.lgbm_ranker - INFO - Training LGBMRanker on 11497 events...
2025-10-29 18:04:08,502 - src.modeling.rankers.lgbm_ranker - INFO - Computed position frequencies: 39 positions
2025-10-29 18:04:08,767 - src.modeling.rankers.lgbm_ranker - INFO - Training LGBMRanker on 11497 events...
2025-10-29 18:04:08,910 - src.modeling.rankers.lgbm_ranker - INFO - Computed position frequencies: 39 positions
2025-10-29 18:04:09,036 - src.modeling.rankers.lgbm_ranker - INFO - Training LGBMRanker on 11497 events...
2025-10-29 18:04:09,178 - src.modeling.rankers.lgbm_ranker - INFO - Computed position frequencies: 39 positions
2025-10-29 18:04:09,267 - src.modeling.rankers.lgbm_ranker - INFO - Training LGBMRanker on 11497 events...
2025-10-29 18:04:09,412 - src.modeling.rankers.lgbm_ranker - INFO - Computed position frequencies: 39 positions
2025-10-29 18:05:22,595 - src.modeling.rankers.lgbm_ranker - INFO - Transformed to ranking format: 448383 samples (11497 groups of 39 positions each)
2025-10-29 18:05:22,595 - src.modeling.rankers.lgbm_ranker - INFO - Training LightGBM model...
/usr/local/lib/python3.10/dist-packages/lightgbm/sklearn.py:861: UserWarning: Found 'ndcg_eval_at' in params. Will use it instead of 'eval_at' argument
  _log_warning(f"Found '{alias}' in params. Will use it instead of 'eval_at' argument")
2025-10-29 18:05:23,851 - src.modeling.rankers.lgbm_ranker - INFO - Top-5 most important features:
2025-10-29 18:05:23,851 - src.modeling.rankers.lgbm_ranker - INFO -   aggregate_0: 334.00
2025-10-29 18:05:23,851 - src.modeling.rankers.lgbm_ranker - INFO -   position_frequency: 253.00
2025-10-29 18:05:23,851 - src.modeling.rankers.lgbm_ranker - INFO -   position_id: 179.00
2025-10-29 18:05:23,851 - src.modeling.rankers.lgbm_ranker - INFO -   aggregate_1: 114.00
2025-10-29 18:05:23,851 - src.modeling.rankers.lgbm_ranker - INFO -   tunneling: 104.00
2025-10-29 18:05:23,851 - src.modeling.rankers.lgbm_ranker - INFO - ✓ Training completed in 75.08 seconds
2025-10-29 18:05:23,851 - src.modeling.rankers.lgbm_ranker - INFO - ✓ LGBMRanker training successful
2025-10-29 18:05:23,863 - src.modeling.rankers.lgbm_ranker - INFO - Predicting top-20 for 1 test events...
/usr/local/lib/python3.10/dist-packages/lightgbm/sklearn.py:861: UserWarning: Found 'ndcg_eval_at' in params. Will use it instead of 'eval_at' argument
  _log_warning(f"Found '{alias}' in params. Will use it instead of 'eval_at' argument")
2025-10-29 18:05:23,872 - src.modeling.rankers.lgbm_ranker - INFO - ✓ Predictions generated for 1 events
2025-10-29 18:05:26,019 - src.modeling.rankers.lgbm_ranker - INFO - Transformed to ranking format: 448383 samples (11497 groups of 39 positions each)
2025-10-29 18:05:26,019 - src.modeling.rankers.lgbm_ranker - INFO - Training LightGBM model...
/usr/local/lib/python3.10/dist-packages/lightgbm/sklearn.py:861: UserWarning: Found 'ndcg_eval_at' in params. Will use it instead of 'eval_at' argument
  _log_warning(f"Found '{alias}' in params. Will use it instead of 'eval_at' argument")
2025-10-29 18:05:27,264 - src.modeling.rankers.lgbm_ranker - INFO - Transformed to ranking format: 448383 samples (11497 groups of 39 positions each)
2025-10-29 18:05:27,264 - src.modeling.rankers.lgbm_ranker - INFO - Training LightGBM model...
/usr/local/lib/python3.10/dist-packages/lightgbm/sklearn.py:861: UserWarning: Found 'ndcg_eval_at' in params. Will use it instead of 'eval_at' argument
  _log_warning(f"Found '{alias}' in params. Will use it instead of 'eval_at' argument")
2025-10-29 18:05:27,655 - src.modeling.rankers.lgbm_ranker - INFO - Top-5 most important features:
2025-10-29 18:05:27,655 - src.modeling.rankers.lgbm_ranker - INFO -   position_id: 373.00
2025-10-29 18:05:27,655 - src.modeling.rankers.lgbm_ranker - INFO -   tunneling: 293.00
2025-10-29 18:05:27,655 - src.modeling.rankers.lgbm_ranker - INFO -   min_distance: 257.00
2025-10-29 18:05:27,655 - src.modeling.rankers.lgbm_ranker - INFO -   position_frequency: 227.00
2025-10-29 18:05:27,655 - src.modeling.rankers.lgbm_ranker - INFO -   density_window_0: 204.00
2025-10-29 18:05:27,655 - src.modeling.rankers.lgbm_ranker - INFO - ✓ Training completed in 78.39 seconds
2025-10-29 18:05:27,655 - src.modeling.rankers.lgbm_ranker - INFO - ✓ LGBMRanker training successful
2025-10-29 18:05:27,685 - src.modeling.rankers.lgbm_ranker - INFO - Predicting top-20 for 1 test events...
/usr/local/lib/python3.10/dist-packages/lightgbm/sklearn.py:861: UserWarning: Found 'ndcg_eval_at' in params. Will use it instead of 'eval_at' argument
  _log_warning(f"Found '{alias}' in params. Will use it instead of 'eval_at' argument")
2025-10-29 18:05:27,694 - src.modeling.rankers.lgbm_ranker - INFO - ✓ Predictions generated for 1 events
2025-10-29 18:05:28,341 - src.modeling.rankers.lgbm_ranker - INFO - Top-5 most important features:
2025-10-29 18:05:28,341 - src.modeling.rankers.lgbm_ranker - INFO -   position_frequency: 349.00
2025-10-29 18:05:28,341 - src.modeling.rankers.lgbm_ranker - INFO -   tunneling: 236.00
2025-10-29 18:05:28,341 - src.modeling.rankers.lgbm_ranker - INFO -   min_distance: 235.00
2025-10-29 18:05:28,341 - src.modeling.rankers.lgbm_ranker - INFO -   position_id: 207.00
2025-10-29 18:05:28,341 - src.modeling.rankers.lgbm_ranker - INFO -   density_window_0: 96.00
2025-10-29 18:05:28,341 - src.modeling.rankers.lgbm_ranker - INFO - ✓ Training completed in 79.98 seconds
2025-10-29 18:05:28,341 - src.modeling.rankers.lgbm_ranker - INFO - ✓ LGBMRanker training successful
2025-10-29 18:05:28,345 - src.modeling.rankers.lgbm_ranker - INFO - Predicting top-20 for 1 test events...
/usr/local/lib/python3.10/dist-packages/lightgbm/sklearn.py:861: UserWarning: Found 'ndcg_eval_at' in params. Will use it instead of 'eval_at' argument
  _log_warning(f"Found '{alias}' in params. Will use it instead of 'eval_at' argument")
2025-10-29 18:05:28,353 - src.modeling.rankers.lgbm_ranker - INFO - ✓ Predictions generated for 1 events
2025-10-29 18:05:28,678 - src.modeling.rankers.lgbm_ranker - INFO - Transformed to ranking format: 448383 samples (11497 groups of 39 positions each)
2025-10-29 18:05:28,678 - src.modeling.rankers.lgbm_ranker - INFO - Training LightGBM model...
/usr/local/lib/python3.10/dist-packages/lightgbm/sklearn.py:861: UserWarning: Found 'ndcg_eval_at' in params. Will use it instead of 'eval_at' argument
  _log_warning(f"Found '{alias}' in params. Will use it instead of 'eval_at' argument")
2025-10-29 18:05:31,605 - src.modeling.rankers.lgbm_ranker - INFO - Top-5 most important features:
2025-10-29 18:05:31,605 - src.modeling.rankers.lgbm_ranker - INFO -   tunneling: 424.00
2025-10-29 18:05:31,605 - src.modeling.rankers.lgbm_ranker - INFO -   position_id: 243.00
2025-10-29 18:05:31,605 - src.modeling.rankers.lgbm_ranker - INFO -   min_distance: 238.00
2025-10-29 18:05:31,605 - src.modeling.rankers.lgbm_ranker - INFO -   density_window_0: 206.00
2025-10-29 18:05:31,605 - src.modeling.rankers.lgbm_ranker - INFO -   dft_45: 173.00
2025-10-29 18:05:31,605 - src.modeling.rankers.lgbm_ranker - INFO - ✓ Training completed in 82.57 seconds
2025-10-29 18:05:31,605 - src.modeling.rankers.lgbm_ranker - INFO - ✓ LGBMRanker training successful
2025-10-29 18:05:31,680 - src.modeling.rankers.lgbm_ranker - INFO - Predicting top-20 for 1 test events...
/usr/local/lib/python3.10/dist-packages/lightgbm/sklearn.py:861: UserWarning: Found 'ndcg_eval_at' in params. Will use it instead of 'eval_at' argument
  _log_warning(f"Found '{alias}' in params. Will use it instead of 'eval_at' argument")
2025-10-29 18:05:31,689 - src.modeling.rankers.lgbm_ranker - INFO - ✓ Predictions generated for 1 events

  Event Duration: 96.7s
  Parallel Exec:  96.7s
  Model Training Times:
    amplitude: train=80.0s, total=93.3s
    angle_encoding: train=75.1s, total=88.8s
    graph_cycle: train=82.6s, total=96.6s
    density_matrix: train=78.4s, total=92.6s
  Memory Peak: 1.27 GB
  Recalls: amplitude: 100%, angle_encoding: 100%, graph_cycle: 100%, density_matrix: 100%, ensemble: 100%
  [CHECKPOINT] Saved

================================================================================
Event 11499 (10/100)
================================================================================
2025-10-29 18:05:31,844 - src.imputation.base_imputer - INFO - Fitting amplitude_embedding imputer on 11498 samples
2025-10-29 18:05:31,844 - src.imputation.base_imputer - INFO - Fitting density_matrix_optimized imputer on 11498 samples
2025-10-29 18:05:31,844 - src.imputation.base_imputer - INFO - Fitting graph_cycle_encoding imputer on 11498 samples
2025-10-29 18:05:31,845 - src.imputation.base_imputer - INFO - Fitting angle_encoding imputer on 11498 samples
2025-10-29 18:05:31,848 - src.imputation.amplitude_embedding - INFO - Learned position frequencies from 11498 samples. Normalization mode: uniform
2025-10-29 18:05:31,848 - src.imputation.base_imputer - INFO - amplitude_embedding imputer fitted successfully
2025-10-29 18:05:31,848 - src.imputation.base_imputer - INFO - Transforming 11498 samples with amplitude_embedding imputer
2025-10-29 18:05:31,849 - src.imputation.angle_encoding - INFO - Angle encoding uses fixed angular mapping (no learning from 11498 training samples)
2025-10-29 18:05:31,849 - src.imputation.graph_cycle_encoding - INFO - Graph/Cycle encoding uses fixed DFT basis and geometric distances (no learning from 11498 training samples)
2025-10-29 18:05:31,849 - src.imputation.density_matrix - INFO - Density matrix uses fixed quantum mechanical construction (no learning from 11498 training samples)
2025-10-29 18:05:31,849 - src.imputation.base_imputer - INFO - angle_encoding imputer fitted successfully
2025-10-29 18:05:31,849 - src.imputation.base_imputer - INFO - graph_cycle_encoding imputer fitted successfully
2025-10-29 18:05:31,849 - src.imputation.base_imputer - INFO - density_matrix_optimized imputer fitted successfully
2025-10-29 18:05:31,849 - src.imputation.base_imputer - INFO - Transforming 11498 samples with angle_encoding imputer
2025-10-29 18:05:31,849 - src.imputation.base_imputer - INFO - Transforming 11498 samples with graph_cycle_encoding imputer
2025-10-29 18:05:31,849 - src.imputation.base_imputer - INFO - Transforming 11498 samples with density_matrix_optimized imputer
2025-10-29 18:05:39,661 - src.imputation.base_imputer - INFO - Transformation complete: output shape (11498, 322)
2025-10-29 18:05:39,661 - src.imputation.base_imputer - INFO - Transforming 1 samples with angle_encoding imputer
2025-10-29 18:05:39,663 - src.imputation.base_imputer - INFO - Transformation complete: output shape (1, 322)
2025-10-29 18:05:39,841 - src.imputation.base_imputer - INFO - Transformation complete: output shape (11498, 259)
2025-10-29 18:05:39,841 - src.imputation.base_imputer - INFO - Transforming 1 samples with density_matrix_optimized imputer
2025-10-29 18:05:39,843 - src.imputation.base_imputer - INFO - Transformation complete: output shape (1, 259)
2025-10-29 18:05:39,864 - src.imputation.base_imputer - INFO - Transformation complete: output shape (11498, 377)
2025-10-29 18:05:39,864 - src.imputation.base_imputer - INFO - Transforming 1 samples with amplitude_embedding imputer
2025-10-29 18:05:39,866 - src.imputation.base_imputer - INFO - Transformation complete: output shape (1, 377)
2025-10-29 18:05:40,191 - src.imputation.base_imputer - INFO - Transformation complete: output shape (11498, 277)
2025-10-29 18:05:40,191 - src.imputation.base_imputer - INFO - Transforming 1 samples with graph_cycle_encoding imputer
2025-10-29 18:05:40,193 - src.imputation.base_imputer - INFO - Transformation complete: output shape (1, 277)
2025-10-29 18:05:45,371 - src.modeling.rankers.lgbm_ranker - INFO - Training LGBMRanker on 11498 events...
2025-10-29 18:05:45,408 - src.modeling.rankers.lgbm_ranker - INFO - Training LGBMRanker on 11498 events...
2025-10-29 18:05:45,511 - src.modeling.rankers.lgbm_ranker - INFO - Computed position frequencies: 39 positions
2025-10-29 18:05:45,552 - src.modeling.rankers.lgbm_ranker - INFO - Computed position frequencies: 39 positions
2025-10-29 18:05:45,636 - src.modeling.rankers.lgbm_ranker - INFO - Training LGBMRanker on 11498 events...
2025-10-29 18:05:45,786 - src.modeling.rankers.lgbm_ranker - INFO - Computed position frequencies: 39 positions
2025-10-29 18:05:45,796 - src.modeling.rankers.lgbm_ranker - INFO - Training LGBMRanker on 11498 events...
2025-10-29 18:05:45,937 - src.modeling.rankers.lgbm_ranker - INFO - Computed position frequencies: 39 positions
2025-10-29 18:06:58,811 - src.modeling.rankers.lgbm_ranker - INFO - Transformed to ranking format: 448422 samples (11498 groups of 39 positions each)
2025-10-29 18:06:58,811 - src.modeling.rankers.lgbm_ranker - INFO - Training LightGBM model...
/usr/local/lib/python3.10/dist-packages/lightgbm/sklearn.py:861: UserWarning: Found 'ndcg_eval_at' in params. Will use it instead of 'eval_at' argument
  _log_warning(f"Found '{alias}' in params. Will use it instead of 'eval_at' argument")
2025-10-29 18:06:59,315 - src.modeling.rankers.lgbm_ranker - INFO - Transformed to ranking format: 448422 samples (11498 groups of 39 positions each)
2025-10-29 18:06:59,315 - src.modeling.rankers.lgbm_ranker - INFO - Training LightGBM model...
/usr/local/lib/python3.10/dist-packages/lightgbm/sklearn.py:861: UserWarning: Found 'ndcg_eval_at' in params. Will use it instead of 'eval_at' argument
  _log_warning(f"Found '{alias}' in params. Will use it instead of 'eval_at' argument")
2025-10-29 18:07:00,454 - src.modeling.rankers.lgbm_ranker - INFO - Top-5 most important features:
2025-10-29 18:07:00,455 - src.modeling.rankers.lgbm_ranker - INFO -   aggregate_0: 353.00
2025-10-29 18:07:00,455 - src.modeling.rankers.lgbm_ranker - INFO -   position_frequency: 223.00
2025-10-29 18:07:00,455 - src.modeling.rankers.lgbm_ranker - INFO -   position_id: 207.00
2025-10-29 18:07:00,455 - src.modeling.rankers.lgbm_ranker - INFO -   aggregate_1: 99.00
2025-10-29 18:07:00,455 - src.modeling.rankers.lgbm_ranker - INFO -   aggregate_5: 89.00
2025-10-29 18:07:00,455 - src.modeling.rankers.lgbm_ranker - INFO - ✓ Training completed in 75.05 seconds
2025-10-29 18:07:00,455 - src.modeling.rankers.lgbm_ranker - INFO - ✓ LGBMRanker training successful
2025-10-29 18:07:00,466 - src.modeling.rankers.lgbm_ranker - INFO - Predicting top-20 for 1 test events...
/usr/local/lib/python3.10/dist-packages/lightgbm/sklearn.py:861: UserWarning: Found 'ndcg_eval_at' in params. Will use it instead of 'eval_at' argument
  _log_warning(f"Found '{alias}' in params. Will use it instead of 'eval_at' argument")
2025-10-29 18:07:00,474 - src.modeling.rankers.lgbm_ranker - INFO - ✓ Predictions generated for 1 events
2025-10-29 18:07:00,479 - src.modeling.rankers.lgbm_ranker - INFO - Top-5 most important features:
2025-10-29 18:07:00,479 - src.modeling.rankers.lgbm_ranker - INFO -   position_id: 435.00
2025-10-29 18:07:00,479 - src.modeling.rankers.lgbm_ranker - INFO -   tunneling: 319.00
2025-10-29 18:07:00,479 - src.modeling.rankers.lgbm_ranker - INFO -   position_frequency: 274.00
2025-10-29 18:07:00,479 - src.modeling.rankers.lgbm_ranker - INFO -   min_distance: 232.00
2025-10-29 18:07:00,479 - src.modeling.rankers.lgbm_ranker - INFO -   density_window_0: 214.00
2025-10-29 18:07:00,479 - src.modeling.rankers.lgbm_ranker - INFO - ✓ Training completed in 75.11 seconds
2025-10-29 18:07:00,479 - src.modeling.rankers.lgbm_ranker - INFO - ✓ LGBMRanker training successful
2025-10-29 18:07:00,494 - src.modeling.rankers.lgbm_ranker - INFO - Predicting top-20 for 1 test events...
/usr/local/lib/python3.10/dist-packages/lightgbm/sklearn.py:861: UserWarning: Found 'ndcg_eval_at' in params. Will use it instead of 'eval_at' argument
  _log_warning(f"Found '{alias}' in params. Will use it instead of 'eval_at' argument")
2025-10-29 18:07:00,503 - src.modeling.rankers.lgbm_ranker - INFO - ✓ Predictions generated for 1 events
2025-10-29 18:07:04,887 - src.modeling.rankers.lgbm_ranker - INFO - Transformed to ranking format: 448422 samples (11498 groups of 39 positions each)
2025-10-29 18:07:04,887 - src.modeling.rankers.lgbm_ranker - INFO - Training LightGBM model...
/usr/local/lib/python3.10/dist-packages/lightgbm/sklearn.py:861: UserWarning: Found 'ndcg_eval_at' in params. Will use it instead of 'eval_at' argument
  _log_warning(f"Found '{alias}' in params. Will use it instead of 'eval_at' argument")
2025-10-29 18:07:07,076 - src.modeling.rankers.lgbm_ranker - INFO - Transformed to ranking format: 448422 samples (11498 groups of 39 positions each)
2025-10-29 18:07:07,076 - src.modeling.rankers.lgbm_ranker - INFO - Training LightGBM model...
/usr/local/lib/python3.10/dist-packages/lightgbm/sklearn.py:861: UserWarning: Found 'ndcg_eval_at' in params. Will use it instead of 'eval_at' argument
  _log_warning(f"Found '{alias}' in params. Will use it instead of 'eval_at' argument")
2025-10-29 18:07:07,986 - src.modeling.rankers.lgbm_ranker - INFO - Top-5 most important features:
2025-10-29 18:07:07,986 - src.modeling.rankers.lgbm_ranker - INFO -   tunneling: 417.00
2025-10-29 18:07:07,986 - src.modeling.rankers.lgbm_ranker - INFO -   min_distance: 263.00
2025-10-29 18:07:07,986 - src.modeling.rankers.lgbm_ranker - INFO -   position_id: 244.00
2025-10-29 18:07:07,986 - src.modeling.rankers.lgbm_ranker - INFO -   density_window_0: 178.00
2025-10-29 18:07:07,986 - src.modeling.rankers.lgbm_ranker - INFO -   dft_45: 171.00
2025-10-29 18:07:07,986 - src.modeling.rankers.lgbm_ranker - INFO - ✓ Training completed in 82.19 seconds
2025-10-29 18:07:07,986 - src.modeling.rankers.lgbm_ranker - INFO - ✓ LGBMRanker training successful
2025-10-29 18:07:08,053 - src.modeling.rankers.lgbm_ranker - INFO - Predicting top-20 for 1 test events...
/usr/local/lib/python3.10/dist-packages/lightgbm/sklearn.py:861: UserWarning: Found 'ndcg_eval_at' in params. Will use it instead of 'eval_at' argument
  _log_warning(f"Found '{alias}' in params. Will use it instead of 'eval_at' argument")
2025-10-29 18:07:08,062 - src.modeling.rankers.lgbm_ranker - INFO - ✓ Predictions generated for 1 events
2025-10-29 18:07:08,123 - src.modeling.rankers.lgbm_ranker - INFO - Top-5 most important features:
2025-10-29 18:07:08,123 - src.modeling.rankers.lgbm_ranker - INFO -   position_frequency: 356.00
2025-10-29 18:07:08,123 - src.modeling.rankers.lgbm_ranker - INFO -   position_id: 238.00
2025-10-29 18:07:08,123 - src.modeling.rankers.lgbm_ranker - INFO -   tunneling: 202.00
2025-10-29 18:07:08,123 - src.modeling.rankers.lgbm_ranker - INFO -   min_distance: 199.00
2025-10-29 18:07:08,123 - src.modeling.rankers.lgbm_ranker - INFO -   density_window_0: 119.00
2025-10-29 18:07:08,123 - src.modeling.rankers.lgbm_ranker - INFO - ✓ Training completed in 82.49 seconds
2025-10-29 18:07:08,123 - src.modeling.rankers.lgbm_ranker - INFO - ✓ LGBMRanker training successful
2025-10-29 18:07:08,127 - src.modeling.rankers.lgbm_ranker - INFO - Predicting top-20 for 1 test events...
/usr/local/lib/python3.10/dist-packages/lightgbm/sklearn.py:861: UserWarning: Found 'ndcg_eval_at' in params. Will use it instead of 'eval_at' argument
  _log_warning(f"Found '{alias}' in params. Will use it instead of 'eval_at' argument")
2025-10-29 18:07:08,136 - src.modeling.rankers.lgbm_ranker - INFO - ✓ Predictions generated for 1 events

  Event Duration: 96.5s
  Parallel Exec:  96.5s
  Model Training Times:
    amplitude: train=82.5s, total=96.3s
    angle_encoding: train=75.1s, total=88.7s
    graph_cycle: train=82.3s, total=96.2s
    density_matrix: train=75.1s, total=88.7s
  Memory Peak: 1.44 GB
  Recalls: amplitude: 100%, angle_encoding: 100%, graph_cycle: 100%, density_matrix: 100%, ensemble: 100%
  [CHECKPOINT] Saved

================================================================================
Event 11500 (11/100)
================================================================================
2025-10-29 18:07:08,306 - src.imputation.base_imputer - INFO - Fitting graph_cycle_encoding imputer on 11499 samples
2025-10-29 18:07:08,306 - src.imputation.base_imputer - INFO - Fitting density_matrix_optimized imputer on 11499 samples
2025-10-29 18:07:08,306 - src.imputation.base_imputer - INFO - Fitting amplitude_embedding imputer on 11499 samples
2025-10-29 18:07:08,306 - src.imputation.base_imputer - INFO - Fitting angle_encoding imputer on 11499 samples
2025-10-29 18:07:08,310 - src.imputation.graph_cycle_encoding - INFO - Graph/Cycle encoding uses fixed DFT basis and geometric distances (no learning from 11499 training samples)
2025-10-29 18:07:08,310 - src.imputation.base_imputer - INFO - graph_cycle_encoding imputer fitted successfully
2025-10-29 18:07:08,310 - src.imputation.base_imputer - INFO - Transforming 11499 samples with graph_cycle_encoding imputer
2025-10-29 18:07:08,310 - src.imputation.density_matrix - INFO - Density matrix uses fixed quantum mechanical construction (no learning from 11499 training samples)
2025-10-29 18:07:08,310 - src.imputation.base_imputer - INFO - density_matrix_optimized imputer fitted successfully
2025-10-29 18:07:08,310 - src.imputation.base_imputer - INFO - Transforming 11499 samples with density_matrix_optimized imputer
2025-10-29 18:07:08,310 - src.imputation.angle_encoding - INFO - Angle encoding uses fixed angular mapping (no learning from 11499 training samples)
2025-10-29 18:07:08,310 - src.imputation.base_imputer - INFO - angle_encoding imputer fitted successfully
2025-10-29 18:07:08,310 - src.imputation.base_imputer - INFO - Transforming 11499 samples with angle_encoding imputer
2025-10-29 18:07:08,310 - src.imputation.amplitude_embedding - INFO - Learned position frequencies from 11499 samples. Normalization mode: uniform
2025-10-29 18:07:08,310 - src.imputation.base_imputer - INFO - amplitude_embedding imputer fitted successfully
2025-10-29 18:07:08,310 - src.imputation.base_imputer - INFO - Transforming 11499 samples with amplitude_embedding imputer
2025-10-29 18:07:16,178 - src.imputation.base_imputer - INFO - Transformation complete: output shape (11499, 322)
2025-10-29 18:07:16,178 - src.imputation.base_imputer - INFO - Transforming 1 samples with angle_encoding imputer
2025-10-29 18:07:16,180 - src.imputation.base_imputer - INFO - Transformation complete: output shape (1, 322)
2025-10-29 18:07:16,312 - src.imputation.base_imputer - INFO - Transformation complete: output shape (11499, 377)
2025-10-29 18:07:16,312 - src.imputation.base_imputer - INFO - Transforming 1 samples with amplitude_embedding imputer
2025-10-29 18:07:16,314 - src.imputation.base_imputer - INFO - Transformation complete: output shape (1, 377)
2025-10-29 18:07:16,444 - src.imputation.base_imputer - INFO - Transformation complete: output shape (11499, 259)
2025-10-29 18:07:16,444 - src.imputation.base_imputer - INFO - Transforming 1 samples with density_matrix_optimized imputer
2025-10-29 18:07:16,446 - src.imputation.base_imputer - INFO - Transformation complete: output shape (1, 259)
2025-10-29 18:07:16,677 - src.imputation.base_imputer - INFO - Transformation complete: output shape (11499, 277)
2025-10-29 18:07:16,677 - src.imputation.base_imputer - INFO - Transforming 1 samples with graph_cycle_encoding imputer
2025-10-29 18:07:16,679 - src.imputation.base_imputer - INFO - Transformation complete: output shape (1, 277)
2025-10-29 18:07:21,937 - src.modeling.rankers.lgbm_ranker - INFO - Training LGBMRanker on 11499 events...
2025-10-29 18:07:22,037 - src.modeling.rankers.lgbm_ranker - INFO - Training LGBMRanker on 11499 events...
2025-10-29 18:07:22,060 - src.modeling.rankers.lgbm_ranker - INFO - Training LGBMRanker on 11499 events...
2025-10-29 18:07:22,084 - src.modeling.rankers.lgbm_ranker - INFO - Computed position frequencies: 39 positions
2025-10-29 18:07:22,178 - src.modeling.rankers.lgbm_ranker - INFO - Computed position frequencies: 39 positions
2025-10-29 18:07:22,205 - src.modeling.rankers.lgbm_ranker - INFO - Computed position frequencies: 39 positions
2025-10-29 18:07:22,238 - src.modeling.rankers.lgbm_ranker - INFO - Training LGBMRanker on 11499 events...
2025-10-29 18:07:22,378 - src.modeling.rankers.lgbm_ranker - INFO - Computed position frequencies: 39 positions
2025-10-29 18:08:35,777 - src.modeling.rankers.lgbm_ranker - INFO - Transformed to ranking format: 448461 samples (11499 groups of 39 positions each)
2025-10-29 18:08:35,777 - src.modeling.rankers.lgbm_ranker - INFO - Training LightGBM model...
/usr/local/lib/python3.10/dist-packages/lightgbm/sklearn.py:861: UserWarning: Found 'ndcg_eval_at' in params. Will use it instead of 'eval_at' argument
  _log_warning(f"Found '{alias}' in params. Will use it instead of 'eval_at' argument")
2025-10-29 18:08:36,785 - src.modeling.rankers.lgbm_ranker - INFO - Transformed to ranking format: 448461 samples (11499 groups of 39 positions each)
2025-10-29 18:08:36,786 - src.modeling.rankers.lgbm_ranker - INFO - Training LightGBM model...
/usr/local/lib/python3.10/dist-packages/lightgbm/sklearn.py:861: UserWarning: Found 'ndcg_eval_at' in params. Will use it instead of 'eval_at' argument
  _log_warning(f"Found '{alias}' in params. Will use it instead of 'eval_at' argument")
2025-10-29 18:08:37,455 - src.modeling.rankers.lgbm_ranker - INFO - Top-5 most important features:
2025-10-29 18:08:37,456 - src.modeling.rankers.lgbm_ranker - INFO -   position_id: 431.00
2025-10-29 18:08:37,456 - src.modeling.rankers.lgbm_ranker - INFO -   position_frequency: 323.00
2025-10-29 18:08:37,456 - src.modeling.rankers.lgbm_ranker - INFO -   tunneling: 281.00
2025-10-29 18:08:37,456 - src.modeling.rankers.lgbm_ranker - INFO -   min_distance: 214.00
2025-10-29 18:08:37,456 - src.modeling.rankers.lgbm_ranker - INFO -   density_window_0: 186.00
2025-10-29 18:08:37,456 - src.modeling.rankers.lgbm_ranker - INFO - ✓ Training completed in 75.42 seconds
2025-10-29 18:08:37,456 - src.modeling.rankers.lgbm_ranker - INFO - ✓ LGBMRanker training successful
2025-10-29 18:08:37,475 - src.modeling.rankers.lgbm_ranker - INFO - Predicting top-20 for 1 test events...
/usr/local/lib/python3.10/dist-packages/lightgbm/sklearn.py:861: UserWarning: Found 'ndcg_eval_at' in params. Will use it instead of 'eval_at' argument
  _log_warning(f"Found '{alias}' in params. Will use it instead of 'eval_at' argument")
2025-10-29 18:08:37,484 - src.modeling.rankers.lgbm_ranker - INFO - ✓ Predictions generated for 1 events
2025-10-29 18:08:37,917 - src.modeling.rankers.lgbm_ranker - INFO - Top-5 most important features:
2025-10-29 18:08:37,917 - src.modeling.rankers.lgbm_ranker - INFO -   aggregate_0: 350.00
2025-10-29 18:08:37,917 - src.modeling.rankers.lgbm_ranker - INFO -   position_frequency: 316.00
2025-10-29 18:08:37,917 - src.modeling.rankers.lgbm_ranker - INFO -   position_id: 204.00
2025-10-29 18:08:37,917 - src.modeling.rankers.lgbm_ranker - INFO -   tunneling: 82.00
2025-10-29 18:08:37,917 - src.modeling.rankers.lgbm_ranker - INFO -   angle: 81.00
2025-10-29 18:08:37,917 - src.modeling.rankers.lgbm_ranker - INFO - ✓ Training completed in 75.98 seconds
2025-10-29 18:08:37,917 - src.modeling.rankers.lgbm_ranker - INFO - ✓ LGBMRanker training successful
2025-10-29 18:08:37,927 - src.modeling.rankers.lgbm_ranker - INFO - Predicting top-20 for 1 test events...
/usr/local/lib/python3.10/dist-packages/lightgbm/sklearn.py:861: UserWarning: Found 'ndcg_eval_at' in params. Will use it instead of 'eval_at' argument
  _log_warning(f"Found '{alias}' in params. Will use it instead of 'eval_at' argument")
2025-10-29 18:08:37,935 - src.modeling.rankers.lgbm_ranker - INFO - ✓ Predictions generated for 1 events
2025-10-29 18:08:41,378 - src.modeling.rankers.lgbm_ranker - INFO - Transformed to ranking format: 448461 samples (11499 groups of 39 positions each)
2025-10-29 18:08:41,378 - src.modeling.rankers.lgbm_ranker - INFO - Training LightGBM model...
/usr/local/lib/python3.10/dist-packages/lightgbm/sklearn.py:861: UserWarning: Found 'ndcg_eval_at' in params. Will use it instead of 'eval_at' argument
  _log_warning(f"Found '{alias}' in params. Will use it instead of 'eval_at' argument")
2025-10-29 18:08:44,398 - src.modeling.rankers.lgbm_ranker - INFO - Top-5 most important features:
2025-10-29 18:08:44,398 - src.modeling.rankers.lgbm_ranker - INFO -   tunneling: 401.00
2025-10-29 18:08:44,399 - src.modeling.rankers.lgbm_ranker - INFO -   position_id: 241.00
2025-10-29 18:08:44,399 - src.modeling.rankers.lgbm_ranker - INFO -   min_distance: 222.00
2025-10-29 18:08:44,399 - src.modeling.rankers.lgbm_ranker - INFO -   dft_45: 184.00
2025-10-29 18:08:44,399 - src.modeling.rankers.lgbm_ranker - INFO -   density_window_0: 175.00
2025-10-29 18:08:44,399 - src.modeling.rankers.lgbm_ranker - INFO - ✓ Training completed in 82.16 seconds
2025-10-29 18:08:44,399 - src.modeling.rankers.lgbm_ranker - INFO - ✓ LGBMRanker training successful
2025-10-29 18:08:44,445 - src.modeling.rankers.lgbm_ranker - INFO - Predicting top-20 for 1 test events...
/usr/local/lib/python3.10/dist-packages/lightgbm/sklearn.py:861: UserWarning: Found 'ndcg_eval_at' in params. Will use it instead of 'eval_at' argument
  _log_warning(f"Found '{alias}' in params. Will use it instead of 'eval_at' argument")
2025-10-29 18:08:44,453 - src.modeling.rankers.lgbm_ranker - INFO - ✓ Predictions generated for 1 events
2025-10-29 18:08:44,513 - src.modeling.rankers.lgbm_ranker - INFO - Transformed to ranking format: 448461 samples (11499 groups of 39 positions each)
2025-10-29 18:08:44,513 - src.modeling.rankers.lgbm_ranker - INFO - Training LightGBM model...
/usr/local/lib/python3.10/dist-packages/lightgbm/sklearn.py:861: UserWarning: Found 'ndcg_eval_at' in params. Will use it instead of 'eval_at' argument
  _log_warning(f"Found '{alias}' in params. Will use it instead of 'eval_at' argument")
2025-10-29 18:08:45,563 - src.modeling.rankers.lgbm_ranker - INFO - Top-5 most important features:
2025-10-29 18:08:45,563 - src.modeling.rankers.lgbm_ranker - INFO -   position_frequency: 302.00
2025-10-29 18:08:45,563 - src.modeling.rankers.lgbm_ranker - INFO -   min_distance: 227.00
2025-10-29 18:08:45,563 - src.modeling.rankers.lgbm_ranker - INFO -   position_id: 224.00
2025-10-29 18:08:45,563 - src.modeling.rankers.lgbm_ranker - INFO -   tunneling: 214.00
2025-10-29 18:08:45,563 - src.modeling.rankers.lgbm_ranker - INFO -   density_window_0: 173.00
2025-10-29 18:08:45,563 - src.modeling.rankers.lgbm_ranker - INFO - ✓ Training completed in 83.50 seconds
2025-10-29 18:08:45,563 - src.modeling.rankers.lgbm_ranker - INFO - ✓ LGBMRanker training successful
2025-10-29 18:08:45,567 - src.modeling.rankers.lgbm_ranker - INFO - Predicting top-20 for 1 test events...
/usr/local/lib/python3.10/dist-packages/lightgbm/sklearn.py:861: UserWarning: Found 'ndcg_eval_at' in params. Will use it instead of 'eval_at' argument
  _log_warning(f"Found '{alias}' in params. Will use it instead of 'eval_at' argument")
2025-10-29 18:08:45,576 - src.modeling.rankers.lgbm_ranker - INFO - ✓ Predictions generated for 1 events

  Event Duration: 97.4s
  Parallel Exec:  97.4s
  Model Training Times:
    amplitude: train=83.5s, total=97.3s
    angle_encoding: train=76.0s, total=89.6s
    graph_cycle: train=82.2s, total=96.2s
    density_matrix: train=75.4s, total=89.2s
  Memory Peak: 1.58 GB
  Recalls: amplitude: 100%, angle_encoding: 100%, graph_cycle: 100%, density_matrix: 100%, ensemble: 100%
  [CHECKPOINT] Saved

================================================================================
Event 11501 (12/100)
================================================================================
2025-10-29 18:08:45,730 - src.imputation.base_imputer - INFO - Fitting amplitude_embedding imputer on 11500 samples
2025-10-29 18:08:45,730 - src.imputation.base_imputer - INFO - Fitting graph_cycle_encoding imputer on 11500 samples
2025-10-29 18:08:45,730 - src.imputation.base_imputer - INFO - Fitting angle_encoding imputer on 11500 samples
2025-10-29 18:08:45,730 - src.imputation.base_imputer - INFO - Fitting density_matrix_optimized imputer on 11500 samples
2025-10-29 18:08:45,734 - src.imputation.amplitude_embedding - INFO - Learned position frequencies from 11500 samples. Normalization mode: uniform
2025-10-29 18:08:45,734 - src.imputation.base_imputer - INFO - amplitude_embedding imputer fitted successfully
2025-10-29 18:08:45,734 - src.imputation.base_imputer - INFO - Transforming 11500 samples with amplitude_embedding imputer
2025-10-29 18:08:45,735 - src.imputation.angle_encoding - INFO - Angle encoding uses fixed angular mapping (no learning from 11500 training samples)
2025-10-29 18:08:45,735 - src.imputation.graph_cycle_encoding - INFO - Graph/Cycle encoding uses fixed DFT basis and geometric distances (no learning from 11500 training samples)
2025-10-29 18:08:45,735 - src.imputation.base_imputer - INFO - angle_encoding imputer fitted successfully
2025-10-29 18:08:45,735 - src.imputation.base_imputer - INFO - graph_cycle_encoding imputer fitted successfully
2025-10-29 18:08:45,735 - src.imputation.base_imputer - INFO - Transforming 11500 samples with angle_encoding imputer
2025-10-29 18:08:45,735 - src.imputation.base_imputer - INFO - Transforming 11500 samples with graph_cycle_encoding imputer
2025-10-29 18:08:45,735 - src.imputation.density_matrix - INFO - Density matrix uses fixed quantum mechanical construction (no learning from 11500 training samples)
2025-10-29 18:08:45,735 - src.imputation.base_imputer - INFO - density_matrix_optimized imputer fitted successfully
2025-10-29 18:08:45,735 - src.imputation.base_imputer - INFO - Transforming 11500 samples with density_matrix_optimized imputer
2025-10-29 18:08:53,670 - src.imputation.base_imputer - INFO - Transformation complete: output shape (11500, 322)
2025-10-29 18:08:53,670 - src.imputation.base_imputer - INFO - Transforming 1 samples with angle_encoding imputer
2025-10-29 18:08:53,672 - src.imputation.base_imputer - INFO - Transformation complete: output shape (1, 322)
2025-10-29 18:08:53,740 - src.imputation.base_imputer - INFO - Transformation complete: output shape (11500, 377)
2025-10-29 18:08:53,740 - src.imputation.base_imputer - INFO - Transforming 1 samples with amplitude_embedding imputer
2025-10-29 18:08:53,742 - src.imputation.base_imputer - INFO - Transformation complete: output shape (1, 377)
2025-10-29 18:08:53,868 - src.imputation.base_imputer - INFO - Transformation complete: output shape (11500, 259)
2025-10-29 18:08:53,868 - src.imputation.base_imputer - INFO - Transforming 1 samples with density_matrix_optimized imputer
2025-10-29 18:08:53,870 - src.imputation.base_imputer - INFO - Transformation complete: output shape (1, 259)
2025-10-29 18:08:54,207 - src.imputation.base_imputer - INFO - Transformation complete: output shape (11500, 277)
2025-10-29 18:08:54,207 - src.imputation.base_imputer - INFO - Transforming 1 samples with graph_cycle_encoding imputer
2025-10-29 18:08:54,209 - src.imputation.base_imputer - INFO - Transformation complete: output shape (1, 277)
2025-10-29 18:08:59,458 - src.modeling.rankers.lgbm_ranker - INFO - Training LGBMRanker on 11500 events...
2025-10-29 18:08:59,519 - src.modeling.rankers.lgbm_ranker - INFO - Training LGBMRanker on 11500 events...
2025-10-29 18:08:59,586 - src.modeling.rankers.lgbm_ranker - INFO - Training LGBMRanker on 11500 events...
2025-10-29 18:08:59,599 - src.modeling.rankers.lgbm_ranker - INFO - Computed position frequencies: 39 positions
2025-10-29 18:08:59,667 - src.modeling.rankers.lgbm_ranker - INFO - Computed position frequencies: 39 positions
2025-10-29 18:08:59,733 - src.modeling.rankers.lgbm_ranker - INFO - Computed position frequencies: 39 positions
2025-10-29 18:08:59,785 - src.modeling.rankers.lgbm_ranker - INFO - Training LGBMRanker on 11500 events...
2025-10-29 18:08:59,927 - src.modeling.rankers.lgbm_ranker - INFO - Computed position frequencies: 39 positions
2025-10-29 18:10:13,375 - src.modeling.rankers.lgbm_ranker - INFO - Transformed to ranking format: 448500 samples (11500 groups of 39 positions each)
2025-10-29 18:10:13,375 - src.modeling.rankers.lgbm_ranker - INFO - Training LightGBM model...
/usr/local/lib/python3.10/dist-packages/lightgbm/sklearn.py:861: UserWarning: Found 'ndcg_eval_at' in params. Will use it instead of 'eval_at' argument
  _log_warning(f"Found '{alias}' in params. Will use it instead of 'eval_at' argument")
2025-10-29 18:10:14,125 - src.modeling.rankers.lgbm_ranker - INFO - Transformed to ranking format: 448500 samples (11500 groups of 39 positions each)
2025-10-29 18:10:14,125 - src.modeling.rankers.lgbm_ranker - INFO - Training LightGBM model...
/usr/local/lib/python3.10/dist-packages/lightgbm/sklearn.py:861: UserWarning: Found 'ndcg_eval_at' in params. Will use it instead of 'eval_at' argument
  _log_warning(f"Found '{alias}' in params. Will use it instead of 'eval_at' argument")
2025-10-29 18:10:15,030 - src.modeling.rankers.lgbm_ranker - INFO - Top-5 most important features:
2025-10-29 18:10:15,030 - src.modeling.rankers.lgbm_ranker - INFO -   position_id: 417.00
2025-10-29 18:10:15,030 - src.modeling.rankers.lgbm_ranker - INFO -   tunneling: 291.00
2025-10-29 18:10:15,030 - src.modeling.rankers.lgbm_ranker - INFO -   position_frequency: 289.00
2025-10-29 18:10:15,030 - src.modeling.rankers.lgbm_ranker - INFO -   min_distance: 234.00
2025-10-29 18:10:15,030 - src.modeling.rankers.lgbm_ranker - INFO -   density_window_0: 183.00
2025-10-29 18:10:15,030 - src.modeling.rankers.lgbm_ranker - INFO - ✓ Training completed in 75.57 seconds
2025-10-29 18:10:15,030 - src.modeling.rankers.lgbm_ranker - INFO - ✓ LGBMRanker training successful
2025-10-29 18:10:15,051 - src.modeling.rankers.lgbm_ranker - INFO - Predicting top-20 for 1 test events...
/usr/local/lib/python3.10/dist-packages/lightgbm/sklearn.py:861: UserWarning: Found 'ndcg_eval_at' in params. Will use it instead of 'eval_at' argument
  _log_warning(f"Found '{alias}' in params. Will use it instead of 'eval_at' argument")
2025-10-29 18:10:15,059 - src.modeling.rankers.lgbm_ranker - INFO - ✓ Predictions generated for 1 events
2025-10-29 18:10:15,267 - src.modeling.rankers.lgbm_ranker - INFO - Top-5 most important features:
2025-10-29 18:10:15,267 - src.modeling.rankers.lgbm_ranker - INFO -   aggregate_0: 311.00
2025-10-29 18:10:15,267 - src.modeling.rankers.lgbm_ranker - INFO -   position_frequency: 252.00
2025-10-29 18:10:15,267 - src.modeling.rankers.lgbm_ranker - INFO -   position_id: 231.00
2025-10-29 18:10:15,267 - src.modeling.rankers.lgbm_ranker - INFO -   aggregate_1: 130.00
2025-10-29 18:10:15,267 - src.modeling.rankers.lgbm_ranker - INFO -   min_distance: 87.00
2025-10-29 18:10:15,267 - src.modeling.rankers.lgbm_ranker - INFO - ✓ Training completed in 75.68 seconds
2025-10-29 18:10:15,267 - src.modeling.rankers.lgbm_ranker - INFO - ✓ LGBMRanker training successful
2025-10-29 18:10:15,278 - src.modeling.rankers.lgbm_ranker - INFO - Predicting top-20 for 1 test events...
/usr/local/lib/python3.10/dist-packages/lightgbm/sklearn.py:861: UserWarning: Found 'ndcg_eval_at' in params. Will use it instead of 'eval_at' argument
  _log_warning(f"Found '{alias}' in params. Will use it instead of 'eval_at' argument")
2025-10-29 18:10:15,286 - src.modeling.rankers.lgbm_ranker - INFO - ✓ Predictions generated for 1 events
2025-10-29 18:10:19,430 - src.modeling.rankers.lgbm_ranker - INFO - Transformed to ranking format: 448500 samples (11500 groups of 39 positions each)
2025-10-29 18:10:19,430 - src.modeling.rankers.lgbm_ranker - INFO - Training LightGBM model...
/usr/local/lib/python3.10/dist-packages/lightgbm/sklearn.py:861: UserWarning: Found 'ndcg_eval_at' in params. Will use it instead of 'eval_at' argument
  _log_warning(f"Found '{alias}' in params. Will use it instead of 'eval_at' argument")
2025-10-29 18:10:21,982 - src.modeling.rankers.lgbm_ranker - INFO - Transformed to ranking format: 448500 samples (11500 groups of 39 positions each)
2025-10-29 18:10:21,983 - src.modeling.rankers.lgbm_ranker - INFO - Training LightGBM model...
/usr/local/lib/python3.10/dist-packages/lightgbm/sklearn.py:861: UserWarning: Found 'ndcg_eval_at' in params. Will use it instead of 'eval_at' argument
  _log_warning(f"Found '{alias}' in params. Will use it instead of 'eval_at' argument")
2025-10-29 18:10:22,499 - src.modeling.rankers.lgbm_ranker - INFO - Top-5 most important features:
2025-10-29 18:10:22,499 - src.modeling.rankers.lgbm_ranker - INFO -   tunneling: 387.00
2025-10-29 18:10:22,499 - src.modeling.rankers.lgbm_ranker - INFO -   position_id: 257.00
2025-10-29 18:10:22,499 - src.modeling.rankers.lgbm_ranker - INFO -   min_distance: 252.00
2025-10-29 18:10:22,499 - src.modeling.rankers.lgbm_ranker - INFO -   dft_45: 194.00
2025-10-29 18:10:22,499 - src.modeling.rankers.lgbm_ranker - INFO -   density_window_0: 188.00
2025-10-29 18:10:22,499 - src.modeling.rankers.lgbm_ranker - INFO - ✓ Training completed in 82.71 seconds
2025-10-29 18:10:22,499 - src.modeling.rankers.lgbm_ranker - INFO - ✓ LGBMRanker training successful
2025-10-29 18:10:22,549 - src.modeling.rankers.lgbm_ranker - INFO - Predicting top-20 for 1 test events...
/usr/local/lib/python3.10/dist-packages/lightgbm/sklearn.py:861: UserWarning: Found 'ndcg_eval_at' in params. Will use it instead of 'eval_at' argument
  _log_warning(f"Found '{alias}' in params. Will use it instead of 'eval_at' argument")
2025-10-29 18:10:22,558 - src.modeling.rankers.lgbm_ranker - INFO - ✓ Predictions generated for 1 events
2025-10-29 18:10:22,997 - src.modeling.rankers.lgbm_ranker - INFO - Top-5 most important features:
2025-10-29 18:10:22,998 - src.modeling.rankers.lgbm_ranker - INFO -   position_frequency: 323.00
2025-10-29 18:10:22,998 - src.modeling.rankers.lgbm_ranker - INFO -   tunneling: 222.00
2025-10-29 18:10:22,998 - src.modeling.rankers.lgbm_ranker - INFO -   position_id: 220.00
2025-10-29 18:10:22,998 - src.modeling.rankers.lgbm_ranker - INFO -   min_distance: 215.00
2025-10-29 18:10:22,998 - src.modeling.rankers.lgbm_ranker - INFO -   density_window_0: 145.00
2025-10-29 18:10:22,998 - src.modeling.rankers.lgbm_ranker - INFO - ✓ Training completed in 83.48 seconds
2025-10-29 18:10:22,998 - src.modeling.rankers.lgbm_ranker - INFO - ✓ LGBMRanker training successful
2025-10-29 18:10:23,002 - src.modeling.rankers.lgbm_ranker - INFO - Predicting top-20 for 1 test events...
/usr/local/lib/python3.10/dist-packages/lightgbm/sklearn.py:861: UserWarning: Found 'ndcg_eval_at' in params. Will use it instead of 'eval_at' argument
  _log_warning(f"Found '{alias}' in params. Will use it instead of 'eval_at' argument")
2025-10-29 18:10:23,011 - src.modeling.rankers.lgbm_ranker - INFO - ✓ Predictions generated for 1 events

  Event Duration: 97.5s
  Parallel Exec:  97.5s
  Model Training Times:
    amplitude: train=83.5s, total=97.3s
    angle_encoding: train=75.7s, total=89.6s
    graph_cycle: train=82.8s, total=96.8s
    density_matrix: train=75.6s, total=89.3s
  Memory Peak: 1.59 GB
  Recalls: amplitude: 100%, angle_encoding: 100%, graph_cycle: 100%, density_matrix: 100%, ensemble: 100%
  [CHECKPOINT] Saved

================================================================================
Event 11502 (13/100)
================================================================================
2025-10-29 18:10:23,197 - src.imputation.base_imputer - INFO - Fitting amplitude_embedding imputer on 11501 samples
2025-10-29 18:10:23,197 - src.imputation.base_imputer - INFO - Fitting density_matrix_optimized imputer on 11501 samples
2025-10-29 18:10:23,198 - src.imputation.base_imputer - INFO - Fitting graph_cycle_encoding imputer on 11501 samples
2025-10-29 18:10:23,198 - src.imputation.base_imputer - INFO - Fitting angle_encoding imputer on 11501 samples
2025-10-29 18:10:23,201 - src.imputation.amplitude_embedding - INFO - Learned position frequencies from 11501 samples. Normalization mode: uniform
2025-10-29 18:10:23,201 - src.imputation.base_imputer - INFO - amplitude_embedding imputer fitted successfully
2025-10-29 18:10:23,201 - src.imputation.base_imputer - INFO - Transforming 11501 samples with amplitude_embedding imputer
2025-10-29 18:10:23,202 - src.imputation.angle_encoding - INFO - Angle encoding uses fixed angular mapping (no learning from 11501 training samples)
2025-10-29 18:10:23,202 - src.imputation.density_matrix - INFO - Density matrix uses fixed quantum mechanical construction (no learning from 11501 training samples)
2025-10-29 18:10:23,202 - src.imputation.graph_cycle_encoding - INFO - Graph/Cycle encoding uses fixed DFT basis and geometric distances (no learning from 11501 training samples)
2025-10-29 18:10:23,202 - src.imputation.base_imputer - INFO - angle_encoding imputer fitted successfully
2025-10-29 18:10:23,202 - src.imputation.base_imputer - INFO - density_matrix_optimized imputer fitted successfully
2025-10-29 18:10:23,202 - src.imputation.base_imputer - INFO - graph_cycle_encoding imputer fitted successfully
2025-10-29 18:10:23,202 - src.imputation.base_imputer - INFO - Transforming 11501 samples with angle_encoding imputer
2025-10-29 18:10:23,202 - src.imputation.base_imputer - INFO - Transforming 11501 samples with density_matrix_optimized imputer
2025-10-29 18:10:23,202 - src.imputation.base_imputer - INFO - Transforming 11501 samples with graph_cycle_encoding imputer
2025-10-29 18:10:31,151 - src.imputation.base_imputer - INFO - Transformation complete: output shape (11501, 322)
2025-10-29 18:10:31,151 - src.imputation.base_imputer - INFO - Transforming 1 samples with angle_encoding imputer
2025-10-29 18:10:31,153 - src.imputation.base_imputer - INFO - Transformation complete: output shape (1, 322)
2025-10-29 18:10:31,287 - src.imputation.base_imputer - INFO - Transformation complete: output shape (11501, 377)
2025-10-29 18:10:31,287 - src.imputation.base_imputer - INFO - Transforming 1 samples with amplitude_embedding imputer
2025-10-29 18:10:31,290 - src.imputation.base_imputer - INFO - Transformation complete: output shape (1, 377)
2025-10-29 18:10:31,334 - src.imputation.base_imputer - INFO - Transformation complete: output shape (11501, 259)
2025-10-29 18:10:31,334 - src.imputation.base_imputer - INFO - Transforming 1 samples with density_matrix_optimized imputer
2025-10-29 18:10:31,336 - src.imputation.base_imputer - INFO - Transformation complete: output shape (1, 259)
2025-10-29 18:10:31,734 - src.imputation.base_imputer - INFO - Transformation complete: output shape (11501, 277)
2025-10-29 18:10:31,734 - src.imputation.base_imputer - INFO - Transforming 1 samples with graph_cycle_encoding imputer
2025-10-29 18:10:31,736 - src.imputation.base_imputer - INFO - Transformation complete: output shape (1, 277)
2025-10-29 18:10:36,967 - src.modeling.rankers.lgbm_ranker - INFO - Training LGBMRanker on 11501 events...
2025-10-29 18:10:37,047 - src.modeling.rankers.lgbm_ranker - INFO - Training LGBMRanker on 11501 events...
2025-10-29 18:10:37,101 - src.modeling.rankers.lgbm_ranker - INFO - Training LGBMRanker on 11501 events...
2025-10-29 18:10:37,112 - src.modeling.rankers.lgbm_ranker - INFO - Computed position frequencies: 39 positions
2025-10-29 18:10:37,189 - src.modeling.rankers.lgbm_ranker - INFO - Computed position frequencies: 39 positions
2025-10-29 18:10:37,250 - src.modeling.rankers.lgbm_ranker - INFO - Computed position frequencies: 39 positions
2025-10-29 18:10:37,417 - src.modeling.rankers.lgbm_ranker - INFO - Training LGBMRanker on 11501 events...
2025-10-29 18:10:37,558 - src.modeling.rankers.lgbm_ranker - INFO - Computed position frequencies: 39 positions
2025-10-29 18:11:51,670 - src.modeling.rankers.lgbm_ranker - INFO - Transformed to ranking format: 448539 samples (11501 groups of 39 positions each)
2025-10-29 18:11:51,671 - src.modeling.rankers.lgbm_ranker - INFO - Training LightGBM model...
/usr/local/lib/python3.10/dist-packages/lightgbm/sklearn.py:861: UserWarning: Found 'ndcg_eval_at' in params. Will use it instead of 'eval_at' argument
  _log_warning(f"Found '{alias}' in params. Will use it instead of 'eval_at' argument")
2025-10-29 18:11:51,924 - src.modeling.rankers.lgbm_ranker - INFO - Transformed to ranking format: 448539 samples (11501 groups of 39 positions each)
2025-10-29 18:11:51,924 - src.modeling.rankers.lgbm_ranker - INFO - Training LightGBM model...
/usr/local/lib/python3.10/dist-packages/lightgbm/sklearn.py:861: UserWarning: Found 'ndcg_eval_at' in params. Will use it instead of 'eval_at' argument
  _log_warning(f"Found '{alias}' in params. Will use it instead of 'eval_at' argument")
2025-10-29 18:11:53,082 - src.modeling.rankers.lgbm_ranker - INFO - Top-5 most important features:
2025-10-29 18:11:53,082 - src.modeling.rankers.lgbm_ranker - INFO -   aggregate_0: 277.00
2025-10-29 18:11:53,082 - src.modeling.rankers.lgbm_ranker - INFO -   position_frequency: 255.00
2025-10-29 18:11:53,082 - src.modeling.rankers.lgbm_ranker - INFO -   position_id: 183.00
2025-10-29 18:11:53,082 - src.modeling.rankers.lgbm_ranker - INFO -   tunneling: 143.00
2025-10-29 18:11:53,082 - src.modeling.rankers.lgbm_ranker - INFO -   aggregate_1: 126.00
2025-10-29 18:11:53,082 - src.modeling.rankers.lgbm_ranker - INFO - ✓ Training completed in 76.11 seconds
2025-10-29 18:11:53,082 - src.modeling.rankers.lgbm_ranker - INFO - ✓ LGBMRanker training successful
2025-10-29 18:11:53,093 - src.modeling.rankers.lgbm_ranker - INFO - Predicting top-20 for 1 test events...
/usr/local/lib/python3.10/dist-packages/lightgbm/sklearn.py:861: UserWarning: Found 'ndcg_eval_at' in params. Will use it instead of 'eval_at' argument
  _log_warning(f"Found '{alias}' in params. Will use it instead of 'eval_at' argument")
2025-10-29 18:11:53,101 - src.modeling.rankers.lgbm_ranker - INFO - ✓ Predictions generated for 1 events
2025-10-29 18:11:53,362 - src.modeling.rankers.lgbm_ranker - INFO - Top-5 most important features:
2025-10-29 18:11:53,363 - src.modeling.rankers.lgbm_ranker - INFO -   min_distance: 356.00
2025-10-29 18:11:53,363 - src.modeling.rankers.lgbm_ranker - INFO -   position_id: 333.00
2025-10-29 18:11:53,363 - src.modeling.rankers.lgbm_ranker - INFO -   position_frequency: 329.00
2025-10-29 18:11:53,363 - src.modeling.rankers.lgbm_ranker - INFO -   tunneling: 310.00
2025-10-29 18:11:53,363 - src.modeling.rankers.lgbm_ranker - INFO -   density_window_0: 192.00
2025-10-29 18:11:53,363 - src.modeling.rankers.lgbm_ranker - INFO - ✓ Training completed in 76.32 seconds
2025-10-29 18:11:53,363 - src.modeling.rankers.lgbm_ranker - INFO - ✓ LGBMRanker training successful
2025-10-29 18:11:53,383 - src.modeling.rankers.lgbm_ranker - INFO - Predicting top-20 for 1 test events...
/usr/local/lib/python3.10/dist-packages/lightgbm/sklearn.py:861: UserWarning: Found 'ndcg_eval_at' in params. Will use it instead of 'eval_at' argument
  _log_warning(f"Found '{alias}' in params. Will use it instead of 'eval_at' argument")
2025-10-29 18:11:53,391 - src.modeling.rankers.lgbm_ranker - INFO - ✓ Predictions generated for 1 events
2025-10-29 18:11:57,574 - src.modeling.rankers.lgbm_ranker - INFO - Transformed to ranking format: 448539 samples (11501 groups of 39 positions each)
2025-10-29 18:11:57,575 - src.modeling.rankers.lgbm_ranker - INFO - Training LightGBM model...
/usr/local/lib/python3.10/dist-packages/lightgbm/sklearn.py:861: UserWarning: Found 'ndcg_eval_at' in params. Will use it instead of 'eval_at' argument
  _log_warning(f"Found '{alias}' in params. Will use it instead of 'eval_at' argument")
2025-10-29 18:11:59,848 - src.modeling.rankers.lgbm_ranker - INFO - Transformed to ranking format: 448539 samples (11501 groups of 39 positions each)
2025-10-29 18:11:59,848 - src.modeling.rankers.lgbm_ranker - INFO - Training LightGBM model...
/usr/local/lib/python3.10/dist-packages/lightgbm/sklearn.py:861: UserWarning: Found 'ndcg_eval_at' in params. Will use it instead of 'eval_at' argument
  _log_warning(f"Found '{alias}' in params. Will use it instead of 'eval_at' argument")
2025-10-29 18:12:00,807 - src.modeling.rankers.lgbm_ranker - INFO - Top-5 most important features:
2025-10-29 18:12:00,807 - src.modeling.rankers.lgbm_ranker - INFO -   tunneling: 398.00
2025-10-29 18:12:00,807 - src.modeling.rankers.lgbm_ranker - INFO -   position_id: 289.00
2025-10-29 18:12:00,807 - src.modeling.rankers.lgbm_ranker - INFO -   min_distance: 230.00
2025-10-29 18:12:00,807 - src.modeling.rankers.lgbm_ranker - INFO -   dft_45: 203.00
2025-10-29 18:12:00,807 - src.modeling.rankers.lgbm_ranker - INFO -   density_window_0: 182.00
2025-10-29 18:12:00,807 - src.modeling.rankers.lgbm_ranker - INFO - ✓ Training completed in 83.39 seconds
2025-10-29 18:12:00,807 - src.modeling.rankers.lgbm_ranker - INFO - ✓ LGBMRanker training successful
2025-10-29 18:12:00,856 - src.modeling.rankers.lgbm_ranker - INFO - Predicting top-20 for 1 test events...
/usr/local/lib/python3.10/dist-packages/lightgbm/sklearn.py:861: UserWarning: Found 'ndcg_eval_at' in params. Will use it instead of 'eval_at' argument
  _log_warning(f"Found '{alias}' in params. Will use it instead of 'eval_at' argument")
2025-10-29 18:12:00,864 - src.modeling.rankers.lgbm_ranker - INFO - ✓ Predictions generated for 1 events
2025-10-29 18:12:00,892 - src.modeling.rankers.lgbm_ranker - INFO - Top-5 most important features:
2025-10-29 18:12:00,892 - src.modeling.rankers.lgbm_ranker - INFO -   position_frequency: 325.00
2025-10-29 18:12:00,892 - src.modeling.rankers.lgbm_ranker - INFO -   tunneling: 240.00
2025-10-29 18:12:00,892 - src.modeling.rankers.lgbm_ranker - INFO -   min_distance: 230.00
2025-10-29 18:12:00,892 - src.modeling.rankers.lgbm_ranker - INFO -   position_id: 162.00
2025-10-29 18:12:00,892 - src.modeling.rankers.lgbm_ranker - INFO -   density_window_0: 131.00
2025-10-29 18:12:00,892 - src.modeling.rankers.lgbm_ranker - INFO - ✓ Training completed in 83.79 seconds
2025-10-29 18:12:00,892 - src.modeling.rankers.lgbm_ranker - INFO - ✓ LGBMRanker training successful
2025-10-29 18:12:00,896 - src.modeling.rankers.lgbm_ranker - INFO - Predicting top-20 for 1 test events...
/usr/local/lib/python3.10/dist-packages/lightgbm/sklearn.py:861: UserWarning: Found 'ndcg_eval_at' in params. Will use it instead of 'eval_at' argument
  _log_warning(f"Found '{alias}' in params. Will use it instead of 'eval_at' argument")
2025-10-29 18:12:00,905 - src.modeling.rankers.lgbm_ranker - INFO - ✓ Predictions generated for 1 events

  Event Duration: 97.9s
  Parallel Exec:  97.9s
  Model Training Times:
    amplitude: train=83.8s, total=97.7s
    angle_encoding: train=76.1s, total=89.9s
    graph_cycle: train=83.4s, total=97.7s
    density_matrix: train=76.3s, total=90.2s
  Memory Peak: 1.59 GB
  Recalls: amplitude: 100%, angle_encoding: 100%, graph_cycle: 100%, density_matrix: 100%, ensemble: 100%
  [CHECKPOINT] Saved

================================================================================
Event 11503 (14/100)
================================================================================
2025-10-29 18:12:01,083 - src.imputation.base_imputer - INFO - Fitting amplitude_embedding imputer on 11502 samples
2025-10-29 18:12:01,084 - src.imputation.base_imputer - INFO - Fitting graph_cycle_encoding imputer on 11502 samples
2025-10-29 18:12:01,084 - src.imputation.base_imputer - INFO - Fitting density_matrix_optimized imputer on 11502 samples
2025-10-29 18:12:01,085 - src.imputation.base_imputer - INFO - Fitting angle_encoding imputer on 11502 samples
2025-10-29 18:12:01,088 - src.imputation.amplitude_embedding - INFO - Learned position frequencies from 11502 samples. Normalization mode: uniform
2025-10-29 18:12:01,088 - src.imputation.base_imputer - INFO - amplitude_embedding imputer fitted successfully
2025-10-29 18:12:01,088 - src.imputation.base_imputer - INFO - Transforming 11502 samples with amplitude_embedding imputer
2025-10-29 18:12:01,088 - src.imputation.density_matrix - INFO - Density matrix uses fixed quantum mechanical construction (no learning from 11502 training samples)
2025-10-29 18:12:01,088 - src.imputation.graph_cycle_encoding - INFO - Graph/Cycle encoding uses fixed DFT basis and geometric distances (no learning from 11502 training samples)
2025-10-29 18:12:01,088 - src.imputation.base_imputer - INFO - density_matrix_optimized imputer fitted successfully
2025-10-29 18:12:01,088 - src.imputation.base_imputer - INFO - graph_cycle_encoding imputer fitted successfully
2025-10-29 18:12:01,088 - src.imputation.base_imputer - INFO - Transforming 11502 samples with density_matrix_optimized imputer
2025-10-29 18:12:01,088 - src.imputation.base_imputer - INFO - Transforming 11502 samples with graph_cycle_encoding imputer
2025-10-29 18:12:01,089 - src.imputation.angle_encoding - INFO - Angle encoding uses fixed angular mapping (no learning from 11502 training samples)
2025-10-29 18:12:01,089 - src.imputation.base_imputer - INFO - angle_encoding imputer fitted successfully
2025-10-29 18:12:01,089 - src.imputation.base_imputer - INFO - Transforming 11502 samples with angle_encoding imputer
2025-10-29 18:12:08,873 - src.imputation.base_imputer - INFO - Transformation complete: output shape (11502, 322)
2025-10-29 18:12:08,874 - src.imputation.base_imputer - INFO - Transforming 1 samples with angle_encoding imputer
2025-10-29 18:12:08,876 - src.imputation.base_imputer - INFO - Transformation complete: output shape (1, 322)
2025-10-29 18:12:09,177 - src.imputation.base_imputer - INFO - Transformation complete: output shape (11502, 377)
2025-10-29 18:12:09,177 - src.imputation.base_imputer - INFO - Transforming 1 samples with amplitude_embedding imputer
2025-10-29 18:12:09,179 - src.imputation.base_imputer - INFO - Transformation complete: output shape (1, 377)
2025-10-29 18:12:09,292 - src.imputation.base_imputer - INFO - Transformation complete: output shape (11502, 259)
2025-10-29 18:12:09,292 - src.imputation.base_imputer - INFO - Transforming 1 samples with density_matrix_optimized imputer
2025-10-29 18:12:09,294 - src.imputation.base_imputer - INFO - Transformation complete: output shape (1, 259)
2025-10-29 18:12:09,676 - src.imputation.base_imputer - INFO - Transformation complete: output shape (11502, 277)
2025-10-29 18:12:09,676 - src.imputation.base_imputer - INFO - Transforming 1 samples with graph_cycle_encoding imputer
2025-10-29 18:12:09,678 - src.imputation.base_imputer - INFO - Transformation complete: output shape (1, 277)
2025-10-29 18:12:14,514 - src.modeling.rankers.lgbm_ranker - INFO - Training LGBMRanker on 11502 events...
2025-10-29 18:12:14,656 - src.modeling.rankers.lgbm_ranker - INFO - Computed position frequencies: 39 positions
2025-10-29 18:12:14,859 - src.modeling.rankers.lgbm_ranker - INFO - Training LGBMRanker on 11502 events...
2025-10-29 18:12:14,978 - src.modeling.rankers.lgbm_ranker - INFO - Training LGBMRanker on 11502 events...
2025-10-29 18:12:15,000 - src.modeling.rankers.lgbm_ranker - INFO - Computed position frequencies: 39 positions
2025-10-29 18:12:15,126 - src.modeling.rankers.lgbm_ranker - INFO - Computed position frequencies: 39 positions
2025-10-29 18:12:15,446 - src.modeling.rankers.lgbm_ranker - INFO - Training LGBMRanker on 11502 events...
2025-10-29 18:12:15,592 - src.modeling.rankers.lgbm_ranker - INFO - Computed position frequencies: 39 positions
2025-10-29 18:13:27,585 - src.modeling.rankers.lgbm_ranker - INFO - Transformed to ranking format: 448578 samples (11502 groups of 39 positions each)
2025-10-29 18:13:27,585 - src.modeling.rankers.lgbm_ranker - INFO - Training LightGBM model...
/usr/local/lib/python3.10/dist-packages/lightgbm/sklearn.py:861: UserWarning: Found 'ndcg_eval_at' in params. Will use it instead of 'eval_at' argument
  _log_warning(f"Found '{alias}' in params. Will use it instead of 'eval_at' argument")
2025-10-29 18:13:28,771 - src.modeling.rankers.lgbm_ranker - INFO - Top-5 most important features:
2025-10-29 18:13:28,771 - src.modeling.rankers.lgbm_ranker - INFO -   aggregate_0: 274.00
2025-10-29 18:13:28,771 - src.modeling.rankers.lgbm_ranker - INFO -   position_id: 254.00
2025-10-29 18:13:28,771 - src.modeling.rankers.lgbm_ranker - INFO -   position_frequency: 230.00
2025-10-29 18:13:28,771 - src.modeling.rankers.lgbm_ranker - INFO -   aggregate_1: 122.00
2025-10-29 18:13:28,771 - src.modeling.rankers.lgbm_ranker - INFO -   min_distance: 104.00
2025-10-29 18:13:28,771 - src.modeling.rankers.lgbm_ranker - INFO - ✓ Training completed in 74.26 seconds
2025-10-29 18:13:28,771 - src.modeling.rankers.lgbm_ranker - INFO - ✓ LGBMRanker training successful
2025-10-29 18:13:28,781 - src.modeling.rankers.lgbm_ranker - INFO - Predicting top-20 for 1 test events...
/usr/local/lib/python3.10/dist-packages/lightgbm/sklearn.py:861: UserWarning: Found 'ndcg_eval_at' in params. Will use it instead of 'eval_at' argument
  _log_warning(f"Found '{alias}' in params. Will use it instead of 'eval_at' argument")
2025-10-29 18:13:28,789 - src.modeling.rankers.lgbm_ranker - INFO - ✓ Predictions generated for 1 events
2025-10-29 18:13:29,161 - src.modeling.rankers.lgbm_ranker - INFO - Transformed to ranking format: 448578 samples (11502 groups of 39 positions each)
2025-10-29 18:13:29,161 - src.modeling.rankers.lgbm_ranker - INFO - Training LightGBM model...
/usr/local/lib/python3.10/dist-packages/lightgbm/sklearn.py:861: UserWarning: Found 'ndcg_eval_at' in params. Will use it instead of 'eval_at' argument
  _log_warning(f"Found '{alias}' in params. Will use it instead of 'eval_at' argument")
2025-10-29 18:13:30,734 - src.modeling.rankers.lgbm_ranker - INFO - Top-5 most important features:
2025-10-29 18:13:30,734 - src.modeling.rankers.lgbm_ranker - INFO -   min_distance: 366.00
2025-10-29 18:13:30,734 - src.modeling.rankers.lgbm_ranker - INFO -   position_id: 363.00
2025-10-29 18:13:30,734 - src.modeling.rankers.lgbm_ranker - INFO -   position_frequency: 305.00
2025-10-29 18:13:30,734 - src.modeling.rankers.lgbm_ranker - INFO -   tunneling: 290.00
2025-10-29 18:13:30,734 - src.modeling.rankers.lgbm_ranker - INFO -   density_window_0: 175.00
2025-10-29 18:13:30,734 - src.modeling.rankers.lgbm_ranker - INFO - ✓ Training completed in 75.88 seconds
2025-10-29 18:13:30,734 - src.modeling.rankers.lgbm_ranker - INFO - ✓ LGBMRanker training successful
2025-10-29 18:13:30,754 - src.modeling.rankers.lgbm_ranker - INFO - Predicting top-20 for 1 test events...
/usr/local/lib/python3.10/dist-packages/lightgbm/sklearn.py:861: UserWarning: Found 'ndcg_eval_at' in params. Will use it instead of 'eval_at' argument
  _log_warning(f"Found '{alias}' in params. Will use it instead of 'eval_at' argument")
2025-10-29 18:13:30,762 - src.modeling.rankers.lgbm_ranker - INFO - ✓ Predictions generated for 1 events
2025-10-29 18:13:37,393 - src.modeling.rankers.lgbm_ranker - INFO - Transformed to ranking format: 448578 samples (11502 groups of 39 positions each)
2025-10-29 18:13:37,393 - src.modeling.rankers.lgbm_ranker - INFO - Training LightGBM model...
/usr/local/lib/python3.10/dist-packages/lightgbm/sklearn.py:861: UserWarning: Found 'ndcg_eval_at' in params. Will use it instead of 'eval_at' argument
  _log_warning(f"Found '{alias}' in params. Will use it instead of 'eval_at' argument")
2025-10-29 18:13:37,624 - src.modeling.rankers.lgbm_ranker - INFO - Transformed to ranking format: 448578 samples (11502 groups of 39 positions each)
2025-10-29 18:13:37,624 - src.modeling.rankers.lgbm_ranker - INFO - Training LightGBM model...
/usr/local/lib/python3.10/dist-packages/lightgbm/sklearn.py:861: UserWarning: Found 'ndcg_eval_at' in params. Will use it instead of 'eval_at' argument
  _log_warning(f"Found '{alias}' in params. Will use it instead of 'eval_at' argument")
2025-10-29 18:13:38,639 - src.modeling.rankers.lgbm_ranker - INFO - Top-5 most important features:
2025-10-29 18:13:38,639 - src.modeling.rankers.lgbm_ranker - INFO -   position_frequency: 323.00
2025-10-29 18:13:38,639 - src.modeling.rankers.lgbm_ranker - INFO -   position_id: 244.00
2025-10-29 18:13:38,640 - src.modeling.rankers.lgbm_ranker - INFO -   min_distance: 230.00
2025-10-29 18:13:38,640 - src.modeling.rankers.lgbm_ranker - INFO -   tunneling: 218.00
2025-10-29 18:13:38,640 - src.modeling.rankers.lgbm_ranker - INFO -   density_window_0: 121.00
2025-10-29 18:13:38,640 - src.modeling.rankers.lgbm_ranker - INFO - ✓ Training completed in 83.66 seconds
2025-10-29 18:13:38,640 - src.modeling.rankers.lgbm_ranker - INFO - ✓ LGBMRanker training successful
2025-10-29 18:13:38,644 - src.modeling.rankers.lgbm_ranker - INFO - Predicting top-20 for 1 test events...
/usr/local/lib/python3.10/dist-packages/lightgbm/sklearn.py:861: UserWarning: Found 'ndcg_eval_at' in params. Will use it instead of 'eval_at' argument
  _log_warning(f"Found '{alias}' in params. Will use it instead of 'eval_at' argument")
2025-10-29 18:13:38,652 - src.modeling.rankers.lgbm_ranker - INFO - ✓ Predictions generated for 1 events
2025-10-29 18:13:40,479 - src.modeling.rankers.lgbm_ranker - INFO - Top-5 most important features:
2025-10-29 18:13:40,479 - src.modeling.rankers.lgbm_ranker - INFO -   tunneling: 393.00
2025-10-29 18:13:40,479 - src.modeling.rankers.lgbm_ranker - INFO -   position_id: 265.00
2025-10-29 18:13:40,479 - src.modeling.rankers.lgbm_ranker - INFO -   min_distance: 252.00
2025-10-29 18:13:40,479 - src.modeling.rankers.lgbm_ranker - INFO -   density_window_0: 185.00
2025-10-29 18:13:40,479 - src.modeling.rankers.lgbm_ranker - INFO -   dft_45: 174.00
2025-10-29 18:13:40,479 - src.modeling.rankers.lgbm_ranker - INFO - ✓ Training completed in 85.03 seconds
2025-10-29 18:13:40,479 - src.modeling.rankers.lgbm_ranker - INFO - ✓ LGBMRanker training successful
2025-10-29 18:13:40,551 - src.modeling.rankers.lgbm_ranker - INFO - Predicting top-20 for 1 test events...
/usr/local/lib/python3.10/dist-packages/lightgbm/sklearn.py:861: UserWarning: Found 'ndcg_eval_at' in params. Will use it instead of 'eval_at' argument
  _log_warning(f"Found '{alias}' in params. Will use it instead of 'eval_at' argument")
2025-10-29 18:13:40,560 - src.modeling.rankers.lgbm_ranker - INFO - ✓ Predictions generated for 1 events

  Event Duration: 99.6s
  Parallel Exec:  99.6s
  Model Training Times:
    amplitude: train=83.7s, total=97.6s
    angle_encoding: train=74.3s, total=87.7s
    graph_cycle: train=85.1s, total=99.5s
    density_matrix: train=75.9s, total=89.7s
  Memory Peak: 1.27 GB
  Recalls: amplitude: 100%, angle_encoding: 100%, graph_cycle: 100%, density_matrix: 100%, ensemble: 100%
  [CHECKPOINT] Saved

================================================================================
Event 11504 (15/100)
================================================================================
2025-10-29 18:13:40,718 - src.imputation.base_imputer - INFO - Fitting amplitude_embedding imputer on 11503 samples
2025-10-29 18:13:40,719 - src.imputation.base_imputer - INFO - Fitting graph_cycle_encoding imputer on 11503 samples
2025-10-29 18:13:40,719 - src.imputation.base_imputer - INFO - Fitting density_matrix_optimized imputer on 11503 samples
2025-10-29 18:13:40,719 - src.imputation.base_imputer - INFO - Fitting angle_encoding imputer on 11503 samples
2025-10-29 18:13:40,722 - src.imputation.amplitude_embedding - INFO - Learned position frequencies from 11503 samples. Normalization mode: uniform
2025-10-29 18:13:40,722 - src.imputation.base_imputer - INFO - amplitude_embedding imputer fitted successfully
2025-10-29 18:13:40,722 - src.imputation.base_imputer - INFO - Transforming 11503 samples with amplitude_embedding imputer
2025-10-29 18:13:40,723 - src.imputation.angle_encoding - INFO - Angle encoding uses fixed angular mapping (no learning from 11503 training samples)
2025-10-29 18:13:40,723 - src.imputation.density_matrix - INFO - Density matrix uses fixed quantum mechanical construction (no learning from 11503 training samples)
2025-10-29 18:13:40,723 - src.imputation.graph_cycle_encoding - INFO - Graph/Cycle encoding uses fixed DFT basis and geometric distances (no learning from 11503 training samples)
2025-10-29 18:13:40,723 - src.imputation.base_imputer - INFO - angle_encoding imputer fitted successfully
2025-10-29 18:13:40,723 - src.imputation.base_imputer - INFO - density_matrix_optimized imputer fitted successfully
2025-10-29 18:13:40,723 - src.imputation.base_imputer - INFO - graph_cycle_encoding imputer fitted successfully
2025-10-29 18:13:40,723 - src.imputation.base_imputer - INFO - Transforming 11503 samples with angle_encoding imputer
2025-10-29 18:13:40,723 - src.imputation.base_imputer - INFO - Transforming 11503 samples with density_matrix_optimized imputer
2025-10-29 18:13:40,723 - src.imputation.base_imputer - INFO - Transforming 11503 samples with graph_cycle_encoding imputer
2025-10-29 18:13:48,666 - src.imputation.base_imputer - INFO - Transformation complete: output shape (11503, 322)
2025-10-29 18:13:48,666 - src.imputation.base_imputer - INFO - Transforming 1 samples with angle_encoding imputer
2025-10-29 18:13:48,669 - src.imputation.base_imputer - INFO - Transformation complete: output shape (1, 322)
2025-10-29 18:13:48,725 - src.imputation.base_imputer - INFO - Transformation complete: output shape (11503, 377)
2025-10-29 18:13:48,726 - src.imputation.base_imputer - INFO - Transforming 1 samples with amplitude_embedding imputer
2025-10-29 18:13:48,728 - src.imputation.base_imputer - INFO - Transformation complete: output shape (1, 377)
2025-10-29 18:13:48,851 - src.imputation.base_imputer - INFO - Transformation complete: output shape (11503, 259)
2025-10-29 18:13:48,851 - src.imputation.base_imputer - INFO - Transforming 1 samples with density_matrix_optimized imputer
2025-10-29 18:13:48,854 - src.imputation.base_imputer - INFO - Transformation complete: output shape (1, 259)
2025-10-29 18:13:49,182 - src.imputation.base_imputer - INFO - Transformation complete: output shape (11503, 277)
2025-10-29 18:13:49,182 - src.imputation.base_imputer - INFO - Transforming 1 samples with graph_cycle_encoding imputer
2025-10-29 18:13:49,184 - src.imputation.base_imputer - INFO - Transformation complete: output shape (1, 277)
2025-10-29 18:13:54,469 - src.modeling.rankers.lgbm_ranker - INFO - Training LGBMRanker on 11503 events...
2025-10-29 18:13:54,493 - src.modeling.rankers.lgbm_ranker - INFO - Training LGBMRanker on 11503 events...
2025-10-29 18:13:54,542 - src.modeling.rankers.lgbm_ranker - INFO - Training LGBMRanker on 11503 events...
2025-10-29 18:13:54,610 - src.modeling.rankers.lgbm_ranker - INFO - Computed position frequencies: 39 positions
2025-10-29 18:13:54,640 - src.modeling.rankers.lgbm_ranker - INFO - Computed position frequencies: 39 positions
2025-10-29 18:13:54,690 - src.modeling.rankers.lgbm_ranker - INFO - Computed position frequencies: 39 positions
2025-10-29 18:13:54,829 - src.modeling.rankers.lgbm_ranker - INFO - Training LGBMRanker on 11503 events...
2025-10-29 18:13:54,971 - src.modeling.rankers.lgbm_ranker - INFO - Computed position frequencies: 39 positions
2025-10-29 18:15:08,704 - src.modeling.rankers.lgbm_ranker - INFO - Transformed to ranking format: 448617 samples (11503 groups of 39 positions each)
2025-10-29 18:15:08,704 - src.modeling.rankers.lgbm_ranker - INFO - Training LightGBM model...
/usr/local/lib/python3.10/dist-packages/lightgbm/sklearn.py:861: UserWarning: Found 'ndcg_eval_at' in params. Will use it instead of 'eval_at' argument
  _log_warning(f"Found '{alias}' in params. Will use it instead of 'eval_at' argument")
2025-10-29 18:15:09,751 - src.modeling.rankers.lgbm_ranker - INFO - Transformed to ranking format: 448617 samples (11503 groups of 39 positions each)
2025-10-29 18:15:09,751 - src.modeling.rankers.lgbm_ranker - INFO - Training LightGBM model...
/usr/local/lib/python3.10/dist-packages/lightgbm/sklearn.py:861: UserWarning: Found 'ndcg_eval_at' in params. Will use it instead of 'eval_at' argument
  _log_warning(f"Found '{alias}' in params. Will use it instead of 'eval_at' argument")
2025-10-29 18:15:10,374 - src.modeling.rankers.lgbm_ranker - INFO - Top-5 most important features:
2025-10-29 18:15:10,374 - src.modeling.rankers.lgbm_ranker - INFO -   position_frequency: 355.00
2025-10-29 18:15:10,374 - src.modeling.rankers.lgbm_ranker - INFO -   min_distance: 302.00
2025-10-29 18:15:10,374 - src.modeling.rankers.lgbm_ranker - INFO -   position_id: 290.00
2025-10-29 18:15:10,374 - src.modeling.rankers.lgbm_ranker - INFO -   tunneling: 279.00
2025-10-29 18:15:10,374 - src.modeling.rankers.lgbm_ranker - INFO -   density_window_0: 205.00
2025-10-29 18:15:10,374 - src.modeling.rankers.lgbm_ranker - INFO - ✓ Training completed in 75.90 seconds
2025-10-29 18:15:10,374 - src.modeling.rankers.lgbm_ranker - INFO - ✓ LGBMRanker training successful
2025-10-29 18:15:10,394 - src.modeling.rankers.lgbm_ranker - INFO - Predicting top-20 for 1 test events...
/usr/local/lib/python3.10/dist-packages/lightgbm/sklearn.py:861: UserWarning: Found 'ndcg_eval_at' in params. Will use it instead of 'eval_at' argument
  _log_warning(f"Found '{alias}' in params. Will use it instead of 'eval_at' argument")
2025-10-29 18:15:10,402 - src.modeling.rankers.lgbm_ranker - INFO - ✓ Predictions generated for 1 events
2025-10-29 18:15:10,886 - src.modeling.rankers.lgbm_ranker - INFO - Top-5 most important features:
2025-10-29 18:15:10,886 - src.modeling.rankers.lgbm_ranker - INFO -   aggregate_0: 329.00
2025-10-29 18:15:10,886 - src.modeling.rankers.lgbm_ranker - INFO -   position_id: 222.00
2025-10-29 18:15:10,886 - src.modeling.rankers.lgbm_ranker - INFO -   position_frequency: 209.00
2025-10-29 18:15:10,886 - src.modeling.rankers.lgbm_ranker - INFO -   aggregate_1: 155.00
2025-10-29 18:15:10,886 - src.modeling.rankers.lgbm_ranker - INFO -   tunneling: 89.00
2025-10-29 18:15:10,886 - src.modeling.rankers.lgbm_ranker - INFO - ✓ Training completed in 76.39 seconds
2025-10-29 18:15:10,886 - src.modeling.rankers.lgbm_ranker - INFO - ✓ LGBMRanker training successful
2025-10-29 18:15:10,896 - src.modeling.rankers.lgbm_ranker - INFO - Predicting top-20 for 1 test events...
/usr/local/lib/python3.10/dist-packages/lightgbm/sklearn.py:861: UserWarning: Found 'ndcg_eval_at' in params. Will use it instead of 'eval_at' argument
  _log_warning(f"Found '{alias}' in params. Will use it instead of 'eval_at' argument")
2025-10-29 18:15:10,904 - src.modeling.rankers.lgbm_ranker - INFO - ✓ Predictions generated for 1 events
2025-10-29 18:15:14,356 - src.modeling.rankers.lgbm_ranker - INFO - Transformed to ranking format: 448617 samples (11503 groups of 39 positions each)
2025-10-29 18:15:14,356 - src.modeling.rankers.lgbm_ranker - INFO - Training LightGBM model...
/usr/local/lib/python3.10/dist-packages/lightgbm/sklearn.py:861: UserWarning: Found 'ndcg_eval_at' in params. Will use it instead of 'eval_at' argument
  _log_warning(f"Found '{alias}' in params. Will use it instead of 'eval_at' argument")
2025-10-29 18:15:16,512 - src.modeling.rankers.lgbm_ranker - INFO - Transformed to ranking format: 448617 samples (11503 groups of 39 positions each)
2025-10-29 18:15:16,513 - src.modeling.rankers.lgbm_ranker - INFO - Training LightGBM model...
/usr/local/lib/python3.10/dist-packages/lightgbm/sklearn.py:861: UserWarning: Found 'ndcg_eval_at' in params. Will use it instead of 'eval_at' argument
  _log_warning(f"Found '{alias}' in params. Will use it instead of 'eval_at' argument")
2025-10-29 18:15:17,427 - src.modeling.rankers.lgbm_ranker - INFO - Top-5 most important features:
2025-10-29 18:15:17,427 - src.modeling.rankers.lgbm_ranker - INFO -   tunneling: 390.00
2025-10-29 18:15:17,427 - src.modeling.rankers.lgbm_ranker - INFO -   min_distance: 264.00
2025-10-29 18:15:17,427 - src.modeling.rankers.lgbm_ranker - INFO -   position_id: 246.00
2025-10-29 18:15:17,427 - src.modeling.rankers.lgbm_ranker - INFO -   dft_45: 193.00
2025-10-29 18:15:17,427 - src.modeling.rankers.lgbm_ranker - INFO -   density_window_0: 183.00
2025-10-29 18:15:17,427 - src.modeling.rankers.lgbm_ranker - INFO - ✓ Training completed in 82.60 seconds
2025-10-29 18:15:17,427 - src.modeling.rankers.lgbm_ranker - INFO - ✓ LGBMRanker training successful
2025-10-29 18:15:17,496 - src.modeling.rankers.lgbm_ranker - INFO - Predicting top-20 for 1 test events...
/usr/local/lib/python3.10/dist-packages/lightgbm/sklearn.py:861: UserWarning: Found 'ndcg_eval_at' in params. Will use it instead of 'eval_at' argument
  _log_warning(f"Found '{alias}' in params. Will use it instead of 'eval_at' argument")
2025-10-29 18:15:17,505 - src.modeling.rankers.lgbm_ranker - INFO - ✓ Predictions generated for 1 events
2025-10-29 18:15:17,562 - src.modeling.rankers.lgbm_ranker - INFO - Top-5 most important features:
2025-10-29 18:15:17,562 - src.modeling.rankers.lgbm_ranker - INFO -   position_frequency: 280.00
2025-10-29 18:15:17,563 - src.modeling.rankers.lgbm_ranker - INFO -   tunneling: 251.00
2025-10-29 18:15:17,563 - src.modeling.rankers.lgbm_ranker - INFO -   position_id: 222.00
2025-10-29 18:15:17,563 - src.modeling.rankers.lgbm_ranker - INFO -   min_distance: 168.00
2025-10-29 18:15:17,563 - src.modeling.rankers.lgbm_ranker - INFO -   density_window_0: 125.00
2025-10-29 18:15:17,563 - src.modeling.rankers.lgbm_ranker - INFO - ✓ Training completed in 83.02 seconds
2025-10-29 18:15:17,563 - src.modeling.rankers.lgbm_ranker - INFO - ✓ LGBMRanker training successful
2025-10-29 18:15:17,567 - src.modeling.rankers.lgbm_ranker - INFO - Predicting top-20 for 1 test events...
/usr/local/lib/python3.10/dist-packages/lightgbm/sklearn.py:861: UserWarning: Found 'ndcg_eval_at' in params. Will use it instead of 'eval_at' argument
  _log_warning(f"Found '{alias}' in params. Will use it instead of 'eval_at' argument")
2025-10-29 18:15:17,576 - src.modeling.rankers.lgbm_ranker - INFO - ✓ Predictions generated for 1 events

  Event Duration: 97.0s
  Parallel Exec:  97.0s
  Model Training Times:
    amplitude: train=83.0s, total=96.9s
    angle_encoding: train=76.4s, total=90.2s
    graph_cycle: train=82.7s, total=96.8s
    density_matrix: train=75.9s, total=89.7s
  Memory Peak: 1.27 GB
  Recalls: amplitude: 100%, angle_encoding: 100%, graph_cycle: 100%, density_matrix: 100%, ensemble: 100%
  [CHECKPOINT] Saved

================================================================================
Event 11505 (16/100)
================================================================================
2025-10-29 18:15:17,722 - src.imputation.base_imputer - INFO - Fitting amplitude_embedding imputer on 11504 samples
2025-10-29 18:15:17,723 - src.imputation.base_imputer - INFO - Fitting density_matrix_optimized imputer on 11504 samples
2025-10-29 18:15:17,723 - src.imputation.base_imputer - INFO - Fitting angle_encoding imputer on 11504 samples
2025-10-29 18:15:17,723 - src.imputation.base_imputer - INFO - Fitting graph_cycle_encoding imputer on 11504 samples
2025-10-29 18:15:17,727 - src.imputation.amplitude_embedding - INFO - Learned position frequencies from 11504 samples. Normalization mode: uniform
2025-10-29 18:15:17,727 - src.imputation.base_imputer - INFO - amplitude_embedding imputer fitted successfully
2025-10-29 18:15:17,727 - src.imputation.base_imputer - INFO - Transforming 11504 samples with amplitude_embedding imputer
2025-10-29 18:15:17,728 - src.imputation.angle_encoding - INFO - Angle encoding uses fixed angular mapping (no learning from 11504 training samples)
2025-10-29 18:15:17,728 - src.imputation.graph_cycle_encoding - INFO - Graph/Cycle encoding uses fixed DFT basis and geometric distances (no learning from 11504 training samples)
2025-10-29 18:15:17,728 - src.imputation.base_imputer - INFO - angle_encoding imputer fitted successfully
2025-10-29 18:15:17,728 - src.imputation.base_imputer - INFO - graph_cycle_encoding imputer fitted successfully
2025-10-29 18:15:17,728 - src.imputation.base_imputer - INFO - Transforming 11504 samples with angle_encoding imputer
2025-10-29 18:15:17,728 - src.imputation.base_imputer - INFO - Transforming 11504 samples with graph_cycle_encoding imputer
2025-10-29 18:15:17,728 - src.imputation.density_matrix - INFO - Density matrix uses fixed quantum mechanical construction (no learning from 11504 training samples)
2025-10-29 18:15:17,728 - src.imputation.base_imputer - INFO - density_matrix_optimized imputer fitted successfully
2025-10-29 18:15:17,728 - src.imputation.base_imputer - INFO - Transforming 11504 samples with density_matrix_optimized imputer
2025-10-29 18:15:25,608 - src.imputation.base_imputer - INFO - Transformation complete: output shape (11504, 322)
2025-10-29 18:15:25,608 - src.imputation.base_imputer - INFO - Transforming 1 samples with angle_encoding imputer
2025-10-29 18:15:25,610 - src.imputation.base_imputer - INFO - Transformation complete: output shape (1, 322)
2025-10-29 18:15:25,742 - src.imputation.base_imputer - INFO - Transformation complete: output shape (11504, 377)
2025-10-29 18:15:25,742 - src.imputation.base_imputer - INFO - Transforming 1 samples with amplitude_embedding imputer
2025-10-29 18:15:25,744 - src.imputation.base_imputer - INFO - Transformation complete: output shape (1, 377)
2025-10-29 18:15:25,780 - src.imputation.base_imputer - INFO - Transformation complete: output shape (11504, 259)
2025-10-29 18:15:25,780 - src.imputation.base_imputer - INFO - Transforming 1 samples with density_matrix_optimized imputer
2025-10-29 18:15:25,782 - src.imputation.base_imputer - INFO - Transformation complete: output shape (1, 259)
2025-10-29 18:15:26,205 - src.imputation.base_imputer - INFO - Transformation complete: output shape (11504, 277)
2025-10-29 18:15:26,205 - src.imputation.base_imputer - INFO - Transforming 1 samples with graph_cycle_encoding imputer
2025-10-29 18:15:26,207 - src.imputation.base_imputer - INFO - Transformation complete: output shape (1, 277)
2025-10-29 18:15:31,375 - src.modeling.rankers.lgbm_ranker - INFO - Training LGBMRanker on 11504 events...
2025-10-29 18:15:31,380 - src.modeling.rankers.lgbm_ranker - INFO - Training LGBMRanker on 11504 events...
2025-10-29 18:15:31,516 - src.modeling.rankers.lgbm_ranker - INFO - Computed position frequencies: 39 positions
2025-10-29 18:15:31,527 - src.modeling.rankers.lgbm_ranker - INFO - Computed position frequencies: 39 positions
2025-10-29 18:15:31,548 - src.modeling.rankers.lgbm_ranker - INFO - Training LGBMRanker on 11504 events...
2025-10-29 18:15:31,694 - src.modeling.rankers.lgbm_ranker - INFO - Computed position frequencies: 39 positions
2025-10-29 18:15:31,819 - src.modeling.rankers.lgbm_ranker - INFO - Training LGBMRanker on 11504 events...
2025-10-29 18:15:31,963 - src.modeling.rankers.lgbm_ranker - INFO - Computed position frequencies: 39 positions
2025-10-29 18:16:45,655 - src.modeling.rankers.lgbm_ranker - INFO - Transformed to ranking format: 448656 samples (11504 groups of 39 positions each)
2025-10-29 18:16:45,655 - src.modeling.rankers.lgbm_ranker - INFO - Training LightGBM model...
/usr/local/lib/python3.10/dist-packages/lightgbm/sklearn.py:861: UserWarning: Found 'ndcg_eval_at' in params. Will use it instead of 'eval_at' argument
  _log_warning(f"Found '{alias}' in params. Will use it instead of 'eval_at' argument")
2025-10-29 18:16:46,536 - src.modeling.rankers.lgbm_ranker - INFO - Transformed to ranking format: 448656 samples (11504 groups of 39 positions each)
2025-10-29 18:16:46,536 - src.modeling.rankers.lgbm_ranker - INFO - Training LightGBM model...
/usr/local/lib/python3.10/dist-packages/lightgbm/sklearn.py:861: UserWarning: Found 'ndcg_eval_at' in params. Will use it instead of 'eval_at' argument
  _log_warning(f"Found '{alias}' in params. Will use it instead of 'eval_at' argument")
2025-10-29 18:16:47,307 - src.modeling.rankers.lgbm_ranker - INFO - Top-5 most important features:
2025-10-29 18:16:47,307 - src.modeling.rankers.lgbm_ranker - INFO -   position_id: 362.00
2025-10-29 18:16:47,307 - src.modeling.rankers.lgbm_ranker - INFO -   tunneling: 324.00
2025-10-29 18:16:47,307 - src.modeling.rankers.lgbm_ranker - INFO -   position_frequency: 291.00
2025-10-29 18:16:47,307 - src.modeling.rankers.lgbm_ranker - INFO -   min_distance: 245.00
2025-10-29 18:16:47,307 - src.modeling.rankers.lgbm_ranker - INFO -   density_window_0: 225.00
2025-10-29 18:16:47,307 - src.modeling.rankers.lgbm_ranker - INFO - ✓ Training completed in 75.93 seconds
2025-10-29 18:16:47,307 - src.modeling.rankers.lgbm_ranker - INFO - ✓ LGBMRanker training successful
2025-10-29 18:16:47,317 - src.modeling.rankers.lgbm_ranker - INFO - Predicting top-20 for 1 test events...
/usr/local/lib/python3.10/dist-packages/lightgbm/sklearn.py:861: UserWarning: Found 'ndcg_eval_at' in params. Will use it instead of 'eval_at' argument
  _log_warning(f"Found '{alias}' in params. Will use it instead of 'eval_at' argument")
2025-10-29 18:16:47,325 - src.modeling.rankers.lgbm_ranker - INFO - ✓ Predictions generated for 1 events
2025-10-29 18:16:47,660 - src.modeling.rankers.lgbm_ranker - INFO - Top-5 most important features:
2025-10-29 18:16:47,660 - src.modeling.rankers.lgbm_ranker - INFO -   aggregate_0: 268.00
2025-10-29 18:16:47,660 - src.modeling.rankers.lgbm_ranker - INFO -   position_frequency: 262.00
2025-10-29 18:16:47,660 - src.modeling.rankers.lgbm_ranker - INFO -   position_id: 245.00
2025-10-29 18:16:47,660 - src.modeling.rankers.lgbm_ranker - INFO -   aggregate_1: 101.00
2025-10-29 18:16:47,660 - src.modeling.rankers.lgbm_ranker - INFO -   angle: 81.00
2025-10-29 18:16:47,660 - src.modeling.rankers.lgbm_ranker - INFO - ✓ Training completed in 76.28 seconds
2025-10-29 18:16:47,660 - src.modeling.rankers.lgbm_ranker - INFO - ✓ LGBMRanker training successful
2025-10-29 18:16:47,671 - src.modeling.rankers.lgbm_ranker - INFO - Predicting top-20 for 1 test events...
/usr/local/lib/python3.10/dist-packages/lightgbm/sklearn.py:861: UserWarning: Found 'ndcg_eval_at' in params. Will use it instead of 'eval_at' argument
  _log_warning(f"Found '{alias}' in params. Will use it instead of 'eval_at' argument")
2025-10-29 18:16:47,679 - src.modeling.rankers.lgbm_ranker - INFO - ✓ Predictions generated for 1 events
2025-10-29 18:16:51,643 - src.modeling.rankers.lgbm_ranker - INFO - Transformed to ranking format: 448656 samples (11504 groups of 39 positions each)
2025-10-29 18:16:51,644 - src.modeling.rankers.lgbm_ranker - INFO - Training LightGBM model...
/usr/local/lib/python3.10/dist-packages/lightgbm/sklearn.py:861: UserWarning: Found 'ndcg_eval_at' in params. Will use it instead of 'eval_at' argument
  _log_warning(f"Found '{alias}' in params. Will use it instead of 'eval_at' argument")
2025-10-29 18:16:54,605 - src.modeling.rankers.lgbm_ranker - INFO - Top-5 most important features:
2025-10-29 18:16:54,605 - src.modeling.rankers.lgbm_ranker - INFO -   tunneling: 393.00
2025-10-29 18:16:54,605 - src.modeling.rankers.lgbm_ranker - INFO -   position_id: 233.00
2025-10-29 18:16:54,605 - src.modeling.rankers.lgbm_ranker - INFO -   dft_45: 226.00
2025-10-29 18:16:54,605 - src.modeling.rankers.lgbm_ranker - INFO -   min_distance: 217.00
2025-10-29 18:16:54,605 - src.modeling.rankers.lgbm_ranker - INFO -   density_window_0: 203.00
2025-10-29 18:16:54,605 - src.modeling.rankers.lgbm_ranker - INFO - ✓ Training completed in 82.79 seconds
2025-10-29 18:16:54,605 - src.modeling.rankers.lgbm_ranker - INFO - ✓ LGBMRanker training successful
2025-10-29 18:16:54,677 - src.modeling.rankers.lgbm_ranker - INFO - Predicting top-20 for 1 test events...
/usr/local/lib/python3.10/dist-packages/lightgbm/sklearn.py:861: UserWarning: Found 'ndcg_eval_at' in params. Will use it instead of 'eval_at' argument
  _log_warning(f"Found '{alias}' in params. Will use it instead of 'eval_at' argument")
2025-10-29 18:16:54,685 - src.modeling.rankers.lgbm_ranker - INFO - ✓ Predictions generated for 1 events
2025-10-29 18:16:55,040 - src.modeling.rankers.lgbm_ranker - INFO - Transformed to ranking format: 448656 samples (11504 groups of 39 positions each)
2025-10-29 18:16:55,040 - src.modeling.rankers.lgbm_ranker - INFO - Training LightGBM model...
/usr/local/lib/python3.10/dist-packages/lightgbm/sklearn.py:861: UserWarning: Found 'ndcg_eval_at' in params. Will use it instead of 'eval_at' argument
  _log_warning(f"Found '{alias}' in params. Will use it instead of 'eval_at' argument")
2025-10-29 18:16:56,154 - src.modeling.rankers.lgbm_ranker - INFO - Top-5 most important features:
2025-10-29 18:16:56,154 - src.modeling.rankers.lgbm_ranker - INFO -   position_frequency: 333.00
2025-10-29 18:16:56,154 - src.modeling.rankers.lgbm_ranker - INFO -   position_id: 284.00
2025-10-29 18:16:56,154 - src.modeling.rankers.lgbm_ranker - INFO -   tunneling: 235.00
2025-10-29 18:16:56,154 - src.modeling.rankers.lgbm_ranker - INFO -   min_distance: 183.00
2025-10-29 18:16:56,154 - src.modeling.rankers.lgbm_ranker - INFO -   density_window_0: 122.00
2025-10-29 18:16:56,154 - src.modeling.rankers.lgbm_ranker - INFO - ✓ Training completed in 84.61 seconds
2025-10-29 18:16:56,154 - src.modeling.rankers.lgbm_ranker - INFO - ✓ LGBMRanker training successful
2025-10-29 18:16:56,158 - src.modeling.rankers.lgbm_ranker - INFO - Predicting top-20 for 1 test events...
/usr/local/lib/python3.10/dist-packages/lightgbm/sklearn.py:861: UserWarning: Found 'ndcg_eval_at' in params. Will use it instead of 'eval_at' argument
  _log_warning(f"Found '{alias}' in params. Will use it instead of 'eval_at' argument")
2025-10-29 18:16:56,166 - src.modeling.rankers.lgbm_ranker - INFO - ✓ Predictions generated for 1 events

  Event Duration: 98.6s
  Parallel Exec:  98.6s
  Model Training Times:
    amplitude: train=84.6s, total=98.5s
    angle_encoding: train=76.3s, total=90.0s
    graph_cycle: train=82.9s, total=97.0s
    density_matrix: train=75.9s, total=89.6s
  Memory Peak: 1.27 GB
  Recalls: amplitude: 100%, angle_encoding: 100%, graph_cycle: 100%, density_matrix: 100%, ensemble: 100%
  [CHECKPOINT] Saved

================================================================================
Event 11506 (17/100)
================================================================================
2025-10-29 18:16:56,317 - src.imputation.base_imputer - INFO - Fitting amplitude_embedding imputer on 11505 samples
2025-10-29 18:16:56,317 - src.imputation.base_imputer - INFO - Fitting graph_cycle_encoding imputer on 11505 samples
2025-10-29 18:16:56,317 - src.imputation.base_imputer - INFO - Fitting density_matrix_optimized imputer on 11505 samples
2025-10-29 18:16:56,317 - src.imputation.base_imputer - INFO - Fitting angle_encoding imputer on 11505 samples
2025-10-29 18:16:56,321 - src.imputation.amplitude_embedding - INFO - Learned position frequencies from 11505 samples. Normalization mode: uniform
2025-10-29 18:16:56,321 - src.imputation.base_imputer - INFO - amplitude_embedding imputer fitted successfully
2025-10-29 18:16:56,321 - src.imputation.base_imputer - INFO - Transforming 11505 samples with amplitude_embedding imputer
2025-10-29 18:16:56,321 - src.imputation.density_matrix - INFO - Density matrix uses fixed quantum mechanical construction (no learning from 11505 training samples)
2025-10-29 18:16:56,321 - src.imputation.angle_encoding - INFO - Angle encoding uses fixed angular mapping (no learning from 11505 training samples)
2025-10-29 18:16:56,321 - src.imputation.graph_cycle_encoding - INFO - Graph/Cycle encoding uses fixed DFT basis and geometric distances (no learning from 11505 training samples)
2025-10-29 18:16:56,321 - src.imputation.base_imputer - INFO - density_matrix_optimized imputer fitted successfully
2025-10-29 18:16:56,321 - src.imputation.base_imputer - INFO - angle_encoding imputer fitted successfully
2025-10-29 18:16:56,321 - src.imputation.base_imputer - INFO - Transforming 11505 samples with density_matrix_optimized imputer
2025-10-29 18:16:56,321 - src.imputation.base_imputer - INFO - graph_cycle_encoding imputer fitted successfully
2025-10-29 18:16:56,321 - src.imputation.base_imputer - INFO - Transforming 11505 samples with angle_encoding imputer
2025-10-29 18:16:56,321 - src.imputation.base_imputer - INFO - Transforming 11505 samples with graph_cycle_encoding imputer
2025-10-29 18:17:04,200 - src.imputation.base_imputer - INFO - Transformation complete: output shape (11505, 322)
2025-10-29 18:17:04,200 - src.imputation.base_imputer - INFO - Transforming 1 samples with angle_encoding imputer
2025-10-29 18:17:04,202 - src.imputation.base_imputer - INFO - Transformation complete: output shape (1, 322)
2025-10-29 18:17:04,309 - src.imputation.base_imputer - INFO - Transformation complete: output shape (11505, 377)
2025-10-29 18:17:04,309 - src.imputation.base_imputer - INFO - Transforming 1 samples with amplitude_embedding imputer
2025-10-29 18:17:04,311 - src.imputation.base_imputer - INFO - Transformation complete: output shape (1, 377)
2025-10-29 18:17:04,378 - src.imputation.base_imputer - INFO - Transformation complete: output shape (11505, 259)
2025-10-29 18:17:04,378 - src.imputation.base_imputer - INFO - Transforming 1 samples with density_matrix_optimized imputer
2025-10-29 18:17:04,380 - src.imputation.base_imputer - INFO - Transformation complete: output shape (1, 259)
2025-10-29 18:17:04,700 - src.imputation.base_imputer - INFO - Transformation complete: output shape (11505, 277)
2025-10-29 18:17:04,700 - src.imputation.base_imputer - INFO - Transforming 1 samples with graph_cycle_encoding imputer
2025-10-29 18:17:04,703 - src.imputation.base_imputer - INFO - Transformation complete: output shape (1, 277)
2025-10-29 18:17:09,904 - src.modeling.rankers.lgbm_ranker - INFO - Training LGBMRanker on 11505 events...
2025-10-29 18:17:09,993 - src.modeling.rankers.lgbm_ranker - INFO - Training LGBMRanker on 11505 events...
2025-10-29 18:17:10,044 - src.modeling.rankers.lgbm_ranker - INFO - Computed position frequencies: 39 positions
2025-10-29 18:17:10,138 - src.modeling.rankers.lgbm_ranker - INFO - Training LGBMRanker on 11505 events...
2025-10-29 18:17:10,139 - src.modeling.rankers.lgbm_ranker - INFO - Computed position frequencies: 39 positions
2025-10-29 18:17:10,285 - src.modeling.rankers.lgbm_ranker - INFO - Computed position frequencies: 39 positions
2025-10-29 18:17:10,331 - src.modeling.rankers.lgbm_ranker - INFO - Training LGBMRanker on 11505 events...
2025-10-29 18:17:10,471 - src.modeling.rankers.lgbm_ranker - INFO - Computed position frequencies: 39 positions
2025-10-29 18:18:23,388 - src.modeling.rankers.lgbm_ranker - INFO - Transformed to ranking format: 448695 samples (11505 groups of 39 positions each)
2025-10-29 18:18:23,388 - src.modeling.rankers.lgbm_ranker - INFO - Training LightGBM model...
/usr/local/lib/python3.10/dist-packages/lightgbm/sklearn.py:861: UserWarning: Found 'ndcg_eval_at' in params. Will use it instead of 'eval_at' argument
  _log_warning(f"Found '{alias}' in params. Will use it instead of 'eval_at' argument")
2025-10-29 18:18:24,238 - src.modeling.rankers.lgbm_ranker - INFO - Transformed to ranking format: 448695 samples (11505 groups of 39 positions each)
2025-10-29 18:18:24,238 - src.modeling.rankers.lgbm_ranker - INFO - Training LightGBM model...
/usr/local/lib/python3.10/dist-packages/lightgbm/sklearn.py:861: UserWarning: Found 'ndcg_eval_at' in params. Will use it instead of 'eval_at' argument
  _log_warning(f"Found '{alias}' in params. Will use it instead of 'eval_at' argument")
2025-10-29 18:18:25,016 - src.modeling.rankers.lgbm_ranker - INFO - Top-5 most important features:
2025-10-29 18:18:25,016 - src.modeling.rankers.lgbm_ranker - INFO -   min_distance: 383.00
2025-10-29 18:18:25,016 - src.modeling.rankers.lgbm_ranker - INFO -   tunneling: 367.00
2025-10-29 18:18:25,016 - src.modeling.rankers.lgbm_ranker - INFO -   position_id: 313.00
2025-10-29 18:18:25,016 - src.modeling.rankers.lgbm_ranker - INFO -   position_frequency: 228.00
2025-10-29 18:18:25,016 - src.modeling.rankers.lgbm_ranker - INFO -   density_window_0: 222.00
2025-10-29 18:18:25,016 - src.modeling.rankers.lgbm_ranker - INFO - ✓ Training completed in 75.11 seconds
2025-10-29 18:18:25,016 - src.modeling.rankers.lgbm_ranker - INFO - ✓ LGBMRanker training successful
2025-10-29 18:18:25,037 - src.modeling.rankers.lgbm_ranker - INFO - Predicting top-20 for 1 test events...
/usr/local/lib/python3.10/dist-packages/lightgbm/sklearn.py:861: UserWarning: Found 'ndcg_eval_at' in params. Will use it instead of 'eval_at' argument
  _log_warning(f"Found '{alias}' in params. Will use it instead of 'eval_at' argument")
2025-10-29 18:18:25,045 - src.modeling.rankers.lgbm_ranker - INFO - ✓ Predictions generated for 1 events
2025-10-29 18:18:25,397 - src.modeling.rankers.lgbm_ranker - INFO - Top-5 most important features:
2025-10-29 18:18:25,397 - src.modeling.rankers.lgbm_ranker - INFO -   position_frequency: 267.00
2025-10-29 18:18:25,397 - src.modeling.rankers.lgbm_ranker - INFO -   position_id: 240.00
2025-10-29 18:18:25,397 - src.modeling.rankers.lgbm_ranker - INFO -   aggregate_0: 222.00
2025-10-29 18:18:25,397 - src.modeling.rankers.lgbm_ranker - INFO -   aggregate_1: 124.00
2025-10-29 18:18:25,397 - src.modeling.rankers.lgbm_ranker - INFO -   tunneling: 91.00
2025-10-29 18:18:25,397 - src.modeling.rankers.lgbm_ranker - INFO - ✓ Training completed in 75.40 seconds
2025-10-29 18:18:25,397 - src.modeling.rankers.lgbm_ranker - INFO - ✓ LGBMRanker training successful
2025-10-29 18:18:25,408 - src.modeling.rankers.lgbm_ranker - INFO - Predicting top-20 for 1 test events...
/usr/local/lib/python3.10/dist-packages/lightgbm/sklearn.py:861: UserWarning: Found 'ndcg_eval_at' in params. Will use it instead of 'eval_at' argument
  _log_warning(f"Found '{alias}' in params. Will use it instead of 'eval_at' argument")
2025-10-29 18:18:25,416 - src.modeling.rankers.lgbm_ranker - INFO - ✓ Predictions generated for 1 events
2025-10-29 18:18:29,610 - src.modeling.rankers.lgbm_ranker - INFO - Transformed to ranking format: 448695 samples (11505 groups of 39 positions each)
2025-10-29 18:18:29,610 - src.modeling.rankers.lgbm_ranker - INFO - Training LightGBM model...
/usr/local/lib/python3.10/dist-packages/lightgbm/sklearn.py:861: UserWarning: Found 'ndcg_eval_at' in params. Will use it instead of 'eval_at' argument
  _log_warning(f"Found '{alias}' in params. Will use it instead of 'eval_at' argument")
2025-10-29 18:18:32,152 - src.modeling.rankers.lgbm_ranker - INFO - Transformed to ranking format: 448695 samples (11505 groups of 39 positions each)
2025-10-29 18:18:32,152 - src.modeling.rankers.lgbm_ranker - INFO - Training LightGBM model...
/usr/local/lib/python3.10/dist-packages/lightgbm/sklearn.py:861: UserWarning: Found 'ndcg_eval_at' in params. Will use it instead of 'eval_at' argument
  _log_warning(f"Found '{alias}' in params. Will use it instead of 'eval_at' argument")
2025-10-29 18:18:32,593 - src.modeling.rankers.lgbm_ranker - INFO - Top-5 most important features:
2025-10-29 18:18:32,593 - src.modeling.rankers.lgbm_ranker - INFO -   tunneling: 409.00
2025-10-29 18:18:32,593 - src.modeling.rankers.lgbm_ranker - INFO -   min_distance: 274.00
2025-10-29 18:18:32,593 - src.modeling.rankers.lgbm_ranker - INFO -   position_id: 243.00
2025-10-29 18:18:32,593 - src.modeling.rankers.lgbm_ranker - INFO -   dft_45: 183.00
2025-10-29 18:18:32,593 - src.modeling.rankers.lgbm_ranker - INFO -   density_window_0: 182.00
2025-10-29 18:18:32,593 - src.modeling.rankers.lgbm_ranker - INFO - ✓ Training completed in 82.26 seconds
2025-10-29 18:18:32,593 - src.modeling.rankers.lgbm_ranker - INFO - ✓ LGBMRanker training successful
2025-10-29 18:18:32,664 - src.modeling.rankers.lgbm_ranker - INFO - Predicting top-20 for 1 test events...
/usr/local/lib/python3.10/dist-packages/lightgbm/sklearn.py:861: UserWarning: Found 'ndcg_eval_at' in params. Will use it instead of 'eval_at' argument
  _log_warning(f"Found '{alias}' in params. Will use it instead of 'eval_at' argument")
2025-10-29 18:18:32,672 - src.modeling.rankers.lgbm_ranker - INFO - ✓ Predictions generated for 1 events
2025-10-29 18:18:33,160 - src.modeling.rankers.lgbm_ranker - INFO - Top-5 most important features:
2025-10-29 18:18:33,160 - src.modeling.rankers.lgbm_ranker - INFO -   position_frequency: 304.00
2025-10-29 18:18:33,160 - src.modeling.rankers.lgbm_ranker - INFO -   tunneling: 274.00
2025-10-29 18:18:33,160 - src.modeling.rankers.lgbm_ranker - INFO -   position_id: 238.00
2025-10-29 18:18:33,160 - src.modeling.rankers.lgbm_ranker - INFO -   min_distance: 199.00
2025-10-29 18:18:33,160 - src.modeling.rankers.lgbm_ranker - INFO -   density_window_0: 101.00
2025-10-29 18:18:33,160 - src.modeling.rankers.lgbm_ranker - INFO - ✓ Training completed in 83.02 seconds
2025-10-29 18:18:33,160 - src.modeling.rankers.lgbm_ranker - INFO - ✓ LGBMRanker training successful
2025-10-29 18:18:33,164 - src.modeling.rankers.lgbm_ranker - INFO - Predicting top-20 for 1 test events...
/usr/local/lib/python3.10/dist-packages/lightgbm/sklearn.py:861: UserWarning: Found 'ndcg_eval_at' in params. Will use it instead of 'eval_at' argument
  _log_warning(f"Found '{alias}' in params. Will use it instead of 'eval_at' argument")
2025-10-29 18:18:33,172 - src.modeling.rankers.lgbm_ranker - INFO - ✓ Predictions generated for 1 events

  Event Duration: 97.0s
  Parallel Exec:  97.0s
  Model Training Times:
    amplitude: train=83.0s, total=96.9s
    angle_encoding: train=75.4s, total=89.1s
    graph_cycle: train=82.3s, total=96.4s
    density_matrix: train=75.1s, total=88.7s
  Memory Peak: 1.27 GB
  Recalls: amplitude: 100%, angle_encoding: 100%, graph_cycle: 100%, density_matrix: 100%, ensemble: 100%
  [CHECKPOINT] Saved

================================================================================
Event 11507 (18/100)
================================================================================
2025-10-29 18:18:33,323 - src.imputation.base_imputer - INFO - Fitting amplitude_embedding imputer on 11506 samples
2025-10-29 18:18:33,324 - src.imputation.base_imputer - INFO - Fitting graph_cycle_encoding imputer on 11506 samples
2025-10-29 18:18:33,324 - src.imputation.base_imputer - INFO - Fitting angle_encoding imputer on 11506 samples
2025-10-29 18:18:33,325 - src.imputation.base_imputer - INFO - Fitting density_matrix_optimized imputer on 11506 samples
2025-10-29 18:18:33,328 - src.imputation.amplitude_embedding - INFO - Learned position frequencies from 11506 samples. Normalization mode: uniform
2025-10-29 18:18:33,328 - src.imputation.base_imputer - INFO - amplitude_embedding imputer fitted successfully
2025-10-29 18:18:33,328 - src.imputation.base_imputer - INFO - Transforming 11506 samples with amplitude_embedding imputer
2025-10-29 18:18:33,328 - src.imputation.angle_encoding - INFO - Angle encoding uses fixed angular mapping (no learning from 11506 training samples)
2025-10-29 18:18:33,328 - src.imputation.graph_cycle_encoding - INFO - Graph/Cycle encoding uses fixed DFT basis and geometric distances (no learning from 11506 training samples)
2025-10-29 18:18:33,329 - src.imputation.base_imputer - INFO - angle_encoding imputer fitted successfully
2025-10-29 18:18:33,329 - src.imputation.base_imputer - INFO - graph_cycle_encoding imputer fitted successfully
2025-10-29 18:18:33,329 - src.imputation.base_imputer - INFO - Transforming 11506 samples with angle_encoding imputer
2025-10-29 18:18:33,329 - src.imputation.base_imputer - INFO - Transforming 11506 samples with graph_cycle_encoding imputer
2025-10-29 18:18:33,329 - src.imputation.density_matrix - INFO - Density matrix uses fixed quantum mechanical construction (no learning from 11506 training samples)
2025-10-29 18:18:33,329 - src.imputation.base_imputer - INFO - density_matrix_optimized imputer fitted successfully
2025-10-29 18:18:33,329 - src.imputation.base_imputer - INFO - Transforming 11506 samples with density_matrix_optimized imputer
2025-10-29 18:18:41,220 - src.imputation.base_imputer - INFO - Transformation complete: output shape (11506, 322)
2025-10-29 18:18:41,220 - src.imputation.base_imputer - INFO - Transforming 1 samples with angle_encoding imputer
2025-10-29 18:18:41,222 - src.imputation.base_imputer - INFO - Transformation complete: output shape (1, 322)
2025-10-29 18:18:41,304 - src.imputation.base_imputer - INFO - Transformation complete: output shape (11506, 377)
2025-10-29 18:18:41,305 - src.imputation.base_imputer - INFO - Transforming 1 samples with amplitude_embedding imputer
2025-10-29 18:18:41,307 - src.imputation.base_imputer - INFO - Transformation complete: output shape (1, 377)
2025-10-29 18:18:41,352 - src.imputation.base_imputer - INFO - Transformation complete: output shape (11506, 259)
2025-10-29 18:18:41,352 - src.imputation.base_imputer - INFO - Transforming 1 samples with density_matrix_optimized imputer
2025-10-29 18:18:41,354 - src.imputation.base_imputer - INFO - Transformation complete: output shape (1, 259)
2025-10-29 18:18:41,661 - src.imputation.base_imputer - INFO - Transformation complete: output shape (11506, 277)
2025-10-29 18:18:41,661 - src.imputation.base_imputer - INFO - Transforming 1 samples with graph_cycle_encoding imputer
2025-10-29 18:18:41,663 - src.imputation.base_imputer - INFO - Transformation complete: output shape (1, 277)
2025-10-29 18:18:46,937 - src.modeling.rankers.lgbm_ranker - INFO - Training LGBMRanker on 11506 events...
2025-10-29 18:18:47,033 - src.modeling.rankers.lgbm_ranker - INFO - Training LGBMRanker on 11506 events...
2025-10-29 18:18:47,077 - src.modeling.rankers.lgbm_ranker - INFO - Computed position frequencies: 39 positions
2025-10-29 18:18:47,117 - src.modeling.rankers.lgbm_ranker - INFO - Training LGBMRanker on 11506 events...
2025-10-29 18:18:47,177 - src.modeling.rankers.lgbm_ranker - INFO - Computed position frequencies: 39 positions
2025-10-29 18:18:47,214 - src.modeling.rankers.lgbm_ranker - INFO - Training LGBMRanker on 11506 events...
2025-10-29 18:18:47,264 - src.modeling.rankers.lgbm_ranker - INFO - Computed position frequencies: 39 positions
2025-10-29 18:18:47,355 - src.modeling.rankers.lgbm_ranker - INFO - Computed position frequencies: 39 positions
2025-10-29 18:20:00,423 - src.modeling.rankers.lgbm_ranker - INFO - Transformed to ranking format: 448734 samples (11506 groups of 39 positions each)
2025-10-29 18:20:00,423 - src.modeling.rankers.lgbm_ranker - INFO - Training LightGBM model...
/usr/local/lib/python3.10/dist-packages/lightgbm/sklearn.py:861: UserWarning: Found 'ndcg_eval_at' in params. Will use it instead of 'eval_at' argument
  _log_warning(f"Found '{alias}' in params. Will use it instead of 'eval_at' argument")
2025-10-29 18:20:01,420 - src.modeling.rankers.lgbm_ranker - INFO - Transformed to ranking format: 448734 samples (11506 groups of 39 positions each)
2025-10-29 18:20:01,420 - src.modeling.rankers.lgbm_ranker - INFO - Training LightGBM model...
/usr/local/lib/python3.10/dist-packages/lightgbm/sklearn.py:861: UserWarning: Found 'ndcg_eval_at' in params. Will use it instead of 'eval_at' argument
  _log_warning(f"Found '{alias}' in params. Will use it instead of 'eval_at' argument")
2025-10-29 18:20:02,108 - src.modeling.rankers.lgbm_ranker - INFO - Top-5 most important features:
2025-10-29 18:20:02,108 - src.modeling.rankers.lgbm_ranker - INFO -   position_frequency: 353.00
2025-10-29 18:20:02,108 - src.modeling.rankers.lgbm_ranker - INFO -   min_distance: 348.00
2025-10-29 18:20:02,108 - src.modeling.rankers.lgbm_ranker - INFO -   position_id: 294.00
2025-10-29 18:20:02,108 - src.modeling.rankers.lgbm_ranker - INFO -   tunneling: 288.00
2025-10-29 18:20:02,108 - src.modeling.rankers.lgbm_ranker - INFO -   density_window_0: 158.00
2025-10-29 18:20:02,108 - src.modeling.rankers.lgbm_ranker - INFO - ✓ Training completed in 75.17 seconds
2025-10-29 18:20:02,108 - src.modeling.rankers.lgbm_ranker - INFO - ✓ LGBMRanker training successful
2025-10-29 18:20:02,129 - src.modeling.rankers.lgbm_ranker - INFO - Predicting top-20 for 1 test events...
/usr/local/lib/python3.10/dist-packages/lightgbm/sklearn.py:861: UserWarning: Found 'ndcg_eval_at' in params. Will use it instead of 'eval_at' argument
  _log_warning(f"Found '{alias}' in params. Will use it instead of 'eval_at' argument")
2025-10-29 18:20:02,137 - src.modeling.rankers.lgbm_ranker - INFO - ✓ Predictions generated for 1 events
2025-10-29 18:20:02,558 - src.modeling.rankers.lgbm_ranker - INFO - Top-5 most important features:
2025-10-29 18:20:02,558 - src.modeling.rankers.lgbm_ranker - INFO -   position_frequency: 265.00
2025-10-29 18:20:02,558 - src.modeling.rankers.lgbm_ranker - INFO -   aggregate_0: 260.00
2025-10-29 18:20:02,559 - src.modeling.rankers.lgbm_ranker - INFO -   position_id: 174.00
2025-10-29 18:20:02,559 - src.modeling.rankers.lgbm_ranker - INFO -   aggregate_1: 126.00
2025-10-29 18:20:02,559 - src.modeling.rankers.lgbm_ranker - INFO -   density_window_0: 99.00
2025-10-29 18:20:02,559 - src.modeling.rankers.lgbm_ranker - INFO - ✓ Training completed in 75.44 seconds
2025-10-29 18:20:02,559 - src.modeling.rankers.lgbm_ranker - INFO - ✓ LGBMRanker training successful
2025-10-29 18:20:02,569 - src.modeling.rankers.lgbm_ranker - INFO - Predicting top-20 for 1 test events...
/usr/local/lib/python3.10/dist-packages/lightgbm/sklearn.py:861: UserWarning: Found 'ndcg_eval_at' in params. Will use it instead of 'eval_at' argument
  _log_warning(f"Found '{alias}' in params. Will use it instead of 'eval_at' argument")
2025-10-29 18:20:02,577 - src.modeling.rankers.lgbm_ranker - INFO - ✓ Predictions generated for 1 events
2025-10-29 18:20:06,186 - src.modeling.rankers.lgbm_ranker - INFO - Transformed to ranking format: 448734 samples (11506 groups of 39 positions each)
2025-10-29 18:20:06,187 - src.modeling.rankers.lgbm_ranker - INFO - Training LightGBM model...
/usr/local/lib/python3.10/dist-packages/lightgbm/sklearn.py:861: UserWarning: Found 'ndcg_eval_at' in params. Will use it instead of 'eval_at' argument
  _log_warning(f"Found '{alias}' in params. Will use it instead of 'eval_at' argument")
2025-10-29 18:20:08,579 - src.modeling.rankers.lgbm_ranker - INFO - Transformed to ranking format: 448734 samples (11506 groups of 39 positions each)
2025-10-29 18:20:08,579 - src.modeling.rankers.lgbm_ranker - INFO - Training LightGBM model...
/usr/local/lib/python3.10/dist-packages/lightgbm/sklearn.py:861: UserWarning: Found 'ndcg_eval_at' in params. Will use it instead of 'eval_at' argument
  _log_warning(f"Found '{alias}' in params. Will use it instead of 'eval_at' argument")
2025-10-29 18:20:09,222 - src.modeling.rankers.lgbm_ranker - INFO - Top-5 most important features:
2025-10-29 18:20:09,222 - src.modeling.rankers.lgbm_ranker - INFO -   tunneling: 423.00
2025-10-29 18:20:09,222 - src.modeling.rankers.lgbm_ranker - INFO -   min_distance: 261.00
2025-10-29 18:20:09,222 - src.modeling.rankers.lgbm_ranker - INFO -   position_id: 238.00
2025-10-29 18:20:09,222 - src.modeling.rankers.lgbm_ranker - INFO -   dft_45: 179.00
2025-10-29 18:20:09,222 - src.modeling.rankers.lgbm_ranker - INFO -   density_window_0: 179.00
2025-10-29 18:20:09,222 - src.modeling.rankers.lgbm_ranker - INFO - ✓ Training completed in 82.01 seconds
2025-10-29 18:20:09,222 - src.modeling.rankers.lgbm_ranker - INFO - ✓ LGBMRanker training successful
2025-10-29 18:20:09,269 - src.modeling.rankers.lgbm_ranker - INFO - Predicting top-20 for 1 test events...
/usr/local/lib/python3.10/dist-packages/lightgbm/sklearn.py:861: UserWarning: Found 'ndcg_eval_at' in params. Will use it instead of 'eval_at' argument
  _log_warning(f"Found '{alias}' in params. Will use it instead of 'eval_at' argument")
2025-10-29 18:20:09,277 - src.modeling.rankers.lgbm_ranker - INFO - ✓ Predictions generated for 1 events
2025-10-29 18:20:09,597 - src.modeling.rankers.lgbm_ranker - INFO - Top-5 most important features:
2025-10-29 18:20:09,597 - src.modeling.rankers.lgbm_ranker - INFO -   position_frequency: 347.00
2025-10-29 18:20:09,597 - src.modeling.rankers.lgbm_ranker - INFO -   position_id: 296.00
2025-10-29 18:20:09,597 - src.modeling.rankers.lgbm_ranker - INFO -   tunneling: 231.00
2025-10-29 18:20:09,597 - src.modeling.rankers.lgbm_ranker - INFO -   min_distance: 170.00
2025-10-29 18:20:09,597 - src.modeling.rankers.lgbm_ranker - INFO -   density_window_0: 144.00
2025-10-29 18:20:09,597 - src.modeling.rankers.lgbm_ranker - INFO - ✓ Training completed in 82.56 seconds
2025-10-29 18:20:09,597 - src.modeling.rankers.lgbm_ranker - INFO - ✓ LGBMRanker training successful
2025-10-29 18:20:09,600 - src.modeling.rankers.lgbm_ranker - INFO - Predicting top-20 for 1 test events...
/usr/local/lib/python3.10/dist-packages/lightgbm/sklearn.py:861: UserWarning: Found 'ndcg_eval_at' in params. Will use it instead of 'eval_at' argument
  _log_warning(f"Found '{alias}' in params. Will use it instead of 'eval_at' argument")
2025-10-29 18:20:09,609 - src.modeling.rankers.lgbm_ranker - INFO - ✓ Predictions generated for 1 events

  Event Duration: 96.5s
  Parallel Exec:  96.5s
  Model Training Times:
    amplitude: train=82.6s, total=96.3s
    angle_encoding: train=75.4s, total=89.3s
    graph_cycle: train=82.1s, total=96.0s
    density_matrix: train=75.2s, total=88.8s
  Memory Peak: 1.59 GB
  Recalls: amplitude: 100%, angle_encoding: 100%, graph_cycle: 100%, density_matrix: 100%, ensemble: 100%
  [CHECKPOINT] Saved

================================================================================
Event 11508 (19/100)
================================================================================
2025-10-29 18:20:09,795 - src.imputation.base_imputer - INFO - Fitting amplitude_embedding imputer on 11507 samples
2025-10-29 18:20:09,796 - src.imputation.base_imputer - INFO - Fitting graph_cycle_encoding imputer on 11507 samples
2025-10-29 18:20:09,796 - src.imputation.base_imputer - INFO - Fitting density_matrix_optimized imputer on 11507 samples
2025-10-29 18:20:09,796 - src.imputation.base_imputer - INFO - Fitting angle_encoding imputer on 11507 samples
2025-10-29 18:20:09,799 - src.imputation.amplitude_embedding - INFO - Learned position frequencies from 11507 samples. Normalization mode: uniform
2025-10-29 18:20:09,799 - src.imputation.base_imputer - INFO - amplitude_embedding imputer fitted successfully
2025-10-29 18:20:09,799 - src.imputation.base_imputer - INFO - Transforming 11507 samples with amplitude_embedding imputer
2025-10-29 18:20:09,800 - src.imputation.density_matrix - INFO - Density matrix uses fixed quantum mechanical construction (no learning from 11507 training samples)
2025-10-29 18:20:09,800 - src.imputation.angle_encoding - INFO - Angle encoding uses fixed angular mapping (no learning from 11507 training samples)
2025-10-29 18:20:09,800 - src.imputation.graph_cycle_encoding - INFO - Graph/Cycle encoding uses fixed DFT basis and geometric distances (no learning from 11507 training samples)
2025-10-29 18:20:09,800 - src.imputation.base_imputer - INFO - density_matrix_optimized imputer fitted successfully
2025-10-29 18:20:09,800 - src.imputation.base_imputer - INFO - angle_encoding imputer fitted successfully
2025-10-29 18:20:09,800 - src.imputation.base_imputer - INFO - graph_cycle_encoding imputer fitted successfully
2025-10-29 18:20:09,800 - src.imputation.base_imputer - INFO - Transforming 11507 samples with density_matrix_optimized imputer
2025-10-29 18:20:09,800 - src.imputation.base_imputer - INFO - Transforming 11507 samples with angle_encoding imputer
2025-10-29 18:20:09,800 - src.imputation.base_imputer - INFO - Transforming 11507 samples with graph_cycle_encoding imputer
2025-10-29 18:20:17,462 - src.imputation.base_imputer - INFO - Transformation complete: output shape (11507, 322)
2025-10-29 18:20:17,463 - src.imputation.base_imputer - INFO - Transforming 1 samples with angle_encoding imputer
2025-10-29 18:20:17,465 - src.imputation.base_imputer - INFO - Transformation complete: output shape (1, 322)
2025-10-29 18:20:17,822 - src.imputation.base_imputer - INFO - Transformation complete: output shape (11507, 377)
2025-10-29 18:20:17,822 - src.imputation.base_imputer - INFO - Transforming 1 samples with amplitude_embedding imputer
2025-10-29 18:20:17,824 - src.imputation.base_imputer - INFO - Transformation complete: output shape (11507, 259)
2025-10-29 18:20:17,824 - src.imputation.base_imputer - INFO - Transformation complete: output shape (1, 377)
2025-10-29 18:20:17,824 - src.imputation.base_imputer - INFO - Transforming 1 samples with density_matrix_optimized imputer
2025-10-29 18:20:17,826 - src.imputation.base_imputer - INFO - Transformation complete: output shape (1, 259)
2025-10-29 18:20:18,422 - src.imputation.base_imputer - INFO - Transformation complete: output shape (11507, 277)
2025-10-29 18:20:18,422 - src.imputation.base_imputer - INFO - Transforming 1 samples with graph_cycle_encoding imputer
2025-10-29 18:20:18,424 - src.imputation.base_imputer - INFO - Transformation complete: output shape (1, 277)
2025-10-29 18:20:23,076 - src.modeling.rankers.lgbm_ranker - INFO - Training LGBMRanker on 11507 events...
2025-10-29 18:20:23,216 - src.modeling.rankers.lgbm_ranker - INFO - Computed position frequencies: 39 positions
2025-10-29 18:20:23,445 - src.modeling.rankers.lgbm_ranker - INFO - Training LGBMRanker on 11507 events...
2025-10-29 18:20:23,585 - src.modeling.rankers.lgbm_ranker - INFO - Computed position frequencies: 39 positions
2025-10-29 18:20:23,635 - src.modeling.rankers.lgbm_ranker - INFO - Training LGBMRanker on 11507 events...
2025-10-29 18:20:23,780 - src.modeling.rankers.lgbm_ranker - INFO - Computed position frequencies: 39 positions
2025-10-29 18:20:24,178 - src.modeling.rankers.lgbm_ranker - INFO - Training LGBMRanker on 11507 events...
2025-10-29 18:20:24,322 - src.modeling.rankers.lgbm_ranker - INFO - Computed position frequencies: 39 positions
2025-10-29 18:21:35,174 - src.modeling.rankers.lgbm_ranker - INFO - Transformed to ranking format: 448773 samples (11507 groups of 39 positions each)
2025-10-29 18:21:35,175 - src.modeling.rankers.lgbm_ranker - INFO - Training LightGBM model...
/usr/local/lib/python3.10/dist-packages/lightgbm/sklearn.py:861: UserWarning: Found 'ndcg_eval_at' in params. Will use it instead of 'eval_at' argument
  _log_warning(f"Found '{alias}' in params. Will use it instead of 'eval_at' argument")
2025-10-29 18:21:36,263 - src.modeling.rankers.lgbm_ranker - INFO - Top-5 most important features:
2025-10-29 18:21:36,263 - src.modeling.rankers.lgbm_ranker - INFO -   aggregate_0: 290.00
2025-10-29 18:21:36,263 - src.modeling.rankers.lgbm_ranker - INFO -   position_frequency: 279.00
2025-10-29 18:21:36,263 - src.modeling.rankers.lgbm_ranker - INFO -   position_id: 244.00
2025-10-29 18:21:36,263 - src.modeling.rankers.lgbm_ranker - INFO -   density_window_0: 99.00
2025-10-29 18:21:36,263 - src.modeling.rankers.lgbm_ranker - INFO -   aggregate_1: 93.00
2025-10-29 18:21:36,263 - src.modeling.rankers.lgbm_ranker - INFO - ✓ Training completed in 73.19 seconds
2025-10-29 18:21:36,263 - src.modeling.rankers.lgbm_ranker - INFO - ✓ LGBMRanker training successful
2025-10-29 18:21:36,274 - src.modeling.rankers.lgbm_ranker - INFO - Predicting top-20 for 1 test events...
/usr/local/lib/python3.10/dist-packages/lightgbm/sklearn.py:861: UserWarning: Found 'ndcg_eval_at' in params. Will use it instead of 'eval_at' argument
  _log_warning(f"Found '{alias}' in params. Will use it instead of 'eval_at' argument")
2025-10-29 18:21:36,282 - src.modeling.rankers.lgbm_ranker - INFO - ✓ Predictions generated for 1 events
2025-10-29 18:21:39,594 - src.modeling.rankers.lgbm_ranker - INFO - Transformed to ranking format: 448773 samples (11507 groups of 39 positions each)
2025-10-29 18:21:39,594 - src.modeling.rankers.lgbm_ranker - INFO - Training LightGBM model...
/usr/local/lib/python3.10/dist-packages/lightgbm/sklearn.py:861: UserWarning: Found 'ndcg_eval_at' in params. Will use it instead of 'eval_at' argument
  _log_warning(f"Found '{alias}' in params. Will use it instead of 'eval_at' argument")
2025-10-29 18:21:41,229 - src.modeling.rankers.lgbm_ranker - INFO - Top-5 most important features:
2025-10-29 18:21:41,229 - src.modeling.rankers.lgbm_ranker - INFO -   position_id: 428.00
2025-10-29 18:21:41,229 - src.modeling.rankers.lgbm_ranker - INFO -   tunneling: 327.00
2025-10-29 18:21:41,229 - src.modeling.rankers.lgbm_ranker - INFO -   position_frequency: 318.00
2025-10-29 18:21:41,229 - src.modeling.rankers.lgbm_ranker - INFO -   min_distance: 211.00
2025-10-29 18:21:41,229 - src.modeling.rankers.lgbm_ranker - INFO -   density_window_0: 201.00
2025-10-29 18:21:41,229 - src.modeling.rankers.lgbm_ranker - INFO - ✓ Training completed in 77.78 seconds
2025-10-29 18:21:41,229 - src.modeling.rankers.lgbm_ranker - INFO - ✓ LGBMRanker training successful
2025-10-29 18:21:41,241 - src.modeling.rankers.lgbm_ranker - INFO - Predicting top-20 for 1 test events...
/usr/local/lib/python3.10/dist-packages/lightgbm/sklearn.py:861: UserWarning: Found 'ndcg_eval_at' in params. Will use it instead of 'eval_at' argument
  _log_warning(f"Found '{alias}' in params. Will use it instead of 'eval_at' argument")
2025-10-29 18:21:41,250 - src.modeling.rankers.lgbm_ranker - INFO - ✓ Predictions generated for 1 events
2025-10-29 18:21:43,641 - src.modeling.rankers.lgbm_ranker - INFO - Transformed to ranking format: 448773 samples (11507 groups of 39 positions each)
2025-10-29 18:21:43,641 - src.modeling.rankers.lgbm_ranker - INFO - Training LightGBM model...
/usr/local/lib/python3.10/dist-packages/lightgbm/sklearn.py:861: UserWarning: Found 'ndcg_eval_at' in params. Will use it instead of 'eval_at' argument
  _log_warning(f"Found '{alias}' in params. Will use it instead of 'eval_at' argument")
2025-10-29 18:21:44,660 - src.modeling.rankers.lgbm_ranker - INFO - Top-5 most important features:
2025-10-29 18:21:44,660 - src.modeling.rankers.lgbm_ranker - INFO -   position_frequency: 307.00
2025-10-29 18:21:44,660 - src.modeling.rankers.lgbm_ranker - INFO -   position_id: 258.00
2025-10-29 18:21:44,660 - src.modeling.rankers.lgbm_ranker - INFO -   tunneling: 247.00
2025-10-29 18:21:44,660 - src.modeling.rankers.lgbm_ranker - INFO -   min_distance: 233.00
2025-10-29 18:21:44,660 - src.modeling.rankers.lgbm_ranker - INFO -   density_window_0: 85.00
2025-10-29 18:21:44,660 - src.modeling.rankers.lgbm_ranker - INFO - ✓ Training completed in 81.03 seconds
2025-10-29 18:21:44,660 - src.modeling.rankers.lgbm_ranker - INFO - ✓ LGBMRanker training successful
2025-10-29 18:21:44,664 - src.modeling.rankers.lgbm_ranker - INFO - Predicting top-20 for 1 test events...
/usr/local/lib/python3.10/dist-packages/lightgbm/sklearn.py:861: UserWarning: Found 'ndcg_eval_at' in params. Will use it instead of 'eval_at' argument
  _log_warning(f"Found '{alias}' in params. Will use it instead of 'eval_at' argument")
2025-10-29 18:21:44,672 - src.modeling.rankers.lgbm_ranker - INFO - ✓ Predictions generated for 1 events
2025-10-29 18:21:46,318 - src.modeling.rankers.lgbm_ranker - INFO - Transformed to ranking format: 448773 samples (11507 groups of 39 positions each)
2025-10-29 18:21:46,318 - src.modeling.rankers.lgbm_ranker - INFO - Training LightGBM model...
/usr/local/lib/python3.10/dist-packages/lightgbm/sklearn.py:861: UserWarning: Found 'ndcg_eval_at' in params. Will use it instead of 'eval_at' argument
  _log_warning(f"Found '{alias}' in params. Will use it instead of 'eval_at' argument")
2025-10-29 18:21:49,271 - src.modeling.rankers.lgbm_ranker - INFO - Top-5 most important features:
2025-10-29 18:21:49,271 - src.modeling.rankers.lgbm_ranker - INFO -   tunneling: 411.00
2025-10-29 18:21:49,271 - src.modeling.rankers.lgbm_ranker - INFO -   position_id: 253.00
2025-10-29 18:21:49,271 - src.modeling.rankers.lgbm_ranker - INFO -   min_distance: 240.00
2025-10-29 18:21:49,271 - src.modeling.rankers.lgbm_ranker - INFO -   dft_45: 204.00
2025-10-29 18:21:49,271 - src.modeling.rankers.lgbm_ranker - INFO -   density_window_0: 184.00
2025-10-29 18:21:49,271 - src.modeling.rankers.lgbm_ranker - INFO - ✓ Training completed in 85.09 seconds
2025-10-29 18:21:49,271 - src.modeling.rankers.lgbm_ranker - INFO - ✓ LGBMRanker training successful
2025-10-29 18:21:49,347 - src.modeling.rankers.lgbm_ranker - INFO - Predicting top-20 for 1 test events...
/usr/local/lib/python3.10/dist-packages/lightgbm/sklearn.py:861: UserWarning: Found 'ndcg_eval_at' in params. Will use it instead of 'eval_at' argument
  _log_warning(f"Found '{alias}' in params. Will use it instead of 'eval_at' argument")
2025-10-29 18:21:49,355 - src.modeling.rankers.lgbm_ranker - INFO - ✓ Predictions generated for 1 events

  Event Duration: 99.7s
  Parallel Exec:  99.7s
  Model Training Times:
    amplitude: train=81.0s, total=94.9s
    angle_encoding: train=73.2s, total=86.5s
    graph_cycle: train=85.2s, total=99.6s
    density_matrix: train=77.8s, total=91.5s
  Memory Peak: 1.27 GB
  Recalls: amplitude: 100%, angle_encoding: 100%, graph_cycle: 100%, density_matrix: 100%, ensemble: 100%
  [CHECKPOINT] Saved

================================================================================
Event 11509 (20/100)
================================================================================
2025-10-29 18:21:49,515 - src.imputation.base_imputer - INFO - Fitting amplitude_embedding imputer on 11508 samples
2025-10-29 18:21:49,517 - src.imputation.base_imputer - INFO - Fitting graph_cycle_encoding imputer on 11508 samples
2025-10-29 18:21:49,517 - src.imputation.base_imputer - INFO - Fitting density_matrix_optimized imputer on 11508 samples
2025-10-29 18:21:49,517 - src.imputation.base_imputer - INFO - Fitting angle_encoding imputer on 11508 samples
2025-10-29 18:21:49,520 - src.imputation.amplitude_embedding - INFO - Learned position frequencies from 11508 samples. Normalization mode: uniform
2025-10-29 18:21:49,520 - src.imputation.base_imputer - INFO - amplitude_embedding imputer fitted successfully
2025-10-29 18:21:49,520 - src.imputation.base_imputer - INFO - Transforming 11508 samples with amplitude_embedding imputer
2025-10-29 18:21:49,521 - src.imputation.angle_encoding - INFO - Angle encoding uses fixed angular mapping (no learning from 11508 training samples)
2025-10-29 18:21:49,521 - src.imputation.density_matrix - INFO - Density matrix uses fixed quantum mechanical construction (no learning from 11508 training samples)
2025-10-29 18:21:49,521 - src.imputation.graph_cycle_encoding - INFO - Graph/Cycle encoding uses fixed DFT basis and geometric distances (no learning from 11508 training samples)
2025-10-29 18:21:49,521 - src.imputation.base_imputer - INFO - angle_encoding imputer fitted successfully
2025-10-29 18:21:49,521 - src.imputation.base_imputer - INFO - density_matrix_optimized imputer fitted successfully
2025-10-29 18:21:49,521 - src.imputation.base_imputer - INFO - graph_cycle_encoding imputer fitted successfully
2025-10-29 18:21:49,521 - src.imputation.base_imputer - INFO - Transforming 11508 samples with angle_encoding imputer
2025-10-29 18:21:49,521 - src.imputation.base_imputer - INFO - Transforming 11508 samples with density_matrix_optimized imputer
2025-10-29 18:21:49,521 - src.imputation.base_imputer - INFO - Transforming 11508 samples with graph_cycle_encoding imputer
2025-10-29 18:21:57,220 - src.imputation.base_imputer - INFO - Transformation complete: output shape (11508, 322)
2025-10-29 18:21:57,220 - src.imputation.base_imputer - INFO - Transforming 1 samples with angle_encoding imputer
2025-10-29 18:21:57,222 - src.imputation.base_imputer - INFO - Transformation complete: output shape (1, 322)
2025-10-29 18:21:57,551 - src.imputation.base_imputer - INFO - Transformation complete: output shape (11508, 259)
2025-10-29 18:21:57,552 - src.imputation.base_imputer - INFO - Transforming 1 samples with density_matrix_optimized imputer
2025-10-29 18:21:57,554 - src.imputation.base_imputer - INFO - Transformation complete: output shape (1, 259)
2025-10-29 18:21:57,567 - src.imputation.base_imputer - INFO - Transformation complete: output shape (11508, 377)
2025-10-29 18:21:57,567 - src.imputation.base_imputer - INFO - Transforming 1 samples with amplitude_embedding imputer
2025-10-29 18:21:57,569 - src.imputation.base_imputer - INFO - Transformation complete: output shape (1, 377)
2025-10-29 18:21:58,124 - src.imputation.base_imputer - INFO - Transformation complete: output shape (11508, 277)
2025-10-29 18:21:58,124 - src.imputation.base_imputer - INFO - Transforming 1 samples with graph_cycle_encoding imputer
2025-10-29 18:21:58,126 - src.imputation.base_imputer - INFO - Transformation complete: output shape (1, 277)
2025-10-29 18:22:02,845 - src.modeling.rankers.lgbm_ranker - INFO - Training LGBMRanker on 11508 events...
2025-10-29 18:22:02,986 - src.modeling.rankers.lgbm_ranker - INFO - Computed position frequencies: 39 positions
2025-10-29 18:22:03,218 - src.modeling.rankers.lgbm_ranker - INFO - Training LGBMRanker on 11508 events...
2025-10-29 18:22:03,359 - src.modeling.rankers.lgbm_ranker - INFO - Computed position frequencies: 39 positions
2025-10-29 18:22:03,488 - src.modeling.rankers.lgbm_ranker - INFO - Training LGBMRanker on 11508 events...
2025-10-29 18:22:03,635 - src.modeling.rankers.lgbm_ranker - INFO - Computed position frequencies: 39 positions
2025-10-29 18:22:03,892 - src.modeling.rankers.lgbm_ranker - INFO - Training LGBMRanker on 11508 events...
2025-10-29 18:22:04,039 - src.modeling.rankers.lgbm_ranker - INFO - Computed position frequencies: 39 positions
2025-10-29 18:23:16,306 - src.modeling.rankers.lgbm_ranker - INFO - Transformed to ranking format: 448812 samples (11508 groups of 39 positions each)
2025-10-29 18:23:16,306 - src.modeling.rankers.lgbm_ranker - INFO - Training LightGBM model...
/usr/local/lib/python3.10/dist-packages/lightgbm/sklearn.py:861: UserWarning: Found 'ndcg_eval_at' in params. Will use it instead of 'eval_at' argument
  _log_warning(f"Found '{alias}' in params. Will use it instead of 'eval_at' argument")
2025-10-29 18:23:17,468 - src.modeling.rankers.lgbm_ranker - INFO - Top-5 most important features:
2025-10-29 18:23:17,468 - src.modeling.rankers.lgbm_ranker - INFO -   aggregate_0: 307.00
2025-10-29 18:23:17,468 - src.modeling.rankers.lgbm_ranker - INFO -   position_frequency: 247.00
2025-10-29 18:23:17,468 - src.modeling.rankers.lgbm_ranker - INFO -   position_id: 232.00
2025-10-29 18:23:17,468 - src.modeling.rankers.lgbm_ranker - INFO -   aggregate_1: 100.00
2025-10-29 18:23:17,468 - src.modeling.rankers.lgbm_ranker - INFO -   tunneling: 93.00
2025-10-29 18:23:17,468 - src.modeling.rankers.lgbm_ranker - INFO - ✓ Training completed in 74.62 seconds
2025-10-29 18:23:17,468 - src.modeling.rankers.lgbm_ranker - INFO - ✓ LGBMRanker training successful
2025-10-29 18:23:17,479 - src.modeling.rankers.lgbm_ranker - INFO - Predicting top-20 for 1 test events...
/usr/local/lib/python3.10/dist-packages/lightgbm/sklearn.py:861: UserWarning: Found 'ndcg_eval_at' in params. Will use it instead of 'eval_at' argument
  _log_warning(f"Found '{alias}' in params. Will use it instead of 'eval_at' argument")
2025-10-29 18:23:17,487 - src.modeling.rankers.lgbm_ranker - INFO - ✓ Predictions generated for 1 events
2025-10-29 18:23:17,589 - src.modeling.rankers.lgbm_ranker - INFO - Transformed to ranking format: 448812 samples (11508 groups of 39 positions each)
2025-10-29 18:23:17,589 - src.modeling.rankers.lgbm_ranker - INFO - Training LightGBM model...
/usr/local/lib/python3.10/dist-packages/lightgbm/sklearn.py:861: UserWarning: Found 'ndcg_eval_at' in params. Will use it instead of 'eval_at' argument
  _log_warning(f"Found '{alias}' in params. Will use it instead of 'eval_at' argument")
2025-10-29 18:23:19,164 - src.modeling.rankers.lgbm_ranker - INFO - Top-5 most important features:
2025-10-29 18:23:19,164 - src.modeling.rankers.lgbm_ranker - INFO -   position_id: 431.00
2025-10-29 18:23:19,164 - src.modeling.rankers.lgbm_ranker - INFO -   tunneling: 301.00
2025-10-29 18:23:19,164 - src.modeling.rankers.lgbm_ranker - INFO -   position_frequency: 243.00
2025-10-29 18:23:19,164 - src.modeling.rankers.lgbm_ranker - INFO -   min_distance: 239.00
2025-10-29 18:23:19,164 - src.modeling.rankers.lgbm_ranker - INFO -   density_window_0: 181.00
2025-10-29 18:23:19,164 - src.modeling.rankers.lgbm_ranker - INFO - ✓ Training completed in 75.95 seconds
2025-10-29 18:23:19,164 - src.modeling.rankers.lgbm_ranker - INFO - ✓ LGBMRanker training successful
2025-10-29 18:23:19,182 - src.modeling.rankers.lgbm_ranker - INFO - Predicting top-20 for 1 test events...
/usr/local/lib/python3.10/dist-packages/lightgbm/sklearn.py:861: UserWarning: Found 'ndcg_eval_at' in params. Will use it instead of 'eval_at' argument
  _log_warning(f"Found '{alias}' in params. Will use it instead of 'eval_at' argument")
2025-10-29 18:23:19,190 - src.modeling.rankers.lgbm_ranker - INFO - ✓ Predictions generated for 1 events
2025-10-29 18:23:25,950 - src.modeling.rankers.lgbm_ranker - INFO - Transformed to ranking format: 448812 samples (11508 groups of 39 positions each)
2025-10-29 18:23:25,950 - src.modeling.rankers.lgbm_ranker - INFO - Training LightGBM model...
/usr/local/lib/python3.10/dist-packages/lightgbm/sklearn.py:861: UserWarning: Found 'ndcg_eval_at' in params. Will use it instead of 'eval_at' argument
  _log_warning(f"Found '{alias}' in params. Will use it instead of 'eval_at' argument")
2025-10-29 18:23:26,255 - src.modeling.rankers.lgbm_ranker - INFO - Transformed to ranking format: 448812 samples (11508 groups of 39 positions each)
2025-10-29 18:23:26,255 - src.modeling.rankers.lgbm_ranker - INFO - Training LightGBM model...
/usr/local/lib/python3.10/dist-packages/lightgbm/sklearn.py:861: UserWarning: Found 'ndcg_eval_at' in params. Will use it instead of 'eval_at' argument
  _log_warning(f"Found '{alias}' in params. Will use it instead of 'eval_at' argument")
2025-10-29 18:23:27,273 - src.modeling.rankers.lgbm_ranker - INFO - Top-5 most important features:
2025-10-29 18:23:27,274 - src.modeling.rankers.lgbm_ranker - INFO -   position_frequency: 320.00
2025-10-29 18:23:27,274 - src.modeling.rankers.lgbm_ranker - INFO -   tunneling: 224.00
2025-10-29 18:23:27,274 - src.modeling.rankers.lgbm_ranker - INFO -   min_distance: 222.00
2025-10-29 18:23:27,274 - src.modeling.rankers.lgbm_ranker - INFO -   position_id: 209.00
2025-10-29 18:23:27,274 - src.modeling.rankers.lgbm_ranker - INFO -   density_window_0: 102.00
2025-10-29 18:23:27,274 - src.modeling.rankers.lgbm_ranker - INFO - ✓ Training completed in 83.79 seconds
2025-10-29 18:23:27,274 - src.modeling.rankers.lgbm_ranker - INFO - ✓ LGBMRanker training successful
2025-10-29 18:23:27,278 - src.modeling.rankers.lgbm_ranker - INFO - Predicting top-20 for 1 test events...
/usr/local/lib/python3.10/dist-packages/lightgbm/sklearn.py:861: UserWarning: Found 'ndcg_eval_at' in params. Will use it instead of 'eval_at' argument
  _log_warning(f"Found '{alias}' in params. Will use it instead of 'eval_at' argument")
2025-10-29 18:23:27,287 - src.modeling.rankers.lgbm_ranker - INFO - ✓ Predictions generated for 1 events
2025-10-29 18:23:28,958 - src.modeling.rankers.lgbm_ranker - INFO - Top-5 most important features:
2025-10-29 18:23:28,958 - src.modeling.rankers.lgbm_ranker - INFO -   tunneling: 398.00
2025-10-29 18:23:28,958 - src.modeling.rankers.lgbm_ranker - INFO -   position_id: 283.00
2025-10-29 18:23:28,958 - src.modeling.rankers.lgbm_ranker - INFO -   min_distance: 234.00
2025-10-29 18:23:28,958 - src.modeling.rankers.lgbm_ranker - INFO -   density_window_0: 182.00
2025-10-29 18:23:28,958 - src.modeling.rankers.lgbm_ranker - INFO -   dft_45: 180.00
2025-10-29 18:23:28,958 - src.modeling.rankers.lgbm_ranker - INFO - ✓ Training completed in 85.07 seconds
2025-10-29 18:23:28,958 - src.modeling.rankers.lgbm_ranker - INFO - ✓ LGBMRanker training successful
2025-10-29 18:23:29,005 - src.modeling.rankers.lgbm_ranker - INFO - Predicting top-20 for 1 test events...
/usr/local/lib/python3.10/dist-packages/lightgbm/sklearn.py:861: UserWarning: Found 'ndcg_eval_at' in params. Will use it instead of 'eval_at' argument
  _log_warning(f"Found '{alias}' in params. Will use it instead of 'eval_at' argument")
2025-10-29 18:23:29,013 - src.modeling.rankers.lgbm_ranker - INFO - ✓ Predictions generated for 1 events

  Event Duration: 99.7s
  Parallel Exec:  99.7s
  Model Training Times:
    amplitude: train=83.8s, total=97.8s
    angle_encoding: train=74.6s, total=88.0s
    graph_cycle: train=85.1s, total=99.5s
    density_matrix: train=76.0s, total=89.7s
  Memory Peak: 1.59 GB
  Recalls: amplitude: 100%, angle_encoding: 100%, graph_cycle: 100%, density_matrix: 100%, ensemble: 100%
  [CHECKPOINT] Saved

================================================================================
Event 11510 (21/100)
================================================================================
2025-10-29 18:23:29,194 - src.imputation.base_imputer - INFO - Fitting amplitude_embedding imputer on 11509 samples
2025-10-29 18:23:29,194 - src.imputation.base_imputer - INFO - Fitting angle_encoding imputer on 11509 samples
2025-10-29 18:23:29,194 - src.imputation.base_imputer - INFO - Fitting density_matrix_optimized imputer on 11509 samples
2025-10-29 18:23:29,195 - src.imputation.base_imputer - INFO - Fitting graph_cycle_encoding imputer on 11509 samples
2025-10-29 18:23:29,198 - src.imputation.amplitude_embedding - INFO - Learned position frequencies from 11509 samples. Normalization mode: uniform
2025-10-29 18:23:29,198 - src.imputation.base_imputer - INFO - amplitude_embedding imputer fitted successfully
2025-10-29 18:23:29,198 - src.imputation.base_imputer - INFO - Transforming 11509 samples with amplitude_embedding imputer
2025-10-29 18:23:29,198 - src.imputation.angle_encoding - INFO - Angle encoding uses fixed angular mapping (no learning from 11509 training samples)
2025-10-29 18:23:29,198 - src.imputation.base_imputer - INFO - angle_encoding imputer fitted successfully
2025-10-29 18:23:29,198 - src.imputation.density_matrix - INFO - Density matrix uses fixed quantum mechanical construction (no learning from 11509 training samples)
2025-10-29 18:23:29,198 - src.imputation.base_imputer - INFO - Transforming 11509 samples with angle_encoding imputer
2025-10-29 18:23:29,199 - src.imputation.base_imputer - INFO - density_matrix_optimized imputer fitted successfully
2025-10-29 18:23:29,199 - src.imputation.base_imputer - INFO - Transforming 11509 samples with density_matrix_optimized imputer
2025-10-29 18:23:29,199 - src.imputation.graph_cycle_encoding - INFO - Graph/Cycle encoding uses fixed DFT basis and geometric distances (no learning from 11509 training samples)
2025-10-29 18:23:29,199 - src.imputation.base_imputer - INFO - graph_cycle_encoding imputer fitted successfully
2025-10-29 18:23:29,199 - src.imputation.base_imputer - INFO - Transforming 11509 samples with graph_cycle_encoding imputer
2025-10-29 18:23:36,917 - src.imputation.base_imputer - INFO - Transformation complete: output shape (11509, 322)
2025-10-29 18:23:36,917 - src.imputation.base_imputer - INFO - Transforming 1 samples with angle_encoding imputer
2025-10-29 18:23:36,919 - src.imputation.base_imputer - INFO - Transformation complete: output shape (1, 322)
2025-10-29 18:23:37,197 - src.imputation.base_imputer - INFO - Transformation complete: output shape (11509, 377)
2025-10-29 18:23:37,197 - src.imputation.base_imputer - INFO - Transforming 1 samples with amplitude_embedding imputer
2025-10-29 18:23:37,199 - src.imputation.base_imputer - INFO - Transformation complete: output shape (1, 377)
2025-10-29 18:23:37,248 - src.imputation.base_imputer - INFO - Transformation complete: output shape (11509, 259)
2025-10-29 18:23:37,248 - src.imputation.base_imputer - INFO - Transforming 1 samples with density_matrix_optimized imputer
2025-10-29 18:23:37,250 - src.imputation.base_imputer - INFO - Transformation complete: output shape (1, 259)
2025-10-29 18:23:37,825 - src.imputation.base_imputer - INFO - Transformation complete: output shape (11509, 277)
2025-10-29 18:23:37,825 - src.imputation.base_imputer - INFO - Transforming 1 samples with graph_cycle_encoding imputer
2025-10-29 18:23:37,827 - src.imputation.base_imputer - INFO - Transformation complete: output shape (1, 277)
2025-10-29 18:23:42,585 - src.modeling.rankers.lgbm_ranker - INFO - Training LGBMRanker on 11509 events...
2025-10-29 18:23:42,729 - src.modeling.rankers.lgbm_ranker - INFO - Computed position frequencies: 39 positions
2025-10-29 18:23:42,862 - src.modeling.rankers.lgbm_ranker - INFO - Training LGBMRanker on 11509 events...
2025-10-29 18:23:43,003 - src.modeling.rankers.lgbm_ranker - INFO - Computed position frequencies: 39 positions
2025-10-29 18:23:43,053 - src.modeling.rankers.lgbm_ranker - INFO - Training LGBMRanker on 11509 events...
2025-10-29 18:23:43,202 - src.modeling.rankers.lgbm_ranker - INFO - Computed position frequencies: 39 positions
2025-10-29 18:23:43,631 - src.modeling.rankers.lgbm_ranker - INFO - Training LGBMRanker on 11509 events...
2025-10-29 18:23:43,779 - src.modeling.rankers.lgbm_ranker - INFO - Computed position frequencies: 39 positions
2025-10-29 18:24:55,002 - src.modeling.rankers.lgbm_ranker - INFO - Transformed to ranking format: 448851 samples (11509 groups of 39 positions each)
2025-10-29 18:24:55,002 - src.modeling.rankers.lgbm_ranker - INFO - Training LightGBM model...
/usr/local/lib/python3.10/dist-packages/lightgbm/sklearn.py:861: UserWarning: Found 'ndcg_eval_at' in params. Will use it instead of 'eval_at' argument
  _log_warning(f"Found '{alias}' in params. Will use it instead of 'eval_at' argument")
2025-10-29 18:24:56,202 - src.modeling.rankers.lgbm_ranker - INFO - Top-5 most important features:
2025-10-29 18:24:56,203 - src.modeling.rankers.lgbm_ranker - INFO -   aggregate_0: 312.00
2025-10-29 18:24:56,203 - src.modeling.rankers.lgbm_ranker - INFO -   position_frequency: 244.00
2025-10-29 18:24:56,203 - src.modeling.rankers.lgbm_ranker - INFO -   position_id: 187.00
2025-10-29 18:24:56,203 - src.modeling.rankers.lgbm_ranker - INFO -   aggregate_1: 123.00
2025-10-29 18:24:56,203 - src.modeling.rankers.lgbm_ranker - INFO -   aggregate_4: 93.00
2025-10-29 18:24:56,203 - src.modeling.rankers.lgbm_ranker - INFO - ✓ Training completed in 73.62 seconds
2025-10-29 18:24:56,203 - src.modeling.rankers.lgbm_ranker - INFO - ✓ LGBMRanker training successful
2025-10-29 18:24:56,214 - src.modeling.rankers.lgbm_ranker - INFO - Predicting top-20 for 1 test events...
/usr/local/lib/python3.10/dist-packages/lightgbm/sklearn.py:861: UserWarning: Found 'ndcg_eval_at' in params. Will use it instead of 'eval_at' argument
  _log_warning(f"Found '{alias}' in params. Will use it instead of 'eval_at' argument")
2025-10-29 18:24:56,222 - src.modeling.rankers.lgbm_ranker - INFO - ✓ Predictions generated for 1 events
2025-10-29 18:24:57,449 - src.modeling.rankers.lgbm_ranker - INFO - Transformed to ranking format: 448851 samples (11509 groups of 39 positions each)
2025-10-29 18:24:57,450 - src.modeling.rankers.lgbm_ranker - INFO - Training LightGBM model...
/usr/local/lib/python3.10/dist-packages/lightgbm/sklearn.py:861: UserWarning: Found 'ndcg_eval_at' in params. Will use it instead of 'eval_at' argument
  _log_warning(f"Found '{alias}' in params. Will use it instead of 'eval_at' argument")
2025-10-29 18:24:59,007 - src.modeling.rankers.lgbm_ranker - INFO - Top-5 most important features:
2025-10-29 18:24:59,007 - src.modeling.rankers.lgbm_ranker - INFO -   position_id: 382.00
2025-10-29 18:24:59,007 - src.modeling.rankers.lgbm_ranker - INFO -   tunneling: 322.00
2025-10-29 18:24:59,007 - src.modeling.rankers.lgbm_ranker - INFO -   min_distance: 296.00
2025-10-29 18:24:59,007 - src.modeling.rankers.lgbm_ranker - INFO -   position_frequency: 293.00
2025-10-29 18:24:59,007 - src.modeling.rankers.lgbm_ranker - INFO -   density_window_0: 196.00
2025-10-29 18:24:59,008 - src.modeling.rankers.lgbm_ranker - INFO - ✓ Training completed in 76.14 seconds
2025-10-29 18:24:59,008 - src.modeling.rankers.lgbm_ranker - INFO - ✓ LGBMRanker training successful
2025-10-29 18:24:59,028 - src.modeling.rankers.lgbm_ranker - INFO - Predicting top-20 for 1 test events...
/usr/local/lib/python3.10/dist-packages/lightgbm/sklearn.py:861: UserWarning: Found 'ndcg_eval_at' in params. Will use it instead of 'eval_at' argument
  _log_warning(f"Found '{alias}' in params. Will use it instead of 'eval_at' argument")
2025-10-29 18:24:59,036 - src.modeling.rankers.lgbm_ranker - INFO - ✓ Predictions generated for 1 events
2025-10-29 18:25:05,749 - src.modeling.rankers.lgbm_ranker - INFO - Transformed to ranking format: 448851 samples (11509 groups of 39 positions each)
2025-10-29 18:25:05,749 - src.modeling.rankers.lgbm_ranker - INFO - Training LightGBM model...
/usr/local/lib/python3.10/dist-packages/lightgbm/sklearn.py:861: UserWarning: Found 'ndcg_eval_at' in params. Will use it instead of 'eval_at' argument
  _log_warning(f"Found '{alias}' in params. Will use it instead of 'eval_at' argument")
2025-10-29 18:25:06,152 - src.modeling.rankers.lgbm_ranker - INFO - Transformed to ranking format: 448851 samples (11509 groups of 39 positions each)
2025-10-29 18:25:06,152 - src.modeling.rankers.lgbm_ranker - INFO - Training LightGBM model...
/usr/local/lib/python3.10/dist-packages/lightgbm/sklearn.py:861: UserWarning: Found 'ndcg_eval_at' in params. Will use it instead of 'eval_at' argument
  _log_warning(f"Found '{alias}' in params. Will use it instead of 'eval_at' argument")
2025-10-29 18:25:07,180 - src.modeling.rankers.lgbm_ranker - INFO - Top-5 most important features:
2025-10-29 18:25:07,180 - src.modeling.rankers.lgbm_ranker - INFO -   position_frequency: 361.00
2025-10-29 18:25:07,180 - src.modeling.rankers.lgbm_ranker - INFO -   position_id: 304.00
2025-10-29 18:25:07,180 - src.modeling.rankers.lgbm_ranker - INFO -   min_distance: 221.00
2025-10-29 18:25:07,180 - src.modeling.rankers.lgbm_ranker - INFO -   tunneling: 218.00
2025-10-29 18:25:07,180 - src.modeling.rankers.lgbm_ranker - INFO -   density_window_0: 127.00
2025-10-29 18:25:07,180 - src.modeling.rankers.lgbm_ranker - INFO - ✓ Training completed in 84.13 seconds
2025-10-29 18:25:07,180 - src.modeling.rankers.lgbm_ranker - INFO - ✓ LGBMRanker training successful
2025-10-29 18:25:07,185 - src.modeling.rankers.lgbm_ranker - INFO - Predicting top-20 for 1 test events...
/usr/local/lib/python3.10/dist-packages/lightgbm/sklearn.py:861: UserWarning: Found 'ndcg_eval_at' in params. Will use it instead of 'eval_at' argument
  _log_warning(f"Found '{alias}' in params. Will use it instead of 'eval_at' argument")
2025-10-29 18:25:07,193 - src.modeling.rankers.lgbm_ranker - INFO - ✓ Predictions generated for 1 events
2025-10-29 18:25:08,741 - src.modeling.rankers.lgbm_ranker - INFO - Top-5 most important features:
2025-10-29 18:25:08,742 - src.modeling.rankers.lgbm_ranker - INFO -   tunneling: 369.00
2025-10-29 18:25:08,742 - src.modeling.rankers.lgbm_ranker - INFO -   position_id: 241.00
2025-10-29 18:25:08,742 - src.modeling.rankers.lgbm_ranker - INFO -   min_distance: 216.00
2025-10-29 18:25:08,742 - src.modeling.rankers.lgbm_ranker - INFO -   density_window_0: 186.00
2025-10-29 18:25:08,742 - src.modeling.rankers.lgbm_ranker - INFO -   dft_45: 176.00
2025-10-29 18:25:08,742 - src.modeling.rankers.lgbm_ranker - INFO - ✓ Training completed in 85.11 seconds
2025-10-29 18:25:08,742 - src.modeling.rankers.lgbm_ranker - INFO - ✓ LGBMRanker training successful
2025-10-29 18:25:08,787 - src.modeling.rankers.lgbm_ranker - INFO - Predicting top-20 for 1 test events...
/usr/local/lib/python3.10/dist-packages/lightgbm/sklearn.py:861: UserWarning: Found 'ndcg_eval_at' in params. Will use it instead of 'eval_at' argument
  _log_warning(f"Found '{alias}' in params. Will use it instead of 'eval_at' argument")
2025-10-29 18:25:08,796 - src.modeling.rankers.lgbm_ranker - INFO - ✓ Predictions generated for 1 events

  Event Duration: 99.8s
  Parallel Exec:  99.8s
  Model Training Times:
    amplitude: train=84.1s, total=98.0s
    angle_encoding: train=73.6s, total=87.0s
    graph_cycle: train=85.2s, total=99.6s
    density_matrix: train=76.2s, total=89.9s
  Memory Peak: 1.59 GB
  Recalls: amplitude: 100%, angle_encoding: 100%, graph_cycle: 100%, density_matrix: 100%, ensemble: 100%
  [CHECKPOINT] Saved

================================================================================
Event 11511 (22/100)
================================================================================
2025-10-29 18:25:08,983 - src.imputation.base_imputer - INFO - Fitting amplitude_embedding imputer on 11510 samples
2025-10-29 18:25:08,983 - src.imputation.base_imputer - INFO - Fitting graph_cycle_encoding imputer on 11510 samples
2025-10-29 18:25:08,984 - src.imputation.base_imputer - INFO - Fitting density_matrix_optimized imputer on 11510 samples
2025-10-29 18:25:08,984 - src.imputation.base_imputer - INFO - Fitting angle_encoding imputer on 11510 samples
2025-10-29 18:25:08,987 - src.imputation.graph_cycle_encoding - INFO - Graph/Cycle encoding uses fixed DFT basis and geometric distances (no learning from 11510 training samples)
2025-10-29 18:25:08,987 - src.imputation.base_imputer - INFO - graph_cycle_encoding imputer fitted successfully
2025-10-29 18:25:08,987 - src.imputation.base_imputer - INFO - Transforming 11510 samples with graph_cycle_encoding imputer
2025-10-29 18:25:08,988 - src.imputation.density_matrix - INFO - Density matrix uses fixed quantum mechanical construction (no learning from 11510 training samples)
2025-10-29 18:25:08,988 - src.imputation.amplitude_embedding - INFO - Learned position frequencies from 11510 samples. Normalization mode: uniform
2025-10-29 18:25:08,988 - src.imputation.base_imputer - INFO - density_matrix_optimized imputer fitted successfully
2025-10-29 18:25:08,988 - src.imputation.base_imputer - INFO - Transforming 11510 samples with density_matrix_optimized imputer
2025-10-29 18:25:08,988 - src.imputation.base_imputer - INFO - amplitude_embedding imputer fitted successfully
2025-10-29 18:25:08,988 - src.imputation.base_imputer - INFO - Transforming 11510 samples with amplitude_embedding imputer
2025-10-29 18:25:08,988 - src.imputation.angle_encoding - INFO - Angle encoding uses fixed angular mapping (no learning from 11510 training samples)
2025-10-29 18:25:08,988 - src.imputation.base_imputer - INFO - angle_encoding imputer fitted successfully
2025-10-29 18:25:08,988 - src.imputation.base_imputer - INFO - Transforming 11510 samples with angle_encoding imputer
2025-10-29 18:25:16,906 - src.imputation.base_imputer - INFO - Transformation complete: output shape (11510, 322)
2025-10-29 18:25:16,906 - src.imputation.base_imputer - INFO - Transforming 1 samples with angle_encoding imputer
2025-10-29 18:25:16,908 - src.imputation.base_imputer - INFO - Transformation complete: output shape (1, 322)
2025-10-29 18:25:17,063 - src.imputation.base_imputer - INFO - Transformation complete: output shape (11510, 377)
2025-10-29 18:25:17,063 - src.imputation.base_imputer - INFO - Transforming 1 samples with amplitude_embedding imputer
2025-10-29 18:25:17,066 - src.imputation.base_imputer - INFO - Transformation complete: output shape (1, 377)
2025-10-29 18:25:17,093 - src.imputation.base_imputer - INFO - Transformation complete: output shape (11510, 259)
2025-10-29 18:25:17,093 - src.imputation.base_imputer - INFO - Transforming 1 samples with density_matrix_optimized imputer
2025-10-29 18:25:17,095 - src.imputation.base_imputer - INFO - Transformation complete: output shape (1, 259)
2025-10-29 18:25:17,513 - src.imputation.base_imputer - INFO - Transformation complete: output shape (11510, 277)
2025-10-29 18:25:17,514 - src.imputation.base_imputer - INFO - Transforming 1 samples with graph_cycle_encoding imputer
2025-10-29 18:25:17,516 - src.imputation.base_imputer - INFO - Transformation complete: output shape (1, 277)
2025-10-29 18:25:22,696 - src.modeling.rankers.lgbm_ranker - INFO - Training LGBMRanker on 11510 events...
2025-10-29 18:25:22,793 - src.modeling.rankers.lgbm_ranker - INFO - Training LGBMRanker on 11510 events...
2025-10-29 18:25:22,843 - src.modeling.rankers.lgbm_ranker - INFO - Computed position frequencies: 39 positions
2025-10-29 18:25:22,936 - src.modeling.rankers.lgbm_ranker - INFO - Computed position frequencies: 39 positions
2025-10-29 18:25:23,035 - src.modeling.rankers.lgbm_ranker - INFO - Training LGBMRanker on 11510 events...
2025-10-29 18:25:23,142 - src.modeling.rankers.lgbm_ranker - INFO - Training LGBMRanker on 11510 events...
2025-10-29 18:25:23,182 - src.modeling.rankers.lgbm_ranker - INFO - Computed position frequencies: 39 positions
2025-10-29 18:25:23,284 - src.modeling.rankers.lgbm_ranker - INFO - Computed position frequencies: 39 positions
2025-10-29 18:26:37,136 - src.modeling.rankers.lgbm_ranker - INFO - Transformed to ranking format: 448890 samples (11510 groups of 39 positions each)
2025-10-29 18:26:37,136 - src.modeling.rankers.lgbm_ranker - INFO - Training LightGBM model...
/usr/local/lib/python3.10/dist-packages/lightgbm/sklearn.py:861: UserWarning: Found 'ndcg_eval_at' in params. Will use it instead of 'eval_at' argument
  _log_warning(f"Found '{alias}' in params. Will use it instead of 'eval_at' argument")
2025-10-29 18:26:37,569 - src.modeling.rankers.lgbm_ranker - INFO - Transformed to ranking format: 448890 samples (11510 groups of 39 positions each)
2025-10-29 18:26:37,569 - src.modeling.rankers.lgbm_ranker - INFO - Training LightGBM model...
/usr/local/lib/python3.10/dist-packages/lightgbm/sklearn.py:861: UserWarning: Found 'ndcg_eval_at' in params. Will use it instead of 'eval_at' argument
  _log_warning(f"Found '{alias}' in params. Will use it instead of 'eval_at' argument")
2025-10-29 18:26:38,715 - src.modeling.rankers.lgbm_ranker - INFO - Top-5 most important features:
2025-10-29 18:26:38,715 - src.modeling.rankers.lgbm_ranker - INFO -   position_frequency: 382.00
2025-10-29 18:26:38,715 - src.modeling.rankers.lgbm_ranker - INFO -   aggregate_0: 288.00
2025-10-29 18:26:38,715 - src.modeling.rankers.lgbm_ranker - INFO -   position_id: 191.00
2025-10-29 18:26:38,715 - src.modeling.rankers.lgbm_ranker - INFO -   aggregate_1: 113.00
2025-10-29 18:26:38,715 - src.modeling.rankers.lgbm_ranker - INFO -   tunneling: 86.00
2025-10-29 18:26:38,715 - src.modeling.rankers.lgbm_ranker - INFO - ✓ Training completed in 76.02 seconds
2025-10-29 18:26:38,715 - src.modeling.rankers.lgbm_ranker - INFO - ✓ LGBMRanker training successful
2025-10-29 18:26:38,727 - src.modeling.rankers.lgbm_ranker - INFO - Predicting top-20 for 1 test events...
/usr/local/lib/python3.10/dist-packages/lightgbm/sklearn.py:861: UserWarning: Found 'ndcg_eval_at' in params. Will use it instead of 'eval_at' argument
  _log_warning(f"Found '{alias}' in params. Will use it instead of 'eval_at' argument")
2025-10-29 18:26:38,735 - src.modeling.rankers.lgbm_ranker - INFO - ✓ Predictions generated for 1 events
2025-10-29 18:26:38,827 - src.modeling.rankers.lgbm_ranker - INFO - Top-5 most important features:
2025-10-29 18:26:38,827 - src.modeling.rankers.lgbm_ranker - INFO -   position_id: 389.00
2025-10-29 18:26:38,827 - src.modeling.rankers.lgbm_ranker - INFO -   tunneling: 340.00
2025-10-29 18:26:38,827 - src.modeling.rankers.lgbm_ranker - INFO -   position_frequency: 259.00
2025-10-29 18:26:38,827 - src.modeling.rankers.lgbm_ranker - INFO -   min_distance: 226.00
2025-10-29 18:26:38,827 - src.modeling.rankers.lgbm_ranker - INFO -   density_window_0: 204.00
2025-10-29 18:26:38,827 - src.modeling.rankers.lgbm_ranker - INFO - ✓ Training completed in 76.03 seconds
2025-10-29 18:26:38,827 - src.modeling.rankers.lgbm_ranker - INFO - ✓ LGBMRanker training successful
2025-10-29 18:26:38,850 - src.modeling.rankers.lgbm_ranker - INFO - Predicting top-20 for 1 test events...
/usr/local/lib/python3.10/dist-packages/lightgbm/sklearn.py:861: UserWarning: Found 'ndcg_eval_at' in params. Will use it instead of 'eval_at' argument
  _log_warning(f"Found '{alias}' in params. Will use it instead of 'eval_at' argument")
2025-10-29 18:26:38,858 - src.modeling.rankers.lgbm_ranker - INFO - ✓ Predictions generated for 1 events
2025-10-29 18:26:43,297 - src.modeling.rankers.lgbm_ranker - INFO - Transformed to ranking format: 448890 samples (11510 groups of 39 positions each)
2025-10-29 18:26:43,297 - src.modeling.rankers.lgbm_ranker - INFO - Training LightGBM model...
/usr/local/lib/python3.10/dist-packages/lightgbm/sklearn.py:861: UserWarning: Found 'ndcg_eval_at' in params. Will use it instead of 'eval_at' argument
  _log_warning(f"Found '{alias}' in params. Will use it instead of 'eval_at' argument")
2025-10-29 18:26:46,041 - src.modeling.rankers.lgbm_ranker - INFO - Transformed to ranking format: 448890 samples (11510 groups of 39 positions each)
2025-10-29 18:26:46,041 - src.modeling.rankers.lgbm_ranker - INFO - Training LightGBM model...
/usr/local/lib/python3.10/dist-packages/lightgbm/sklearn.py:861: UserWarning: Found 'ndcg_eval_at' in params. Will use it instead of 'eval_at' argument
  _log_warning(f"Found '{alias}' in params. Will use it instead of 'eval_at' argument")
2025-10-29 18:26:46,369 - src.modeling.rankers.lgbm_ranker - INFO - Top-5 most important features:
2025-10-29 18:26:46,369 - src.modeling.rankers.lgbm_ranker - INFO -   tunneling: 396.00
2025-10-29 18:26:46,369 - src.modeling.rankers.lgbm_ranker - INFO -   position_id: 238.00
2025-10-29 18:26:46,369 - src.modeling.rankers.lgbm_ranker - INFO -   min_distance: 225.00
2025-10-29 18:26:46,369 - src.modeling.rankers.lgbm_ranker - INFO -   density_window_0: 179.00
2025-10-29 18:26:46,369 - src.modeling.rankers.lgbm_ranker - INFO -   dft_45: 176.00
2025-10-29 18:26:46,369 - src.modeling.rankers.lgbm_ranker - INFO - ✓ Training completed in 83.23 seconds
2025-10-29 18:26:46,369 - src.modeling.rankers.lgbm_ranker - INFO - ✓ LGBMRanker training successful
2025-10-29 18:26:46,415 - src.modeling.rankers.lgbm_ranker - INFO - Predicting top-20 for 1 test events...
/usr/local/lib/python3.10/dist-packages/lightgbm/sklearn.py:861: UserWarning: Found 'ndcg_eval_at' in params. Will use it instead of 'eval_at' argument
  _log_warning(f"Found '{alias}' in params. Will use it instead of 'eval_at' argument")
2025-10-29 18:26:46,424 - src.modeling.rankers.lgbm_ranker - INFO - ✓ Predictions generated for 1 events
2025-10-29 18:26:47,102 - src.modeling.rankers.lgbm_ranker - INFO - Top-5 most important features:
2025-10-29 18:26:47,102 - src.modeling.rankers.lgbm_ranker - INFO -   position_frequency: 305.00
2025-10-29 18:26:47,102 - src.modeling.rankers.lgbm_ranker - INFO -   tunneling: 283.00
2025-10-29 18:26:47,102 - src.modeling.rankers.lgbm_ranker - INFO -   position_id: 261.00
2025-10-29 18:26:47,102 - src.modeling.rankers.lgbm_ranker - INFO -   min_distance: 217.00
2025-10-29 18:26:47,102 - src.modeling.rankers.lgbm_ranker - INFO -   density_window_0: 101.00
2025-10-29 18:26:47,102 - src.modeling.rankers.lgbm_ranker - INFO - ✓ Training completed in 84.07 seconds
2025-10-29 18:26:47,102 - src.modeling.rankers.lgbm_ranker - INFO - ✓ LGBMRanker training successful
2025-10-29 18:26:47,106 - src.modeling.rankers.lgbm_ranker - INFO - Predicting top-20 for 1 test events...
/usr/local/lib/python3.10/dist-packages/lightgbm/sklearn.py:861: UserWarning: Found 'ndcg_eval_at' in params. Will use it instead of 'eval_at' argument
  _log_warning(f"Found '{alias}' in params. Will use it instead of 'eval_at' argument")
2025-10-29 18:26:47,115 - src.modeling.rankers.lgbm_ranker - INFO - ✓ Predictions generated for 1 events

  Event Duration: 98.3s
  Parallel Exec:  98.3s
  Model Training Times:
    amplitude: train=84.1s, total=98.2s
    angle_encoding: train=76.0s, total=89.8s
    graph_cycle: train=83.3s, total=97.5s
    density_matrix: train=76.1s, total=89.9s
  Memory Peak: 1.59 GB
  Recalls: amplitude: 100%, angle_encoding: 100%, graph_cycle: 100%, density_matrix: 100%, ensemble: 100%
  [CHECKPOINT] Saved

================================================================================
Event 11512 (23/100)
================================================================================
2025-10-29 18:26:47,288 - src.imputation.base_imputer - INFO - Fitting angle_encoding imputer on 11511 samples
2025-10-29 18:26:47,288 - src.imputation.base_imputer - INFO - Fitting amplitude_embedding imputer on 11511 samples
2025-10-29 18:26:47,288 - src.imputation.base_imputer - INFO - Fitting graph_cycle_encoding imputer on 11511 samples
2025-10-29 18:26:47,288 - src.imputation.base_imputer - INFO - Fitting density_matrix_optimized imputer on 11511 samples
2025-10-29 18:26:47,292 - src.imputation.angle_encoding - INFO - Angle encoding uses fixed angular mapping (no learning from 11511 training samples)
2025-10-29 18:26:47,292 - src.imputation.base_imputer - INFO - angle_encoding imputer fitted successfully
2025-10-29 18:26:47,292 - src.imputation.base_imputer - INFO - Transforming 11511 samples with angle_encoding imputer
2025-10-29 18:26:47,292 - src.imputation.density_matrix - INFO - Density matrix uses fixed quantum mechanical construction (no learning from 11511 training samples)
2025-10-29 18:26:47,293 - src.imputation.base_imputer - INFO - density_matrix_optimized imputer fitted successfully
2025-10-29 18:26:47,293 - src.imputation.base_imputer - INFO - Transforming 11511 samples with density_matrix_optimized imputer
2025-10-29 18:26:47,293 - src.imputation.graph_cycle_encoding - INFO - Graph/Cycle encoding uses fixed DFT basis and geometric distances (no learning from 11511 training samples)
2025-10-29 18:26:47,293 - src.imputation.base_imputer - INFO - graph_cycle_encoding imputer fitted successfully
2025-10-29 18:26:47,293 - src.imputation.base_imputer - INFO - Transforming 11511 samples with graph_cycle_encoding imputer
2025-10-29 18:26:47,293 - src.imputation.amplitude_embedding - INFO - Learned position frequencies from 11511 samples. Normalization mode: uniform
2025-10-29 18:26:47,293 - src.imputation.base_imputer - INFO - amplitude_embedding imputer fitted successfully
2025-10-29 18:26:47,293 - src.imputation.base_imputer - INFO - Transforming 11511 samples with amplitude_embedding imputer
2025-10-29 18:26:55,238 - src.imputation.base_imputer - INFO - Transformation complete: output shape (11511, 322)
2025-10-29 18:26:55,238 - src.imputation.base_imputer - INFO - Transforming 1 samples with angle_encoding imputer
2025-10-29 18:26:55,240 - src.imputation.base_imputer - INFO - Transformation complete: output shape (1, 322)
2025-10-29 18:26:55,392 - src.imputation.base_imputer - INFO - Transformation complete: output shape (11511, 377)
2025-10-29 18:26:55,392 - src.imputation.base_imputer - INFO - Transforming 1 samples with amplitude_embedding imputer
2025-10-29 18:26:55,395 - src.imputation.base_imputer - INFO - Transformation complete: output shape (1, 377)
2025-10-29 18:26:55,433 - src.imputation.base_imputer - INFO - Transformation complete: output shape (11511, 259)
2025-10-29 18:26:55,433 - src.imputation.base_imputer - INFO - Transforming 1 samples with density_matrix_optimized imputer
2025-10-29 18:26:55,435 - src.imputation.base_imputer - INFO - Transformation complete: output shape (1, 259)
2025-10-29 18:26:55,736 - src.imputation.base_imputer - INFO - Transformation complete: output shape (11511, 277)
2025-10-29 18:26:55,736 - src.imputation.base_imputer - INFO - Transforming 1 samples with graph_cycle_encoding imputer
2025-10-29 18:26:55,738 - src.imputation.base_imputer - INFO - Transformation complete: output shape (1, 277)
2025-10-29 18:27:01,051 - src.modeling.rankers.lgbm_ranker - INFO - Training LGBMRanker on 11511 events...
2025-10-29 18:27:01,068 - src.modeling.rankers.lgbm_ranker - INFO - Training LGBMRanker on 11511 events...
2025-10-29 18:27:01,197 - src.modeling.rankers.lgbm_ranker - INFO - Computed position frequencies: 39 positions
2025-10-29 18:27:01,211 - src.modeling.rankers.lgbm_ranker - INFO - Computed position frequencies: 39 positions
2025-10-29 18:27:01,333 - src.modeling.rankers.lgbm_ranker - INFO - Training LGBMRanker on 11511 events...
2025-10-29 18:27:01,377 - src.modeling.rankers.lgbm_ranker - INFO - Training LGBMRanker on 11511 events...
2025-10-29 18:27:01,482 - src.modeling.rankers.lgbm_ranker - INFO - Computed position frequencies: 39 positions
2025-10-29 18:27:01,518 - src.modeling.rankers.lgbm_ranker - INFO - Computed position frequencies: 39 positions
2025-10-29 18:28:15,379 - src.modeling.rankers.lgbm_ranker - INFO - Transformed to ranking format: 448929 samples (11511 groups of 39 positions each)
2025-10-29 18:28:15,380 - src.modeling.rankers.lgbm_ranker - INFO - Training LightGBM model...
/usr/local/lib/python3.10/dist-packages/lightgbm/sklearn.py:861: UserWarning: Found 'ndcg_eval_at' in params. Will use it instead of 'eval_at' argument
  _log_warning(f"Found '{alias}' in params. Will use it instead of 'eval_at' argument")
2025-10-29 18:28:15,535 - src.modeling.rankers.lgbm_ranker - INFO - Transformed to ranking format: 448929 samples (11511 groups of 39 positions each)
2025-10-29 18:28:15,535 - src.modeling.rankers.lgbm_ranker - INFO - Training LightGBM model...
/usr/local/lib/python3.10/dist-packages/lightgbm/sklearn.py:861: UserWarning: Found 'ndcg_eval_at' in params. Will use it instead of 'eval_at' argument
  _log_warning(f"Found '{alias}' in params. Will use it instead of 'eval_at' argument")
2025-10-29 18:28:16,562 - src.modeling.rankers.lgbm_ranker - INFO - Top-5 most important features:
2025-10-29 18:28:16,562 - src.modeling.rankers.lgbm_ranker - INFO -   aggregate_0: 283.00
2025-10-29 18:28:16,562 - src.modeling.rankers.lgbm_ranker - INFO -   position_id: 242.00
2025-10-29 18:28:16,562 - src.modeling.rankers.lgbm_ranker - INFO -   position_frequency: 233.00
2025-10-29 18:28:16,562 - src.modeling.rankers.lgbm_ranker - INFO -   aggregate_1: 146.00
2025-10-29 18:28:16,562 - src.modeling.rankers.lgbm_ranker - INFO -   min_distance: 98.00
2025-10-29 18:28:16,562 - src.modeling.rankers.lgbm_ranker - INFO - ✓ Training completed in 75.51 seconds
2025-10-29 18:28:16,562 - src.modeling.rankers.lgbm_ranker - INFO - ✓ LGBMRanker training successful
2025-10-29 18:28:16,574 - src.modeling.rankers.lgbm_ranker - INFO - Predicting top-20 for 1 test events...
/usr/local/lib/python3.10/dist-packages/lightgbm/sklearn.py:861: UserWarning: Found 'ndcg_eval_at' in params. Will use it instead of 'eval_at' argument
  _log_warning(f"Found '{alias}' in params. Will use it instead of 'eval_at' argument")
2025-10-29 18:28:16,582 - src.modeling.rankers.lgbm_ranker - INFO - ✓ Predictions generated for 1 events
2025-10-29 18:28:17,194 - src.modeling.rankers.lgbm_ranker - INFO - Top-5 most important features:
2025-10-29 18:28:17,194 - src.modeling.rankers.lgbm_ranker - INFO -   position_id: 440.00
2025-10-29 18:28:17,194 - src.modeling.rankers.lgbm_ranker - INFO -   tunneling: 335.00
2025-10-29 18:28:17,194 - src.modeling.rankers.lgbm_ranker - INFO -   min_distance: 241.00
2025-10-29 18:28:17,194 - src.modeling.rankers.lgbm_ranker - INFO -   position_frequency: 212.00
2025-10-29 18:28:17,194 - src.modeling.rankers.lgbm_ranker - INFO -   density_window_0: 198.00
2025-10-29 18:28:17,194 - src.modeling.rankers.lgbm_ranker - INFO - ✓ Training completed in 76.13 seconds
2025-10-29 18:28:17,194 - src.modeling.rankers.lgbm_ranker - INFO - ✓ LGBMRanker training successful
2025-10-29 18:28:17,211 - src.modeling.rankers.lgbm_ranker - INFO - Predicting top-20 for 1 test events...
/usr/local/lib/python3.10/dist-packages/lightgbm/sklearn.py:861: UserWarning: Found 'ndcg_eval_at' in params. Will use it instead of 'eval_at' argument
  _log_warning(f"Found '{alias}' in params. Will use it instead of 'eval_at' argument")
2025-10-29 18:28:17,219 - src.modeling.rankers.lgbm_ranker - INFO - ✓ Predictions generated for 1 events
2025-10-29 18:28:21,172 - src.modeling.rankers.lgbm_ranker - INFO - Transformed to ranking format: 448929 samples (11511 groups of 39 positions each)
2025-10-29 18:28:21,172 - src.modeling.rankers.lgbm_ranker - INFO - Training LightGBM model...
/usr/local/lib/python3.10/dist-packages/lightgbm/sklearn.py:861: UserWarning: Found 'ndcg_eval_at' in params. Will use it instead of 'eval_at' argument
  _log_warning(f"Found '{alias}' in params. Will use it instead of 'eval_at' argument")
2025-10-29 18:28:24,199 - src.modeling.rankers.lgbm_ranker - INFO - Top-5 most important features:
2025-10-29 18:28:24,199 - src.modeling.rankers.lgbm_ranker - INFO -   tunneling: 407.00
2025-10-29 18:28:24,199 - src.modeling.rankers.lgbm_ranker - INFO -   min_distance: 265.00
2025-10-29 18:28:24,199 - src.modeling.rankers.lgbm_ranker - INFO -   position_id: 207.00
2025-10-29 18:28:24,199 - src.modeling.rankers.lgbm_ranker - INFO -   density_window_0: 182.00
2025-10-29 18:28:24,199 - src.modeling.rankers.lgbm_ranker - INFO -   dft_45: 170.00
2025-10-29 18:28:24,199 - src.modeling.rankers.lgbm_ranker - INFO - ✓ Training completed in 82.82 seconds
2025-10-29 18:28:24,199 - src.modeling.rankers.lgbm_ranker - INFO - ✓ LGBMRanker training successful
2025-10-29 18:28:24,246 - src.modeling.rankers.lgbm_ranker - INFO - Predicting top-20 for 1 test events...
/usr/local/lib/python3.10/dist-packages/lightgbm/sklearn.py:861: UserWarning: Found 'ndcg_eval_at' in params. Will use it instead of 'eval_at' argument
  _log_warning(f"Found '{alias}' in params. Will use it instead of 'eval_at' argument")
2025-10-29 18:28:24,254 - src.modeling.rankers.lgbm_ranker - INFO - ✓ Predictions generated for 1 events
2025-10-29 18:28:24,449 - src.modeling.rankers.lgbm_ranker - INFO - Transformed to ranking format: 448929 samples (11511 groups of 39 positions each)
2025-10-29 18:28:24,450 - src.modeling.rankers.lgbm_ranker - INFO - Training LightGBM model...
/usr/local/lib/python3.10/dist-packages/lightgbm/sklearn.py:861: UserWarning: Found 'ndcg_eval_at' in params. Will use it instead of 'eval_at' argument
  _log_warning(f"Found '{alias}' in params. Will use it instead of 'eval_at' argument")
2025-10-29 18:28:25,479 - src.modeling.rankers.lgbm_ranker - INFO - Top-5 most important features:
2025-10-29 18:28:25,479 - src.modeling.rankers.lgbm_ranker - INFO -   position_id: 246.00
2025-10-29 18:28:25,479 - src.modeling.rankers.lgbm_ranker - INFO -   position_frequency: 240.00
2025-10-29 18:28:25,479 - src.modeling.rankers.lgbm_ranker - INFO -   tunneling: 209.00
2025-10-29 18:28:25,479 - src.modeling.rankers.lgbm_ranker - INFO -   min_distance: 170.00
2025-10-29 18:28:25,479 - src.modeling.rankers.lgbm_ranker - INFO -   density_window_0: 109.00
2025-10-29 18:28:25,479 - src.modeling.rankers.lgbm_ranker - INFO - ✓ Training completed in 84.15 seconds
2025-10-29 18:28:25,479 - src.modeling.rankers.lgbm_ranker - INFO - ✓ LGBMRanker training successful
2025-10-29 18:28:25,484 - src.modeling.rankers.lgbm_ranker - INFO - Predicting top-20 for 1 test events...
/usr/local/lib/python3.10/dist-packages/lightgbm/sklearn.py:861: UserWarning: Found 'ndcg_eval_at' in params. Will use it instead of 'eval_at' argument
  _log_warning(f"Found '{alias}' in params. Will use it instead of 'eval_at' argument")
2025-10-29 18:28:25,492 - src.modeling.rankers.lgbm_ranker - INFO - ✓ Predictions generated for 1 events

  Event Duration: 98.4s
  Parallel Exec:  98.4s
  Model Training Times:
    amplitude: train=84.1s, total=98.2s
    angle_encoding: train=75.5s, total=89.3s
    graph_cycle: train=82.9s, total=97.0s
    density_matrix: train=76.1s, total=90.0s
  Memory Peak: 1.59 GB
  Recalls: amplitude: 100%, angle_encoding: 100%, graph_cycle: 100%, density_matrix: 100%, ensemble: 100%
  [CHECKPOINT] Saved

================================================================================
Event 11513 (24/100)
================================================================================
2025-10-29 18:28:25,679 - src.imputation.base_imputer - INFO - Fitting density_matrix_optimized imputer on 11512 samples
2025-10-29 18:28:25,679 - src.imputation.base_imputer - INFO - Fitting amplitude_embedding imputer on 11512 samples
2025-10-29 18:28:25,679 - src.imputation.base_imputer - INFO - Fitting graph_cycle_encoding imputer on 11512 samples
2025-10-29 18:28:25,679 - src.imputation.base_imputer - INFO - Fitting angle_encoding imputer on 11512 samples
2025-10-29 18:28:25,683 - src.imputation.density_matrix - INFO - Density matrix uses fixed quantum mechanical construction (no learning from 11512 training samples)
2025-10-29 18:28:25,683 - src.imputation.base_imputer - INFO - density_matrix_optimized imputer fitted successfully
2025-10-29 18:28:25,683 - src.imputation.base_imputer - INFO - Transforming 11512 samples with density_matrix_optimized imputer
2025-10-29 18:28:25,683 - src.imputation.graph_cycle_encoding - INFO - Graph/Cycle encoding uses fixed DFT basis and geometric distances (no learning from 11512 training samples)
2025-10-29 18:28:25,683 - src.imputation.base_imputer - INFO - graph_cycle_encoding imputer fitted successfully
2025-10-29 18:28:25,683 - src.imputation.base_imputer - INFO - Transforming 11512 samples with graph_cycle_encoding imputer
2025-10-29 18:28:25,683 - src.imputation.angle_encoding - INFO - Angle encoding uses fixed angular mapping (no learning from 11512 training samples)
2025-10-29 18:28:25,683 - src.imputation.base_imputer - INFO - angle_encoding imputer fitted successfully
2025-10-29 18:28:25,683 - src.imputation.base_imputer - INFO - Transforming 11512 samples with angle_encoding imputer
2025-10-29 18:28:25,683 - src.imputation.amplitude_embedding - INFO - Learned position frequencies from 11512 samples. Normalization mode: uniform
2025-10-29 18:28:25,683 - src.imputation.base_imputer - INFO - amplitude_embedding imputer fitted successfully
2025-10-29 18:28:25,683 - src.imputation.base_imputer - INFO - Transforming 11512 samples with amplitude_embedding imputer
2025-10-29 18:28:33,673 - src.imputation.base_imputer - INFO - Transformation complete: output shape (11512, 322)
2025-10-29 18:28:33,673 - src.imputation.base_imputer - INFO - Transforming 1 samples with angle_encoding imputer
2025-10-29 18:28:33,675 - src.imputation.base_imputer - INFO - Transformation complete: output shape (1, 322)
2025-10-29 18:28:33,756 - src.imputation.base_imputer - INFO - Transformation complete: output shape (11512, 377)
2025-10-29 18:28:33,756 - src.imputation.base_imputer - INFO - Transforming 1 samples with amplitude_embedding imputer
2025-10-29 18:28:33,758 - src.imputation.base_imputer - INFO - Transformation complete: output shape (1, 377)
2025-10-29 18:28:33,777 - src.imputation.base_imputer - INFO - Transformation complete: output shape (11512, 259)
2025-10-29 18:28:33,777 - src.imputation.base_imputer - INFO - Transforming 1 samples with density_matrix_optimized imputer
2025-10-29 18:28:33,779 - src.imputation.base_imputer - INFO - Transformation complete: output shape (1, 259)
2025-10-29 18:28:34,059 - src.imputation.base_imputer - INFO - Transformation complete: output shape (11512, 277)
2025-10-29 18:28:34,059 - src.imputation.base_imputer - INFO - Transforming 1 samples with graph_cycle_encoding imputer
2025-10-29 18:28:34,061 - src.imputation.base_imputer - INFO - Transformation complete: output shape (1, 277)
2025-10-29 18:28:39,418 - src.modeling.rankers.lgbm_ranker - INFO - Training LGBMRanker on 11512 events...
2025-10-29 18:28:39,528 - src.modeling.rankers.lgbm_ranker - INFO - Training LGBMRanker on 11512 events...
2025-10-29 18:28:39,559 - src.modeling.rankers.lgbm_ranker - INFO - Computed position frequencies: 39 positions
2025-10-29 18:28:39,600 - src.modeling.rankers.lgbm_ranker - INFO - Training LGBMRanker on 11512 events...
2025-10-29 18:28:39,674 - src.modeling.rankers.lgbm_ranker - INFO - Computed position frequencies: 39 positions
2025-10-29 18:28:39,705 - src.modeling.rankers.lgbm_ranker - INFO - Training LGBMRanker on 11512 events...
2025-10-29 18:28:39,746 - src.modeling.rankers.lgbm_ranker - INFO - Computed position frequencies: 39 positions
2025-10-29 18:28:39,847 - src.modeling.rankers.lgbm_ranker - INFO - Computed position frequencies: 39 positions
2025-10-29 18:29:54,045 - src.modeling.rankers.lgbm_ranker - INFO - Transformed to ranking format: 448968 samples (11512 groups of 39 positions each)
2025-10-29 18:29:54,045 - src.modeling.rankers.lgbm_ranker - INFO - Training LightGBM model...
/usr/local/lib/python3.10/dist-packages/lightgbm/sklearn.py:861: UserWarning: Found 'ndcg_eval_at' in params. Will use it instead of 'eval_at' argument
  _log_warning(f"Found '{alias}' in params. Will use it instead of 'eval_at' argument")
2025-10-29 18:29:54,515 - src.modeling.rankers.lgbm_ranker - INFO - Transformed to ranking format: 448968 samples (11512 groups of 39 positions each)
2025-10-29 18:29:54,515 - src.modeling.rankers.lgbm_ranker - INFO - Training LightGBM model...
/usr/local/lib/python3.10/dist-packages/lightgbm/sklearn.py:861: UserWarning: Found 'ndcg_eval_at' in params. Will use it instead of 'eval_at' argument
  _log_warning(f"Found '{alias}' in params. Will use it instead of 'eval_at' argument")
2025-10-29 18:29:55,638 - src.modeling.rankers.lgbm_ranker - INFO - Top-5 most important features:
2025-10-29 18:29:55,638 - src.modeling.rankers.lgbm_ranker - INFO -   aggregate_0: 343.00
2025-10-29 18:29:55,638 - src.modeling.rankers.lgbm_ranker - INFO -   position_frequency: 226.00
2025-10-29 18:29:55,638 - src.modeling.rankers.lgbm_ranker - INFO -   position_id: 151.00
2025-10-29 18:29:55,638 - src.modeling.rankers.lgbm_ranker - INFO -   aggregate_1: 143.00
2025-10-29 18:29:55,638 - src.modeling.rankers.lgbm_ranker - INFO -   aggregate_5: 87.00
2025-10-29 18:29:55,638 - src.modeling.rankers.lgbm_ranker - INFO - ✓ Training completed in 76.11 seconds
2025-10-29 18:29:55,638 - src.modeling.rankers.lgbm_ranker - INFO - ✓ LGBMRanker training successful
2025-10-29 18:29:55,650 - src.modeling.rankers.lgbm_ranker - INFO - Predicting top-20 for 1 test events...
/usr/local/lib/python3.10/dist-packages/lightgbm/sklearn.py:861: UserWarning: Found 'ndcg_eval_at' in params. Will use it instead of 'eval_at' argument
  _log_warning(f"Found '{alias}' in params. Will use it instead of 'eval_at' argument")
2025-10-29 18:29:55,658 - src.modeling.rankers.lgbm_ranker - INFO - ✓ Predictions generated for 1 events
2025-10-29 18:29:55,748 - src.modeling.rankers.lgbm_ranker - INFO - Top-5 most important features:
2025-10-29 18:29:55,748 - src.modeling.rankers.lgbm_ranker - INFO -   position_id: 443.00
2025-10-29 18:29:55,748 - src.modeling.rankers.lgbm_ranker - INFO -   tunneling: 339.00
2025-10-29 18:29:55,748 - src.modeling.rankers.lgbm_ranker - INFO -   min_distance: 238.00
2025-10-29 18:29:55,748 - src.modeling.rankers.lgbm_ranker - INFO -   density_window_0: 217.00
2025-10-29 18:29:55,748 - src.modeling.rankers.lgbm_ranker - INFO -   position_frequency: 215.00
2025-10-29 18:29:55,748 - src.modeling.rankers.lgbm_ranker - INFO - ✓ Training completed in 76.33 seconds
2025-10-29 18:29:55,748 - src.modeling.rankers.lgbm_ranker - INFO - ✓ LGBMRanker training successful
2025-10-29 18:29:55,768 - src.modeling.rankers.lgbm_ranker - INFO - Predicting top-20 for 1 test events...
/usr/local/lib/python3.10/dist-packages/lightgbm/sklearn.py:861: UserWarning: Found 'ndcg_eval_at' in params. Will use it instead of 'eval_at' argument
  _log_warning(f"Found '{alias}' in params. Will use it instead of 'eval_at' argument")
2025-10-29 18:29:55,776 - src.modeling.rankers.lgbm_ranker - INFO - ✓ Predictions generated for 1 events
2025-10-29 18:29:59,226 - src.modeling.rankers.lgbm_ranker - INFO - Transformed to ranking format: 448968 samples (11512 groups of 39 positions each)
2025-10-29 18:29:59,227 - src.modeling.rankers.lgbm_ranker - INFO - Training LightGBM model...
/usr/local/lib/python3.10/dist-packages/lightgbm/sklearn.py:861: UserWarning: Found 'ndcg_eval_at' in params. Will use it instead of 'eval_at' argument
  _log_warning(f"Found '{alias}' in params. Will use it instead of 'eval_at' argument")
2025-10-29 18:30:02,394 - src.modeling.rankers.lgbm_ranker - INFO - Top-5 most important features:
2025-10-29 18:30:02,394 - src.modeling.rankers.lgbm_ranker - INFO -   tunneling: 425.00
2025-10-29 18:30:02,394 - src.modeling.rankers.lgbm_ranker - INFO -   min_distance: 262.00
2025-10-29 18:30:02,394 - src.modeling.rankers.lgbm_ranker - INFO -   position_id: 241.00
2025-10-29 18:30:02,394 - src.modeling.rankers.lgbm_ranker - INFO -   density_window_0: 198.00
2025-10-29 18:30:02,394 - src.modeling.rankers.lgbm_ranker - INFO -   dft_45: 191.00
2025-10-29 18:30:02,394 - src.modeling.rankers.lgbm_ranker - INFO - ✓ Training completed in 82.69 seconds
2025-10-29 18:30:02,394 - src.modeling.rankers.lgbm_ranker - INFO - ✓ LGBMRanker training successful
2025-10-29 18:30:02,442 - src.modeling.rankers.lgbm_ranker - INFO - Predicting top-20 for 1 test events...
/usr/local/lib/python3.10/dist-packages/lightgbm/sklearn.py:861: UserWarning: Found 'ndcg_eval_at' in params. Will use it instead of 'eval_at' argument
  _log_warning(f"Found '{alias}' in params. Will use it instead of 'eval_at' argument")
2025-10-29 18:30:02,450 - src.modeling.rankers.lgbm_ranker - INFO - ✓ Predictions generated for 1 events
2025-10-29 18:30:02,599 - src.modeling.rankers.lgbm_ranker - INFO - Transformed to ranking format: 448968 samples (11512 groups of 39 positions each)
2025-10-29 18:30:02,599 - src.modeling.rankers.lgbm_ranker - INFO - Training LightGBM model...
/usr/local/lib/python3.10/dist-packages/lightgbm/sklearn.py:861: UserWarning: Found 'ndcg_eval_at' in params. Will use it instead of 'eval_at' argument
  _log_warning(f"Found '{alias}' in params. Will use it instead of 'eval_at' argument")
2025-10-29 18:30:03,621 - src.modeling.rankers.lgbm_ranker - INFO - Top-5 most important features:
2025-10-29 18:30:03,621 - src.modeling.rankers.lgbm_ranker - INFO -   position_frequency: 262.00
2025-10-29 18:30:03,621 - src.modeling.rankers.lgbm_ranker - INFO -   tunneling: 250.00
2025-10-29 18:30:03,621 - src.modeling.rankers.lgbm_ranker - INFO -   position_id: 190.00
2025-10-29 18:30:03,621 - src.modeling.rankers.lgbm_ranker - INFO -   min_distance: 188.00
2025-10-29 18:30:03,621 - src.modeling.rankers.lgbm_ranker - INFO -   density_window_0: 145.00
2025-10-29 18:30:03,621 - src.modeling.rankers.lgbm_ranker - INFO - ✓ Training completed in 84.02 seconds
2025-10-29 18:30:03,621 - src.modeling.rankers.lgbm_ranker - INFO - ✓ LGBMRanker training successful
2025-10-29 18:30:03,625 - src.modeling.rankers.lgbm_ranker - INFO - Predicting top-20 for 1 test events...
/usr/local/lib/python3.10/dist-packages/lightgbm/sklearn.py:861: UserWarning: Found 'ndcg_eval_at' in params. Will use it instead of 'eval_at' argument
  _log_warning(f"Found '{alias}' in params. Will use it instead of 'eval_at' argument")
2025-10-29 18:30:03,634 - src.modeling.rankers.lgbm_ranker - INFO - ✓ Predictions generated for 1 events

  Event Duration: 98.1s
  Parallel Exec:  98.1s
  Model Training Times:
    amplitude: train=84.0s, total=98.0s
    angle_encoding: train=76.1s, total=90.0s
    graph_cycle: train=82.7s, total=96.8s
    density_matrix: train=76.3s, total=90.1s
  Memory Peak: 1.59 GB
  Recalls: amplitude: 100%, angle_encoding: 100%, graph_cycle: 100%, density_matrix: 100%, ensemble: 100%
  [CHECKPOINT] Saved

================================================================================
Event 11514 (25/100)
================================================================================
2025-10-29 18:30:03,809 - src.imputation.base_imputer - INFO - Fitting amplitude_embedding imputer on 11513 samples
2025-10-29 18:30:03,810 - src.imputation.base_imputer - INFO - Fitting graph_cycle_encoding imputer on 11513 samples
2025-10-29 18:30:03,810 - src.imputation.base_imputer - INFO - Fitting angle_encoding imputer on 11513 samples
2025-10-29 18:30:03,810 - src.imputation.base_imputer - INFO - Fitting density_matrix_optimized imputer on 11513 samples
2025-10-29 18:30:03,814 - src.imputation.amplitude_embedding - INFO - Learned position frequencies from 11513 samples. Normalization mode: uniform
2025-10-29 18:30:03,814 - src.imputation.base_imputer - INFO - amplitude_embedding imputer fitted successfully
2025-10-29 18:30:03,814 - src.imputation.base_imputer - INFO - Transforming 11513 samples with amplitude_embedding imputer
2025-10-29 18:30:03,814 - src.imputation.angle_encoding - INFO - Angle encoding uses fixed angular mapping (no learning from 11513 training samples)
2025-10-29 18:30:03,814 - src.imputation.graph_cycle_encoding - INFO - Graph/Cycle encoding uses fixed DFT basis and geometric distances (no learning from 11513 training samples)
2025-10-29 18:30:03,814 - src.imputation.base_imputer - INFO - angle_encoding imputer fitted successfully
2025-10-29 18:30:03,814 - src.imputation.base_imputer - INFO - graph_cycle_encoding imputer fitted successfully
2025-10-29 18:30:03,814 - src.imputation.base_imputer - INFO - Transforming 11513 samples with angle_encoding imputer
2025-10-29 18:30:03,814 - src.imputation.base_imputer - INFO - Transforming 11513 samples with graph_cycle_encoding imputer
2025-10-29 18:30:03,814 - src.imputation.density_matrix - INFO - Density matrix uses fixed quantum mechanical construction (no learning from 11513 training samples)
2025-10-29 18:30:03,814 - src.imputation.base_imputer - INFO - density_matrix_optimized imputer fitted successfully
2025-10-29 18:30:03,814 - src.imputation.base_imputer - INFO - Transforming 11513 samples with density_matrix_optimized imputer
2025-10-29 18:30:11,639 - src.imputation.base_imputer - INFO - Transformation complete: output shape (11513, 322)
2025-10-29 18:30:11,639 - src.imputation.base_imputer - INFO - Transforming 1 samples with angle_encoding imputer
2025-10-29 18:30:11,641 - src.imputation.base_imputer - INFO - Transformation complete: output shape (1, 322)
2025-10-29 18:30:11,826 - src.imputation.base_imputer - INFO - Transformation complete: output shape (11513, 377)
2025-10-29 18:30:11,826 - src.imputation.base_imputer - INFO - Transforming 1 samples with amplitude_embedding imputer
2025-10-29 18:30:11,828 - src.imputation.base_imputer - INFO - Transformation complete: output shape (1, 377)
2025-10-29 18:30:11,837 - src.imputation.base_imputer - INFO - Transformation complete: output shape (11513, 259)
2025-10-29 18:30:11,837 - src.imputation.base_imputer - INFO - Transforming 1 samples with density_matrix_optimized imputer
2025-10-29 18:30:11,839 - src.imputation.base_imputer - INFO - Transformation complete: output shape (1, 259)
2025-10-29 18:30:12,215 - src.imputation.base_imputer - INFO - Transformation complete: output shape (11513, 277)
2025-10-29 18:30:12,215 - src.imputation.base_imputer - INFO - Transforming 1 samples with graph_cycle_encoding imputer
2025-10-29 18:30:12,217 - src.imputation.base_imputer - INFO - Transformation complete: output shape (1, 277)
2025-10-29 18:30:17,382 - src.modeling.rankers.lgbm_ranker - INFO - Training LGBMRanker on 11513 events...
2025-10-29 18:30:17,492 - src.modeling.rankers.lgbm_ranker - INFO - Training LGBMRanker on 11513 events...
2025-10-29 18:30:17,527 - src.modeling.rankers.lgbm_ranker - INFO - Computed position frequencies: 39 positions
2025-10-29 18:30:17,632 - src.modeling.rankers.lgbm_ranker - INFO - Computed position frequencies: 39 positions
2025-10-29 18:30:17,688 - src.modeling.rankers.lgbm_ranker - INFO - Training LGBMRanker on 11513 events...
2025-10-29 18:30:17,820 - src.modeling.rankers.lgbm_ranker - INFO - Training LGBMRanker on 11513 events...
2025-10-29 18:30:17,835 - src.modeling.rankers.lgbm_ranker - INFO - Computed position frequencies: 39 positions
2025-10-29 18:30:17,961 - src.modeling.rankers.lgbm_ranker - INFO - Computed position frequencies: 39 positions
2025-10-29 18:31:31,189 - src.modeling.rankers.lgbm_ranker - INFO - Transformed to ranking format: 449007 samples (11513 groups of 39 positions each)
2025-10-29 18:31:31,189 - src.modeling.rankers.lgbm_ranker - INFO - Training LightGBM model...
/usr/local/lib/python3.10/dist-packages/lightgbm/sklearn.py:861: UserWarning: Found 'ndcg_eval_at' in params. Will use it instead of 'eval_at' argument
  _log_warning(f"Found '{alias}' in params. Will use it instead of 'eval_at' argument")
2025-10-29 18:31:31,557 - src.modeling.rankers.lgbm_ranker - INFO - Transformed to ranking format: 449007 samples (11513 groups of 39 positions each)
2025-10-29 18:31:31,557 - src.modeling.rankers.lgbm_ranker - INFO - Training LightGBM model...
/usr/local/lib/python3.10/dist-packages/lightgbm/sklearn.py:861: UserWarning: Found 'ndcg_eval_at' in params. Will use it instead of 'eval_at' argument
  _log_warning(f"Found '{alias}' in params. Will use it instead of 'eval_at' argument")
2025-10-29 18:31:32,728 - src.modeling.rankers.lgbm_ranker - INFO - Top-5 most important features:
2025-10-29 18:31:32,728 - src.modeling.rankers.lgbm_ranker - INFO -   position_frequency: 305.00
2025-10-29 18:31:32,728 - src.modeling.rankers.lgbm_ranker - INFO -   aggregate_0: 237.00
2025-10-29 18:31:32,728 - src.modeling.rankers.lgbm_ranker - INFO -   position_id: 213.00
2025-10-29 18:31:32,728 - src.modeling.rankers.lgbm_ranker - INFO -   aggregate_1: 108.00
2025-10-29 18:31:32,728 - src.modeling.rankers.lgbm_ranker - INFO -   tunneling: 90.00
2025-10-29 18:31:32,728 - src.modeling.rankers.lgbm_ranker - INFO - ✓ Training completed in 75.35 seconds
2025-10-29 18:31:32,728 - src.modeling.rankers.lgbm_ranker - INFO - ✓ LGBMRanker training successful
2025-10-29 18:31:32,739 - src.modeling.rankers.lgbm_ranker - INFO - Predicting top-20 for 1 test events...
/usr/local/lib/python3.10/dist-packages/lightgbm/sklearn.py:861: UserWarning: Found 'ndcg_eval_at' in params. Will use it instead of 'eval_at' argument
  _log_warning(f"Found '{alias}' in params. Will use it instead of 'eval_at' argument")
2025-10-29 18:31:32,747 - src.modeling.rankers.lgbm_ranker - INFO - ✓ Predictions generated for 1 events
2025-10-29 18:31:32,898 - src.modeling.rankers.lgbm_ranker - INFO - Top-5 most important features:
2025-10-29 18:31:32,899 - src.modeling.rankers.lgbm_ranker - INFO -   tunneling: 347.00
2025-10-29 18:31:32,899 - src.modeling.rankers.lgbm_ranker - INFO -   min_distance: 336.00
2025-10-29 18:31:32,899 - src.modeling.rankers.lgbm_ranker - INFO -   position_id: 306.00
2025-10-29 18:31:32,899 - src.modeling.rankers.lgbm_ranker - INFO -   position_frequency: 301.00
2025-10-29 18:31:32,899 - src.modeling.rankers.lgbm_ranker - INFO -   density_window_0: 212.00
2025-10-29 18:31:32,899 - src.modeling.rankers.lgbm_ranker - INFO - ✓ Training completed in 75.41 seconds
2025-10-29 18:31:32,899 - src.modeling.rankers.lgbm_ranker - INFO - ✓ LGBMRanker training successful
2025-10-29 18:31:32,919 - src.modeling.rankers.lgbm_ranker - INFO - Predicting top-20 for 1 test events...
/usr/local/lib/python3.10/dist-packages/lightgbm/sklearn.py:861: UserWarning: Found 'ndcg_eval_at' in params. Will use it instead of 'eval_at' argument
  _log_warning(f"Found '{alias}' in params. Will use it instead of 'eval_at' argument")
2025-10-29 18:31:32,926 - src.modeling.rankers.lgbm_ranker - INFO - ✓ Predictions generated for 1 events
2025-10-29 18:31:36,581 - src.modeling.rankers.lgbm_ranker - INFO - Transformed to ranking format: 449007 samples (11513 groups of 39 positions each)
2025-10-29 18:31:36,581 - src.modeling.rankers.lgbm_ranker - INFO - Training LightGBM model...
/usr/local/lib/python3.10/dist-packages/lightgbm/sklearn.py:861: UserWarning: Found 'ndcg_eval_at' in params. Will use it instead of 'eval_at' argument
  _log_warning(f"Found '{alias}' in params. Will use it instead of 'eval_at' argument")
2025-10-29 18:31:39,667 - src.modeling.rankers.lgbm_ranker - INFO - Top-5 most important features:
2025-10-29 18:31:39,668 - src.modeling.rankers.lgbm_ranker - INFO -   tunneling: 434.00
2025-10-29 18:31:39,668 - src.modeling.rankers.lgbm_ranker - INFO -   min_distance: 281.00
2025-10-29 18:31:39,668 - src.modeling.rankers.lgbm_ranker - INFO -   position_id: 235.00
2025-10-29 18:31:39,668 - src.modeling.rankers.lgbm_ranker - INFO -   density_window_0: 196.00
2025-10-29 18:31:39,668 - src.modeling.rankers.lgbm_ranker - INFO -   dft_45: 157.00
2025-10-29 18:31:39,668 - src.modeling.rankers.lgbm_ranker - INFO - ✓ Training completed in 81.85 seconds
2025-10-29 18:31:39,668 - src.modeling.rankers.lgbm_ranker - INFO - ✓ LGBMRanker training successful
2025-10-29 18:31:39,713 - src.modeling.rankers.lgbm_ranker - INFO - Predicting top-20 for 1 test events...
/usr/local/lib/python3.10/dist-packages/lightgbm/sklearn.py:861: UserWarning: Found 'ndcg_eval_at' in params. Will use it instead of 'eval_at' argument
  _log_warning(f"Found '{alias}' in params. Will use it instead of 'eval_at' argument")
2025-10-29 18:31:39,722 - src.modeling.rankers.lgbm_ranker - INFO - ✓ Predictions generated for 1 events
2025-10-29 18:31:39,760 - src.modeling.rankers.lgbm_ranker - INFO - Transformed to ranking format: 449007 samples (11513 groups of 39 positions each)
2025-10-29 18:31:39,760 - src.modeling.rankers.lgbm_ranker - INFO - Training LightGBM model...
/usr/local/lib/python3.10/dist-packages/lightgbm/sklearn.py:861: UserWarning: Found 'ndcg_eval_at' in params. Will use it instead of 'eval_at' argument
  _log_warning(f"Found '{alias}' in params. Will use it instead of 'eval_at' argument")
2025-10-29 18:31:40,855 - src.modeling.rankers.lgbm_ranker - INFO - Top-5 most important features:
2025-10-29 18:31:40,855 - src.modeling.rankers.lgbm_ranker - INFO -   position_frequency: 314.00
2025-10-29 18:31:40,855 - src.modeling.rankers.lgbm_ranker - INFO -   position_id: 257.00
2025-10-29 18:31:40,855 - src.modeling.rankers.lgbm_ranker - INFO -   tunneling: 251.00
2025-10-29 18:31:40,855 - src.modeling.rankers.lgbm_ranker - INFO -   min_distance: 196.00
2025-10-29 18:31:40,855 - src.modeling.rankers.lgbm_ranker - INFO -   density_window_0: 121.00
2025-10-29 18:31:40,855 - src.modeling.rankers.lgbm_ranker - INFO - ✓ Training completed in 83.17 seconds
2025-10-29 18:31:40,855 - src.modeling.rankers.lgbm_ranker - INFO - ✓ LGBMRanker training successful
2025-10-29 18:31:40,860 - src.modeling.rankers.lgbm_ranker - INFO - Predicting top-20 for 1 test events...
/usr/local/lib/python3.10/dist-packages/lightgbm/sklearn.py:861: UserWarning: Found 'ndcg_eval_at' in params. Will use it instead of 'eval_at' argument
  _log_warning(f"Found '{alias}' in params. Will use it instead of 'eval_at' argument")
2025-10-29 18:31:40,868 - src.modeling.rankers.lgbm_ranker - INFO - ✓ Predictions generated for 1 events

  Event Duration: 97.2s
  Parallel Exec:  97.2s
  Model Training Times:
    amplitude: train=83.2s, total=97.1s
    angle_encoding: train=75.4s, total=89.0s
    graph_cycle: train=81.9s, total=95.9s
    density_matrix: train=75.4s, total=89.1s
  Memory Peak: 1.59 GB
  Recalls: amplitude: 100%, angle_encoding: 100%, graph_cycle: 100%, density_matrix: 100%, ensemble: 100%
  [CHECKPOINT] Saved

================================================================================
Event 11515 (26/100)
================================================================================
2025-10-29 18:31:41,052 - src.imputation.base_imputer - INFO - Fitting amplitude_embedding imputer on 11514 samples
2025-10-29 18:31:41,052 - src.imputation.base_imputer - INFO - Fitting graph_cycle_encoding imputer on 11514 samples
2025-10-29 18:31:41,052 - src.imputation.base_imputer - INFO - Fitting density_matrix_optimized imputer on 11514 samples
2025-10-29 18:31:41,052 - src.imputation.base_imputer - INFO - Fitting angle_encoding imputer on 11514 samples
2025-10-29 18:31:41,057 - src.imputation.angle_encoding - INFO - Angle encoding uses fixed angular mapping (no learning from 11514 training samples)
2025-10-29 18:31:41,057 - src.imputation.density_matrix - INFO - Density matrix uses fixed quantum mechanical construction (no learning from 11514 training samples)
2025-10-29 18:31:41,057 - src.imputation.graph_cycle_encoding - INFO - Graph/Cycle encoding uses fixed DFT basis and geometric distances (no learning from 11514 training samples)
2025-10-29 18:31:41,057 - src.imputation.base_imputer - INFO - angle_encoding imputer fitted successfully
2025-10-29 18:31:41,057 - src.imputation.base_imputer - INFO - density_matrix_optimized imputer fitted successfully
2025-10-29 18:31:41,057 - src.imputation.base_imputer - INFO - graph_cycle_encoding imputer fitted successfully
2025-10-29 18:31:41,057 - src.imputation.base_imputer - INFO - Transforming 11514 samples with angle_encoding imputer
2025-10-29 18:31:41,057 - src.imputation.base_imputer - INFO - Transforming 11514 samples with density_matrix_optimized imputer
2025-10-29 18:31:41,057 - src.imputation.base_imputer - INFO - Transforming 11514 samples with graph_cycle_encoding imputer
2025-10-29 18:31:41,057 - src.imputation.amplitude_embedding - INFO - Learned position frequencies from 11514 samples. Normalization mode: uniform
2025-10-29 18:31:41,057 - src.imputation.base_imputer - INFO - amplitude_embedding imputer fitted successfully
2025-10-29 18:31:41,057 - src.imputation.base_imputer - INFO - Transforming 11514 samples with amplitude_embedding imputer
2025-10-29 18:31:48,943 - src.imputation.base_imputer - INFO - Transformation complete: output shape (11514, 322)
2025-10-29 18:31:48,943 - src.imputation.base_imputer - INFO - Transforming 1 samples with angle_encoding imputer
2025-10-29 18:31:48,945 - src.imputation.base_imputer - INFO - Transformation complete: output shape (1, 322)
2025-10-29 18:31:49,048 - src.imputation.base_imputer - INFO - Transformation complete: output shape (11514, 377)
2025-10-29 18:31:49,048 - src.imputation.base_imputer - INFO - Transforming 1 samples with amplitude_embedding imputer
2025-10-29 18:31:49,050 - src.imputation.base_imputer - INFO - Transformation complete: output shape (1, 377)
2025-10-29 18:31:49,087 - src.imputation.base_imputer - INFO - Transformation complete: output shape (11514, 259)
2025-10-29 18:31:49,088 - src.imputation.base_imputer - INFO - Transforming 1 samples with density_matrix_optimized imputer
2025-10-29 18:31:49,090 - src.imputation.base_imputer - INFO - Transformation complete: output shape (1, 259)
2025-10-29 18:31:49,477 - src.imputation.base_imputer - INFO - Transformation complete: output shape (11514, 277)
2025-10-29 18:31:49,477 - src.imputation.base_imputer - INFO - Transforming 1 samples with graph_cycle_encoding imputer
2025-10-29 18:31:49,481 - src.imputation.base_imputer - INFO - Transformation complete: output shape (1, 277)
2025-10-29 18:31:54,653 - src.modeling.rankers.lgbm_ranker - INFO - Training LGBMRanker on 11514 events...
2025-10-29 18:31:54,690 - src.modeling.rankers.lgbm_ranker - INFO - Training LGBMRanker on 11514 events...
2025-10-29 18:31:54,779 - src.modeling.rankers.lgbm_ranker - INFO - Training LGBMRanker on 11514 events...
2025-10-29 18:31:54,793 - src.modeling.rankers.lgbm_ranker - INFO - Computed position frequencies: 39 positions
2025-10-29 18:31:54,835 - src.modeling.rankers.lgbm_ranker - INFO - Computed position frequencies: 39 positions
2025-10-29 18:31:54,926 - src.modeling.rankers.lgbm_ranker - INFO - Computed position frequencies: 39 positions
2025-10-29 18:31:55,045 - src.modeling.rankers.lgbm_ranker - INFO - Training LGBMRanker on 11514 events...
2025-10-29 18:31:55,184 - src.modeling.rankers.lgbm_ranker - INFO - Computed position frequencies: 39 positions
2025-10-29 18:33:08,941 - src.modeling.rankers.lgbm_ranker - INFO - Transformed to ranking format: 449046 samples (11514 groups of 39 positions each)
2025-10-29 18:33:08,941 - src.modeling.rankers.lgbm_ranker - INFO - Training LightGBM model...
/usr/local/lib/python3.10/dist-packages/lightgbm/sklearn.py:861: UserWarning: Found 'ndcg_eval_at' in params. Will use it instead of 'eval_at' argument
  _log_warning(f"Found '{alias}' in params. Will use it instead of 'eval_at' argument")
2025-10-29 18:33:09,796 - src.modeling.rankers.lgbm_ranker - INFO - Transformed to ranking format: 449046 samples (11514 groups of 39 positions each)
2025-10-29 18:33:09,796 - src.modeling.rankers.lgbm_ranker - INFO - Training LightGBM model...
/usr/local/lib/python3.10/dist-packages/lightgbm/sklearn.py:861: UserWarning: Found 'ndcg_eval_at' in params. Will use it instead of 'eval_at' argument
  _log_warning(f"Found '{alias}' in params. Will use it instead of 'eval_at' argument")
2025-10-29 18:33:10,589 - src.modeling.rankers.lgbm_ranker - INFO - Top-5 most important features:
2025-10-29 18:33:10,589 - src.modeling.rankers.lgbm_ranker - INFO -   position_id: 321.00
2025-10-29 18:33:10,589 - src.modeling.rankers.lgbm_ranker - INFO -   tunneling: 311.00
2025-10-29 18:33:10,589 - src.modeling.rankers.lgbm_ranker - INFO -   position_frequency: 307.00
2025-10-29 18:33:10,589 - src.modeling.rankers.lgbm_ranker - INFO -   min_distance: 276.00
2025-10-29 18:33:10,589 - src.modeling.rankers.lgbm_ranker - INFO -   density_window_0: 221.00
2025-10-29 18:33:10,589 - src.modeling.rankers.lgbm_ranker - INFO - ✓ Training completed in 75.94 seconds
2025-10-29 18:33:10,589 - src.modeling.rankers.lgbm_ranker - INFO - ✓ LGBMRanker training successful
2025-10-29 18:33:10,610 - src.modeling.rankers.lgbm_ranker - INFO - Predicting top-20 for 1 test events...
/usr/local/lib/python3.10/dist-packages/lightgbm/sklearn.py:861: UserWarning: Found 'ndcg_eval_at' in params. Will use it instead of 'eval_at' argument
  _log_warning(f"Found '{alias}' in params. Will use it instead of 'eval_at' argument")
2025-10-29 18:33:10,619 - src.modeling.rankers.lgbm_ranker - INFO - ✓ Predictions generated for 1 events
2025-10-29 18:33:10,908 - src.modeling.rankers.lgbm_ranker - INFO - Top-5 most important features:
2025-10-29 18:33:10,908 - src.modeling.rankers.lgbm_ranker - INFO -   aggregate_0: 250.00
2025-10-29 18:33:10,908 - src.modeling.rankers.lgbm_ranker - INFO -   position_frequency: 236.00
2025-10-29 18:33:10,908 - src.modeling.rankers.lgbm_ranker - INFO -   position_id: 169.00
2025-10-29 18:33:10,908 - src.modeling.rankers.lgbm_ranker - INFO -   aggregate_1: 149.00
2025-10-29 18:33:10,908 - src.modeling.rankers.lgbm_ranker - INFO -   aggregate_5: 83.00
2025-10-29 18:33:10,908 - src.modeling.rankers.lgbm_ranker - INFO - ✓ Training completed in 76.22 seconds
2025-10-29 18:33:10,908 - src.modeling.rankers.lgbm_ranker - INFO - ✓ LGBMRanker training successful
2025-10-29 18:33:10,921 - src.modeling.rankers.lgbm_ranker - INFO - Predicting top-20 for 1 test events...
/usr/local/lib/python3.10/dist-packages/lightgbm/sklearn.py:861: UserWarning: Found 'ndcg_eval_at' in params. Will use it instead of 'eval_at' argument
  _log_warning(f"Found '{alias}' in params. Will use it instead of 'eval_at' argument")
2025-10-29 18:33:10,929 - src.modeling.rankers.lgbm_ranker - INFO - ✓ Predictions generated for 1 events
2025-10-29 18:33:13,681 - src.modeling.rankers.lgbm_ranker - INFO - Transformed to ranking format: 449046 samples (11514 groups of 39 positions each)
2025-10-29 18:33:13,681 - src.modeling.rankers.lgbm_ranker - INFO - Training LightGBM model...
/usr/local/lib/python3.10/dist-packages/lightgbm/sklearn.py:861: UserWarning: Found 'ndcg_eval_at' in params. Will use it instead of 'eval_at' argument
  _log_warning(f"Found '{alias}' in params. Will use it instead of 'eval_at' argument")
2025-10-29 18:33:16,442 - src.modeling.rankers.lgbm_ranker - INFO - Transformed to ranking format: 449046 samples (11514 groups of 39 positions each)
2025-10-29 18:33:16,442 - src.modeling.rankers.lgbm_ranker - INFO - Training LightGBM model...
/usr/local/lib/python3.10/dist-packages/lightgbm/sklearn.py:861: UserWarning: Found 'ndcg_eval_at' in params. Will use it instead of 'eval_at' argument
  _log_warning(f"Found '{alias}' in params. Will use it instead of 'eval_at' argument")
2025-10-29 18:33:16,730 - src.modeling.rankers.lgbm_ranker - INFO - Top-5 most important features:
2025-10-29 18:33:16,730 - src.modeling.rankers.lgbm_ranker - INFO -   tunneling: 412.00
2025-10-29 18:33:16,730 - src.modeling.rankers.lgbm_ranker - INFO -   min_distance: 255.00
2025-10-29 18:33:16,730 - src.modeling.rankers.lgbm_ranker - INFO -   position_id: 244.00
2025-10-29 18:33:16,730 - src.modeling.rankers.lgbm_ranker - INFO -   density_window_0: 199.00
2025-10-29 18:33:16,730 - src.modeling.rankers.lgbm_ranker - INFO -   dft_45: 192.00
2025-10-29 18:33:16,730 - src.modeling.rankers.lgbm_ranker - INFO - ✓ Training completed in 81.69 seconds
2025-10-29 18:33:16,730 - src.modeling.rankers.lgbm_ranker - INFO - ✓ LGBMRanker training successful
2025-10-29 18:33:16,778 - src.modeling.rankers.lgbm_ranker - INFO - Predicting top-20 for 1 test events...
/usr/local/lib/python3.10/dist-packages/lightgbm/sklearn.py:861: UserWarning: Found 'ndcg_eval_at' in params. Will use it instead of 'eval_at' argument
  _log_warning(f"Found '{alias}' in params. Will use it instead of 'eval_at' argument")
2025-10-29 18:33:16,787 - src.modeling.rankers.lgbm_ranker - INFO - ✓ Predictions generated for 1 events
2025-10-29 18:33:17,449 - src.modeling.rankers.lgbm_ranker - INFO - Top-5 most important features:
2025-10-29 18:33:17,449 - src.modeling.rankers.lgbm_ranker - INFO -   position_frequency: 285.00
2025-10-29 18:33:17,449 - src.modeling.rankers.lgbm_ranker - INFO -   tunneling: 264.00
2025-10-29 18:33:17,449 - src.modeling.rankers.lgbm_ranker - INFO -   min_distance: 215.00
2025-10-29 18:33:17,449 - src.modeling.rankers.lgbm_ranker - INFO -   position_id: 201.00
2025-10-29 18:33:17,449 - src.modeling.rankers.lgbm_ranker - INFO -   density_window_0: 154.00
2025-10-29 18:33:17,449 - src.modeling.rankers.lgbm_ranker - INFO - ✓ Training completed in 82.67 seconds
2025-10-29 18:33:17,449 - src.modeling.rankers.lgbm_ranker - INFO - ✓ LGBMRanker training successful
2025-10-29 18:33:17,453 - src.modeling.rankers.lgbm_ranker - INFO - Predicting top-20 for 1 test events...
/usr/local/lib/python3.10/dist-packages/lightgbm/sklearn.py:861: UserWarning: Found 'ndcg_eval_at' in params. Will use it instead of 'eval_at' argument
  _log_warning(f"Found '{alias}' in params. Will use it instead of 'eval_at' argument")
2025-10-29 18:33:17,461 - src.modeling.rankers.lgbm_ranker - INFO - ✓ Predictions generated for 1 events

  Event Duration: 96.6s
  Parallel Exec:  96.6s
  Model Training Times:
    amplitude: train=82.7s, total=96.4s
    angle_encoding: train=76.2s, total=89.9s
    graph_cycle: train=81.7s, total=95.8s
    density_matrix: train=76.0s, total=89.6s
  Memory Peak: 1.59 GB
  Recalls: amplitude: 100%, angle_encoding: 100%, graph_cycle: 100%, density_matrix: 100%, ensemble: 100%
  [CHECKPOINT] Saved

================================================================================
Event 11516 (27/100)
================================================================================
2025-10-29 18:33:17,645 - src.imputation.base_imputer - INFO - Fitting amplitude_embedding imputer on 11515 samples
2025-10-29 18:33:17,648 - src.imputation.base_imputer - INFO - Fitting angle_encoding imputer on 11515 samples
2025-10-29 18:33:17,648 - src.imputation.base_imputer - INFO - Fitting graph_cycle_encoding imputer on 11515 samples
2025-10-29 18:33:17,648 - src.imputation.base_imputer - INFO - Fitting density_matrix_optimized imputer on 11515 samples
2025-10-29 18:33:17,649 - src.imputation.amplitude_embedding - INFO - Learned position frequencies from 11515 samples. Normalization mode: uniform
2025-10-29 18:33:17,649 - src.imputation.base_imputer - INFO - amplitude_embedding imputer fitted successfully
2025-10-29 18:33:17,649 - src.imputation.base_imputer - INFO - Transforming 11515 samples with amplitude_embedding imputer
2025-10-29 18:33:17,652 - src.imputation.density_matrix - INFO - Density matrix uses fixed quantum mechanical construction (no learning from 11515 training samples)
2025-10-29 18:33:17,652 - src.imputation.graph_cycle_encoding - INFO - Graph/Cycle encoding uses fixed DFT basis and geometric distances (no learning from 11515 training samples)
2025-10-29 18:33:17,652 - src.imputation.angle_encoding - INFO - Angle encoding uses fixed angular mapping (no learning from 11515 training samples)
2025-10-29 18:33:17,652 - src.imputation.base_imputer - INFO - density_matrix_optimized imputer fitted successfully
2025-10-29 18:33:17,652 - src.imputation.base_imputer - INFO - graph_cycle_encoding imputer fitted successfully
2025-10-29 18:33:17,652 - src.imputation.base_imputer - INFO - angle_encoding imputer fitted successfully
2025-10-29 18:33:17,652 - src.imputation.base_imputer - INFO - Transforming 11515 samples with density_matrix_optimized imputer
2025-10-29 18:33:17,652 - src.imputation.base_imputer - INFO - Transforming 11515 samples with graph_cycle_encoding imputer
2025-10-29 18:33:17,652 - src.imputation.base_imputer - INFO - Transforming 11515 samples with angle_encoding imputer
2025-10-29 18:33:25,336 - src.imputation.base_imputer - INFO - Transformation complete: output shape (11515, 377)
2025-10-29 18:33:25,336 - src.imputation.base_imputer - INFO - Transforming 1 samples with amplitude_embedding imputer
2025-10-29 18:33:25,338 - src.imputation.base_imputer - INFO - Transformation complete: output shape (1, 377)
2025-10-29 18:33:25,490 - src.imputation.base_imputer - INFO - Transformation complete: output shape (11515, 322)
2025-10-29 18:33:25,490 - src.imputation.base_imputer - INFO - Transforming 1 samples with angle_encoding imputer
2025-10-29 18:33:25,492 - src.imputation.base_imputer - INFO - Transformation complete: output shape (1, 322)
2025-10-29 18:33:25,993 - src.imputation.base_imputer - INFO - Transformation complete: output shape (11515, 259)
2025-10-29 18:33:25,993 - src.imputation.base_imputer - INFO - Transforming 1 samples with density_matrix_optimized imputer
2025-10-29 18:33:25,996 - src.imputation.base_imputer - INFO - Transformation complete: output shape (1, 259)
2025-10-29 18:33:26,041 - src.imputation.base_imputer - INFO - Transformation complete: output shape (11515, 277)
2025-10-29 18:33:26,041 - src.imputation.base_imputer - INFO - Transforming 1 samples with graph_cycle_encoding imputer
2025-10-29 18:33:26,043 - src.imputation.base_imputer - INFO - Transformation complete: output shape (1, 277)
2025-10-29 18:33:31,054 - src.modeling.rankers.lgbm_ranker - INFO - Training LGBMRanker on 11515 events...
2025-10-29 18:33:31,197 - src.modeling.rankers.lgbm_ranker - INFO - Computed position frequencies: 39 positions
2025-10-29 18:33:31,302 - src.modeling.rankers.lgbm_ranker - INFO - Training LGBMRanker on 11515 events...
2025-10-29 18:33:31,447 - src.modeling.rankers.lgbm_ranker - INFO - Computed position frequencies: 39 positions
2025-10-29 18:33:31,670 - src.modeling.rankers.lgbm_ranker - INFO - Training LGBMRanker on 11515 events...
2025-10-29 18:33:31,779 - src.modeling.rankers.lgbm_ranker - INFO - Training LGBMRanker on 11515 events...
2025-10-29 18:33:31,811 - src.modeling.rankers.lgbm_ranker - INFO - Computed position frequencies: 39 positions
2025-10-29 18:33:31,926 - src.modeling.rankers.lgbm_ranker - INFO - Computed position frequencies: 39 positions
2025-10-29 18:34:46,140 - src.modeling.rankers.lgbm_ranker - INFO - Transformed to ranking format: 449085 samples (11515 groups of 39 positions each)
2025-10-29 18:34:46,140 - src.modeling.rankers.lgbm_ranker - INFO - Training LightGBM model...
/usr/local/lib/python3.10/dist-packages/lightgbm/sklearn.py:861: UserWarning: Found 'ndcg_eval_at' in params. Will use it instead of 'eval_at' argument
  _log_warning(f"Found '{alias}' in params. Will use it instead of 'eval_at' argument")
2025-10-29 18:34:47,279 - src.modeling.rankers.lgbm_ranker - INFO - Top-5 most important features:
2025-10-29 18:34:47,279 - src.modeling.rankers.lgbm_ranker - INFO -   position_frequency: 259.00
2025-10-29 18:34:47,279 - src.modeling.rankers.lgbm_ranker - INFO -   aggregate_0: 248.00
2025-10-29 18:34:47,279 - src.modeling.rankers.lgbm_ranker - INFO -   position_id: 231.00
2025-10-29 18:34:47,280 - src.modeling.rankers.lgbm_ranker - INFO -   tunneling: 140.00
2025-10-29 18:34:47,280 - src.modeling.rankers.lgbm_ranker - INFO -   min_distance: 111.00
2025-10-29 18:34:47,280 - src.modeling.rankers.lgbm_ranker - INFO - ✓ Training completed in 75.98 seconds
2025-10-29 18:34:47,280 - src.modeling.rankers.lgbm_ranker - INFO - ✓ LGBMRanker training successful
2025-10-29 18:34:47,292 - src.modeling.rankers.lgbm_ranker - INFO - Predicting top-20 for 1 test events...
/usr/local/lib/python3.10/dist-packages/lightgbm/sklearn.py:861: UserWarning: Found 'ndcg_eval_at' in params. Will use it instead of 'eval_at' argument
  _log_warning(f"Found '{alias}' in params. Will use it instead of 'eval_at' argument")
2025-10-29 18:34:47,300 - src.modeling.rankers.lgbm_ranker - INFO - ✓ Predictions generated for 1 events
2025-10-29 18:34:48,461 - src.modeling.rankers.lgbm_ranker - INFO - Transformed to ranking format: 449085 samples (11515 groups of 39 positions each)
2025-10-29 18:34:48,461 - src.modeling.rankers.lgbm_ranker - INFO - Training LightGBM model...
/usr/local/lib/python3.10/dist-packages/lightgbm/sklearn.py:861: UserWarning: Found 'ndcg_eval_at' in params. Will use it instead of 'eval_at' argument
  _log_warning(f"Found '{alias}' in params. Will use it instead of 'eval_at' argument")
2025-10-29 18:34:50,136 - src.modeling.rankers.lgbm_ranker - INFO - Top-5 most important features:
2025-10-29 18:34:50,136 - src.modeling.rankers.lgbm_ranker - INFO -   position_id: 369.00
2025-10-29 18:34:50,136 - src.modeling.rankers.lgbm_ranker - INFO -   tunneling: 332.00
2025-10-29 18:34:50,136 - src.modeling.rankers.lgbm_ranker - INFO -   position_frequency: 296.00
2025-10-29 18:34:50,136 - src.modeling.rankers.lgbm_ranker - INFO -   min_distance: 242.00
2025-10-29 18:34:50,137 - src.modeling.rankers.lgbm_ranker - INFO -   density_window_0: 219.00
2025-10-29 18:34:50,137 - src.modeling.rankers.lgbm_ranker - INFO - ✓ Training completed in 78.36 seconds
2025-10-29 18:34:50,137 - src.modeling.rankers.lgbm_ranker - INFO - ✓ LGBMRanker training successful
2025-10-29 18:34:50,167 - src.modeling.rankers.lgbm_ranker - INFO - Predicting top-20 for 1 test events...
/usr/local/lib/python3.10/dist-packages/lightgbm/sklearn.py:861: UserWarning: Found 'ndcg_eval_at' in params. Will use it instead of 'eval_at' argument
  _log_warning(f"Found '{alias}' in params. Will use it instead of 'eval_at' argument")
2025-10-29 18:34:50,175 - src.modeling.rankers.lgbm_ranker - INFO - ✓ Predictions generated for 1 events
2025-10-29 18:34:51,209 - src.modeling.rankers.lgbm_ranker - INFO - Transformed to ranking format: 449085 samples (11515 groups of 39 positions each)
2025-10-29 18:34:51,209 - src.modeling.rankers.lgbm_ranker - INFO - Training LightGBM model...
/usr/local/lib/python3.10/dist-packages/lightgbm/sklearn.py:861: UserWarning: Found 'ndcg_eval_at' in params. Will use it instead of 'eval_at' argument
  _log_warning(f"Found '{alias}' in params. Will use it instead of 'eval_at' argument")
2025-10-29 18:34:51,286 - src.modeling.rankers.lgbm_ranker - INFO - Transformed to ranking format: 449085 samples (11515 groups of 39 positions each)
2025-10-29 18:34:51,286 - src.modeling.rankers.lgbm_ranker - INFO - Training LightGBM model...
/usr/local/lib/python3.10/dist-packages/lightgbm/sklearn.py:861: UserWarning: Found 'ndcg_eval_at' in params. Will use it instead of 'eval_at' argument
  _log_warning(f"Found '{alias}' in params. Will use it instead of 'eval_at' argument")
2025-10-29 18:34:52,346 - src.modeling.rankers.lgbm_ranker - INFO - Top-5 most important features:
2025-10-29 18:34:52,346 - src.modeling.rankers.lgbm_ranker - INFO -   position_frequency: 322.00
2025-10-29 18:34:52,346 - src.modeling.rankers.lgbm_ranker - INFO -   position_id: 221.00
2025-10-29 18:34:52,346 - src.modeling.rankers.lgbm_ranker - INFO -   min_distance: 205.00
2025-10-29 18:34:52,346 - src.modeling.rankers.lgbm_ranker - INFO -   tunneling: 183.00
2025-10-29 18:34:52,346 - src.modeling.rankers.lgbm_ranker - INFO -   amplitude: 81.00
2025-10-29 18:34:52,346 - src.modeling.rankers.lgbm_ranker - INFO - ✓ Training completed in 81.29 seconds
2025-10-29 18:34:52,346 - src.modeling.rankers.lgbm_ranker - INFO - ✓ LGBMRanker training successful
2025-10-29 18:34:52,350 - src.modeling.rankers.lgbm_ranker - INFO - Predicting top-20 for 1 test events...
/usr/local/lib/python3.10/dist-packages/lightgbm/sklearn.py:861: UserWarning: Found 'ndcg_eval_at' in params. Will use it instead of 'eval_at' argument
  _log_warning(f"Found '{alias}' in params. Will use it instead of 'eval_at' argument")
2025-10-29 18:34:52,358 - src.modeling.rankers.lgbm_ranker - INFO - ✓ Predictions generated for 1 events
2025-10-29 18:34:54,188 - src.modeling.rankers.lgbm_ranker - INFO - Top-5 most important features:
2025-10-29 18:34:54,188 - src.modeling.rankers.lgbm_ranker - INFO -   tunneling: 385.00
2025-10-29 18:34:54,188 - src.modeling.rankers.lgbm_ranker - INFO -   position_id: 250.00
2025-10-29 18:34:54,188 - src.modeling.rankers.lgbm_ranker - INFO -   min_distance: 241.00
2025-10-29 18:34:54,188 - src.modeling.rankers.lgbm_ranker - INFO -   density_window_0: 191.00
2025-10-29 18:34:54,188 - src.modeling.rankers.lgbm_ranker - INFO -   dft_45: 189.00
2025-10-29 18:34:54,188 - src.modeling.rankers.lgbm_ranker - INFO - ✓ Training completed in 82.52 seconds
2025-10-29 18:34:54,188 - src.modeling.rankers.lgbm_ranker - INFO - ✓ LGBMRanker training successful
2025-10-29 18:34:54,249 - src.modeling.rankers.lgbm_ranker - INFO - Predicting top-20 for 1 test events...
/usr/local/lib/python3.10/dist-packages/lightgbm/sklearn.py:861: UserWarning: Found 'ndcg_eval_at' in params. Will use it instead of 'eval_at' argument
  _log_warning(f"Found '{alias}' in params. Will use it instead of 'eval_at' argument")
2025-10-29 18:34:54,257 - src.modeling.rankers.lgbm_ranker - INFO - ✓ Predictions generated for 1 events

  Event Duration: 96.8s
  Parallel Exec:  96.8s
  Model Training Times:
    amplitude: train=81.3s, total=94.7s
    angle_encoding: train=76.0s, total=89.7s
    graph_cycle: train=82.6s, total=96.6s
    density_matrix: train=78.4s, total=92.5s
  Memory Peak: 1.44 GB
  Recalls: amplitude: 100%, angle_encoding: 100%, graph_cycle: 100%, density_matrix: 100%, ensemble: 100%
  [CHECKPOINT] Saved

================================================================================
Event 11517 (28/100)
================================================================================
2025-10-29 18:34:54,417 - src.imputation.base_imputer - INFO - Fitting amplitude_embedding imputer on 11516 samples
2025-10-29 18:34:54,419 - src.imputation.base_imputer - INFO - Fitting density_matrix_optimized imputer on 11516 samples
2025-10-29 18:34:54,419 - src.imputation.base_imputer - INFO - Fitting angle_encoding imputer on 11516 samples
2025-10-29 18:34:54,420 - src.imputation.base_imputer - INFO - Fitting graph_cycle_encoding imputer on 11516 samples
2025-10-29 18:34:54,421 - src.imputation.amplitude_embedding - INFO - Learned position frequencies from 11516 samples. Normalization mode: uniform
2025-10-29 18:34:54,421 - src.imputation.base_imputer - INFO - amplitude_embedding imputer fitted successfully
2025-10-29 18:34:54,421 - src.imputation.base_imputer - INFO - Transforming 11516 samples with amplitude_embedding imputer
2025-10-29 18:34:54,423 - src.imputation.angle_encoding - INFO - Angle encoding uses fixed angular mapping (no learning from 11516 training samples)
2025-10-29 18:34:54,423 - src.imputation.base_imputer - INFO - angle_encoding imputer fitted successfully
2025-10-29 18:34:54,423 - src.imputation.base_imputer - INFO - Transforming 11516 samples with angle_encoding imputer
2025-10-29 18:34:54,423 - src.imputation.density_matrix - INFO - Density matrix uses fixed quantum mechanical construction (no learning from 11516 training samples)
2025-10-29 18:34:54,423 - src.imputation.base_imputer - INFO - density_matrix_optimized imputer fitted successfully
2025-10-29 18:34:54,423 - src.imputation.base_imputer - INFO - Transforming 11516 samples with density_matrix_optimized imputer
2025-10-29 18:34:54,424 - src.imputation.graph_cycle_encoding - INFO - Graph/Cycle encoding uses fixed DFT basis and geometric distances (no learning from 11516 training samples)
2025-10-29 18:34:54,424 - src.imputation.base_imputer - INFO - graph_cycle_encoding imputer fitted successfully
2025-10-29 18:34:54,424 - src.imputation.base_imputer - INFO - Transforming 11516 samples with graph_cycle_encoding imputer
2025-10-29 18:35:02,180 - src.imputation.base_imputer - INFO - Transformation complete: output shape (11516, 322)
2025-10-29 18:35:02,180 - src.imputation.base_imputer - INFO - Transforming 1 samples with angle_encoding imputer
2025-10-29 18:35:02,182 - src.imputation.base_imputer - INFO - Transformation complete: output shape (1, 322)
2025-10-29 18:35:02,240 - src.imputation.base_imputer - INFO - Transformation complete: output shape (11516, 377)
2025-10-29 18:35:02,240 - src.imputation.base_imputer - INFO - Transforming 1 samples with amplitude_embedding imputer
2025-10-29 18:35:02,243 - src.imputation.base_imputer - INFO - Transformation complete: output shape (1, 377)
2025-10-29 18:35:02,808 - src.imputation.base_imputer - INFO - Transformation complete: output shape (11516, 259)
2025-10-29 18:35:02,808 - src.imputation.base_imputer - INFO - Transforming 1 samples with density_matrix_optimized imputer
2025-10-29 18:35:02,811 - src.imputation.base_imputer - INFO - Transformation complete: output shape (1, 259)
2025-10-29 18:35:03,025 - src.imputation.base_imputer - INFO - Transformation complete: output shape (11516, 277)
2025-10-29 18:35:03,025 - src.imputation.base_imputer - INFO - Transforming 1 samples with graph_cycle_encoding imputer
2025-10-29 18:35:03,028 - src.imputation.base_imputer - INFO - Transformation complete: output shape (1, 277)
2025-10-29 18:35:07,825 - src.modeling.rankers.lgbm_ranker - INFO - Training LGBMRanker on 11516 events...
2025-10-29 18:35:07,882 - src.modeling.rankers.lgbm_ranker - INFO - Training LGBMRanker on 11516 events...
2025-10-29 18:35:07,969 - src.modeling.rankers.lgbm_ranker - INFO - Computed position frequencies: 39 positions
2025-10-29 18:35:08,024 - src.modeling.rankers.lgbm_ranker - INFO - Computed position frequencies: 39 positions
2025-10-29 18:35:08,629 - src.modeling.rankers.lgbm_ranker - INFO - Training LGBMRanker on 11516 events...
2025-10-29 18:35:08,773 - src.modeling.rankers.lgbm_ranker - INFO - Computed position frequencies: 39 positions
2025-10-29 18:35:08,814 - src.modeling.rankers.lgbm_ranker - INFO - Training LGBMRanker on 11516 events...
2025-10-29 18:35:08,961 - src.modeling.rankers.lgbm_ranker - INFO - Computed position frequencies: 39 positions
2025-10-29 18:36:20,255 - src.modeling.rankers.lgbm_ranker - INFO - Transformed to ranking format: 449124 samples (11516 groups of 39 positions each)
2025-10-29 18:36:20,255 - src.modeling.rankers.lgbm_ranker - INFO - Training LightGBM model...
/usr/local/lib/python3.10/dist-packages/lightgbm/sklearn.py:861: UserWarning: Found 'ndcg_eval_at' in params. Will use it instead of 'eval_at' argument
  _log_warning(f"Found '{alias}' in params. Will use it instead of 'eval_at' argument")
2025-10-29 18:36:21,391 - src.modeling.rankers.lgbm_ranker - INFO - Top-5 most important features:
2025-10-29 18:36:21,391 - src.modeling.rankers.lgbm_ranker - INFO -   position_frequency: 253.00
2025-10-29 18:36:21,391 - src.modeling.rankers.lgbm_ranker - INFO -   aggregate_0: 234.00
2025-10-29 18:36:21,391 - src.modeling.rankers.lgbm_ranker - INFO -   position_id: 189.00
2025-10-29 18:36:21,391 - src.modeling.rankers.lgbm_ranker - INFO -   tunneling: 125.00
2025-10-29 18:36:21,391 - src.modeling.rankers.lgbm_ranker - INFO -   density_window_0: 118.00
2025-10-29 18:36:21,391 - src.modeling.rankers.lgbm_ranker - INFO - ✓ Training completed in 73.57 seconds
2025-10-29 18:36:21,391 - src.modeling.rankers.lgbm_ranker - INFO - ✓ LGBMRanker training successful
2025-10-29 18:36:21,402 - src.modeling.rankers.lgbm_ranker - INFO - Predicting top-20 for 1 test events...
/usr/local/lib/python3.10/dist-packages/lightgbm/sklearn.py:861: UserWarning: Found 'ndcg_eval_at' in params. Will use it instead of 'eval_at' argument
  _log_warning(f"Found '{alias}' in params. Will use it instead of 'eval_at' argument")
2025-10-29 18:36:21,410 - src.modeling.rankers.lgbm_ranker - INFO - ✓ Predictions generated for 1 events
2025-10-29 18:36:25,313 - src.modeling.rankers.lgbm_ranker - INFO - Transformed to ranking format: 449124 samples (11516 groups of 39 positions each)
2025-10-29 18:36:25,313 - src.modeling.rankers.lgbm_ranker - INFO - Training LightGBM model...
/usr/local/lib/python3.10/dist-packages/lightgbm/sklearn.py:861: UserWarning: Found 'ndcg_eval_at' in params. Will use it instead of 'eval_at' argument
  _log_warning(f"Found '{alias}' in params. Will use it instead of 'eval_at' argument")
2025-10-29 18:36:26,952 - src.modeling.rankers.lgbm_ranker - INFO - Top-5 most important features:
2025-10-29 18:36:26,952 - src.modeling.rankers.lgbm_ranker - INFO -   position_id: 400.00
2025-10-29 18:36:26,952 - src.modeling.rankers.lgbm_ranker - INFO -   tunneling: 333.00
2025-10-29 18:36:26,952 - src.modeling.rankers.lgbm_ranker - INFO -   position_frequency: 265.00
2025-10-29 18:36:26,952 - src.modeling.rankers.lgbm_ranker - INFO -   min_distance: 227.00
2025-10-29 18:36:26,952 - src.modeling.rankers.lgbm_ranker - INFO -   density_window_0: 205.00
2025-10-29 18:36:26,952 - src.modeling.rankers.lgbm_ranker - INFO - ✓ Training completed in 78.32 seconds
2025-10-29 18:36:26,952 - src.modeling.rankers.lgbm_ranker - INFO - ✓ LGBMRanker training successful
2025-10-29 18:36:26,973 - src.modeling.rankers.lgbm_ranker - INFO - Predicting top-20 for 1 test events...
/usr/local/lib/python3.10/dist-packages/lightgbm/sklearn.py:861: UserWarning: Found 'ndcg_eval_at' in params. Will use it instead of 'eval_at' argument
  _log_warning(f"Found '{alias}' in params. Will use it instead of 'eval_at' argument")
2025-10-29 18:36:26,981 - src.modeling.rankers.lgbm_ranker - INFO - ✓ Predictions generated for 1 events
2025-10-29 18:36:28,381 - src.modeling.rankers.lgbm_ranker - INFO - Transformed to ranking format: 449124 samples (11516 groups of 39 positions each)
2025-10-29 18:36:28,381 - src.modeling.rankers.lgbm_ranker - INFO - Training LightGBM model...
/usr/local/lib/python3.10/dist-packages/lightgbm/sklearn.py:861: UserWarning: Found 'ndcg_eval_at' in params. Will use it instead of 'eval_at' argument
  _log_warning(f"Found '{alias}' in params. Will use it instead of 'eval_at' argument")
2025-10-29 18:36:29,375 - src.modeling.rankers.lgbm_ranker - INFO - Top-5 most important features:
2025-10-29 18:36:29,375 - src.modeling.rankers.lgbm_ranker - INFO -   position_frequency: 327.00
2025-10-29 18:36:29,375 - src.modeling.rankers.lgbm_ranker - INFO -   min_distance: 237.00
2025-10-29 18:36:29,375 - src.modeling.rankers.lgbm_ranker - INFO -   tunneling: 224.00
2025-10-29 18:36:29,375 - src.modeling.rankers.lgbm_ranker - INFO -   position_id: 223.00
2025-10-29 18:36:29,375 - src.modeling.rankers.lgbm_ranker - INFO -   density_window_0: 146.00
2025-10-29 18:36:29,375 - src.modeling.rankers.lgbm_ranker - INFO - ✓ Training completed in 81.49 seconds
2025-10-29 18:36:29,375 - src.modeling.rankers.lgbm_ranker - INFO - ✓ LGBMRanker training successful
2025-10-29 18:36:29,379 - src.modeling.rankers.lgbm_ranker - INFO - Predicting top-20 for 1 test events...
/usr/local/lib/python3.10/dist-packages/lightgbm/sklearn.py:861: UserWarning: Found 'ndcg_eval_at' in params. Will use it instead of 'eval_at' argument
  _log_warning(f"Found '{alias}' in params. Will use it instead of 'eval_at' argument")
2025-10-29 18:36:29,388 - src.modeling.rankers.lgbm_ranker - INFO - ✓ Predictions generated for 1 events
2025-10-29 18:36:30,980 - src.modeling.rankers.lgbm_ranker - INFO - Transformed to ranking format: 449124 samples (11516 groups of 39 positions each)
2025-10-29 18:36:30,980 - src.modeling.rankers.lgbm_ranker - INFO - Training LightGBM model...
/usr/local/lib/python3.10/dist-packages/lightgbm/sklearn.py:861: UserWarning: Found 'ndcg_eval_at' in params. Will use it instead of 'eval_at' argument
  _log_warning(f"Found '{alias}' in params. Will use it instead of 'eval_at' argument")
2025-10-29 18:36:33,982 - src.modeling.rankers.lgbm_ranker - INFO - Top-5 most important features:
2025-10-29 18:36:33,982 - src.modeling.rankers.lgbm_ranker - INFO -   tunneling: 447.00
2025-10-29 18:36:33,982 - src.modeling.rankers.lgbm_ranker - INFO -   position_id: 259.00
2025-10-29 18:36:33,982 - src.modeling.rankers.lgbm_ranker - INFO -   min_distance: 256.00
2025-10-29 18:36:33,982 - src.modeling.rankers.lgbm_ranker - INFO -   density_window_0: 203.00
2025-10-29 18:36:33,982 - src.modeling.rankers.lgbm_ranker - INFO -   dft_45: 201.00
2025-10-29 18:36:33,982 - src.modeling.rankers.lgbm_ranker - INFO - ✓ Training completed in 85.17 seconds
2025-10-29 18:36:33,982 - src.modeling.rankers.lgbm_ranker - INFO - ✓ LGBMRanker training successful
2025-10-29 18:36:34,033 - src.modeling.rankers.lgbm_ranker - INFO - Predicting top-20 for 1 test events...
/usr/local/lib/python3.10/dist-packages/lightgbm/sklearn.py:861: UserWarning: Found 'ndcg_eval_at' in params. Will use it instead of 'eval_at' argument
  _log_warning(f"Found '{alias}' in params. Will use it instead of 'eval_at' argument")
2025-10-29 18:36:34,041 - src.modeling.rankers.lgbm_ranker - INFO - ✓ Predictions generated for 1 events

  Event Duration: 99.8s
  Parallel Exec:  99.8s
  Model Training Times:
    amplitude: train=81.5s, total=95.0s
    angle_encoding: train=73.6s, total=87.0s
    graph_cycle: train=85.2s, total=99.6s
    density_matrix: train=78.3s, total=92.6s
  Memory Peak: 1.62 GB
  Recalls: amplitude: 100%, angle_encoding: 100%, graph_cycle: 100%, density_matrix: 100%, ensemble: 100%
  [CHECKPOINT] Saved

================================================================================
Event 11518 (29/100)
================================================================================
2025-10-29 18:36:34,224 - src.imputation.base_imputer - INFO - Fitting amplitude_embedding imputer on 11517 samples
2025-10-29 18:36:34,226 - src.imputation.base_imputer - INFO - Fitting angle_encoding imputer on 11517 samples
2025-10-29 18:36:34,226 - src.imputation.base_imputer - INFO - Fitting graph_cycle_encoding imputer on 11517 samples
2025-10-29 18:36:34,226 - src.imputation.base_imputer - INFO - Fitting density_matrix_optimized imputer on 11517 samples
2025-10-29 18:36:34,228 - src.imputation.amplitude_embedding - INFO - Learned position frequencies from 11517 samples. Normalization mode: uniform
2025-10-29 18:36:34,228 - src.imputation.base_imputer - INFO - amplitude_embedding imputer fitted successfully
2025-10-29 18:36:34,228 - src.imputation.base_imputer - INFO - Transforming 11517 samples with amplitude_embedding imputer
2025-10-29 18:36:34,230 - src.imputation.density_matrix - INFO - Density matrix uses fixed quantum mechanical construction (no learning from 11517 training samples)
2025-10-29 18:36:34,230 - src.imputation.graph_cycle_encoding - INFO - Graph/Cycle encoding uses fixed DFT basis and geometric distances (no learning from 11517 training samples)
2025-10-29 18:36:34,230 - src.imputation.angle_encoding - INFO - Angle encoding uses fixed angular mapping (no learning from 11517 training samples)
2025-10-29 18:36:34,230 - src.imputation.base_imputer - INFO - density_matrix_optimized imputer fitted successfully
2025-10-29 18:36:34,230 - src.imputation.base_imputer - INFO - graph_cycle_encoding imputer fitted successfully
2025-10-29 18:36:34,230 - src.imputation.base_imputer - INFO - angle_encoding imputer fitted successfully
2025-10-29 18:36:34,230 - src.imputation.base_imputer - INFO - Transforming 11517 samples with density_matrix_optimized imputer
2025-10-29 18:36:34,230 - src.imputation.base_imputer - INFO - Transforming 11517 samples with graph_cycle_encoding imputer
2025-10-29 18:36:34,230 - src.imputation.base_imputer - INFO - Transforming 11517 samples with angle_encoding imputer
2025-10-29 18:36:41,908 - src.imputation.base_imputer - INFO - Transformation complete: output shape (11517, 377)
2025-10-29 18:36:41,908 - src.imputation.base_imputer - INFO - Transforming 1 samples with amplitude_embedding imputer
2025-10-29 18:36:41,910 - src.imputation.base_imputer - INFO - Transformation complete: output shape (1, 377)
2025-10-29 18:36:42,017 - src.imputation.base_imputer - INFO - Transformation complete: output shape (11517, 322)
2025-10-29 18:36:42,017 - src.imputation.base_imputer - INFO - Transforming 1 samples with angle_encoding imputer
2025-10-29 18:36:42,019 - src.imputation.base_imputer - INFO - Transformation complete: output shape (1, 322)
2025-10-29 18:36:42,587 - src.imputation.base_imputer - INFO - Transformation complete: output shape (11517, 259)
2025-10-29 18:36:42,587 - src.imputation.base_imputer - INFO - Transforming 1 samples with density_matrix_optimized imputer
2025-10-29 18:36:42,589 - src.imputation.base_imputer - INFO - Transformation complete: output shape (1, 259)
2025-10-29 18:36:42,957 - src.imputation.base_imputer - INFO - Transformation complete: output shape (11517, 277)
2025-10-29 18:36:42,957 - src.imputation.base_imputer - INFO - Transforming 1 samples with graph_cycle_encoding imputer
2025-10-29 18:36:42,960 - src.imputation.base_imputer - INFO - Transformation complete: output shape (1, 277)
2025-10-29 18:36:47,582 - src.modeling.rankers.lgbm_ranker - INFO - Training LGBMRanker on 11517 events...
2025-10-29 18:36:47,629 - src.modeling.rankers.lgbm_ranker - INFO - Training LGBMRanker on 11517 events...
2025-10-29 18:36:47,725 - src.modeling.rankers.lgbm_ranker - INFO - Computed position frequencies: 39 positions
2025-10-29 18:36:47,771 - src.modeling.rankers.lgbm_ranker - INFO - Computed position frequencies: 39 positions
2025-10-29 18:36:48,416 - src.modeling.rankers.lgbm_ranker - INFO - Training LGBMRanker on 11517 events...
2025-10-29 18:36:48,562 - src.modeling.rankers.lgbm_ranker - INFO - Computed position frequencies: 39 positions
2025-10-29 18:36:48,796 - src.modeling.rankers.lgbm_ranker - INFO - Training LGBMRanker on 11517 events...
2025-10-29 18:36:48,942 - src.modeling.rankers.lgbm_ranker - INFO - Computed position frequencies: 39 positions
2025-10-29 18:38:00,059 - src.modeling.rankers.lgbm_ranker - INFO - Transformed to ranking format: 449163 samples (11517 groups of 39 positions each)
2025-10-29 18:38:00,059 - src.modeling.rankers.lgbm_ranker - INFO - Training LightGBM model...
/usr/local/lib/python3.10/dist-packages/lightgbm/sklearn.py:861: UserWarning: Found 'ndcg_eval_at' in params. Will use it instead of 'eval_at' argument
  _log_warning(f"Found '{alias}' in params. Will use it instead of 'eval_at' argument")
2025-10-29 18:38:01,245 - src.modeling.rankers.lgbm_ranker - INFO - Top-5 most important features:
2025-10-29 18:38:01,245 - src.modeling.rankers.lgbm_ranker - INFO -   aggregate_0: 331.00
2025-10-29 18:38:01,245 - src.modeling.rankers.lgbm_ranker - INFO -   position_frequency: 276.00
2025-10-29 18:38:01,245 - src.modeling.rankers.lgbm_ranker - INFO -   position_id: 169.00
2025-10-29 18:38:01,245 - src.modeling.rankers.lgbm_ranker - INFO -   aggregate_1: 126.00
2025-10-29 18:38:01,245 - src.modeling.rankers.lgbm_ranker - INFO -   tunneling: 93.00
2025-10-29 18:38:01,245 - src.modeling.rankers.lgbm_ranker - INFO - ✓ Training completed in 73.62 seconds
2025-10-29 18:38:01,245 - src.modeling.rankers.lgbm_ranker - INFO - ✓ LGBMRanker training successful
2025-10-29 18:38:01,255 - src.modeling.rankers.lgbm_ranker - INFO - Predicting top-20 for 1 test events...
/usr/local/lib/python3.10/dist-packages/lightgbm/sklearn.py:861: UserWarning: Found 'ndcg_eval_at' in params. Will use it instead of 'eval_at' argument
  _log_warning(f"Found '{alias}' in params. Will use it instead of 'eval_at' argument")
2025-10-29 18:38:01,263 - src.modeling.rankers.lgbm_ranker - INFO - ✓ Predictions generated for 1 events
2025-10-29 18:38:05,447 - src.modeling.rankers.lgbm_ranker - INFO - Transformed to ranking format: 449163 samples (11517 groups of 39 positions each)
2025-10-29 18:38:05,447 - src.modeling.rankers.lgbm_ranker - INFO - Training LightGBM model...
/usr/local/lib/python3.10/dist-packages/lightgbm/sklearn.py:861: UserWarning: Found 'ndcg_eval_at' in params. Will use it instead of 'eval_at' argument
  _log_warning(f"Found '{alias}' in params. Will use it instead of 'eval_at' argument")
2025-10-29 18:38:07,107 - src.modeling.rankers.lgbm_ranker - INFO - Top-5 most important features:
2025-10-29 18:38:07,107 - src.modeling.rankers.lgbm_ranker - INFO -   position_id: 348.00
2025-10-29 18:38:07,107 - src.modeling.rankers.lgbm_ranker - INFO -   tunneling: 341.00
2025-10-29 18:38:07,107 - src.modeling.rankers.lgbm_ranker - INFO -   position_frequency: 280.00
2025-10-29 18:38:07,107 - src.modeling.rankers.lgbm_ranker - INFO -   min_distance: 265.00
2025-10-29 18:38:07,107 - src.modeling.rankers.lgbm_ranker - INFO -   density_window_0: 210.00
2025-10-29 18:38:07,107 - src.modeling.rankers.lgbm_ranker - INFO - ✓ Training completed in 78.69 seconds
2025-10-29 18:38:07,107 - src.modeling.rankers.lgbm_ranker - INFO - ✓ LGBMRanker training successful
2025-10-29 18:38:07,128 - src.modeling.rankers.lgbm_ranker - INFO - Predicting top-20 for 1 test events...
/usr/local/lib/python3.10/dist-packages/lightgbm/sklearn.py:861: UserWarning: Found 'ndcg_eval_at' in params. Will use it instead of 'eval_at' argument
  _log_warning(f"Found '{alias}' in params. Will use it instead of 'eval_at' argument")
2025-10-29 18:38:07,137 - src.modeling.rankers.lgbm_ranker - INFO - ✓ Predictions generated for 1 events
2025-10-29 18:38:07,983 - src.modeling.rankers.lgbm_ranker - INFO - Transformed to ranking format: 449163 samples (11517 groups of 39 positions each)
2025-10-29 18:38:07,983 - src.modeling.rankers.lgbm_ranker - INFO - Training LightGBM model...
/usr/local/lib/python3.10/dist-packages/lightgbm/sklearn.py:861: UserWarning: Found 'ndcg_eval_at' in params. Will use it instead of 'eval_at' argument
  _log_warning(f"Found '{alias}' in params. Will use it instead of 'eval_at' argument")
2025-10-29 18:38:09,181 - src.modeling.rankers.lgbm_ranker - INFO - Top-5 most important features:
2025-10-29 18:38:09,181 - src.modeling.rankers.lgbm_ranker - INFO -   position_frequency: 333.00
2025-10-29 18:38:09,181 - src.modeling.rankers.lgbm_ranker - INFO -   position_id: 283.00
2025-10-29 18:38:09,181 - src.modeling.rankers.lgbm_ranker - INFO -   tunneling: 210.00
2025-10-29 18:38:09,181 - src.modeling.rankers.lgbm_ranker - INFO -   min_distance: 183.00
2025-10-29 18:38:09,181 - src.modeling.rankers.lgbm_ranker - INFO -   density_window_0: 154.00
2025-10-29 18:38:09,181 - src.modeling.rankers.lgbm_ranker - INFO - ✓ Training completed in 81.60 seconds
2025-10-29 18:38:09,181 - src.modeling.rankers.lgbm_ranker - INFO - ✓ LGBMRanker training successful
2025-10-29 18:38:09,185 - src.modeling.rankers.lgbm_ranker - INFO - Predicting top-20 for 1 test events...
/usr/local/lib/python3.10/dist-packages/lightgbm/sklearn.py:861: UserWarning: Found 'ndcg_eval_at' in params. Will use it instead of 'eval_at' argument
  _log_warning(f"Found '{alias}' in params. Will use it instead of 'eval_at' argument")
2025-10-29 18:38:09,193 - src.modeling.rankers.lgbm_ranker - INFO - ✓ Predictions generated for 1 events
2025-10-29 18:38:11,202 - src.modeling.rankers.lgbm_ranker - INFO - Transformed to ranking format: 449163 samples (11517 groups of 39 positions each)
2025-10-29 18:38:11,203 - src.modeling.rankers.lgbm_ranker - INFO - Training LightGBM model...
/usr/local/lib/python3.10/dist-packages/lightgbm/sklearn.py:861: UserWarning: Found 'ndcg_eval_at' in params. Will use it instead of 'eval_at' argument
  _log_warning(f"Found '{alias}' in params. Will use it instead of 'eval_at' argument")
2025-10-29 18:38:14,169 - src.modeling.rankers.lgbm_ranker - INFO - Top-5 most important features:
2025-10-29 18:38:14,169 - src.modeling.rankers.lgbm_ranker - INFO -   tunneling: 407.00
2025-10-29 18:38:14,169 - src.modeling.rankers.lgbm_ranker - INFO -   min_distance: 269.00
2025-10-29 18:38:14,169 - src.modeling.rankers.lgbm_ranker - INFO -   position_id: 239.00
2025-10-29 18:38:14,169 - src.modeling.rankers.lgbm_ranker - INFO -   density_window_0: 209.00
2025-10-29 18:38:14,169 - src.modeling.rankers.lgbm_ranker - INFO -   dft_45: 186.00
2025-10-29 18:38:14,169 - src.modeling.rankers.lgbm_ranker - INFO - ✓ Training completed in 85.37 seconds
2025-10-29 18:38:14,169 - src.modeling.rankers.lgbm_ranker - INFO - ✓ LGBMRanker training successful
2025-10-29 18:38:14,242 - src.modeling.rankers.lgbm_ranker - INFO - Predicting top-20 for 1 test events...
/usr/local/lib/python3.10/dist-packages/lightgbm/sklearn.py:861: UserWarning: Found 'ndcg_eval_at' in params. Will use it instead of 'eval_at' argument
  _log_warning(f"Found '{alias}' in params. Will use it instead of 'eval_at' argument")
2025-10-29 18:38:14,251 - src.modeling.rankers.lgbm_ranker - INFO - ✓ Predictions generated for 1 events

  Event Duration: 100.2s
  Parallel Exec:  100.2s
  Model Training Times:
    amplitude: train=81.6s, total=95.0s
    angle_encoding: train=73.6s, total=87.1s
    graph_cycle: train=85.4s, total=100.0s
    density_matrix: train=78.7s, total=92.9s
  Memory Peak: 1.27 GB
  Recalls: amplitude: 100%, angle_encoding: 100%, graph_cycle: 100%, density_matrix: 100%, ensemble: 100%
  [CHECKPOINT] Saved

================================================================================
Event 11519 (30/100)
================================================================================
2025-10-29 18:38:14,398 - src.imputation.base_imputer - INFO - Fitting amplitude_embedding imputer on 11518 samples
2025-10-29 18:38:14,400 - src.imputation.base_imputer - INFO - Fitting graph_cycle_encoding imputer on 11518 samples
2025-10-29 18:38:14,400 - src.imputation.base_imputer - INFO - Fitting density_matrix_optimized imputer on 11518 samples
2025-10-29 18:38:14,400 - src.imputation.base_imputer - INFO - Fitting angle_encoding imputer on 11518 samples
2025-10-29 18:38:14,402 - src.imputation.amplitude_embedding - INFO - Learned position frequencies from 11518 samples. Normalization mode: uniform
2025-10-29 18:38:14,402 - src.imputation.base_imputer - INFO - amplitude_embedding imputer fitted successfully
2025-10-29 18:38:14,402 - src.imputation.base_imputer - INFO - Transforming 11518 samples with amplitude_embedding imputer
2025-10-29 18:38:14,404 - src.imputation.angle_encoding - INFO - Angle encoding uses fixed angular mapping (no learning from 11518 training samples)
2025-10-29 18:38:14,404 - src.imputation.density_matrix - INFO - Density matrix uses fixed quantum mechanical construction (no learning from 11518 training samples)
2025-10-29 18:38:14,404 - src.imputation.base_imputer - INFO - angle_encoding imputer fitted successfully
2025-10-29 18:38:14,404 - src.imputation.base_imputer - INFO - density_matrix_optimized imputer fitted successfully
2025-10-29 18:38:14,404 - src.imputation.graph_cycle_encoding - INFO - Graph/Cycle encoding uses fixed DFT basis and geometric distances (no learning from 11518 training samples)
2025-10-29 18:38:14,404 - src.imputation.base_imputer - INFO - Transforming 11518 samples with density_matrix_optimized imputer
2025-10-29 18:38:14,404 - src.imputation.base_imputer - INFO - Transforming 11518 samples with angle_encoding imputer
2025-10-29 18:38:14,404 - src.imputation.base_imputer - INFO - graph_cycle_encoding imputer fitted successfully
2025-10-29 18:38:14,404 - src.imputation.base_imputer - INFO - Transforming 11518 samples with graph_cycle_encoding imputer
2025-10-29 18:38:22,122 - src.imputation.base_imputer - INFO - Transformation complete: output shape (11518, 322)
2025-10-29 18:38:22,123 - src.imputation.base_imputer - INFO - Transforming 1 samples with angle_encoding imputer
2025-10-29 18:38:22,125 - src.imputation.base_imputer - INFO - Transformation complete: output shape (1, 322)
2025-10-29 18:38:22,223 - src.imputation.base_imputer - INFO - Transformation complete: output shape (11518, 377)
2025-10-29 18:38:22,223 - src.imputation.base_imputer - INFO - Transforming 1 samples with amplitude_embedding imputer
2025-10-29 18:38:22,225 - src.imputation.base_imputer - INFO - Transformation complete: output shape (1, 377)
2025-10-29 18:38:22,791 - src.imputation.base_imputer - INFO - Transformation complete: output shape (11518, 259)
2025-10-29 18:38:22,792 - src.imputation.base_imputer - INFO - Transforming 1 samples with density_matrix_optimized imputer
2025-10-29 18:38:22,794 - src.imputation.base_imputer - INFO - Transformation complete: output shape (1, 259)
2025-10-29 18:38:23,082 - src.imputation.base_imputer - INFO - Transformation complete: output shape (11518, 277)
2025-10-29 18:38:23,082 - src.imputation.base_imputer - INFO - Transforming 1 samples with graph_cycle_encoding imputer
2025-10-29 18:38:23,084 - src.imputation.base_imputer - INFO - Transformation complete: output shape (1, 277)
2025-10-29 18:38:27,799 - src.modeling.rankers.lgbm_ranker - INFO - Training LGBMRanker on 11518 events...
2025-10-29 18:38:27,849 - src.modeling.rankers.lgbm_ranker - INFO - Training LGBMRanker on 11518 events...
2025-10-29 18:38:27,940 - src.modeling.rankers.lgbm_ranker - INFO - Computed position frequencies: 39 positions
2025-10-29 18:38:27,993 - src.modeling.rankers.lgbm_ranker - INFO - Computed position frequencies: 39 positions
2025-10-29 18:38:28,648 - src.modeling.rankers.lgbm_ranker - INFO - Training LGBMRanker on 11518 events...
2025-10-29 18:38:28,796 - src.modeling.rankers.lgbm_ranker - INFO - Computed position frequencies: 39 positions
2025-10-29 18:38:28,869 - src.modeling.rankers.lgbm_ranker - INFO - Training LGBMRanker on 11518 events...
2025-10-29 18:38:29,015 - src.modeling.rankers.lgbm_ranker - INFO - Computed position frequencies: 39 positions
2025-10-29 18:39:40,552 - src.modeling.rankers.lgbm_ranker - INFO - Transformed to ranking format: 449202 samples (11518 groups of 39 positions each)
2025-10-29 18:39:40,552 - src.modeling.rankers.lgbm_ranker - INFO - Training LightGBM model...
/usr/local/lib/python3.10/dist-packages/lightgbm/sklearn.py:861: UserWarning: Found 'ndcg_eval_at' in params. Will use it instead of 'eval_at' argument
  _log_warning(f"Found '{alias}' in params. Will use it instead of 'eval_at' argument")
2025-10-29 18:39:41,666 - src.modeling.rankers.lgbm_ranker - INFO - Top-5 most important features:
2025-10-29 18:39:41,666 - src.modeling.rankers.lgbm_ranker - INFO -   aggregate_0: 328.00
2025-10-29 18:39:41,666 - src.modeling.rankers.lgbm_ranker - INFO -   position_frequency: 289.00
2025-10-29 18:39:41,666 - src.modeling.rankers.lgbm_ranker - INFO -   position_id: 192.00
2025-10-29 18:39:41,666 - src.modeling.rankers.lgbm_ranker - INFO -   aggregate_5: 89.00
2025-10-29 18:39:41,666 - src.modeling.rankers.lgbm_ranker - INFO -   angle: 81.00
2025-10-29 18:39:41,666 - src.modeling.rankers.lgbm_ranker - INFO - ✓ Training completed in 73.87 seconds
2025-10-29 18:39:41,666 - src.modeling.rankers.lgbm_ranker - INFO - ✓ LGBMRanker training successful
2025-10-29 18:39:41,676 - src.modeling.rankers.lgbm_ranker - INFO - Predicting top-20 for 1 test events...
/usr/local/lib/python3.10/dist-packages/lightgbm/sklearn.py:861: UserWarning: Found 'ndcg_eval_at' in params. Will use it instead of 'eval_at' argument
  _log_warning(f"Found '{alias}' in params. Will use it instead of 'eval_at' argument")
2025-10-29 18:39:41,684 - src.modeling.rankers.lgbm_ranker - INFO - ✓ Predictions generated for 1 events
2025-10-29 18:39:45,822 - src.modeling.rankers.lgbm_ranker - INFO - Transformed to ranking format: 449202 samples (11518 groups of 39 positions each)
2025-10-29 18:39:45,822 - src.modeling.rankers.lgbm_ranker - INFO - Training LightGBM model...
/usr/local/lib/python3.10/dist-packages/lightgbm/sklearn.py:861: UserWarning: Found 'ndcg_eval_at' in params. Will use it instead of 'eval_at' argument
  _log_warning(f"Found '{alias}' in params. Will use it instead of 'eval_at' argument")
2025-10-29 18:39:47,467 - src.modeling.rankers.lgbm_ranker - INFO - Top-5 most important features:
2025-10-29 18:39:47,467 - src.modeling.rankers.lgbm_ranker - INFO -   position_id: 408.00
2025-10-29 18:39:47,467 - src.modeling.rankers.lgbm_ranker - INFO -   tunneling: 329.00
2025-10-29 18:39:47,467 - src.modeling.rankers.lgbm_ranker - INFO -   position_frequency: 251.00
2025-10-29 18:39:47,467 - src.modeling.rankers.lgbm_ranker - INFO -   min_distance: 251.00
2025-10-29 18:39:47,467 - src.modeling.rankers.lgbm_ranker - INFO -   density_window_0: 205.00
2025-10-29 18:39:47,467 - src.modeling.rankers.lgbm_ranker - INFO - ✓ Training completed in 78.82 seconds
2025-10-29 18:39:47,467 - src.modeling.rankers.lgbm_ranker - INFO - ✓ LGBMRanker training successful
2025-10-29 18:39:47,490 - src.modeling.rankers.lgbm_ranker - INFO - Predicting top-20 for 1 test events...
/usr/local/lib/python3.10/dist-packages/lightgbm/sklearn.py:861: UserWarning: Found 'ndcg_eval_at' in params. Will use it instead of 'eval_at' argument
  _log_warning(f"Found '{alias}' in params. Will use it instead of 'eval_at' argument")
2025-10-29 18:39:47,499 - src.modeling.rankers.lgbm_ranker - INFO - ✓ Predictions generated for 1 events
2025-10-29 18:39:48,701 - src.modeling.rankers.lgbm_ranker - INFO - Transformed to ranking format: 449202 samples (11518 groups of 39 positions each)
2025-10-29 18:39:48,701 - src.modeling.rankers.lgbm_ranker - INFO - Training LightGBM model...
/usr/local/lib/python3.10/dist-packages/lightgbm/sklearn.py:861: UserWarning: Found 'ndcg_eval_at' in params. Will use it instead of 'eval_at' argument
  _log_warning(f"Found '{alias}' in params. Will use it instead of 'eval_at' argument")
2025-10-29 18:39:49,738 - src.modeling.rankers.lgbm_ranker - INFO - Top-5 most important features:
2025-10-29 18:39:49,738 - src.modeling.rankers.lgbm_ranker - INFO -   position_frequency: 301.00
2025-10-29 18:39:49,738 - src.modeling.rankers.lgbm_ranker - INFO -   tunneling: 255.00
2025-10-29 18:39:49,738 - src.modeling.rankers.lgbm_ranker - INFO -   position_id: 241.00
2025-10-29 18:39:49,738 - src.modeling.rankers.lgbm_ranker - INFO -   min_distance: 209.00
2025-10-29 18:39:49,738 - src.modeling.rankers.lgbm_ranker - INFO -   density_window_0: 116.00
2025-10-29 18:39:49,738 - src.modeling.rankers.lgbm_ranker - INFO - ✓ Training completed in 81.89 seconds
2025-10-29 18:39:49,738 - src.modeling.rankers.lgbm_ranker - INFO - ✓ LGBMRanker training successful
2025-10-29 18:39:49,742 - src.modeling.rankers.lgbm_ranker - INFO - Predicting top-20 for 1 test events...
/usr/local/lib/python3.10/dist-packages/lightgbm/sklearn.py:861: UserWarning: Found 'ndcg_eval_at' in params. Will use it instead of 'eval_at' argument
  _log_warning(f"Found '{alias}' in params. Will use it instead of 'eval_at' argument")
2025-10-29 18:39:49,750 - src.modeling.rankers.lgbm_ranker - INFO - ✓ Predictions generated for 1 events
2025-10-29 18:39:51,293 - src.modeling.rankers.lgbm_ranker - INFO - Transformed to ranking format: 449202 samples (11518 groups of 39 positions each)
2025-10-29 18:39:51,293 - src.modeling.rankers.lgbm_ranker - INFO - Training LightGBM model...
/usr/local/lib/python3.10/dist-packages/lightgbm/sklearn.py:861: UserWarning: Found 'ndcg_eval_at' in params. Will use it instead of 'eval_at' argument
  _log_warning(f"Found '{alias}' in params. Will use it instead of 'eval_at' argument")
2025-10-29 18:39:54,304 - src.modeling.rankers.lgbm_ranker - INFO - Top-5 most important features:
2025-10-29 18:39:54,304 - src.modeling.rankers.lgbm_ranker - INFO -   tunneling: 444.00
2025-10-29 18:39:54,304 - src.modeling.rankers.lgbm_ranker - INFO -   min_distance: 276.00
2025-10-29 18:39:54,304 - src.modeling.rankers.lgbm_ranker - INFO -   position_id: 251.00
2025-10-29 18:39:54,304 - src.modeling.rankers.lgbm_ranker - INFO -   dft_45: 193.00
2025-10-29 18:39:54,304 - src.modeling.rankers.lgbm_ranker - INFO -   density_window_0: 188.00
2025-10-29 18:39:54,304 - src.modeling.rankers.lgbm_ranker - INFO - ✓ Training completed in 85.43 seconds
2025-10-29 18:39:54,304 - src.modeling.rankers.lgbm_ranker - INFO - ✓ LGBMRanker training successful
2025-10-29 18:39:54,352 - src.modeling.rankers.lgbm_ranker - INFO - Predicting top-20 for 1 test events...
/usr/local/lib/python3.10/dist-packages/lightgbm/sklearn.py:861: UserWarning: Found 'ndcg_eval_at' in params. Will use it instead of 'eval_at' argument
  _log_warning(f"Found '{alias}' in params. Will use it instead of 'eval_at' argument")
2025-10-29 18:39:54,361 - src.modeling.rankers.lgbm_ranker - INFO - ✓ Predictions generated for 1 events

  Event Duration: 100.1s
  Parallel Exec:  100.1s
  Model Training Times:
    amplitude: train=81.9s, total=95.4s
    angle_encoding: train=73.9s, total=87.3s
    graph_cycle: train=85.5s, total=100.0s
    density_matrix: train=78.8s, total=93.1s
  Memory Peak: 1.59 GB
  Recalls: amplitude: 100%, angle_encoding: 100%, graph_cycle: 100%, density_matrix: 100%, ensemble: 100%
  [CHECKPOINT] Saved

================================================================================
Event 11520 (31/100)
================================================================================
2025-10-29 18:39:54,543 - src.imputation.base_imputer - INFO - Fitting angle_encoding imputer on 11519 samples
2025-10-29 18:39:54,543 - src.imputation.base_imputer - INFO - Fitting amplitude_embedding imputer on 11519 samples
2025-10-29 18:39:54,544 - src.imputation.base_imputer - INFO - Fitting density_matrix_optimized imputer on 11519 samples
2025-10-29 18:39:54,544 - src.imputation.base_imputer - INFO - Fitting graph_cycle_encoding imputer on 11519 samples
2025-10-29 18:39:54,547 - src.imputation.angle_encoding - INFO - Angle encoding uses fixed angular mapping (no learning from 11519 training samples)
2025-10-29 18:39:54,547 - src.imputation.base_imputer - INFO - angle_encoding imputer fitted successfully
2025-10-29 18:39:54,547 - src.imputation.base_imputer - INFO - Transforming 11519 samples with angle_encoding imputer
2025-10-29 18:39:54,547 - src.imputation.amplitude_embedding - INFO - Learned position frequencies from 11519 samples. Normalization mode: uniform
2025-10-29 18:39:54,547 - src.imputation.base_imputer - INFO - amplitude_embedding imputer fitted successfully
2025-10-29 18:39:54,547 - src.imputation.base_imputer - INFO - Transforming 11519 samples with amplitude_embedding imputer
2025-10-29 18:39:54,548 - src.imputation.density_matrix - INFO - Density matrix uses fixed quantum mechanical construction (no learning from 11519 training samples)
2025-10-29 18:39:54,548 - src.imputation.base_imputer - INFO - density_matrix_optimized imputer fitted successfully
2025-10-29 18:39:54,548 - src.imputation.base_imputer - INFO - Transforming 11519 samples with density_matrix_optimized imputer
2025-10-29 18:39:54,548 - src.imputation.graph_cycle_encoding - INFO - Graph/Cycle encoding uses fixed DFT basis and geometric distances (no learning from 11519 training samples)
2025-10-29 18:39:54,548 - src.imputation.base_imputer - INFO - graph_cycle_encoding imputer fitted successfully
2025-10-29 18:39:54,548 - src.imputation.base_imputer - INFO - Transforming 11519 samples with graph_cycle_encoding imputer
2025-10-29 18:40:02,322 - src.imputation.base_imputer - INFO - Transformation complete: output shape (11519, 322)
2025-10-29 18:40:02,322 - src.imputation.base_imputer - INFO - Transforming 1 samples with angle_encoding imputer
2025-10-29 18:40:02,324 - src.imputation.base_imputer - INFO - Transformation complete: output shape (1, 322)
2025-10-29 18:40:02,365 - src.imputation.base_imputer - INFO - Transformation complete: output shape (11519, 377)
2025-10-29 18:40:02,365 - src.imputation.base_imputer - INFO - Transforming 1 samples with amplitude_embedding imputer
2025-10-29 18:40:02,371 - src.imputation.base_imputer - INFO - Transformation complete: output shape (1, 377)
2025-10-29 18:40:02,979 - src.imputation.base_imputer - INFO - Transformation complete: output shape (11519, 259)
2025-10-29 18:40:02,979 - src.imputation.base_imputer - INFO - Transforming 1 samples with density_matrix_optimized imputer
2025-10-29 18:40:02,981 - src.imputation.base_imputer - INFO - Transformation complete: output shape (1, 259)
2025-10-29 18:40:03,233 - src.imputation.base_imputer - INFO - Transformation complete: output shape (11519, 277)
2025-10-29 18:40:03,233 - src.imputation.base_imputer - INFO - Transforming 1 samples with graph_cycle_encoding imputer
2025-10-29 18:40:03,235 - src.imputation.base_imputer - INFO - Transformation complete: output shape (1, 277)
2025-10-29 18:40:08,056 - src.modeling.rankers.lgbm_ranker - INFO - Training LGBMRanker on 11519 events...
2025-10-29 18:40:08,123 - src.modeling.rankers.lgbm_ranker - INFO - Training LGBMRanker on 11519 events...
2025-10-29 18:40:08,198 - src.modeling.rankers.lgbm_ranker - INFO - Computed position frequencies: 39 positions
2025-10-29 18:40:08,271 - src.modeling.rankers.lgbm_ranker - INFO - Computed position frequencies: 39 positions
2025-10-29 18:40:08,785 - src.modeling.rankers.lgbm_ranker - INFO - Training LGBMRanker on 11519 events...
2025-10-29 18:40:08,907 - src.modeling.rankers.lgbm_ranker - INFO - Training LGBMRanker on 11519 events...
2025-10-29 18:40:08,931 - src.modeling.rankers.lgbm_ranker - INFO - Computed position frequencies: 39 positions
2025-10-29 18:40:09,047 - src.modeling.rankers.lgbm_ranker - INFO - Computed position frequencies: 39 positions
2025-10-29 18:41:23,610 - src.modeling.rankers.lgbm_ranker - INFO - Transformed to ranking format: 449241 samples (11519 groups of 39 positions each)
2025-10-29 18:41:23,610 - src.modeling.rankers.lgbm_ranker - INFO - Training LightGBM model...
/usr/local/lib/python3.10/dist-packages/lightgbm/sklearn.py:861: UserWarning: Found 'ndcg_eval_at' in params. Will use it instead of 'eval_at' argument
  _log_warning(f"Found '{alias}' in params. Will use it instead of 'eval_at' argument")
2025-10-29 18:41:24,769 - src.modeling.rankers.lgbm_ranker - INFO - Top-5 most important features:
2025-10-29 18:41:24,770 - src.modeling.rankers.lgbm_ranker - INFO -   position_frequency: 283.00
2025-10-29 18:41:24,770 - src.modeling.rankers.lgbm_ranker - INFO -   aggregate_0: 280.00
2025-10-29 18:41:24,770 - src.modeling.rankers.lgbm_ranker - INFO -   position_id: 232.00
2025-10-29 18:41:24,770 - src.modeling.rankers.lgbm_ranker - INFO -   aggregate_1: 127.00
2025-10-29 18:41:24,770 - src.modeling.rankers.lgbm_ranker - INFO -   tunneling: 105.00
2025-10-29 18:41:24,770 - src.modeling.rankers.lgbm_ranker - INFO - ✓ Training completed in 76.65 seconds
2025-10-29 18:41:24,770 - src.modeling.rankers.lgbm_ranker - INFO - ✓ LGBMRanker training successful
2025-10-29 18:41:24,779 - src.modeling.rankers.lgbm_ranker - INFO - Predicting top-20 for 1 test events...
/usr/local/lib/python3.10/dist-packages/lightgbm/sklearn.py:861: UserWarning: Found 'ndcg_eval_at' in params. Will use it instead of 'eval_at' argument
  _log_warning(f"Found '{alias}' in params. Will use it instead of 'eval_at' argument")
2025-10-29 18:41:24,787 - src.modeling.rankers.lgbm_ranker - INFO - ✓ Predictions generated for 1 events
2025-10-29 18:41:26,548 - src.modeling.rankers.lgbm_ranker - INFO - Transformed to ranking format: 449241 samples (11519 groups of 39 positions each)
2025-10-29 18:41:26,548 - src.modeling.rankers.lgbm_ranker - INFO - Training LightGBM model...
/usr/local/lib/python3.10/dist-packages/lightgbm/sklearn.py:861: UserWarning: Found 'ndcg_eval_at' in params. Will use it instead of 'eval_at' argument
  _log_warning(f"Found '{alias}' in params. Will use it instead of 'eval_at' argument")
2025-10-29 18:41:28,202 - src.modeling.rankers.lgbm_ranker - INFO - Top-5 most important features:
2025-10-29 18:41:28,202 - src.modeling.rankers.lgbm_ranker - INFO -   position_id: 368.00
2025-10-29 18:41:28,202 - src.modeling.rankers.lgbm_ranker - INFO -   tunneling: 310.00
2025-10-29 18:41:28,202 - src.modeling.rankers.lgbm_ranker - INFO -   position_frequency: 284.00
2025-10-29 18:41:28,202 - src.modeling.rankers.lgbm_ranker - INFO -   min_distance: 272.00
2025-10-29 18:41:28,202 - src.modeling.rankers.lgbm_ranker - INFO -   density_window_0: 206.00
2025-10-29 18:41:28,202 - src.modeling.rankers.lgbm_ranker - INFO - ✓ Training completed in 79.42 seconds
2025-10-29 18:41:28,202 - src.modeling.rankers.lgbm_ranker - INFO - ✓ LGBMRanker training successful
2025-10-29 18:41:28,218 - src.modeling.rankers.lgbm_ranker - INFO - Predicting top-20 for 1 test events...
/usr/local/lib/python3.10/dist-packages/lightgbm/sklearn.py:861: UserWarning: Found 'ndcg_eval_at' in params. Will use it instead of 'eval_at' argument
  _log_warning(f"Found '{alias}' in params. Will use it instead of 'eval_at' argument")
2025-10-29 18:41:28,226 - src.modeling.rankers.lgbm_ranker - INFO - ✓ Predictions generated for 1 events
2025-10-29 18:41:28,652 - src.modeling.rankers.lgbm_ranker - INFO - Transformed to ranking format: 449241 samples (11519 groups of 39 positions each)
2025-10-29 18:41:28,652 - src.modeling.rankers.lgbm_ranker - INFO - Training LightGBM model...
/usr/local/lib/python3.10/dist-packages/lightgbm/sklearn.py:861: UserWarning: Found 'ndcg_eval_at' in params. Will use it instead of 'eval_at' argument
  _log_warning(f"Found '{alias}' in params. Will use it instead of 'eval_at' argument")
2025-10-29 18:41:29,242 - src.modeling.rankers.lgbm_ranker - INFO - Transformed to ranking format: 449241 samples (11519 groups of 39 positions each)
2025-10-29 18:41:29,242 - src.modeling.rankers.lgbm_ranker - INFO - Training LightGBM model...
/usr/local/lib/python3.10/dist-packages/lightgbm/sklearn.py:861: UserWarning: Found 'ndcg_eval_at' in params. Will use it instead of 'eval_at' argument
  _log_warning(f"Found '{alias}' in params. Will use it instead of 'eval_at' argument")
2025-10-29 18:41:29,624 - src.modeling.rankers.lgbm_ranker - INFO - Top-5 most important features:
2025-10-29 18:41:29,625 - src.modeling.rankers.lgbm_ranker - INFO -   tunneling: 266.00
2025-10-29 18:41:29,625 - src.modeling.rankers.lgbm_ranker - INFO -   min_distance: 257.00
2025-10-29 18:41:29,625 - src.modeling.rankers.lgbm_ranker - INFO -   position_frequency: 254.00
2025-10-29 18:41:29,625 - src.modeling.rankers.lgbm_ranker - INFO -   position_id: 238.00
2025-10-29 18:41:29,625 - src.modeling.rankers.lgbm_ranker - INFO -   density_window_0: 144.00
2025-10-29 18:41:29,625 - src.modeling.rankers.lgbm_ranker - INFO - ✓ Training completed in 81.57 seconds
2025-10-29 18:41:29,625 - src.modeling.rankers.lgbm_ranker - INFO - ✓ LGBMRanker training successful
2025-10-29 18:41:29,629 - src.modeling.rankers.lgbm_ranker - INFO - Predicting top-20 for 1 test events...
/usr/local/lib/python3.10/dist-packages/lightgbm/sklearn.py:861: UserWarning: Found 'ndcg_eval_at' in params. Will use it instead of 'eval_at' argument
  _log_warning(f"Found '{alias}' in params. Will use it instead of 'eval_at' argument")
2025-10-29 18:41:29,637 - src.modeling.rankers.lgbm_ranker - INFO - ✓ Predictions generated for 1 events
2025-10-29 18:41:32,199 - src.modeling.rankers.lgbm_ranker - INFO - Top-5 most important features:
2025-10-29 18:41:32,199 - src.modeling.rankers.lgbm_ranker - INFO -   tunneling: 410.00
2025-10-29 18:41:32,199 - src.modeling.rankers.lgbm_ranker - INFO -   position_id: 252.00
2025-10-29 18:41:32,199 - src.modeling.rankers.lgbm_ranker - INFO -   dft_45: 248.00
2025-10-29 18:41:32,199 - src.modeling.rankers.lgbm_ranker - INFO -   min_distance: 245.00
2025-10-29 18:41:32,199 - src.modeling.rankers.lgbm_ranker - INFO -   density_window_0: 199.00
2025-10-29 18:41:32,199 - src.modeling.rankers.lgbm_ranker - INFO - ✓ Training completed in 83.29 seconds
2025-10-29 18:41:32,199 - src.modeling.rankers.lgbm_ranker - INFO - ✓ LGBMRanker training successful
2025-10-29 18:41:32,281 - src.modeling.rankers.lgbm_ranker - INFO - Predicting top-20 for 1 test events...
/usr/local/lib/python3.10/dist-packages/lightgbm/sklearn.py:861: UserWarning: Found 'ndcg_eval_at' in params. Will use it instead of 'eval_at' argument
  _log_warning(f"Found '{alias}' in params. Will use it instead of 'eval_at' argument")
2025-10-29 18:41:32,290 - src.modeling.rankers.lgbm_ranker - INFO - ✓ Predictions generated for 1 events

  Event Duration: 97.9s
  Parallel Exec:  97.9s
  Model Training Times:
    amplitude: train=81.6s, total=95.1s
    angle_encoding: train=76.7s, total=90.3s
    graph_cycle: train=83.4s, total=97.8s
    density_matrix: train=79.4s, total=93.7s
  Memory Peak: 1.27 GB
  Recalls: amplitude: 100%, angle_encoding: 100%, graph_cycle: 100%, density_matrix: 100%, ensemble: 100%
  [CHECKPOINT] Saved

================================================================================
Event 11521 (32/100)
================================================================================
2025-10-29 18:41:32,435 - src.imputation.base_imputer - INFO - Fitting amplitude_embedding imputer on 11520 samples
2025-10-29 18:41:32,436 - src.imputation.base_imputer - INFO - Fitting angle_encoding imputer on 11520 samples
2025-10-29 18:41:32,436 - src.imputation.base_imputer - INFO - Fitting graph_cycle_encoding imputer on 11520 samples
2025-10-29 18:41:32,436 - src.imputation.base_imputer - INFO - Fitting density_matrix_optimized imputer on 11520 samples
2025-10-29 18:41:32,440 - src.imputation.amplitude_embedding - INFO - Learned position frequencies from 11520 samples. Normalization mode: uniform
2025-10-29 18:41:32,440 - src.imputation.base_imputer - INFO - amplitude_embedding imputer fitted successfully
2025-10-29 18:41:32,440 - src.imputation.base_imputer - INFO - Transforming 11520 samples with amplitude_embedding imputer
2025-10-29 18:41:32,440 - src.imputation.angle_encoding - INFO - Angle encoding uses fixed angular mapping (no learning from 11520 training samples)
2025-10-29 18:41:32,440 - src.imputation.base_imputer - INFO - angle_encoding imputer fitted successfully
2025-10-29 18:41:32,440 - src.imputation.base_imputer - INFO - Transforming 11520 samples with angle_encoding imputer
2025-10-29 18:41:32,440 - src.imputation.graph_cycle_encoding - INFO - Graph/Cycle encoding uses fixed DFT basis and geometric distances (no learning from 11520 training samples)
2025-10-29 18:41:32,441 - src.imputation.base_imputer - INFO - graph_cycle_encoding imputer fitted successfully
2025-10-29 18:41:32,441 - src.imputation.base_imputer - INFO - Transforming 11520 samples with graph_cycle_encoding imputer
2025-10-29 18:41:32,441 - src.imputation.density_matrix - INFO - Density matrix uses fixed quantum mechanical construction (no learning from 11520 training samples)
2025-10-29 18:41:32,441 - src.imputation.base_imputer - INFO - density_matrix_optimized imputer fitted successfully
2025-10-29 18:41:32,441 - src.imputation.base_imputer - INFO - Transforming 11520 samples with density_matrix_optimized imputer
2025-10-29 18:41:40,226 - src.imputation.base_imputer - INFO - Transformation complete: output shape (11520, 377)
2025-10-29 18:41:40,226 - src.imputation.base_imputer - INFO - Transforming 1 samples with amplitude_embedding imputer
2025-10-29 18:41:40,228 - src.imputation.base_imputer - INFO - Transformation complete: output shape (1, 377)
2025-10-29 18:41:40,427 - src.imputation.base_imputer - INFO - Transformation complete: output shape (11520, 322)
2025-10-29 18:41:40,427 - src.imputation.base_imputer - INFO - Transforming 1 samples with angle_encoding imputer
2025-10-29 18:41:40,429 - src.imputation.base_imputer - INFO - Transformation complete: output shape (1, 322)
2025-10-29 18:41:40,730 - src.imputation.base_imputer - INFO - Transformation complete: output shape (11520, 259)
2025-10-29 18:41:40,730 - src.imputation.base_imputer - INFO - Transforming 1 samples with density_matrix_optimized imputer
2025-10-29 18:41:40,732 - src.imputation.base_imputer - INFO - Transformation complete: output shape (1, 259)
2025-10-29 18:41:40,844 - src.imputation.base_imputer - INFO - Transformation complete: output shape (11520, 277)
2025-10-29 18:41:40,844 - src.imputation.base_imputer - INFO - Transforming 1 samples with graph_cycle_encoding imputer
2025-10-29 18:41:40,846 - src.imputation.base_imputer - INFO - Transformation complete: output shape (1, 277)
2025-10-29 18:41:45,902 - src.modeling.rankers.lgbm_ranker - INFO - Training LGBMRanker on 11520 events...
2025-10-29 18:41:46,046 - src.modeling.rankers.lgbm_ranker - INFO - Computed position frequencies: 39 positions
2025-10-29 18:41:46,255 - src.modeling.rankers.lgbm_ranker - INFO - Training LGBMRanker on 11520 events...
2025-10-29 18:41:46,401 - src.modeling.rankers.lgbm_ranker - INFO - Computed position frequencies: 39 positions
2025-10-29 18:41:46,449 - src.modeling.rankers.lgbm_ranker - INFO - Training LGBMRanker on 11520 events...
2025-10-29 18:41:46,532 - src.modeling.rankers.lgbm_ranker - INFO - Training LGBMRanker on 11520 events...
2025-10-29 18:41:46,588 - src.modeling.rankers.lgbm_ranker - INFO - Computed position frequencies: 39 positions
2025-10-29 18:41:46,678 - src.modeling.rankers.lgbm_ranker - INFO - Computed position frequencies: 39 positions
2025-10-29 18:43:01,363 - src.modeling.rankers.lgbm_ranker - INFO - Transformed to ranking format: 449280 samples (11520 groups of 39 positions each)
2025-10-29 18:43:01,363 - src.modeling.rankers.lgbm_ranker - INFO - Training LightGBM model...
/usr/local/lib/python3.10/dist-packages/lightgbm/sklearn.py:861: UserWarning: Found 'ndcg_eval_at' in params. Will use it instead of 'eval_at' argument
  _log_warning(f"Found '{alias}' in params. Will use it instead of 'eval_at' argument")
2025-10-29 18:43:02,476 - src.modeling.rankers.lgbm_ranker - INFO - Top-5 most important features:
2025-10-29 18:43:02,476 - src.modeling.rankers.lgbm_ranker - INFO -   aggregate_0: 331.00
2025-10-29 18:43:02,476 - src.modeling.rankers.lgbm_ranker - INFO -   position_frequency: 284.00
2025-10-29 18:43:02,476 - src.modeling.rankers.lgbm_ranker - INFO -   position_id: 224.00
2025-10-29 18:43:02,476 - src.modeling.rankers.lgbm_ranker - INFO -   aggregate_1: 122.00
2025-10-29 18:43:02,476 - src.modeling.rankers.lgbm_ranker - INFO -   min_distance: 111.00
2025-10-29 18:43:02,476 - src.modeling.rankers.lgbm_ranker - INFO - ✓ Training completed in 76.22 seconds
2025-10-29 18:43:02,476 - src.modeling.rankers.lgbm_ranker - INFO - ✓ LGBMRanker training successful
2025-10-29 18:43:02,488 - src.modeling.rankers.lgbm_ranker - INFO - Predicting top-20 for 1 test events...
/usr/local/lib/python3.10/dist-packages/lightgbm/sklearn.py:861: UserWarning: Found 'ndcg_eval_at' in params. Will use it instead of 'eval_at' argument
  _log_warning(f"Found '{alias}' in params. Will use it instead of 'eval_at' argument")
2025-10-29 18:43:02,497 - src.modeling.rankers.lgbm_ranker - INFO - ✓ Predictions generated for 1 events
2025-10-29 18:43:03,971 - src.modeling.rankers.lgbm_ranker - INFO - Transformed to ranking format: 449280 samples (11520 groups of 39 positions each)
2025-10-29 18:43:03,971 - src.modeling.rankers.lgbm_ranker - INFO - Training LightGBM model...
/usr/local/lib/python3.10/dist-packages/lightgbm/sklearn.py:861: UserWarning: Found 'ndcg_eval_at' in params. Will use it instead of 'eval_at' argument
  _log_warning(f"Found '{alias}' in params. Will use it instead of 'eval_at' argument")
2025-10-29 18:43:05,626 - src.modeling.rankers.lgbm_ranker - INFO - Top-5 most important features:
2025-10-29 18:43:05,626 - src.modeling.rankers.lgbm_ranker - INFO -   min_distance: 351.00
2025-10-29 18:43:05,626 - src.modeling.rankers.lgbm_ranker - INFO -   position_id: 327.00
2025-10-29 18:43:05,626 - src.modeling.rankers.lgbm_ranker - INFO -   tunneling: 321.00
2025-10-29 18:43:05,626 - src.modeling.rankers.lgbm_ranker - INFO -   position_frequency: 248.00
2025-10-29 18:43:05,626 - src.modeling.rankers.lgbm_ranker - INFO -   density_window_0: 206.00
2025-10-29 18:43:05,626 - src.modeling.rankers.lgbm_ranker - INFO - ✓ Training completed in 79.09 seconds
2025-10-29 18:43:05,626 - src.modeling.rankers.lgbm_ranker - INFO - ✓ LGBMRanker training successful
2025-10-29 18:43:05,637 - src.modeling.rankers.lgbm_ranker - INFO - Predicting top-20 for 1 test events...
/usr/local/lib/python3.10/dist-packages/lightgbm/sklearn.py:861: UserWarning: Found 'ndcg_eval_at' in params. Will use it instead of 'eval_at' argument
  _log_warning(f"Found '{alias}' in params. Will use it instead of 'eval_at' argument")
2025-10-29 18:43:05,645 - src.modeling.rankers.lgbm_ranker - INFO - ✓ Predictions generated for 1 events
2025-10-29 18:43:06,307 - src.modeling.rankers.lgbm_ranker - INFO - Transformed to ranking format: 449280 samples (11520 groups of 39 positions each)
2025-10-29 18:43:06,307 - src.modeling.rankers.lgbm_ranker - INFO - Training LightGBM model...
/usr/local/lib/python3.10/dist-packages/lightgbm/sklearn.py:861: UserWarning: Found 'ndcg_eval_at' in params. Will use it instead of 'eval_at' argument
  _log_warning(f"Found '{alias}' in params. Will use it instead of 'eval_at' argument")
2025-10-29 18:43:07,337 - src.modeling.rankers.lgbm_ranker - INFO - Top-5 most important features:
2025-10-29 18:43:07,337 - src.modeling.rankers.lgbm_ranker - INFO -   position_frequency: 316.00
2025-10-29 18:43:07,337 - src.modeling.rankers.lgbm_ranker - INFO -   min_distance: 294.00
2025-10-29 18:43:07,337 - src.modeling.rankers.lgbm_ranker - INFO -   position_id: 243.00
2025-10-29 18:43:07,337 - src.modeling.rankers.lgbm_ranker - INFO -   tunneling: 169.00
2025-10-29 18:43:07,337 - src.modeling.rankers.lgbm_ranker - INFO -   density_window_0: 112.00
2025-10-29 18:43:07,337 - src.modeling.rankers.lgbm_ranker - INFO - ✓ Training completed in 81.43 seconds
2025-10-29 18:43:07,337 - src.modeling.rankers.lgbm_ranker - INFO - ✓ LGBMRanker training successful
2025-10-29 18:43:07,341 - src.modeling.rankers.lgbm_ranker - INFO - Predicting top-20 for 1 test events...
/usr/local/lib/python3.10/dist-packages/lightgbm/sklearn.py:861: UserWarning: Found 'ndcg_eval_at' in params. Will use it instead of 'eval_at' argument
  _log_warning(f"Found '{alias}' in params. Will use it instead of 'eval_at' argument")
2025-10-29 18:43:07,349 - src.modeling.rankers.lgbm_ranker - INFO - ✓ Predictions generated for 1 events
2025-10-29 18:43:07,604 - src.modeling.rankers.lgbm_ranker - INFO - Transformed to ranking format: 449280 samples (11520 groups of 39 positions each)
2025-10-29 18:43:07,605 - src.modeling.rankers.lgbm_ranker - INFO - Training LightGBM model...
/usr/local/lib/python3.10/dist-packages/lightgbm/sklearn.py:861: UserWarning: Found 'ndcg_eval_at' in params. Will use it instead of 'eval_at' argument
  _log_warning(f"Found '{alias}' in params. Will use it instead of 'eval_at' argument")
2025-10-29 18:43:10,578 - src.modeling.rankers.lgbm_ranker - INFO - Top-5 most important features:
2025-10-29 18:43:10,579 - src.modeling.rankers.lgbm_ranker - INFO -   tunneling: 451.00
2025-10-29 18:43:10,579 - src.modeling.rankers.lgbm_ranker - INFO -   min_distance: 261.00
2025-10-29 18:43:10,579 - src.modeling.rankers.lgbm_ranker - INFO -   position_id: 248.00
2025-10-29 18:43:10,579 - src.modeling.rankers.lgbm_ranker - INFO -   dft_45: 224.00
2025-10-29 18:43:10,579 - src.modeling.rankers.lgbm_ranker - INFO -   density_window_0: 206.00
2025-10-29 18:43:10,579 - src.modeling.rankers.lgbm_ranker - INFO - ✓ Training completed in 84.13 seconds
2025-10-29 18:43:10,579 - src.modeling.rankers.lgbm_ranker - INFO - ✓ LGBMRanker training successful
2025-10-29 18:43:10,630 - src.modeling.rankers.lgbm_ranker - INFO - Predicting top-20 for 1 test events...
/usr/local/lib/python3.10/dist-packages/lightgbm/sklearn.py:861: UserWarning: Found 'ndcg_eval_at' in params. Will use it instead of 'eval_at' argument
  _log_warning(f"Found '{alias}' in params. Will use it instead of 'eval_at' argument")
2025-10-29 18:43:10,639 - src.modeling.rankers.lgbm_ranker - INFO - ✓ Predictions generated for 1 events

  Event Duration: 98.4s
  Parallel Exec:  98.4s
  Model Training Times:
    amplitude: train=81.4s, total=94.9s
    angle_encoding: train=76.2s, total=90.1s
    graph_cycle: train=84.2s, total=98.2s
    density_matrix: train=79.1s, total=93.2s
  Memory Peak: 1.59 GB
  Recalls: amplitude: 100%, angle_encoding: 100%, graph_cycle: 100%, density_matrix: 100%, ensemble: 100%
  [CHECKPOINT] Saved

================================================================================
Event 11522 (33/100)
================================================================================
2025-10-29 18:43:10,816 - src.imputation.base_imputer - INFO - Fitting amplitude_embedding imputer on 11521 samples
2025-10-29 18:43:10,817 - src.imputation.base_imputer - INFO - Fitting angle_encoding imputer on 11521 samples
2025-10-29 18:43:10,821 - src.imputation.amplitude_embedding - INFO - Learned position frequencies from 11521 samples. Normalization mode: uniform
2025-10-29 18:43:10,821 - src.imputation.base_imputer - INFO - amplitude_embedding imputer fitted successfully
2025-10-29 18:43:10,821 - src.imputation.base_imputer - INFO - Transforming 11521 samples with amplitude_embedding imputer
2025-10-29 18:43:10,822 - src.imputation.angle_encoding - INFO - Angle encoding uses fixed angular mapping (no learning from 11521 training samples)
2025-10-29 18:43:10,822 - src.imputation.base_imputer - INFO - angle_encoding imputer fitted successfully
2025-10-29 18:43:10,822 - src.imputation.base_imputer - INFO - Transforming 11521 samples with angle_encoding imputer
2025-10-29 18:43:10,824 - src.imputation.base_imputer - INFO - Fitting graph_cycle_encoding imputer on 11521 samples
2025-10-29 18:43:10,825 - src.imputation.base_imputer - INFO - Fitting density_matrix_optimized imputer on 11521 samples
2025-10-29 18:43:10,829 - src.imputation.graph_cycle_encoding - INFO - Graph/Cycle encoding uses fixed DFT basis and geometric distances (no learning from 11521 training samples)
2025-10-29 18:43:10,829 - src.imputation.base_imputer - INFO - graph_cycle_encoding imputer fitted successfully
2025-10-29 18:43:10,829 - src.imputation.base_imputer - INFO - Transforming 11521 samples with graph_cycle_encoding imputer
2025-10-29 18:43:10,830 - src.imputation.density_matrix - INFO - Density matrix uses fixed quantum mechanical construction (no learning from 11521 training samples)
2025-10-29 18:43:10,830 - src.imputation.base_imputer - INFO - density_matrix_optimized imputer fitted successfully
2025-10-29 18:43:10,830 - src.imputation.base_imputer - INFO - Transforming 11521 samples with density_matrix_optimized imputer
2025-10-29 18:43:18,590 - src.imputation.base_imputer - INFO - Transformation complete: output shape (11521, 377)
2025-10-29 18:43:18,590 - src.imputation.base_imputer - INFO - Transforming 1 samples with amplitude_embedding imputer
2025-10-29 18:43:18,593 - src.imputation.base_imputer - INFO - Transformation complete: output shape (1, 377)
2025-10-29 18:43:18,806 - src.imputation.base_imputer - INFO - Transformation complete: output shape (11521, 322)
2025-10-29 18:43:18,806 - src.imputation.base_imputer - INFO - Transforming 1 samples with angle_encoding imputer
2025-10-29 18:43:18,808 - src.imputation.base_imputer - INFO - Transformation complete: output shape (1, 322)
2025-10-29 18:43:19,188 - src.imputation.base_imputer - INFO - Transformation complete: output shape (11521, 277)
2025-10-29 18:43:19,188 - src.imputation.base_imputer - INFO - Transforming 1 samples with graph_cycle_encoding imputer
2025-10-29 18:43:19,190 - src.imputation.base_imputer - INFO - Transformation complete: output shape (1, 277)
2025-10-29 18:43:19,201 - src.imputation.base_imputer - INFO - Transformation complete: output shape (11521, 259)
2025-10-29 18:43:19,201 - src.imputation.base_imputer - INFO - Transforming 1 samples with density_matrix_optimized imputer
2025-10-29 18:43:19,203 - src.imputation.base_imputer - INFO - Transformation complete: output shape (1, 259)
2025-10-29 18:43:24,175 - src.modeling.rankers.lgbm_ranker - INFO - Training LGBMRanker on 11521 events...
2025-10-29 18:43:24,316 - src.modeling.rankers.lgbm_ranker - INFO - Computed position frequencies: 39 positions
2025-10-29 18:43:24,653 - src.modeling.rankers.lgbm_ranker - INFO - Training LGBMRanker on 11521 events...
2025-10-29 18:43:24,799 - src.modeling.rankers.lgbm_ranker - INFO - Computed position frequencies: 39 positions
2025-10-29 18:43:24,840 - src.modeling.rankers.lgbm_ranker - INFO - Training LGBMRanker on 11521 events...
2025-10-29 18:43:24,981 - src.modeling.rankers.lgbm_ranker - INFO - Computed position frequencies: 39 positions
2025-10-29 18:43:25,042 - src.modeling.rankers.lgbm_ranker - INFO - Training LGBMRanker on 11521 events...
2025-10-29 18:43:25,190 - src.modeling.rankers.lgbm_ranker - INFO - Computed position frequencies: 39 positions
2025-10-29 18:44:39,775 - src.modeling.rankers.lgbm_ranker - INFO - Transformed to ranking format: 449319 samples (11521 groups of 39 positions each)
2025-10-29 18:44:39,775 - src.modeling.rankers.lgbm_ranker - INFO - Training LightGBM model...
/usr/local/lib/python3.10/dist-packages/lightgbm/sklearn.py:861: UserWarning: Found 'ndcg_eval_at' in params. Will use it instead of 'eval_at' argument
  _log_warning(f"Found '{alias}' in params. Will use it instead of 'eval_at' argument")
2025-10-29 18:44:39,838 - src.modeling.rankers.lgbm_ranker - INFO - Transformed to ranking format: 449319 samples (11521 groups of 39 positions each)
2025-10-29 18:44:39,838 - src.modeling.rankers.lgbm_ranker - INFO - Training LightGBM model...
/usr/local/lib/python3.10/dist-packages/lightgbm/sklearn.py:861: UserWarning: Found 'ndcg_eval_at' in params. Will use it instead of 'eval_at' argument
  _log_warning(f"Found '{alias}' in params. Will use it instead of 'eval_at' argument")
2025-10-29 18:44:40,968 - src.modeling.rankers.lgbm_ranker - INFO - Top-5 most important features:
2025-10-29 18:44:40,968 - src.modeling.rankers.lgbm_ranker - INFO -   aggregate_0: 392.00
2025-10-29 18:44:40,968 - src.modeling.rankers.lgbm_ranker - INFO -   position_id: 205.00
2025-10-29 18:44:40,968 - src.modeling.rankers.lgbm_ranker - INFO -   position_frequency: 200.00
2025-10-29 18:44:40,968 - src.modeling.rankers.lgbm_ranker - INFO -   aggregate_1: 116.00
2025-10-29 18:44:40,968 - src.modeling.rankers.lgbm_ranker - INFO -   tunneling: 94.00
2025-10-29 18:44:40,968 - src.modeling.rankers.lgbm_ranker - INFO - ✓ Training completed in 76.32 seconds
2025-10-29 18:44:40,968 - src.modeling.rankers.lgbm_ranker - INFO - ✓ LGBMRanker training successful
2025-10-29 18:44:40,978 - src.modeling.rankers.lgbm_ranker - INFO - Predicting top-20 for 1 test events...
/usr/local/lib/python3.10/dist-packages/lightgbm/sklearn.py:861: UserWarning: Found 'ndcg_eval_at' in params. Will use it instead of 'eval_at' argument
  _log_warning(f"Found '{alias}' in params. Will use it instead of 'eval_at' argument")
2025-10-29 18:44:40,986 - src.modeling.rankers.lgbm_ranker - INFO - ✓ Predictions generated for 1 events
2025-10-29 18:44:41,479 - src.modeling.rankers.lgbm_ranker - INFO - Top-5 most important features:
2025-10-29 18:44:41,479 - src.modeling.rankers.lgbm_ranker - INFO -   position_id: 435.00
2025-10-29 18:44:41,480 - src.modeling.rankers.lgbm_ranker - INFO -   tunneling: 298.00
2025-10-29 18:44:41,480 - src.modeling.rankers.lgbm_ranker - INFO -   position_frequency: 279.00
2025-10-29 18:44:41,480 - src.modeling.rankers.lgbm_ranker - INFO -   min_distance: 253.00
2025-10-29 18:44:41,480 - src.modeling.rankers.lgbm_ranker - INFO -   density_window_0: 180.00
2025-10-29 18:44:41,480 - src.modeling.rankers.lgbm_ranker - INFO - ✓ Training completed in 76.44 seconds
2025-10-29 18:44:41,480 - src.modeling.rankers.lgbm_ranker - INFO - ✓ LGBMRanker training successful
2025-10-29 18:44:41,499 - src.modeling.rankers.lgbm_ranker - INFO - Predicting top-20 for 1 test events...
/usr/local/lib/python3.10/dist-packages/lightgbm/sklearn.py:861: UserWarning: Found 'ndcg_eval_at' in params. Will use it instead of 'eval_at' argument
  _log_warning(f"Found '{alias}' in params. Will use it instead of 'eval_at' argument")
2025-10-29 18:44:41,507 - src.modeling.rankers.lgbm_ranker - INFO - ✓ Predictions generated for 1 events
2025-10-29 18:44:44,110 - src.modeling.rankers.lgbm_ranker - INFO - Transformed to ranking format: 449319 samples (11521 groups of 39 positions each)
2025-10-29 18:44:44,110 - src.modeling.rankers.lgbm_ranker - INFO - Training LightGBM model...
/usr/local/lib/python3.10/dist-packages/lightgbm/sklearn.py:861: UserWarning: Found 'ndcg_eval_at' in params. Will use it instead of 'eval_at' argument
  _log_warning(f"Found '{alias}' in params. Will use it instead of 'eval_at' argument")
2025-10-29 18:44:46,016 - src.modeling.rankers.lgbm_ranker - INFO - Transformed to ranking format: 449319 samples (11521 groups of 39 positions each)
2025-10-29 18:44:46,017 - src.modeling.rankers.lgbm_ranker - INFO - Training LightGBM model...
/usr/local/lib/python3.10/dist-packages/lightgbm/sklearn.py:861: UserWarning: Found 'ndcg_eval_at' in params. Will use it instead of 'eval_at' argument
  _log_warning(f"Found '{alias}' in params. Will use it instead of 'eval_at' argument")
2025-10-29 18:44:47,037 - src.modeling.rankers.lgbm_ranker - INFO - Top-5 most important features:
2025-10-29 18:44:47,037 - src.modeling.rankers.lgbm_ranker - INFO -   position_frequency: 282.00
2025-10-29 18:44:47,037 - src.modeling.rankers.lgbm_ranker - INFO -   position_id: 227.00
2025-10-29 18:44:47,037 - src.modeling.rankers.lgbm_ranker - INFO -   tunneling: 209.00
2025-10-29 18:44:47,037 - src.modeling.rankers.lgbm_ranker - INFO -   min_distance: 195.00
2025-10-29 18:44:47,037 - src.modeling.rankers.lgbm_ranker - INFO -   density_window_0: 130.00
2025-10-29 18:44:47,037 - src.modeling.rankers.lgbm_ranker - INFO - ✓ Training completed in 82.86 seconds
2025-10-29 18:44:47,037 - src.modeling.rankers.lgbm_ranker - INFO - ✓ LGBMRanker training successful
2025-10-29 18:44:47,041 - src.modeling.rankers.lgbm_ranker - INFO - Predicting top-20 for 1 test events...
/usr/local/lib/python3.10/dist-packages/lightgbm/sklearn.py:861: UserWarning: Found 'ndcg_eval_at' in params. Will use it instead of 'eval_at' argument
  _log_warning(f"Found '{alias}' in params. Will use it instead of 'eval_at' argument")
2025-10-29 18:44:47,050 - src.modeling.rankers.lgbm_ranker - INFO - ✓ Predictions generated for 1 events
2025-10-29 18:44:47,216 - src.modeling.rankers.lgbm_ranker - INFO - Top-5 most important features:
2025-10-29 18:44:47,216 - src.modeling.rankers.lgbm_ranker - INFO -   tunneling: 393.00
2025-10-29 18:44:47,216 - src.modeling.rankers.lgbm_ranker - INFO -   position_id: 260.00
2025-10-29 18:44:47,216 - src.modeling.rankers.lgbm_ranker - INFO -   min_distance: 254.00
2025-10-29 18:44:47,216 - src.modeling.rankers.lgbm_ranker - INFO -   density_window_0: 194.00
2025-10-29 18:44:47,216 - src.modeling.rankers.lgbm_ranker - INFO -   dft_45: 191.00
2025-10-29 18:44:47,216 - src.modeling.rankers.lgbm_ranker - INFO - ✓ Training completed in 82.38 seconds
2025-10-29 18:44:47,216 - src.modeling.rankers.lgbm_ranker - INFO - ✓ LGBMRanker training successful
2025-10-29 18:44:47,280 - src.modeling.rankers.lgbm_ranker - INFO - Predicting top-20 for 1 test events...
/usr/local/lib/python3.10/dist-packages/lightgbm/sklearn.py:861: UserWarning: Found 'ndcg_eval_at' in params. Will use it instead of 'eval_at' argument
  _log_warning(f"Found '{alias}' in params. Will use it instead of 'eval_at' argument")
2025-10-29 18:44:47,289 - src.modeling.rankers.lgbm_ranker - INFO - ✓ Predictions generated for 1 events

  Event Duration: 96.6s
  Parallel Exec:  96.6s
  Model Training Times:
    amplitude: train=82.9s, total=96.3s
    angle_encoding: train=76.3s, total=90.2s
    graph_cycle: train=82.4s, total=96.5s
    density_matrix: train=76.5s, total=90.7s
  Memory Peak: 1.27 GB
  Recalls: amplitude: 100%, angle_encoding: 100%, graph_cycle: 100%, density_matrix: 100%, ensemble: 100%
  [CHECKPOINT] Saved

================================================================================
Event 11523 (34/100)
================================================================================
2025-10-29 18:44:47,438 - src.imputation.base_imputer - INFO - Fitting amplitude_embedding imputer on 11522 samples
2025-10-29 18:44:47,440 - src.imputation.base_imputer - INFO - Fitting angle_encoding imputer on 11522 samples
2025-10-29 18:44:47,442 - src.imputation.amplitude_embedding - INFO - Learned position frequencies from 11522 samples. Normalization mode: uniform
2025-10-29 18:44:47,442 - src.imputation.base_imputer - INFO - amplitude_embedding imputer fitted successfully
2025-10-29 18:44:47,442 - src.imputation.base_imputer - INFO - Transforming 11522 samples with amplitude_embedding imputer
2025-10-29 18:44:47,444 - src.imputation.angle_encoding - INFO - Angle encoding uses fixed angular mapping (no learning from 11522 training samples)
2025-10-29 18:44:47,444 - src.imputation.base_imputer - INFO - angle_encoding imputer fitted successfully
2025-10-29 18:44:47,444 - src.imputation.base_imputer - INFO - Transforming 11522 samples with angle_encoding imputer
2025-10-29 18:44:47,447 - src.imputation.base_imputer - INFO - Fitting density_matrix_optimized imputer on 11522 samples
2025-10-29 18:44:47,447 - src.imputation.base_imputer - INFO - Fitting graph_cycle_encoding imputer on 11522 samples
2025-10-29 18:44:47,453 - src.imputation.density_matrix - INFO - Density matrix uses fixed quantum mechanical construction (no learning from 11522 training samples)
2025-10-29 18:44:47,453 - src.imputation.graph_cycle_encoding - INFO - Graph/Cycle encoding uses fixed DFT basis and geometric distances (no learning from 11522 training samples)
2025-10-29 18:44:47,453 - src.imputation.base_imputer - INFO - density_matrix_optimized imputer fitted successfully
2025-10-29 18:44:47,453 - src.imputation.base_imputer - INFO - graph_cycle_encoding imputer fitted successfully
2025-10-29 18:44:47,453 - src.imputation.base_imputer - INFO - Transforming 11522 samples with graph_cycle_encoding imputer
2025-10-29 18:44:47,453 - src.imputation.base_imputer - INFO - Transforming 11522 samples with density_matrix_optimized imputer
2025-10-29 18:44:55,065 - src.imputation.base_imputer - INFO - Transformation complete: output shape (11522, 322)
2025-10-29 18:44:55,065 - src.imputation.base_imputer - INFO - Transforming 1 samples with angle_encoding imputer
2025-10-29 18:44:55,067 - src.imputation.base_imputer - INFO - Transformation complete: output shape (1, 322)
2025-10-29 18:44:55,221 - src.imputation.base_imputer - INFO - Transformation complete: output shape (11522, 377)
2025-10-29 18:44:55,221 - src.imputation.base_imputer - INFO - Transforming 1 samples with amplitude_embedding imputer
2025-10-29 18:44:55,223 - src.imputation.base_imputer - INFO - Transformation complete: output shape (1, 377)
2025-10-29 18:44:55,845 - src.imputation.base_imputer - INFO - Transformation complete: output shape (11522, 259)
2025-10-29 18:44:55,846 - src.imputation.base_imputer - INFO - Transforming 1 samples with density_matrix_optimized imputer
2025-10-29 18:44:55,848 - src.imputation.base_imputer - INFO - Transformation complete: output shape (1, 259)
2025-10-29 18:44:56,222 - src.imputation.base_imputer - INFO - Transformation complete: output shape (11522, 277)
2025-10-29 18:44:56,222 - src.imputation.base_imputer - INFO - Transforming 1 samples with graph_cycle_encoding imputer
2025-10-29 18:44:56,225 - src.imputation.base_imputer - INFO - Transformation complete: output shape (1, 277)
2025-10-29 18:45:00,699 - src.modeling.rankers.lgbm_ranker - INFO - Training LGBMRanker on 11522 events...
2025-10-29 18:45:00,823 - src.modeling.rankers.lgbm_ranker - INFO - Training LGBMRanker on 11522 events...
2025-10-29 18:45:00,841 - src.modeling.rankers.lgbm_ranker - INFO - Computed position frequencies: 39 positions
2025-10-29 18:45:00,963 - src.modeling.rankers.lgbm_ranker - INFO - Computed position frequencies: 39 positions
2025-10-29 18:45:01,659 - src.modeling.rankers.lgbm_ranker - INFO - Training LGBMRanker on 11522 events...
2025-10-29 18:45:01,804 - src.modeling.rankers.lgbm_ranker - INFO - Computed position frequencies: 39 positions
2025-10-29 18:45:02,017 - src.modeling.rankers.lgbm_ranker - INFO - Training LGBMRanker on 11522 events...
2025-10-29 18:45:02,164 - src.modeling.rankers.lgbm_ranker - INFO - Computed position frequencies: 39 positions
2025-10-29 18:46:12,751 - src.modeling.rankers.lgbm_ranker - INFO - Transformed to ranking format: 449358 samples (11522 groups of 39 positions each)
2025-10-29 18:46:12,751 - src.modeling.rankers.lgbm_ranker - INFO - Training LightGBM model...
/usr/local/lib/python3.10/dist-packages/lightgbm/sklearn.py:861: UserWarning: Found 'ndcg_eval_at' in params. Will use it instead of 'eval_at' argument
  _log_warning(f"Found '{alias}' in params. Will use it instead of 'eval_at' argument")
2025-10-29 18:46:13,856 - src.modeling.rankers.lgbm_ranker - INFO - Top-5 most important features:
2025-10-29 18:46:13,856 - src.modeling.rankers.lgbm_ranker - INFO -   aggregate_0: 331.00
2025-10-29 18:46:13,856 - src.modeling.rankers.lgbm_ranker - INFO -   position_frequency: 294.00
2025-10-29 18:46:13,856 - src.modeling.rankers.lgbm_ranker - INFO -   position_id: 245.00
2025-10-29 18:46:13,856 - src.modeling.rankers.lgbm_ranker - INFO -   aggregate_1: 109.00
2025-10-29 18:46:13,856 - src.modeling.rankers.lgbm_ranker - INFO -   tunneling: 88.00
2025-10-29 18:46:13,856 - src.modeling.rankers.lgbm_ranker - INFO - ✓ Training completed in 73.16 seconds
2025-10-29 18:46:13,856 - src.modeling.rankers.lgbm_ranker - INFO - ✓ LGBMRanker training successful
2025-10-29 18:46:13,866 - src.modeling.rankers.lgbm_ranker - INFO - Predicting top-20 for 1 test events...
/usr/local/lib/python3.10/dist-packages/lightgbm/sklearn.py:861: UserWarning: Found 'ndcg_eval_at' in params. Will use it instead of 'eval_at' argument
  _log_warning(f"Found '{alias}' in params. Will use it instead of 'eval_at' argument")
2025-10-29 18:46:13,874 - src.modeling.rankers.lgbm_ranker - INFO - ✓ Predictions generated for 1 events
2025-10-29 18:46:17,690 - src.modeling.rankers.lgbm_ranker - INFO - Transformed to ranking format: 449358 samples (11522 groups of 39 positions each)
2025-10-29 18:46:17,690 - src.modeling.rankers.lgbm_ranker - INFO - Training LightGBM model...
/usr/local/lib/python3.10/dist-packages/lightgbm/sklearn.py:861: UserWarning: Found 'ndcg_eval_at' in params. Will use it instead of 'eval_at' argument
  _log_warning(f"Found '{alias}' in params. Will use it instead of 'eval_at' argument")
2025-10-29 18:46:19,358 - src.modeling.rankers.lgbm_ranker - INFO - Top-5 most important features:
2025-10-29 18:46:19,358 - src.modeling.rankers.lgbm_ranker - INFO -   position_id: 363.00
2025-10-29 18:46:19,358 - src.modeling.rankers.lgbm_ranker - INFO -   tunneling: 305.00
2025-10-29 18:46:19,358 - src.modeling.rankers.lgbm_ranker - INFO -   position_frequency: 288.00
2025-10-29 18:46:19,358 - src.modeling.rankers.lgbm_ranker - INFO -   min_distance: 259.00
2025-10-29 18:46:19,358 - src.modeling.rankers.lgbm_ranker - INFO -   density_window_0: 194.00
2025-10-29 18:46:19,358 - src.modeling.rankers.lgbm_ranker - INFO - ✓ Training completed in 77.70 seconds
2025-10-29 18:46:19,358 - src.modeling.rankers.lgbm_ranker - INFO - ✓ LGBMRanker training successful
2025-10-29 18:46:19,379 - src.modeling.rankers.lgbm_ranker - INFO - Predicting top-20 for 1 test events...
/usr/local/lib/python3.10/dist-packages/lightgbm/sklearn.py:861: UserWarning: Found 'ndcg_eval_at' in params. Will use it instead of 'eval_at' argument
  _log_warning(f"Found '{alias}' in params. Will use it instead of 'eval_at' argument")
2025-10-29 18:46:19,387 - src.modeling.rankers.lgbm_ranker - INFO - ✓ Predictions generated for 1 events
2025-10-29 18:46:20,149 - src.modeling.rankers.lgbm_ranker - INFO - Transformed to ranking format: 449358 samples (11522 groups of 39 positions each)
2025-10-29 18:46:20,149 - src.modeling.rankers.lgbm_ranker - INFO - Training LightGBM model...
/usr/local/lib/python3.10/dist-packages/lightgbm/sklearn.py:861: UserWarning: Found 'ndcg_eval_at' in params. Will use it instead of 'eval_at' argument
  _log_warning(f"Found '{alias}' in params. Will use it instead of 'eval_at' argument")
2025-10-29 18:46:21,173 - src.modeling.rankers.lgbm_ranker - INFO - Top-5 most important features:
2025-10-29 18:46:21,173 - src.modeling.rankers.lgbm_ranker - INFO -   position_frequency: 293.00
2025-10-29 18:46:21,173 - src.modeling.rankers.lgbm_ranker - INFO -   position_id: 256.00
2025-10-29 18:46:21,173 - src.modeling.rankers.lgbm_ranker - INFO -   tunneling: 229.00
2025-10-29 18:46:21,173 - src.modeling.rankers.lgbm_ranker - INFO -   min_distance: 220.00
2025-10-29 18:46:21,173 - src.modeling.rankers.lgbm_ranker - INFO -   density_window_0: 108.00
2025-10-29 18:46:21,173 - src.modeling.rankers.lgbm_ranker - INFO - ✓ Training completed in 80.35 seconds
2025-10-29 18:46:21,173 - src.modeling.rankers.lgbm_ranker - INFO - ✓ LGBMRanker training successful
2025-10-29 18:46:21,177 - src.modeling.rankers.lgbm_ranker - INFO - Predicting top-20 for 1 test events...
/usr/local/lib/python3.10/dist-packages/lightgbm/sklearn.py:861: UserWarning: Found 'ndcg_eval_at' in params. Will use it instead of 'eval_at' argument
  _log_warning(f"Found '{alias}' in params. Will use it instead of 'eval_at' argument")
2025-10-29 18:46:21,185 - src.modeling.rankers.lgbm_ranker - INFO - ✓ Predictions generated for 1 events
2025-10-29 18:46:23,949 - src.modeling.rankers.lgbm_ranker - INFO - Transformed to ranking format: 449358 samples (11522 groups of 39 positions each)
2025-10-29 18:46:23,949 - src.modeling.rankers.lgbm_ranker - INFO - Training LightGBM model...
/usr/local/lib/python3.10/dist-packages/lightgbm/sklearn.py:861: UserWarning: Found 'ndcg_eval_at' in params. Will use it instead of 'eval_at' argument
  _log_warning(f"Found '{alias}' in params. Will use it instead of 'eval_at' argument")
2025-10-29 18:46:26,954 - src.modeling.rankers.lgbm_ranker - INFO - Top-5 most important features:
2025-10-29 18:46:26,954 - src.modeling.rankers.lgbm_ranker - INFO -   tunneling: 367.00
2025-10-29 18:46:26,954 - src.modeling.rankers.lgbm_ranker - INFO -   position_id: 252.00
2025-10-29 18:46:26,954 - src.modeling.rankers.lgbm_ranker - INFO -   min_distance: 244.00
2025-10-29 18:46:26,954 - src.modeling.rankers.lgbm_ranker - INFO -   dft_45: 205.00
2025-10-29 18:46:26,954 - src.modeling.rankers.lgbm_ranker - INFO -   density_window_0: 200.00
2025-10-29 18:46:26,954 - src.modeling.rankers.lgbm_ranker - INFO - ✓ Training completed in 84.94 seconds
2025-10-29 18:46:26,954 - src.modeling.rankers.lgbm_ranker - INFO - ✓ LGBMRanker training successful
2025-10-29 18:46:27,013 - src.modeling.rankers.lgbm_ranker - INFO - Predicting top-20 for 1 test events...
/usr/local/lib/python3.10/dist-packages/lightgbm/sklearn.py:861: UserWarning: Found 'ndcg_eval_at' in params. Will use it instead of 'eval_at' argument
  _log_warning(f"Found '{alias}' in params. Will use it instead of 'eval_at' argument")
2025-10-29 18:46:27,022 - src.modeling.rankers.lgbm_ranker - INFO - ✓ Predictions generated for 1 events

  Event Duration: 99.7s
  Parallel Exec:  99.7s
  Model Training Times:
    amplitude: train=80.4s, total=93.8s
    angle_encoding: train=73.2s, total=86.5s
    graph_cycle: train=85.0s, total=99.6s
    density_matrix: train=77.7s, total=92.0s
  Memory Peak: 1.43 GB
  Recalls: amplitude: 100%, angle_encoding: 100%, graph_cycle: 100%, density_matrix: 100%, ensemble: 100%
  [CHECKPOINT] Saved

================================================================================
Event 11524 (35/100)
================================================================================
2025-10-29 18:46:27,172 - src.imputation.base_imputer - INFO - Fitting amplitude_embedding imputer on 11523 samples
2025-10-29 18:46:27,172 - src.imputation.base_imputer - INFO - Fitting angle_encoding imputer on 11523 samples
2025-10-29 18:46:27,172 - src.imputation.base_imputer - INFO - Fitting graph_cycle_encoding imputer on 11523 samples
2025-10-29 18:46:27,172 - src.imputation.base_imputer - INFO - Fitting density_matrix_optimized imputer on 11523 samples
2025-10-29 18:46:27,176 - src.imputation.angle_encoding - INFO - Angle encoding uses fixed angular mapping (no learning from 11523 training samples)
2025-10-29 18:46:27,176 - src.imputation.base_imputer - INFO - angle_encoding imputer fitted successfully
2025-10-29 18:46:27,176 - src.imputation.base_imputer - INFO - Transforming 11523 samples with angle_encoding imputer
2025-10-29 18:46:27,176 - src.imputation.amplitude_embedding - INFO - Learned position frequencies from 11523 samples. Normalization mode: uniform
2025-10-29 18:46:27,176 - src.imputation.base_imputer - INFO - amplitude_embedding imputer fitted successfully
2025-10-29 18:46:27,176 - src.imputation.base_imputer - INFO - Transforming 11523 samples with amplitude_embedding imputer
2025-10-29 18:46:27,176 - src.imputation.density_matrix - INFO - Density matrix uses fixed quantum mechanical construction (no learning from 11523 training samples)
2025-10-29 18:46:27,176 - src.imputation.graph_cycle_encoding - INFO - Graph/Cycle encoding uses fixed DFT basis and geometric distances (no learning from 11523 training samples)
2025-10-29 18:46:27,177 - src.imputation.base_imputer - INFO - density_matrix_optimized imputer fitted successfully
2025-10-29 18:46:27,177 - src.imputation.base_imputer - INFO - graph_cycle_encoding imputer fitted successfully
2025-10-29 18:46:27,177 - src.imputation.base_imputer - INFO - Transforming 11523 samples with density_matrix_optimized imputer
2025-10-29 18:46:27,177 - src.imputation.base_imputer - INFO - Transforming 11523 samples with graph_cycle_encoding imputer
2025-10-29 18:46:34,764 - src.imputation.base_imputer - INFO - Transformation complete: output shape (11523, 322)
2025-10-29 18:46:34,764 - src.imputation.base_imputer - INFO - Transforming 1 samples with angle_encoding imputer
2025-10-29 18:46:34,766 - src.imputation.base_imputer - INFO - Transformation complete: output shape (1, 322)
2025-10-29 18:46:34,897 - src.imputation.base_imputer - INFO - Transformation complete: output shape (11523, 377)
2025-10-29 18:46:34,897 - src.imputation.base_imputer - INFO - Transforming 1 samples with amplitude_embedding imputer
2025-10-29 18:46:34,899 - src.imputation.base_imputer - INFO - Transformation complete: output shape (1, 377)
2025-10-29 18:46:35,439 - src.imputation.base_imputer - INFO - Transformation complete: output shape (11523, 259)
2025-10-29 18:46:35,439 - src.imputation.base_imputer - INFO - Transforming 1 samples with density_matrix_optimized imputer
2025-10-29 18:46:35,441 - src.imputation.base_imputer - INFO - Transformation complete: output shape (1, 259)
2025-10-29 18:46:35,748 - src.imputation.base_imputer - INFO - Transformation complete: output shape (11523, 277)
2025-10-29 18:46:35,748 - src.imputation.base_imputer - INFO - Transforming 1 samples with graph_cycle_encoding imputer
2025-10-29 18:46:35,750 - src.imputation.base_imputer - INFO - Transformation complete: output shape (1, 277)
2025-10-29 18:46:40,333 - src.modeling.rankers.lgbm_ranker - INFO - Training LGBMRanker on 11523 events...
2025-10-29 18:46:40,473 - src.modeling.rankers.lgbm_ranker - INFO - Computed position frequencies: 39 positions
2025-10-29 18:46:40,492 - src.modeling.rankers.lgbm_ranker - INFO - Training LGBMRanker on 11523 events...
2025-10-29 18:46:40,633 - src.modeling.rankers.lgbm_ranker - INFO - Computed position frequencies: 39 positions
2025-10-29 18:46:41,212 - src.modeling.rankers.lgbm_ranker - INFO - Training LGBMRanker on 11523 events...
2025-10-29 18:46:41,359 - src.modeling.rankers.lgbm_ranker - INFO - Computed position frequencies: 39 positions
2025-10-29 18:46:41,533 - src.modeling.rankers.lgbm_ranker - INFO - Training LGBMRanker on 11523 events...
2025-10-29 18:46:41,680 - src.modeling.rankers.lgbm_ranker - INFO - Computed position frequencies: 39 positions
2025-10-29 18:47:52,001 - src.modeling.rankers.lgbm_ranker - INFO - Transformed to ranking format: 449397 samples (11523 groups of 39 positions each)
2025-10-29 18:47:52,001 - src.modeling.rankers.lgbm_ranker - INFO - Training LightGBM model...
/usr/local/lib/python3.10/dist-packages/lightgbm/sklearn.py:861: UserWarning: Found 'ndcg_eval_at' in params. Will use it instead of 'eval_at' argument
  _log_warning(f"Found '{alias}' in params. Will use it instead of 'eval_at' argument")
2025-10-29 18:47:53,103 - src.modeling.rankers.lgbm_ranker - INFO - Top-5 most important features:
2025-10-29 18:47:53,103 - src.modeling.rankers.lgbm_ranker - INFO -   aggregate_0: 304.00
2025-10-29 18:47:53,103 - src.modeling.rankers.lgbm_ranker - INFO -   position_frequency: 242.00
2025-10-29 18:47:53,103 - src.modeling.rankers.lgbm_ranker - INFO -   position_id: 194.00
2025-10-29 18:47:53,103 - src.modeling.rankers.lgbm_ranker - INFO -   tunneling: 126.00
2025-10-29 18:47:53,103 - src.modeling.rankers.lgbm_ranker - INFO -   aggregate_1: 107.00
2025-10-29 18:47:53,103 - src.modeling.rankers.lgbm_ranker - INFO - ✓ Training completed in 72.77 seconds
2025-10-29 18:47:53,103 - src.modeling.rankers.lgbm_ranker - INFO - ✓ LGBMRanker training successful
2025-10-29 18:47:53,114 - src.modeling.rankers.lgbm_ranker - INFO - Predicting top-20 for 1 test events...
/usr/local/lib/python3.10/dist-packages/lightgbm/sklearn.py:861: UserWarning: Found 'ndcg_eval_at' in params. Will use it instead of 'eval_at' argument
  _log_warning(f"Found '{alias}' in params. Will use it instead of 'eval_at' argument")
2025-10-29 18:47:53,122 - src.modeling.rankers.lgbm_ranker - INFO - ✓ Predictions generated for 1 events
2025-10-29 18:47:57,791 - src.modeling.rankers.lgbm_ranker - INFO - Transformed to ranking format: 449397 samples (11523 groups of 39 positions each)
2025-10-29 18:47:57,791 - src.modeling.rankers.lgbm_ranker - INFO - Training LightGBM model...
/usr/local/lib/python3.10/dist-packages/lightgbm/sklearn.py:861: UserWarning: Found 'ndcg_eval_at' in params. Will use it instead of 'eval_at' argument
  _log_warning(f"Found '{alias}' in params. Will use it instead of 'eval_at' argument")
2025-10-29 18:47:59,443 - src.modeling.rankers.lgbm_ranker - INFO - Top-5 most important features:
2025-10-29 18:47:59,443 - src.modeling.rankers.lgbm_ranker - INFO -   position_id: 399.00
2025-10-29 18:47:59,443 - src.modeling.rankers.lgbm_ranker - INFO -   tunneling: 338.00
2025-10-29 18:47:59,443 - src.modeling.rankers.lgbm_ranker - INFO -   min_distance: 248.00
2025-10-29 18:47:59,443 - src.modeling.rankers.lgbm_ranker - INFO -   position_frequency: 242.00
2025-10-29 18:47:59,443 - src.modeling.rankers.lgbm_ranker - INFO -   density_window_0: 194.00
2025-10-29 18:47:59,443 - src.modeling.rankers.lgbm_ranker - INFO - ✓ Training completed in 78.23 seconds
2025-10-29 18:47:59,443 - src.modeling.rankers.lgbm_ranker - INFO - ✓ LGBMRanker training successful
2025-10-29 18:47:59,465 - src.modeling.rankers.lgbm_ranker - INFO - Predicting top-20 for 1 test events...
/usr/local/lib/python3.10/dist-packages/lightgbm/sklearn.py:861: UserWarning: Found 'ndcg_eval_at' in params. Will use it instead of 'eval_at' argument
  _log_warning(f"Found '{alias}' in params. Will use it instead of 'eval_at' argument")
2025-10-29 18:47:59,473 - src.modeling.rankers.lgbm_ranker - INFO - ✓ Predictions generated for 1 events
2025-10-29 18:48:00,298 - src.modeling.rankers.lgbm_ranker - INFO - Transformed to ranking format: 449397 samples (11523 groups of 39 positions each)
2025-10-29 18:48:00,298 - src.modeling.rankers.lgbm_ranker - INFO - Training LightGBM model...
/usr/local/lib/python3.10/dist-packages/lightgbm/sklearn.py:861: UserWarning: Found 'ndcg_eval_at' in params. Will use it instead of 'eval_at' argument
  _log_warning(f"Found '{alias}' in params. Will use it instead of 'eval_at' argument")
2025-10-29 18:48:01,302 - src.modeling.rankers.lgbm_ranker - INFO - Top-5 most important features:
2025-10-29 18:48:01,302 - src.modeling.rankers.lgbm_ranker - INFO -   position_frequency: 351.00
2025-10-29 18:48:01,302 - src.modeling.rankers.lgbm_ranker - INFO -   tunneling: 250.00
2025-10-29 18:48:01,302 - src.modeling.rankers.lgbm_ranker - INFO -   min_distance: 229.00
2025-10-29 18:48:01,302 - src.modeling.rankers.lgbm_ranker - INFO -   position_id: 203.00
2025-10-29 18:48:01,302 - src.modeling.rankers.lgbm_ranker - INFO -   circ_dist_10: 109.00
2025-10-29 18:48:01,302 - src.modeling.rankers.lgbm_ranker - INFO - ✓ Training completed in 80.81 seconds
2025-10-29 18:48:01,302 - src.modeling.rankers.lgbm_ranker - INFO - ✓ LGBMRanker training successful
2025-10-29 18:48:01,306 - src.modeling.rankers.lgbm_ranker - INFO - Predicting top-20 for 1 test events...
/usr/local/lib/python3.10/dist-packages/lightgbm/sklearn.py:861: UserWarning: Found 'ndcg_eval_at' in params. Will use it instead of 'eval_at' argument
  _log_warning(f"Found '{alias}' in params. Will use it instead of 'eval_at' argument")
2025-10-29 18:48:01,314 - src.modeling.rankers.lgbm_ranker - INFO - ✓ Predictions generated for 1 events
2025-10-29 18:48:03,248 - src.modeling.rankers.lgbm_ranker - INFO - Transformed to ranking format: 449397 samples (11523 groups of 39 positions each)
2025-10-29 18:48:03,249 - src.modeling.rankers.lgbm_ranker - INFO - Training LightGBM model...
/usr/local/lib/python3.10/dist-packages/lightgbm/sklearn.py:861: UserWarning: Found 'ndcg_eval_at' in params. Will use it instead of 'eval_at' argument
  _log_warning(f"Found '{alias}' in params. Will use it instead of 'eval_at' argument")
2025-10-29 18:48:06,306 - src.modeling.rankers.lgbm_ranker - INFO - Top-5 most important features:
2025-10-29 18:48:06,306 - src.modeling.rankers.lgbm_ranker - INFO -   tunneling: 407.00
2025-10-29 18:48:06,306 - src.modeling.rankers.lgbm_ranker - INFO -   position_id: 262.00
2025-10-29 18:48:06,306 - src.modeling.rankers.lgbm_ranker - INFO -   min_distance: 233.00
2025-10-29 18:48:06,306 - src.modeling.rankers.lgbm_ranker - INFO -   dft_45: 202.00
2025-10-29 18:48:06,306 - src.modeling.rankers.lgbm_ranker - INFO -   density_window_0: 195.00
2025-10-29 18:48:06,306 - src.modeling.rankers.lgbm_ranker - INFO - ✓ Training completed in 84.77 seconds
2025-10-29 18:48:06,306 - src.modeling.rankers.lgbm_ranker - INFO - ✓ LGBMRanker training successful
2025-10-29 18:48:06,350 - src.modeling.rankers.lgbm_ranker - INFO - Predicting top-20 for 1 test events...
/usr/local/lib/python3.10/dist-packages/lightgbm/sklearn.py:861: UserWarning: Found 'ndcg_eval_at' in params. Will use it instead of 'eval_at' argument
  _log_warning(f"Found '{alias}' in params. Will use it instead of 'eval_at' argument")
2025-10-29 18:48:06,359 - src.modeling.rankers.lgbm_ranker - INFO - ✓ Predictions generated for 1 events

  Event Duration: 99.3s
  Parallel Exec:  99.3s
  Model Training Times:
    amplitude: train=80.8s, total=94.2s
    angle_encoding: train=72.8s, total=86.0s
    graph_cycle: train=84.8s, total=99.2s
    density_matrix: train=78.2s, total=92.3s
  Memory Peak: 1.59 GB
  Recalls: amplitude: 100%, angle_encoding: 100%, graph_cycle: 100%, density_matrix: 100%, ensemble: 100%
  [CHECKPOINT] Saved

================================================================================
Event 11525 (36/100)
================================================================================
2025-10-29 18:48:06,513 - src.imputation.base_imputer - INFO - Fitting amplitude_embedding imputer on 11524 samples
2025-10-29 18:48:06,514 - src.imputation.base_imputer - INFO - Fitting angle_encoding imputer on 11524 samples
2025-10-29 18:48:06,515 - src.imputation.base_imputer - INFO - Fitting density_matrix_optimized imputer on 11524 samples
2025-10-29 18:48:06,515 - src.imputation.base_imputer - INFO - Fitting graph_cycle_encoding imputer on 11524 samples
2025-10-29 18:48:06,517 - src.imputation.amplitude_embedding - INFO - Learned position frequencies from 11524 samples. Normalization mode: uniform
2025-10-29 18:48:06,517 - src.imputation.base_imputer - INFO - amplitude_embedding imputer fitted successfully
2025-10-29 18:48:06,517 - src.imputation.base_imputer - INFO - Transforming 11524 samples with amplitude_embedding imputer
2025-10-29 18:48:06,517 - src.imputation.angle_encoding - INFO - Angle encoding uses fixed angular mapping (no learning from 11524 training samples)
2025-10-29 18:48:06,517 - src.imputation.base_imputer - INFO - angle_encoding imputer fitted successfully
2025-10-29 18:48:06,517 - src.imputation.base_imputer - INFO - Transforming 11524 samples with angle_encoding imputer
2025-10-29 18:48:06,518 - src.imputation.density_matrix - INFO - Density matrix uses fixed quantum mechanical construction (no learning from 11524 training samples)
2025-10-29 18:48:06,518 - src.imputation.graph_cycle_encoding - INFO - Graph/Cycle encoding uses fixed DFT basis and geometric distances (no learning from 11524 training samples)
2025-10-29 18:48:06,518 - src.imputation.base_imputer - INFO - density_matrix_optimized imputer fitted successfully
2025-10-29 18:48:06,518 - src.imputation.base_imputer - INFO - graph_cycle_encoding imputer fitted successfully
2025-10-29 18:48:06,518 - src.imputation.base_imputer - INFO - Transforming 11524 samples with density_matrix_optimized imputer
2025-10-29 18:48:06,518 - src.imputation.base_imputer - INFO - Transforming 11524 samples with graph_cycle_encoding imputer
2025-10-29 18:48:14,169 - src.imputation.base_imputer - INFO - Transformation complete: output shape (11524, 322)
2025-10-29 18:48:14,169 - src.imputation.base_imputer - INFO - Transforming 1 samples with angle_encoding imputer
2025-10-29 18:48:14,171 - src.imputation.base_imputer - INFO - Transformation complete: output shape (1, 322)
2025-10-29 18:48:14,299 - src.imputation.base_imputer - INFO - Transformation complete: output shape (11524, 377)
2025-10-29 18:48:14,299 - src.imputation.base_imputer - INFO - Transforming 1 samples with amplitude_embedding imputer
2025-10-29 18:48:14,301 - src.imputation.base_imputer - INFO - Transformation complete: output shape (1, 377)
2025-10-29 18:48:14,855 - src.imputation.base_imputer - INFO - Transformation complete: output shape (11524, 259)
2025-10-29 18:48:14,855 - src.imputation.base_imputer - INFO - Transforming 1 samples with density_matrix_optimized imputer
2025-10-29 18:48:14,857 - src.imputation.base_imputer - INFO - Transformation complete: output shape (1, 259)
2025-10-29 18:48:15,268 - src.imputation.base_imputer - INFO - Transformation complete: output shape (11524, 277)
2025-10-29 18:48:15,268 - src.imputation.base_imputer - INFO - Transforming 1 samples with graph_cycle_encoding imputer
2025-10-29 18:48:15,270 - src.imputation.base_imputer - INFO - Transformation complete: output shape (1, 277)
2025-10-29 18:48:19,728 - src.modeling.rankers.lgbm_ranker - INFO - Training LGBMRanker on 11524 events...
2025-10-29 18:48:19,869 - src.modeling.rankers.lgbm_ranker - INFO - Computed position frequencies: 39 positions
2025-10-29 18:48:19,912 - src.modeling.rankers.lgbm_ranker - INFO - Training LGBMRanker on 11524 events...
2025-10-29 18:48:20,053 - src.modeling.rankers.lgbm_ranker - INFO - Computed position frequencies: 39 positions
2025-10-29 18:48:20,658 - src.modeling.rankers.lgbm_ranker - INFO - Training LGBMRanker on 11524 events...
2025-10-29 18:48:20,803 - src.modeling.rankers.lgbm_ranker - INFO - Computed position frequencies: 39 positions
2025-10-29 18:48:21,062 - src.modeling.rankers.lgbm_ranker - INFO - Training LGBMRanker on 11524 events...
2025-10-29 18:48:21,208 - src.modeling.rankers.lgbm_ranker - INFO - Computed position frequencies: 39 positions
2025-10-29 18:49:32,441 - src.modeling.rankers.lgbm_ranker - INFO - Transformed to ranking format: 449436 samples (11524 groups of 39 positions each)
2025-10-29 18:49:32,441 - src.modeling.rankers.lgbm_ranker - INFO - Training LightGBM model...
/usr/local/lib/python3.10/dist-packages/lightgbm/sklearn.py:861: UserWarning: Found 'ndcg_eval_at' in params. Will use it instead of 'eval_at' argument
  _log_warning(f"Found '{alias}' in params. Will use it instead of 'eval_at' argument")
2025-10-29 18:49:33,567 - src.modeling.rankers.lgbm_ranker - INFO - Top-5 most important features:
2025-10-29 18:49:33,567 - src.modeling.rankers.lgbm_ranker - INFO -   aggregate_0: 347.00
2025-10-29 18:49:33,567 - src.modeling.rankers.lgbm_ranker - INFO -   position_frequency: 224.00
2025-10-29 18:49:33,567 - src.modeling.rankers.lgbm_ranker - INFO -   position_id: 211.00
2025-10-29 18:49:33,567 - src.modeling.rankers.lgbm_ranker - INFO -   tunneling: 116.00
2025-10-29 18:49:33,567 - src.modeling.rankers.lgbm_ranker - INFO -   aggregate_1: 84.00
2025-10-29 18:49:33,567 - src.modeling.rankers.lgbm_ranker - INFO - ✓ Training completed in 73.84 seconds
2025-10-29 18:49:33,567 - src.modeling.rankers.lgbm_ranker - INFO - ✓ LGBMRanker training successful
2025-10-29 18:49:33,578 - src.modeling.rankers.lgbm_ranker - INFO - Predicting top-20 for 1 test events...
/usr/local/lib/python3.10/dist-packages/lightgbm/sklearn.py:861: UserWarning: Found 'ndcg_eval_at' in params. Will use it instead of 'eval_at' argument
  _log_warning(f"Found '{alias}' in params. Will use it instead of 'eval_at' argument")
2025-10-29 18:49:33,586 - src.modeling.rankers.lgbm_ranker - INFO - ✓ Predictions generated for 1 events
2025-10-29 18:49:35,973 - src.modeling.rankers.lgbm_ranker - INFO - Transformed to ranking format: 449436 samples (11524 groups of 39 positions each)
2025-10-29 18:49:35,973 - src.modeling.rankers.lgbm_ranker - INFO - Training LightGBM model...
/usr/local/lib/python3.10/dist-packages/lightgbm/sklearn.py:861: UserWarning: Found 'ndcg_eval_at' in params. Will use it instead of 'eval_at' argument
  _log_warning(f"Found '{alias}' in params. Will use it instead of 'eval_at' argument")
2025-10-29 18:49:37,561 - src.modeling.rankers.lgbm_ranker - INFO - Top-5 most important features:
2025-10-29 18:49:37,561 - src.modeling.rankers.lgbm_ranker - INFO -   position_id: 367.00
2025-10-29 18:49:37,561 - src.modeling.rankers.lgbm_ranker - INFO -   tunneling: 324.00
2025-10-29 18:49:37,561 - src.modeling.rankers.lgbm_ranker - INFO -   position_frequency: 249.00
2025-10-29 18:49:37,562 - src.modeling.rankers.lgbm_ranker - INFO -   min_distance: 248.00
2025-10-29 18:49:37,562 - src.modeling.rankers.lgbm_ranker - INFO -   density_window_0: 219.00
2025-10-29 18:49:37,562 - src.modeling.rankers.lgbm_ranker - INFO - ✓ Training completed in 76.90 seconds
2025-10-29 18:49:37,562 - src.modeling.rankers.lgbm_ranker - INFO - ✓ LGBMRanker training successful
2025-10-29 18:49:37,582 - src.modeling.rankers.lgbm_ranker - INFO - Predicting top-20 for 1 test events...
/usr/local/lib/python3.10/dist-packages/lightgbm/sklearn.py:861: UserWarning: Found 'ndcg_eval_at' in params. Will use it instead of 'eval_at' argument
  _log_warning(f"Found '{alias}' in params. Will use it instead of 'eval_at' argument")
2025-10-29 18:49:37,591 - src.modeling.rankers.lgbm_ranker - INFO - ✓ Predictions generated for 1 events
2025-10-29 18:49:41,356 - src.modeling.rankers.lgbm_ranker - INFO - Transformed to ranking format: 449436 samples (11524 groups of 39 positions each)
2025-10-29 18:49:41,356 - src.modeling.rankers.lgbm_ranker - INFO - Training LightGBM model...
/usr/local/lib/python3.10/dist-packages/lightgbm/sklearn.py:861: UserWarning: Found 'ndcg_eval_at' in params. Will use it instead of 'eval_at' argument
  _log_warning(f"Found '{alias}' in params. Will use it instead of 'eval_at' argument")
2025-10-29 18:49:42,394 - src.modeling.rankers.lgbm_ranker - INFO - Top-5 most important features:
2025-10-29 18:49:42,394 - src.modeling.rankers.lgbm_ranker - INFO -   position_frequency: 344.00
2025-10-29 18:49:42,394 - src.modeling.rankers.lgbm_ranker - INFO -   position_id: 341.00
2025-10-29 18:49:42,394 - src.modeling.rankers.lgbm_ranker - INFO -   min_distance: 205.00
2025-10-29 18:49:42,394 - src.modeling.rankers.lgbm_ranker - INFO -   tunneling: 174.00
2025-10-29 18:49:42,394 - src.modeling.rankers.lgbm_ranker - INFO -   density_window_0: 112.00
2025-10-29 18:49:42,394 - src.modeling.rankers.lgbm_ranker - INFO - ✓ Training completed in 82.48 seconds
2025-10-29 18:49:42,394 - src.modeling.rankers.lgbm_ranker - INFO - ✓ LGBMRanker training successful
2025-10-29 18:49:42,398 - src.modeling.rankers.lgbm_ranker - INFO - Predicting top-20 for 1 test events...
/usr/local/lib/python3.10/dist-packages/lightgbm/sklearn.py:861: UserWarning: Found 'ndcg_eval_at' in params. Will use it instead of 'eval_at' argument
  _log_warning(f"Found '{alias}' in params. Will use it instead of 'eval_at' argument")
2025-10-29 18:49:42,407 - src.modeling.rankers.lgbm_ranker - INFO - ✓ Predictions generated for 1 events
2025-10-29 18:49:43,100 - src.modeling.rankers.lgbm_ranker - INFO - Transformed to ranking format: 449436 samples (11524 groups of 39 positions each)
2025-10-29 18:49:43,100 - src.modeling.rankers.lgbm_ranker - INFO - Training LightGBM model...
/usr/local/lib/python3.10/dist-packages/lightgbm/sklearn.py:861: UserWarning: Found 'ndcg_eval_at' in params. Will use it instead of 'eval_at' argument
  _log_warning(f"Found '{alias}' in params. Will use it instead of 'eval_at' argument")
2025-10-29 18:49:46,099 - src.modeling.rankers.lgbm_ranker - INFO - Top-5 most important features:
2025-10-29 18:49:46,099 - src.modeling.rankers.lgbm_ranker - INFO -   tunneling: 395.00
2025-10-29 18:49:46,099 - src.modeling.rankers.lgbm_ranker - INFO -   position_id: 263.00
2025-10-29 18:49:46,099 - src.modeling.rankers.lgbm_ranker - INFO -   min_distance: 235.00
2025-10-29 18:49:46,099 - src.modeling.rankers.lgbm_ranker - INFO -   dft_45: 183.00
2025-10-29 18:49:46,099 - src.modeling.rankers.lgbm_ranker - INFO -   density_window_0: 179.00
2025-10-29 18:49:46,099 - src.modeling.rankers.lgbm_ranker - INFO - ✓ Training completed in 85.04 seconds
2025-10-29 18:49:46,100 - src.modeling.rankers.lgbm_ranker - INFO - ✓ LGBMRanker training successful
2025-10-29 18:49:46,152 - src.modeling.rankers.lgbm_ranker - INFO - Predicting top-20 for 1 test events...
/usr/local/lib/python3.10/dist-packages/lightgbm/sklearn.py:861: UserWarning: Found 'ndcg_eval_at' in params. Will use it instead of 'eval_at' argument
  _log_warning(f"Found '{alias}' in params. Will use it instead of 'eval_at' argument")
2025-10-29 18:49:46,160 - src.modeling.rankers.lgbm_ranker - INFO - ✓ Predictions generated for 1 events

  Event Duration: 99.8s
  Parallel Exec:  99.8s
  Model Training Times:
    amplitude: train=82.5s, total=95.9s
    angle_encoding: train=73.8s, total=87.1s
    graph_cycle: train=85.1s, total=99.7s
    density_matrix: train=76.9s, total=91.1s
  Memory Peak: 1.44 GB
  Recalls: amplitude: 100%, angle_encoding: 100%, graph_cycle: 100%, density_matrix: 100%, ensemble: 100%
  [CHECKPOINT] Saved

================================================================================
Event 11526 (37/100)
================================================================================
2025-10-29 18:49:46,305 - src.imputation.base_imputer - INFO - Fitting amplitude_embedding imputer on 11525 samples
2025-10-29 18:49:46,307 - src.imputation.base_imputer - INFO - Fitting graph_cycle_encoding imputer on 11525 samples
2025-10-29 18:49:46,307 - src.imputation.base_imputer - INFO - Fitting angle_encoding imputer on 11525 samples
2025-10-29 18:49:46,307 - src.imputation.base_imputer - INFO - Fitting density_matrix_optimized imputer on 11525 samples
2025-10-29 18:49:46,309 - src.imputation.amplitude_embedding - INFO - Learned position frequencies from 11525 samples. Normalization mode: uniform
2025-10-29 18:49:46,309 - src.imputation.base_imputer - INFO - amplitude_embedding imputer fitted successfully
2025-10-29 18:49:46,309 - src.imputation.base_imputer - INFO - Transforming 11525 samples with amplitude_embedding imputer
2025-10-29 18:49:46,311 - src.imputation.graph_cycle_encoding - INFO - Graph/Cycle encoding uses fixed DFT basis and geometric distances (no learning from 11525 training samples)
2025-10-29 18:49:46,311 - src.imputation.base_imputer - INFO - graph_cycle_encoding imputer fitted successfully
2025-10-29 18:49:46,311 - src.imputation.base_imputer - INFO - Transforming 11525 samples with graph_cycle_encoding imputer
2025-10-29 18:49:46,311 - src.imputation.angle_encoding - INFO - Angle encoding uses fixed angular mapping (no learning from 11525 training samples)
2025-10-29 18:49:46,311 - src.imputation.base_imputer - INFO - angle_encoding imputer fitted successfully
2025-10-29 18:49:46,311 - src.imputation.density_matrix - INFO - Density matrix uses fixed quantum mechanical construction (no learning from 11525 training samples)
2025-10-29 18:49:46,311 - src.imputation.base_imputer - INFO - Transforming 11525 samples with angle_encoding imputer
2025-10-29 18:49:46,311 - src.imputation.base_imputer - INFO - density_matrix_optimized imputer fitted successfully
2025-10-29 18:49:46,311 - src.imputation.base_imputer - INFO - Transforming 11525 samples with density_matrix_optimized imputer
2025-10-29 18:49:53,976 - src.imputation.base_imputer - INFO - Transformation complete: output shape (11525, 322)
2025-10-29 18:49:53,976 - src.imputation.base_imputer - INFO - Transforming 1 samples with angle_encoding imputer
2025-10-29 18:49:53,978 - src.imputation.base_imputer - INFO - Transformation complete: output shape (1, 322)
2025-10-29 18:49:54,142 - src.imputation.base_imputer - INFO - Transformation complete: output shape (11525, 377)
2025-10-29 18:49:54,142 - src.imputation.base_imputer - INFO - Transforming 1 samples with amplitude_embedding imputer
2025-10-29 18:49:54,145 - src.imputation.base_imputer - INFO - Transformation complete: output shape (1, 377)
2025-10-29 18:49:54,664 - src.imputation.base_imputer - INFO - Transformation complete: output shape (11525, 259)
2025-10-29 18:49:54,664 - src.imputation.base_imputer - INFO - Transforming 1 samples with density_matrix_optimized imputer
2025-10-29 18:49:54,666 - src.imputation.base_imputer - INFO - Transformation complete: output shape (1, 259)
2025-10-29 18:49:54,975 - src.imputation.base_imputer - INFO - Transformation complete: output shape (11525, 277)
2025-10-29 18:49:54,975 - src.imputation.base_imputer - INFO - Transforming 1 samples with graph_cycle_encoding imputer
2025-10-29 18:49:54,977 - src.imputation.base_imputer - INFO - Transformation complete: output shape (1, 277)
2025-10-29 18:49:59,680 - src.modeling.rankers.lgbm_ranker - INFO - Training LGBMRanker on 11525 events...
2025-10-29 18:49:59,808 - src.modeling.rankers.lgbm_ranker - INFO - Training LGBMRanker on 11525 events...
2025-10-29 18:49:59,823 - src.modeling.rankers.lgbm_ranker - INFO - Computed position frequencies: 39 positions
2025-10-29 18:49:59,950 - src.modeling.rankers.lgbm_ranker - INFO - Computed position frequencies: 39 positions
2025-10-29 18:50:00,446 - src.modeling.rankers.lgbm_ranker - INFO - Training LGBMRanker on 11525 events...
2025-10-29 18:50:00,592 - src.modeling.rankers.lgbm_ranker - INFO - Computed position frequencies: 39 positions
2025-10-29 18:50:00,744 - src.modeling.rankers.lgbm_ranker - INFO - Training LGBMRanker on 11525 events...
2025-10-29 18:50:00,890 - src.modeling.rankers.lgbm_ranker - INFO - Computed position frequencies: 39 positions
2025-10-29 18:51:12,052 - src.modeling.rankers.lgbm_ranker - INFO - Transformed to ranking format: 449475 samples (11525 groups of 39 positions each)
2025-10-29 18:51:12,053 - src.modeling.rankers.lgbm_ranker - INFO - Training LightGBM model...
/usr/local/lib/python3.10/dist-packages/lightgbm/sklearn.py:861: UserWarning: Found 'ndcg_eval_at' in params. Will use it instead of 'eval_at' argument
  _log_warning(f"Found '{alias}' in params. Will use it instead of 'eval_at' argument")
2025-10-29 18:51:13,193 - src.modeling.rankers.lgbm_ranker - INFO - Top-5 most important features:
2025-10-29 18:51:13,193 - src.modeling.rankers.lgbm_ranker - INFO -   position_frequency: 289.00
2025-10-29 18:51:13,193 - src.modeling.rankers.lgbm_ranker - INFO -   aggregate_0: 229.00
2025-10-29 18:51:13,193 - src.modeling.rankers.lgbm_ranker - INFO -   position_id: 222.00
2025-10-29 18:51:13,193 - src.modeling.rankers.lgbm_ranker - INFO -   tunneling: 126.00
2025-10-29 18:51:13,193 - src.modeling.rankers.lgbm_ranker - INFO -   angle: 81.00
2025-10-29 18:51:13,193 - src.modeling.rankers.lgbm_ranker - INFO - ✓ Training completed in 73.51 seconds
2025-10-29 18:51:13,193 - src.modeling.rankers.lgbm_ranker - INFO - ✓ LGBMRanker training successful
2025-10-29 18:51:13,205 - src.modeling.rankers.lgbm_ranker - INFO - Predicting top-20 for 1 test events...
/usr/local/lib/python3.10/dist-packages/lightgbm/sklearn.py:861: UserWarning: Found 'ndcg_eval_at' in params. Will use it instead of 'eval_at' argument
  _log_warning(f"Found '{alias}' in params. Will use it instead of 'eval_at' argument")
2025-10-29 18:51:13,212 - src.modeling.rankers.lgbm_ranker - INFO - ✓ Predictions generated for 1 events
2025-10-29 18:51:16,870 - src.modeling.rankers.lgbm_ranker - INFO - Transformed to ranking format: 449475 samples (11525 groups of 39 positions each)
2025-10-29 18:51:16,870 - src.modeling.rankers.lgbm_ranker - INFO - Training LightGBM model...
/usr/local/lib/python3.10/dist-packages/lightgbm/sklearn.py:861: UserWarning: Found 'ndcg_eval_at' in params. Will use it instead of 'eval_at' argument
  _log_warning(f"Found '{alias}' in params. Will use it instead of 'eval_at' argument")
2025-10-29 18:51:18,503 - src.modeling.rankers.lgbm_ranker - INFO - Top-5 most important features:
2025-10-29 18:51:18,503 - src.modeling.rankers.lgbm_ranker - INFO -   position_frequency: 403.00
2025-10-29 18:51:18,503 - src.modeling.rankers.lgbm_ranker - INFO -   min_distance: 340.00
2025-10-29 18:51:18,503 - src.modeling.rankers.lgbm_ranker - INFO -   position_id: 309.00
2025-10-29 18:51:18,503 - src.modeling.rankers.lgbm_ranker - INFO -   tunneling: 273.00
2025-10-29 18:51:18,503 - src.modeling.rankers.lgbm_ranker - INFO -   density_window_0: 164.00
2025-10-29 18:51:18,503 - src.modeling.rankers.lgbm_ranker - INFO - ✓ Training completed in 78.06 seconds
2025-10-29 18:51:18,503 - src.modeling.rankers.lgbm_ranker - INFO - ✓ LGBMRanker training successful
2025-10-29 18:51:18,515 - src.modeling.rankers.lgbm_ranker - INFO - Predicting top-20 for 1 test events...
/usr/local/lib/python3.10/dist-packages/lightgbm/sklearn.py:861: UserWarning: Found 'ndcg_eval_at' in params. Will use it instead of 'eval_at' argument
  _log_warning(f"Found '{alias}' in params. Will use it instead of 'eval_at' argument")
2025-10-29 18:51:18,524 - src.modeling.rankers.lgbm_ranker - INFO - ✓ Predictions generated for 1 events
2025-10-29 18:51:20,266 - src.modeling.rankers.lgbm_ranker - INFO - Transformed to ranking format: 449475 samples (11525 groups of 39 positions each)
2025-10-29 18:51:20,266 - src.modeling.rankers.lgbm_ranker - INFO - Training LightGBM model...
/usr/local/lib/python3.10/dist-packages/lightgbm/sklearn.py:861: UserWarning: Found 'ndcg_eval_at' in params. Will use it instead of 'eval_at' argument
  _log_warning(f"Found '{alias}' in params. Will use it instead of 'eval_at' argument")
2025-10-29 18:51:21,278 - src.modeling.rankers.lgbm_ranker - INFO - Top-5 most important features:
2025-10-29 18:51:21,278 - src.modeling.rankers.lgbm_ranker - INFO -   position_frequency: 336.00
2025-10-29 18:51:21,278 - src.modeling.rankers.lgbm_ranker - INFO -   position_id: 298.00
2025-10-29 18:51:21,278 - src.modeling.rankers.lgbm_ranker - INFO -   tunneling: 197.00
2025-10-29 18:51:21,278 - src.modeling.rankers.lgbm_ranker - INFO -   min_distance: 160.00
2025-10-29 18:51:21,278 - src.modeling.rankers.lgbm_ranker - INFO -   density_window_0: 131.00
2025-10-29 18:51:21,278 - src.modeling.rankers.lgbm_ranker - INFO - ✓ Training completed in 81.47 seconds
2025-10-29 18:51:21,278 - src.modeling.rankers.lgbm_ranker - INFO - ✓ LGBMRanker training successful
2025-10-29 18:51:21,282 - src.modeling.rankers.lgbm_ranker - INFO - Predicting top-20 for 1 test events...
/usr/local/lib/python3.10/dist-packages/lightgbm/sklearn.py:861: UserWarning: Found 'ndcg_eval_at' in params. Will use it instead of 'eval_at' argument
  _log_warning(f"Found '{alias}' in params. Will use it instead of 'eval_at' argument")
2025-10-29 18:51:21,290 - src.modeling.rankers.lgbm_ranker - INFO - ✓ Predictions generated for 1 events
2025-10-29 18:51:23,512 - src.modeling.rankers.lgbm_ranker - INFO - Transformed to ranking format: 449475 samples (11525 groups of 39 positions each)
2025-10-29 18:51:23,512 - src.modeling.rankers.lgbm_ranker - INFO - Training LightGBM model...
/usr/local/lib/python3.10/dist-packages/lightgbm/sklearn.py:861: UserWarning: Found 'ndcg_eval_at' in params. Will use it instead of 'eval_at' argument
  _log_warning(f"Found '{alias}' in params. Will use it instead of 'eval_at' argument")
2025-10-29 18:51:26,613 - src.modeling.rankers.lgbm_ranker - INFO - Top-5 most important features:
2025-10-29 18:51:26,613 - src.modeling.rankers.lgbm_ranker - INFO -   tunneling: 411.00
2025-10-29 18:51:26,613 - src.modeling.rankers.lgbm_ranker - INFO -   position_id: 276.00
2025-10-29 18:51:26,613 - src.modeling.rankers.lgbm_ranker - INFO -   min_distance: 242.00
2025-10-29 18:51:26,613 - src.modeling.rankers.lgbm_ranker - INFO -   dft_45: 198.00
2025-10-29 18:51:26,613 - src.modeling.rankers.lgbm_ranker - INFO -   density_window_0: 185.00
2025-10-29 18:51:26,613 - src.modeling.rankers.lgbm_ranker - INFO - ✓ Training completed in 85.87 seconds
2025-10-29 18:51:26,613 - src.modeling.rankers.lgbm_ranker - INFO - ✓ LGBMRanker training successful
2025-10-29 18:51:26,675 - src.modeling.rankers.lgbm_ranker - INFO - Predicting top-20 for 1 test events...
/usr/local/lib/python3.10/dist-packages/lightgbm/sklearn.py:861: UserWarning: Found 'ndcg_eval_at' in params. Will use it instead of 'eval_at' argument
  _log_warning(f"Found '{alias}' in params. Will use it instead of 'eval_at' argument")
2025-10-29 18:51:26,683 - src.modeling.rankers.lgbm_ranker - INFO - ✓ Predictions generated for 1 events

  Event Duration: 100.5s
  Parallel Exec:  100.5s
  Model Training Times:
    amplitude: train=81.5s, total=95.0s
    angle_encoding: train=73.5s, total=86.9s
    graph_cycle: train=85.9s, total=100.4s
    density_matrix: train=78.1s, total=92.2s
  Memory Peak: 1.27 GB
  Recalls: amplitude: 100%, angle_encoding: 100%, graph_cycle: 100%, density_matrix: 100%, ensemble: 100%
  [CHECKPOINT] Saved

================================================================================
Event 11527 (38/100)
================================================================================
2025-10-29 18:51:26,822 - src.imputation.base_imputer - INFO - Fitting amplitude_embedding imputer on 11526 samples
2025-10-29 18:51:26,822 - src.imputation.base_imputer - INFO - Fitting density_matrix_optimized imputer on 11526 samples
2025-10-29 18:51:26,822 - src.imputation.base_imputer - INFO - Fitting graph_cycle_encoding imputer on 11526 samples
2025-10-29 18:51:26,822 - src.imputation.base_imputer - INFO - Fitting angle_encoding imputer on 11526 samples
2025-10-29 18:51:26,825 - src.imputation.amplitude_embedding - INFO - Learned position frequencies from 11526 samples. Normalization mode: uniform
2025-10-29 18:51:26,825 - src.imputation.base_imputer - INFO - amplitude_embedding imputer fitted successfully
2025-10-29 18:51:26,825 - src.imputation.base_imputer - INFO - Transforming 11526 samples with amplitude_embedding imputer
2025-10-29 18:51:26,825 - src.imputation.angle_encoding - INFO - Angle encoding uses fixed angular mapping (no learning from 11526 training samples)
2025-10-29 18:51:26,825 - src.imputation.density_matrix - INFO - Density matrix uses fixed quantum mechanical construction (no learning from 11526 training samples)
2025-10-29 18:51:26,825 - src.imputation.graph_cycle_encoding - INFO - Graph/Cycle encoding uses fixed DFT basis and geometric distances (no learning from 11526 training samples)
2025-10-29 18:51:26,826 - src.imputation.base_imputer - INFO - angle_encoding imputer fitted successfully
2025-10-29 18:51:26,826 - src.imputation.base_imputer - INFO - density_matrix_optimized imputer fitted successfully
2025-10-29 18:51:26,826 - src.imputation.base_imputer - INFO - graph_cycle_encoding imputer fitted successfully
2025-10-29 18:51:26,826 - src.imputation.base_imputer - INFO - Transforming 11526 samples with angle_encoding imputer
2025-10-29 18:51:26,826 - src.imputation.base_imputer - INFO - Transforming 11526 samples with density_matrix_optimized imputer
2025-10-29 18:51:26,826 - src.imputation.base_imputer - INFO - Transforming 11526 samples with graph_cycle_encoding imputer
2025-10-29 18:51:34,637 - src.imputation.base_imputer - INFO - Transformation complete: output shape (11526, 377)
2025-10-29 18:51:34,637 - src.imputation.base_imputer - INFO - Transforming 1 samples with amplitude_embedding imputer
2025-10-29 18:51:34,639 - src.imputation.base_imputer - INFO - Transformation complete: output shape (1, 377)
2025-10-29 18:51:34,849 - src.imputation.base_imputer - INFO - Transformation complete: output shape (11526, 322)
2025-10-29 18:51:34,849 - src.imputation.base_imputer - INFO - Transforming 1 samples with angle_encoding imputer
2025-10-29 18:51:34,851 - src.imputation.base_imputer - INFO - Transformation complete: output shape (1, 322)
2025-10-29 18:51:34,867 - src.imputation.base_imputer - INFO - Transformation complete: output shape (11526, 259)
2025-10-29 18:51:34,867 - src.imputation.base_imputer - INFO - Transforming 1 samples with density_matrix_optimized imputer
2025-10-29 18:51:34,869 - src.imputation.base_imputer - INFO - Transformation complete: output shape (1, 259)
2025-10-29 18:51:35,564 - src.imputation.base_imputer - INFO - Transformation complete: output shape (11526, 277)
2025-10-29 18:51:35,564 - src.imputation.base_imputer - INFO - Transforming 1 samples with graph_cycle_encoding imputer
2025-10-29 18:51:35,566 - src.imputation.base_imputer - INFO - Transformation complete: output shape (1, 277)
2025-10-29 18:51:40,360 - src.modeling.rankers.lgbm_ranker - INFO - Training LGBMRanker on 11526 events...
2025-10-29 18:51:40,464 - src.modeling.rankers.lgbm_ranker - INFO - Training LGBMRanker on 11526 events...
2025-10-29 18:51:40,503 - src.modeling.rankers.lgbm_ranker - INFO - Computed position frequencies: 39 positions
2025-10-29 18:51:40,606 - src.modeling.rankers.lgbm_ranker - INFO - Computed position frequencies: 39 positions
2025-10-29 18:51:40,710 - src.modeling.rankers.lgbm_ranker - INFO - Training LGBMRanker on 11526 events...
2025-10-29 18:51:40,857 - src.modeling.rankers.lgbm_ranker - INFO - Computed position frequencies: 39 positions
2025-10-29 18:51:41,397 - src.modeling.rankers.lgbm_ranker - INFO - Training LGBMRanker on 11526 events...
2025-10-29 18:51:41,544 - src.modeling.rankers.lgbm_ranker - INFO - Computed position frequencies: 39 positions
2025-10-29 18:52:55,126 - src.modeling.rankers.lgbm_ranker - INFO - Transformed to ranking format: 449514 samples (11526 groups of 39 positions each)
2025-10-29 18:52:55,126 - src.modeling.rankers.lgbm_ranker - INFO - Training LightGBM model...
/usr/local/lib/python3.10/dist-packages/lightgbm/sklearn.py:861: UserWarning: Found 'ndcg_eval_at' in params. Will use it instead of 'eval_at' argument
  _log_warning(f"Found '{alias}' in params. Will use it instead of 'eval_at' argument")
2025-10-29 18:52:56,169 - src.modeling.rankers.lgbm_ranker - INFO - Transformed to ranking format: 449514 samples (11526 groups of 39 positions each)
2025-10-29 18:52:56,169 - src.modeling.rankers.lgbm_ranker - INFO - Training LightGBM model...
/usr/local/lib/python3.10/dist-packages/lightgbm/sklearn.py:861: UserWarning: Found 'ndcg_eval_at' in params. Will use it instead of 'eval_at' argument
  _log_warning(f"Found '{alias}' in params. Will use it instead of 'eval_at' argument")
2025-10-29 18:52:56,801 - src.modeling.rankers.lgbm_ranker - INFO - Top-5 most important features:
2025-10-29 18:52:56,802 - src.modeling.rankers.lgbm_ranker - INFO -   position_id: 412.00
2025-10-29 18:52:56,802 - src.modeling.rankers.lgbm_ranker - INFO -   tunneling: 343.00
2025-10-29 18:52:56,802 - src.modeling.rankers.lgbm_ranker - INFO -   position_frequency: 273.00
2025-10-29 18:52:56,802 - src.modeling.rankers.lgbm_ranker - INFO -   min_distance: 244.00
2025-10-29 18:52:56,802 - src.modeling.rankers.lgbm_ranker - INFO -   density_window_0: 203.00
2025-10-29 18:52:56,802 - src.modeling.rankers.lgbm_ranker - INFO - ✓ Training completed in 76.34 seconds
2025-10-29 18:52:56,802 - src.modeling.rankers.lgbm_ranker - INFO - ✓ LGBMRanker training successful
2025-10-29 18:52:56,822 - src.modeling.rankers.lgbm_ranker - INFO - Predicting top-20 for 1 test events...
/usr/local/lib/python3.10/dist-packages/lightgbm/sklearn.py:861: UserWarning: Found 'ndcg_eval_at' in params. Will use it instead of 'eval_at' argument
  _log_warning(f"Found '{alias}' in params. Will use it instead of 'eval_at' argument")
2025-10-29 18:52:56,830 - src.modeling.rankers.lgbm_ranker - INFO - ✓ Predictions generated for 1 events
2025-10-29 18:52:57,305 - src.modeling.rankers.lgbm_ranker - INFO - Top-5 most important features:
2025-10-29 18:52:57,305 - src.modeling.rankers.lgbm_ranker - INFO -   aggregate_0: 286.00
2025-10-29 18:52:57,305 - src.modeling.rankers.lgbm_ranker - INFO -   position_frequency: 278.00
2025-10-29 18:52:57,305 - src.modeling.rankers.lgbm_ranker - INFO -   position_id: 241.00
2025-10-29 18:52:57,305 - src.modeling.rankers.lgbm_ranker - INFO -   min_distance: 106.00
2025-10-29 18:52:57,305 - src.modeling.rankers.lgbm_ranker - INFO -   tunneling: 101.00
2025-10-29 18:52:57,305 - src.modeling.rankers.lgbm_ranker - INFO - ✓ Training completed in 76.60 seconds
2025-10-29 18:52:57,305 - src.modeling.rankers.lgbm_ranker - INFO - ✓ LGBMRanker training successful
2025-10-29 18:52:57,316 - src.modeling.rankers.lgbm_ranker - INFO - Predicting top-20 for 1 test events...
/usr/local/lib/python3.10/dist-packages/lightgbm/sklearn.py:861: UserWarning: Found 'ndcg_eval_at' in params. Will use it instead of 'eval_at' argument
  _log_warning(f"Found '{alias}' in params. Will use it instead of 'eval_at' argument")
2025-10-29 18:52:57,324 - src.modeling.rankers.lgbm_ranker - INFO - ✓ Predictions generated for 1 events
2025-10-29 18:53:00,556 - src.modeling.rankers.lgbm_ranker - INFO - Transformed to ranking format: 449514 samples (11526 groups of 39 positions each)
2025-10-29 18:53:00,556 - src.modeling.rankers.lgbm_ranker - INFO - Training LightGBM model...
/usr/local/lib/python3.10/dist-packages/lightgbm/sklearn.py:861: UserWarning: Found 'ndcg_eval_at' in params. Will use it instead of 'eval_at' argument
  _log_warning(f"Found '{alias}' in params. Will use it instead of 'eval_at' argument")
2025-10-29 18:53:01,555 - src.modeling.rankers.lgbm_ranker - INFO - Top-5 most important features:
2025-10-29 18:53:01,555 - src.modeling.rankers.lgbm_ranker - INFO -   position_frequency: 263.00
2025-10-29 18:53:01,555 - src.modeling.rankers.lgbm_ranker - INFO -   tunneling: 251.00
2025-10-29 18:53:01,555 - src.modeling.rankers.lgbm_ranker - INFO -   position_id: 247.00
2025-10-29 18:53:01,555 - src.modeling.rankers.lgbm_ranker - INFO -   min_distance: 244.00
2025-10-29 18:53:01,555 - src.modeling.rankers.lgbm_ranker - INFO -   density_window_0: 160.00
2025-10-29 18:53:01,555 - src.modeling.rankers.lgbm_ranker - INFO - ✓ Training completed in 81.19 seconds
2025-10-29 18:53:01,555 - src.modeling.rankers.lgbm_ranker - INFO - ✓ LGBMRanker training successful
2025-10-29 18:53:01,559 - src.modeling.rankers.lgbm_ranker - INFO - Predicting top-20 for 1 test events...
/usr/local/lib/python3.10/dist-packages/lightgbm/sklearn.py:861: UserWarning: Found 'ndcg_eval_at' in params. Will use it instead of 'eval_at' argument
  _log_warning(f"Found '{alias}' in params. Will use it instead of 'eval_at' argument")
2025-10-29 18:53:01,567 - src.modeling.rankers.lgbm_ranker - INFO - ✓ Predictions generated for 1 events
2025-10-29 18:53:04,424 - src.modeling.rankers.lgbm_ranker - INFO - Transformed to ranking format: 449514 samples (11526 groups of 39 positions each)
2025-10-29 18:53:04,424 - src.modeling.rankers.lgbm_ranker - INFO - Training LightGBM model...
/usr/local/lib/python3.10/dist-packages/lightgbm/sklearn.py:861: UserWarning: Found 'ndcg_eval_at' in params. Will use it instead of 'eval_at' argument
  _log_warning(f"Found '{alias}' in params. Will use it instead of 'eval_at' argument")
2025-10-29 18:53:07,395 - src.modeling.rankers.lgbm_ranker - INFO - Top-5 most important features:
2025-10-29 18:53:07,395 - src.modeling.rankers.lgbm_ranker - INFO -   tunneling: 433.00
2025-10-29 18:53:07,395 - src.modeling.rankers.lgbm_ranker - INFO -   position_id: 286.00
2025-10-29 18:53:07,395 - src.modeling.rankers.lgbm_ranker - INFO -   min_distance: 239.00
2025-10-29 18:53:07,395 - src.modeling.rankers.lgbm_ranker - INFO -   density_window_0: 201.00
2025-10-29 18:53:07,395 - src.modeling.rankers.lgbm_ranker - INFO -   dft_45: 184.00
2025-10-29 18:53:07,395 - src.modeling.rankers.lgbm_ranker - INFO - ✓ Training completed in 86.00 seconds
2025-10-29 18:53:07,395 - src.modeling.rankers.lgbm_ranker - INFO - ✓ LGBMRanker training successful
2025-10-29 18:53:07,444 - src.modeling.rankers.lgbm_ranker - INFO - Predicting top-20 for 1 test events...
/usr/local/lib/python3.10/dist-packages/lightgbm/sklearn.py:861: UserWarning: Found 'ndcg_eval_at' in params. Will use it instead of 'eval_at' argument
  _log_warning(f"Found '{alias}' in params. Will use it instead of 'eval_at' argument")
2025-10-29 18:53:07,453 - src.modeling.rankers.lgbm_ranker - INFO - ✓ Predictions generated for 1 events

  Event Duration: 100.8s
  Parallel Exec:  100.8s
  Model Training Times:
    amplitude: train=81.2s, total=94.8s
    angle_encoding: train=76.6s, total=90.5s
    graph_cycle: train=86.0s, total=100.7s
    density_matrix: train=76.4s, total=90.0s
  Memory Peak: 1.59 GB
  Recalls: amplitude: 100%, angle_encoding: 100%, graph_cycle: 100%, density_matrix: 100%, ensemble: 100%
  [CHECKPOINT] Saved

================================================================================
Event 11528 (39/100)
================================================================================
2025-10-29 18:53:07,636 - src.imputation.base_imputer - INFO - Fitting amplitude_embedding imputer on 11527 samples
2025-10-29 18:53:07,638 - src.imputation.base_imputer - INFO - Fitting density_matrix_optimized imputer on 11527 samples
2025-10-29 18:53:07,638 - src.imputation.base_imputer - INFO - Fitting graph_cycle_encoding imputer on 11527 samples
2025-10-29 18:53:07,638 - src.imputation.base_imputer - INFO - Fitting angle_encoding imputer on 11527 samples
2025-10-29 18:53:07,640 - src.imputation.amplitude_embedding - INFO - Learned position frequencies from 11527 samples. Normalization mode: uniform
2025-10-29 18:53:07,640 - src.imputation.base_imputer - INFO - amplitude_embedding imputer fitted successfully
2025-10-29 18:53:07,640 - src.imputation.base_imputer - INFO - Transforming 11527 samples with amplitude_embedding imputer
2025-10-29 18:53:07,642 - src.imputation.angle_encoding - INFO - Angle encoding uses fixed angular mapping (no learning from 11527 training samples)
2025-10-29 18:53:07,642 - src.imputation.density_matrix - INFO - Density matrix uses fixed quantum mechanical construction (no learning from 11527 training samples)
2025-10-29 18:53:07,642 - src.imputation.graph_cycle_encoding - INFO - Graph/Cycle encoding uses fixed DFT basis and geometric distances (no learning from 11527 training samples)
2025-10-29 18:53:07,642 - src.imputation.base_imputer - INFO - angle_encoding imputer fitted successfully
2025-10-29 18:53:07,642 - src.imputation.base_imputer - INFO - density_matrix_optimized imputer fitted successfully
2025-10-29 18:53:07,643 - src.imputation.base_imputer - INFO - Transforming 11527 samples with angle_encoding imputer
2025-10-29 18:53:07,643 - src.imputation.base_imputer - INFO - Transforming 11527 samples with density_matrix_optimized imputer
2025-10-29 18:53:07,643 - src.imputation.base_imputer - INFO - graph_cycle_encoding imputer fitted successfully
2025-10-29 18:53:07,643 - src.imputation.base_imputer - INFO - Transforming 11527 samples with graph_cycle_encoding imputer
2025-10-29 18:53:15,378 - src.imputation.base_imputer - INFO - Transformation complete: output shape (11527, 377)
2025-10-29 18:53:15,378 - src.imputation.base_imputer - INFO - Transforming 1 samples with amplitude_embedding imputer
2025-10-29 18:53:15,380 - src.imputation.base_imputer - INFO - Transformation complete: output shape (1, 377)
2025-10-29 18:53:15,626 - src.imputation.base_imputer - INFO - Transformation complete: output shape (11527, 322)
2025-10-29 18:53:15,626 - src.imputation.base_imputer - INFO - Transforming 1 samples with angle_encoding imputer
2025-10-29 18:53:15,628 - src.imputation.base_imputer - INFO - Transformation complete: output shape (1, 322)
2025-10-29 18:53:15,969 - src.imputation.base_imputer - INFO - Transformation complete: output shape (11527, 259)
2025-10-29 18:53:15,969 - src.imputation.base_imputer - INFO - Transforming 1 samples with density_matrix_optimized imputer
2025-10-29 18:53:15,971 - src.imputation.base_imputer - INFO - Transformation complete: output shape (1, 259)
2025-10-29 18:53:16,197 - src.imputation.base_imputer - INFO - Transformation complete: output shape (11527, 277)
2025-10-29 18:53:16,197 - src.imputation.base_imputer - INFO - Transforming 1 samples with graph_cycle_encoding imputer
2025-10-29 18:53:16,202 - src.imputation.base_imputer - INFO - Transformation complete: output shape (1, 277)
2025-10-29 18:53:21,132 - src.modeling.rankers.lgbm_ranker - INFO - Training LGBMRanker on 11527 events...
2025-10-29 18:53:21,275 - src.modeling.rankers.lgbm_ranker - INFO - Computed position frequencies: 39 positions
2025-10-29 18:53:21,488 - src.modeling.rankers.lgbm_ranker - INFO - Training LGBMRanker on 11527 events...
2025-10-29 18:53:21,636 - src.modeling.rankers.lgbm_ranker - INFO - Computed position frequencies: 39 positions
2025-10-29 18:53:21,843 - src.modeling.rankers.lgbm_ranker - INFO - Training LGBMRanker on 11527 events...
2025-10-29 18:53:21,878 - src.modeling.rankers.lgbm_ranker - INFO - Training LGBMRanker on 11527 events...
2025-10-29 18:53:21,989 - src.modeling.rankers.lgbm_ranker - INFO - Computed position frequencies: 39 positions
2025-10-29 18:53:22,020 - src.modeling.rankers.lgbm_ranker - INFO - Computed position frequencies: 39 positions
2025-10-29 18:54:36,430 - src.modeling.rankers.lgbm_ranker - INFO - Transformed to ranking format: 449553 samples (11527 groups of 39 positions each)
2025-10-29 18:54:36,430 - src.modeling.rankers.lgbm_ranker - INFO - Training LightGBM model...
/usr/local/lib/python3.10/dist-packages/lightgbm/sklearn.py:861: UserWarning: Found 'ndcg_eval_at' in params. Will use it instead of 'eval_at' argument
  _log_warning(f"Found '{alias}' in params. Will use it instead of 'eval_at' argument")
2025-10-29 18:54:37,571 - src.modeling.rankers.lgbm_ranker - INFO - Top-5 most important features:
2025-10-29 18:54:37,571 - src.modeling.rankers.lgbm_ranker - INFO -   aggregate_0: 326.00
2025-10-29 18:54:37,572 - src.modeling.rankers.lgbm_ranker - INFO -   position_frequency: 246.00
2025-10-29 18:54:37,572 - src.modeling.rankers.lgbm_ranker - INFO -   position_id: 214.00
2025-10-29 18:54:37,572 - src.modeling.rankers.lgbm_ranker - INFO -   min_distance: 110.00
2025-10-29 18:54:37,572 - src.modeling.rankers.lgbm_ranker - INFO -   aggregate_1: 103.00
2025-10-29 18:54:37,572 - src.modeling.rankers.lgbm_ranker - INFO - ✓ Training completed in 76.08 seconds
2025-10-29 18:54:37,572 - src.modeling.rankers.lgbm_ranker - INFO - ✓ LGBMRanker training successful
2025-10-29 18:54:37,584 - src.modeling.rankers.lgbm_ranker - INFO - Predicting top-20 for 1 test events...
/usr/local/lib/python3.10/dist-packages/lightgbm/sklearn.py:861: UserWarning: Found 'ndcg_eval_at' in params. Will use it instead of 'eval_at' argument
  _log_warning(f"Found '{alias}' in params. Will use it instead of 'eval_at' argument")
2025-10-29 18:54:37,592 - src.modeling.rankers.lgbm_ranker - INFO - ✓ Predictions generated for 1 events
2025-10-29 18:54:38,662 - src.modeling.rankers.lgbm_ranker - INFO - Transformed to ranking format: 449553 samples (11527 groups of 39 positions each)
2025-10-29 18:54:38,663 - src.modeling.rankers.lgbm_ranker - INFO - Training LightGBM model...
/usr/local/lib/python3.10/dist-packages/lightgbm/sklearn.py:861: UserWarning: Found 'ndcg_eval_at' in params. Will use it instead of 'eval_at' argument
  _log_warning(f"Found '{alias}' in params. Will use it instead of 'eval_at' argument")
2025-10-29 18:54:40,219 - src.modeling.rankers.lgbm_ranker - INFO - Top-5 most important features:
2025-10-29 18:54:40,219 - src.modeling.rankers.lgbm_ranker - INFO -   min_distance: 380.00
2025-10-29 18:54:40,219 - src.modeling.rankers.lgbm_ranker - INFO -   tunneling: 344.00
2025-10-29 18:54:40,219 - src.modeling.rankers.lgbm_ranker - INFO -   position_id: 333.00
2025-10-29 18:54:40,219 - src.modeling.rankers.lgbm_ranker - INFO -   density_window_0: 219.00
2025-10-29 18:54:40,219 - src.modeling.rankers.lgbm_ranker - INFO -   position_frequency: 195.00
2025-10-29 18:54:40,219 - src.modeling.rankers.lgbm_ranker - INFO - ✓ Training completed in 78.38 seconds
2025-10-29 18:54:40,219 - src.modeling.rankers.lgbm_ranker - INFO - ✓ LGBMRanker training successful
2025-10-29 18:54:40,239 - src.modeling.rankers.lgbm_ranker - INFO - Predicting top-20 for 1 test events...
/usr/local/lib/python3.10/dist-packages/lightgbm/sklearn.py:861: UserWarning: Found 'ndcg_eval_at' in params. Will use it instead of 'eval_at' argument
  _log_warning(f"Found '{alias}' in params. Will use it instead of 'eval_at' argument")
2025-10-29 18:54:40,247 - src.modeling.rankers.lgbm_ranker - INFO - ✓ Predictions generated for 1 events
2025-10-29 18:54:41,755 - src.modeling.rankers.lgbm_ranker - INFO - Transformed to ranking format: 449553 samples (11527 groups of 39 positions each)
2025-10-29 18:54:41,755 - src.modeling.rankers.lgbm_ranker - INFO - Training LightGBM model...
/usr/local/lib/python3.10/dist-packages/lightgbm/sklearn.py:861: UserWarning: Found 'ndcg_eval_at' in params. Will use it instead of 'eval_at' argument
  _log_warning(f"Found '{alias}' in params. Will use it instead of 'eval_at' argument")
2025-10-29 18:54:42,264 - src.modeling.rankers.lgbm_ranker - INFO - Transformed to ranking format: 449553 samples (11527 groups of 39 positions each)
2025-10-29 18:54:42,264 - src.modeling.rankers.lgbm_ranker - INFO - Training LightGBM model...
/usr/local/lib/python3.10/dist-packages/lightgbm/sklearn.py:861: UserWarning: Found 'ndcg_eval_at' in params. Will use it instead of 'eval_at' argument
  _log_warning(f"Found '{alias}' in params. Will use it instead of 'eval_at' argument")
2025-10-29 18:54:42,764 - src.modeling.rankers.lgbm_ranker - INFO - Top-5 most important features:
2025-10-29 18:54:42,764 - src.modeling.rankers.lgbm_ranker - INFO -   position_frequency: 304.00
2025-10-29 18:54:42,764 - src.modeling.rankers.lgbm_ranker - INFO -   position_id: 234.00
2025-10-29 18:54:42,764 - src.modeling.rankers.lgbm_ranker - INFO -   tunneling: 201.00
2025-10-29 18:54:42,764 - src.modeling.rankers.lgbm_ranker - INFO -   min_distance: 197.00
2025-10-29 18:54:42,764 - src.modeling.rankers.lgbm_ranker - INFO -   density_window_0: 105.00
2025-10-29 18:54:42,764 - src.modeling.rankers.lgbm_ranker - INFO - ✓ Training completed in 81.63 seconds
2025-10-29 18:54:42,764 - src.modeling.rankers.lgbm_ranker - INFO - ✓ LGBMRanker training successful
2025-10-29 18:54:42,768 - src.modeling.rankers.lgbm_ranker - INFO - Predicting top-20 for 1 test events...
/usr/local/lib/python3.10/dist-packages/lightgbm/sklearn.py:861: UserWarning: Found 'ndcg_eval_at' in params. Will use it instead of 'eval_at' argument
  _log_warning(f"Found '{alias}' in params. Will use it instead of 'eval_at' argument")
2025-10-29 18:54:42,777 - src.modeling.rankers.lgbm_ranker - INFO - ✓ Predictions generated for 1 events
2025-10-29 18:54:45,358 - src.modeling.rankers.lgbm_ranker - INFO - Top-5 most important features:
2025-10-29 18:54:45,358 - src.modeling.rankers.lgbm_ranker - INFO -   tunneling: 397.00
2025-10-29 18:54:45,358 - src.modeling.rankers.lgbm_ranker - INFO -   position_id: 255.00
2025-10-29 18:54:45,358 - src.modeling.rankers.lgbm_ranker - INFO -   min_distance: 236.00
2025-10-29 18:54:45,358 - src.modeling.rankers.lgbm_ranker - INFO -   dft_45: 195.00
2025-10-29 18:54:45,358 - src.modeling.rankers.lgbm_ranker - INFO -   density_window_0: 195.00
2025-10-29 18:54:45,358 - src.modeling.rankers.lgbm_ranker - INFO - ✓ Training completed in 83.48 seconds
2025-10-29 18:54:45,358 - src.modeling.rankers.lgbm_ranker - INFO - ✓ LGBMRanker training successful
2025-10-29 18:54:45,400 - src.modeling.rankers.lgbm_ranker - INFO - Predicting top-20 for 1 test events...
/usr/local/lib/python3.10/dist-packages/lightgbm/sklearn.py:861: UserWarning: Found 'ndcg_eval_at' in params. Will use it instead of 'eval_at' argument
  _log_warning(f"Found '{alias}' in params. Will use it instead of 'eval_at' argument")
2025-10-29 18:54:45,408 - src.modeling.rankers.lgbm_ranker - INFO - ✓ Predictions generated for 1 events

  Event Duration: 97.9s
  Parallel Exec:  97.9s
  Model Training Times:
    amplitude: train=81.6s, total=95.2s
    angle_encoding: train=76.1s, total=90.0s
    graph_cycle: train=83.5s, total=97.8s
    density_matrix: train=78.4s, total=92.6s
  Memory Peak: 1.59 GB
  Recalls: amplitude: 100%, angle_encoding: 100%, graph_cycle: 100%, density_matrix: 100%, ensemble: 100%
  [CHECKPOINT] Saved

================================================================================
Event 11529 (40/100)
================================================================================
2025-10-29 18:54:45,581 - src.imputation.base_imputer - INFO - Fitting amplitude_embedding imputer on 11528 samples
2025-10-29 18:54:45,582 - src.imputation.base_imputer - INFO - Fitting graph_cycle_encoding imputer on 11528 samples
2025-10-29 18:54:45,582 - src.imputation.base_imputer - INFO - Fitting density_matrix_optimized imputer on 11528 samples
2025-10-29 18:54:45,582 - src.imputation.base_imputer - INFO - Fitting angle_encoding imputer on 11528 samples
2025-10-29 18:54:45,584 - src.imputation.amplitude_embedding - INFO - Learned position frequencies from 11528 samples. Normalization mode: uniform
2025-10-29 18:54:45,584 - src.imputation.base_imputer - INFO - amplitude_embedding imputer fitted successfully
2025-10-29 18:54:45,584 - src.imputation.base_imputer - INFO - Transforming 11528 samples with amplitude_embedding imputer
2025-10-29 18:54:45,585 - src.imputation.density_matrix - INFO - Density matrix uses fixed quantum mechanical construction (no learning from 11528 training samples)
2025-10-29 18:54:45,585 - src.imputation.angle_encoding - INFO - Angle encoding uses fixed angular mapping (no learning from 11528 training samples)
2025-10-29 18:54:45,585 - src.imputation.base_imputer - INFO - density_matrix_optimized imputer fitted successfully
2025-10-29 18:54:45,585 - src.imputation.base_imputer - INFO - angle_encoding imputer fitted successfully
2025-10-29 18:54:45,585 - src.imputation.base_imputer - INFO - Transforming 11528 samples with density_matrix_optimized imputer
2025-10-29 18:54:45,585 - src.imputation.base_imputer - INFO - Transforming 11528 samples with angle_encoding imputer
2025-10-29 18:54:45,585 - src.imputation.graph_cycle_encoding - INFO - Graph/Cycle encoding uses fixed DFT basis and geometric distances (no learning from 11528 training samples)
2025-10-29 18:54:45,585 - src.imputation.base_imputer - INFO - graph_cycle_encoding imputer fitted successfully
2025-10-29 18:54:45,585 - src.imputation.base_imputer - INFO - Transforming 11528 samples with graph_cycle_encoding imputer
2025-10-29 18:54:53,458 - src.imputation.base_imputer - INFO - Transformation complete: output shape (11528, 377)
2025-10-29 18:54:53,458 - src.imputation.base_imputer - INFO - Transforming 1 samples with amplitude_embedding imputer
2025-10-29 18:54:53,463 - src.imputation.base_imputer - INFO - Transformation complete: output shape (1, 377)
2025-10-29 18:54:53,576 - src.imputation.base_imputer - INFO - Transformation complete: output shape (11528, 322)
2025-10-29 18:54:53,576 - src.imputation.base_imputer - INFO - Transforming 1 samples with angle_encoding imputer
2025-10-29 18:54:53,578 - src.imputation.base_imputer - INFO - Transformation complete: output shape (1, 322)
2025-10-29 18:54:53,682 - src.imputation.base_imputer - INFO - Transformation complete: output shape (11528, 259)
2025-10-29 18:54:53,682 - src.imputation.base_imputer - INFO - Transforming 1 samples with density_matrix_optimized imputer
2025-10-29 18:54:53,684 - src.imputation.base_imputer - INFO - Transformation complete: output shape (1, 259)
2025-10-29 18:54:54,317 - src.imputation.base_imputer - INFO - Transformation complete: output shape (11528, 277)
2025-10-29 18:54:54,317 - src.imputation.base_imputer - INFO - Transforming 1 samples with graph_cycle_encoding imputer
2025-10-29 18:54:54,319 - src.imputation.base_imputer - INFO - Transformation complete: output shape (1, 277)
2025-10-29 18:54:59,072 - src.modeling.rankers.lgbm_ranker - INFO - Training LGBMRanker on 11528 events...
2025-10-29 18:54:59,213 - src.modeling.rankers.lgbm_ranker - INFO - Computed position frequencies: 39 positions
2025-10-29 18:54:59,316 - src.modeling.rankers.lgbm_ranker - INFO - Training LGBMRanker on 11528 events...
2025-10-29 18:54:59,427 - src.modeling.rankers.lgbm_ranker - INFO - Training LGBMRanker on 11528 events...
2025-10-29 18:54:59,459 - src.modeling.rankers.lgbm_ranker - INFO - Computed position frequencies: 39 positions
2025-10-29 18:54:59,573 - src.modeling.rankers.lgbm_ranker - INFO - Computed position frequencies: 39 positions
2025-10-29 18:55:00,198 - src.modeling.rankers.lgbm_ranker - INFO - Training LGBMRanker on 11528 events...
2025-10-29 18:55:00,345 - src.modeling.rankers.lgbm_ranker - INFO - Computed position frequencies: 39 positions
2025-10-29 18:56:13,874 - src.modeling.rankers.lgbm_ranker - INFO - Transformed to ranking format: 449592 samples (11528 groups of 39 positions each)
2025-10-29 18:56:13,874 - src.modeling.rankers.lgbm_ranker - INFO - Training LightGBM model...
/usr/local/lib/python3.10/dist-packages/lightgbm/sklearn.py:861: UserWarning: Found 'ndcg_eval_at' in params. Will use it instead of 'eval_at' argument
  _log_warning(f"Found '{alias}' in params. Will use it instead of 'eval_at' argument")
2025-10-29 18:56:14,511 - src.modeling.rankers.lgbm_ranker - INFO - Transformed to ranking format: 449592 samples (11528 groups of 39 positions each)
2025-10-29 18:56:14,511 - src.modeling.rankers.lgbm_ranker - INFO - Training LightGBM model...
/usr/local/lib/python3.10/dist-packages/lightgbm/sklearn.py:861: UserWarning: Found 'ndcg_eval_at' in params. Will use it instead of 'eval_at' argument
  _log_warning(f"Found '{alias}' in params. Will use it instead of 'eval_at' argument")
2025-10-29 18:56:15,495 - src.modeling.rankers.lgbm_ranker - INFO - Top-5 most important features:
2025-10-29 18:56:15,495 - src.modeling.rankers.lgbm_ranker - INFO -   position_id: 343.00
2025-10-29 18:56:15,495 - src.modeling.rankers.lgbm_ranker - INFO -   min_distance: 324.00
2025-10-29 18:56:15,495 - src.modeling.rankers.lgbm_ranker - INFO -   position_frequency: 315.00
2025-10-29 18:56:15,495 - src.modeling.rankers.lgbm_ranker - INFO -   tunneling: 285.00
2025-10-29 18:56:15,495 - src.modeling.rankers.lgbm_ranker - INFO -   density_window_0: 190.00
2025-10-29 18:56:15,495 - src.modeling.rankers.lgbm_ranker - INFO - ✓ Training completed in 76.18 seconds
2025-10-29 18:56:15,495 - src.modeling.rankers.lgbm_ranker - INFO - ✓ LGBMRanker training successful
2025-10-29 18:56:15,511 - src.modeling.rankers.lgbm_ranker - INFO - Predicting top-20 for 1 test events...
/usr/local/lib/python3.10/dist-packages/lightgbm/sklearn.py:861: UserWarning: Found 'ndcg_eval_at' in params. Will use it instead of 'eval_at' argument
  _log_warning(f"Found '{alias}' in params. Will use it instead of 'eval_at' argument")
2025-10-29 18:56:15,520 - src.modeling.rankers.lgbm_ranker - INFO - ✓ Predictions generated for 1 events
2025-10-29 18:56:15,672 - src.modeling.rankers.lgbm_ranker - INFO - Top-5 most important features:
2025-10-29 18:56:15,672 - src.modeling.rankers.lgbm_ranker - INFO -   aggregate_0: 294.00
2025-10-29 18:56:15,672 - src.modeling.rankers.lgbm_ranker - INFO -   position_frequency: 263.00
2025-10-29 18:56:15,672 - src.modeling.rankers.lgbm_ranker - INFO -   position_id: 200.00
2025-10-29 18:56:15,672 - src.modeling.rankers.lgbm_ranker - INFO -   aggregate_1: 154.00
2025-10-29 18:56:15,672 - src.modeling.rankers.lgbm_ranker - INFO -   aggregate_4: 88.00
2025-10-29 18:56:15,672 - src.modeling.rankers.lgbm_ranker - INFO - ✓ Training completed in 76.25 seconds
2025-10-29 18:56:15,672 - src.modeling.rankers.lgbm_ranker - INFO - ✓ LGBMRanker training successful
2025-10-29 18:56:15,683 - src.modeling.rankers.lgbm_ranker - INFO - Predicting top-20 for 1 test events...
/usr/local/lib/python3.10/dist-packages/lightgbm/sklearn.py:861: UserWarning: Found 'ndcg_eval_at' in params. Will use it instead of 'eval_at' argument
  _log_warning(f"Found '{alias}' in params. Will use it instead of 'eval_at' argument")
2025-10-29 18:56:15,691 - src.modeling.rankers.lgbm_ranker - INFO - ✓ Predictions generated for 1 events
2025-10-29 18:56:19,467 - src.modeling.rankers.lgbm_ranker - INFO - Transformed to ranking format: 449592 samples (11528 groups of 39 positions each)
2025-10-29 18:56:19,467 - src.modeling.rankers.lgbm_ranker - INFO - Training LightGBM model...
/usr/local/lib/python3.10/dist-packages/lightgbm/sklearn.py:861: UserWarning: Found 'ndcg_eval_at' in params. Will use it instead of 'eval_at' argument
  _log_warning(f"Found '{alias}' in params. Will use it instead of 'eval_at' argument")
2025-10-29 18:56:20,454 - src.modeling.rankers.lgbm_ranker - INFO - Top-5 most important features:
2025-10-29 18:56:20,454 - src.modeling.rankers.lgbm_ranker - INFO -   position_frequency: 281.00
2025-10-29 18:56:20,454 - src.modeling.rankers.lgbm_ranker - INFO -   position_id: 232.00
2025-10-29 18:56:20,454 - src.modeling.rankers.lgbm_ranker - INFO -   min_distance: 232.00
2025-10-29 18:56:20,454 - src.modeling.rankers.lgbm_ranker - INFO -   tunneling: 192.00
2025-10-29 18:56:20,454 - src.modeling.rankers.lgbm_ranker - INFO -   density_window_0: 171.00
2025-10-29 18:56:20,454 - src.modeling.rankers.lgbm_ranker - INFO - ✓ Training completed in 81.38 seconds
2025-10-29 18:56:20,454 - src.modeling.rankers.lgbm_ranker - INFO - ✓ LGBMRanker training successful
2025-10-29 18:56:20,458 - src.modeling.rankers.lgbm_ranker - INFO - Predicting top-20 for 1 test events...
/usr/local/lib/python3.10/dist-packages/lightgbm/sklearn.py:861: UserWarning: Found 'ndcg_eval_at' in params. Will use it instead of 'eval_at' argument
  _log_warning(f"Found '{alias}' in params. Will use it instead of 'eval_at' argument")
2025-10-29 18:56:20,467 - src.modeling.rankers.lgbm_ranker - INFO - ✓ Predictions generated for 1 events
2025-10-29 18:56:22,514 - src.modeling.rankers.lgbm_ranker - INFO - Transformed to ranking format: 449592 samples (11528 groups of 39 positions each)
2025-10-29 18:56:22,514 - src.modeling.rankers.lgbm_ranker - INFO - Training LightGBM model...
/usr/local/lib/python3.10/dist-packages/lightgbm/sklearn.py:861: UserWarning: Found 'ndcg_eval_at' in params. Will use it instead of 'eval_at' argument
  _log_warning(f"Found '{alias}' in params. Will use it instead of 'eval_at' argument")
2025-10-29 18:56:25,913 - src.modeling.rankers.lgbm_ranker - INFO - Top-5 most important features:
2025-10-29 18:56:25,913 - src.modeling.rankers.lgbm_ranker - INFO -   tunneling: 413.00
2025-10-29 18:56:25,913 - src.modeling.rankers.lgbm_ranker - INFO -   position_id: 245.00
2025-10-29 18:56:25,913 - src.modeling.rankers.lgbm_ranker - INFO -   min_distance: 234.00
2025-10-29 18:56:25,913 - src.modeling.rankers.lgbm_ranker - INFO -   dft_45: 200.00
2025-10-29 18:56:25,913 - src.modeling.rankers.lgbm_ranker - INFO -   density_window_0: 189.00
2025-10-29 18:56:25,913 - src.modeling.rankers.lgbm_ranker - INFO - ✓ Training completed in 85.72 seconds
2025-10-29 18:56:25,913 - src.modeling.rankers.lgbm_ranker - INFO - ✓ LGBMRanker training successful
2025-10-29 18:56:25,957 - src.modeling.rankers.lgbm_ranker - INFO - Predicting top-20 for 1 test events...
/usr/local/lib/python3.10/dist-packages/lightgbm/sklearn.py:861: UserWarning: Found 'ndcg_eval_at' in params. Will use it instead of 'eval_at' argument
  _log_warning(f"Found '{alias}' in params. Will use it instead of 'eval_at' argument")
2025-10-29 18:56:25,965 - src.modeling.rankers.lgbm_ranker - INFO - ✓ Predictions generated for 1 events

  Event Duration: 100.6s
  Parallel Exec:  100.6s
  Model Training Times:
    amplitude: train=81.4s, total=94.9s
    angle_encoding: train=76.3s, total=90.1s
    graph_cycle: train=85.8s, total=100.4s
    density_matrix: train=76.2s, total=90.0s
  Memory Peak: 1.59 GB
  Recalls: amplitude: 100%, angle_encoding: 100%, graph_cycle: 100%, density_matrix: 100%, ensemble: 100%
  [CHECKPOINT] Saved

================================================================================
Event 11530 (41/100)
================================================================================
2025-10-29 18:56:26,139 - src.imputation.base_imputer - INFO - Fitting amplitude_embedding imputer on 11529 samples
2025-10-29 18:56:26,139 - src.imputation.base_imputer - INFO - Fitting angle_encoding imputer on 11529 samples
2025-10-29 18:56:26,141 - src.imputation.base_imputer - INFO - Fitting graph_cycle_encoding imputer on 11529 samples
2025-10-29 18:56:26,141 - src.imputation.base_imputer - INFO - Fitting density_matrix_optimized imputer on 11529 samples
2025-10-29 18:56:26,143 - src.imputation.angle_encoding - INFO - Angle encoding uses fixed angular mapping (no learning from 11529 training samples)
2025-10-29 18:56:26,143 - src.imputation.base_imputer - INFO - angle_encoding imputer fitted successfully
2025-10-29 18:56:26,143 - src.imputation.base_imputer - INFO - Transforming 11529 samples with angle_encoding imputer
2025-10-29 18:56:26,144 - src.imputation.amplitude_embedding - INFO - Learned position frequencies from 11529 samples. Normalization mode: uniform
2025-10-29 18:56:26,144 - src.imputation.base_imputer - INFO - amplitude_embedding imputer fitted successfully
2025-10-29 18:56:26,144 - src.imputation.base_imputer - INFO - Transforming 11529 samples with amplitude_embedding imputer
2025-10-29 18:56:26,145 - src.imputation.density_matrix - INFO - Density matrix uses fixed quantum mechanical construction (no learning from 11529 training samples)
2025-10-29 18:56:26,145 - src.imputation.base_imputer - INFO - density_matrix_optimized imputer fitted successfully
2025-10-29 18:56:26,145 - src.imputation.base_imputer - INFO - Transforming 11529 samples with density_matrix_optimized imputer
2025-10-29 18:56:26,145 - src.imputation.graph_cycle_encoding - INFO - Graph/Cycle encoding uses fixed DFT basis and geometric distances (no learning from 11529 training samples)
2025-10-29 18:56:26,145 - src.imputation.base_imputer - INFO - graph_cycle_encoding imputer fitted successfully
2025-10-29 18:56:26,145 - src.imputation.base_imputer - INFO - Transforming 11529 samples with graph_cycle_encoding imputer
2025-10-29 18:56:33,921 - src.imputation.base_imputer - INFO - Transformation complete: output shape (11529, 322)
2025-10-29 18:56:33,921 - src.imputation.base_imputer - INFO - Transforming 1 samples with angle_encoding imputer
2025-10-29 18:56:33,923 - src.imputation.base_imputer - INFO - Transformation complete: output shape (1, 322)
2025-10-29 18:56:33,972 - src.imputation.base_imputer - INFO - Transformation complete: output shape (11529, 377)
2025-10-29 18:56:33,972 - src.imputation.base_imputer - INFO - Transforming 1 samples with amplitude_embedding imputer
2025-10-29 18:56:33,974 - src.imputation.base_imputer - INFO - Transformation complete: output shape (1, 377)
2025-10-29 18:56:34,518 - src.imputation.base_imputer - INFO - Transformation complete: output shape (11529, 259)
2025-10-29 18:56:34,518 - src.imputation.base_imputer - INFO - Transforming 1 samples with density_matrix_optimized imputer
2025-10-29 18:56:34,520 - src.imputation.base_imputer - INFO - Transformation complete: output shape (1, 259)
2025-10-29 18:56:34,788 - src.imputation.base_imputer - INFO - Transformation complete: output shape (11529, 277)
2025-10-29 18:56:34,789 - src.imputation.base_imputer - INFO - Transforming 1 samples with graph_cycle_encoding imputer
2025-10-29 18:56:34,791 - src.imputation.base_imputer - INFO - Transformation complete: output shape (1, 277)
2025-10-29 18:56:39,638 - src.modeling.rankers.lgbm_ranker - INFO - Training LGBMRanker on 11529 events...
2025-10-29 18:56:39,639 - src.modeling.rankers.lgbm_ranker - INFO - Training LGBMRanker on 11529 events...
2025-10-29 18:56:39,778 - src.modeling.rankers.lgbm_ranker - INFO - Computed position frequencies: 39 positions
2025-10-29 18:56:39,779 - src.modeling.rankers.lgbm_ranker - INFO - Computed position frequencies: 39 positions
2025-10-29 18:56:40,363 - src.modeling.rankers.lgbm_ranker - INFO - Training LGBMRanker on 11529 events...
2025-10-29 18:56:40,509 - src.modeling.rankers.lgbm_ranker - INFO - Computed position frequencies: 39 positions
2025-10-29 18:56:40,563 - src.modeling.rankers.lgbm_ranker - INFO - Training LGBMRanker on 11529 events...
2025-10-29 18:56:40,709 - src.modeling.rankers.lgbm_ranker - INFO - Computed position frequencies: 39 positions
2025-10-29 18:57:52,140 - src.modeling.rankers.lgbm_ranker - INFO - Transformed to ranking format: 449631 samples (11529 groups of 39 positions each)
2025-10-29 18:57:52,140 - src.modeling.rankers.lgbm_ranker - INFO - Training LightGBM model...
/usr/local/lib/python3.10/dist-packages/lightgbm/sklearn.py:861: UserWarning: Found 'ndcg_eval_at' in params. Will use it instead of 'eval_at' argument
  _log_warning(f"Found '{alias}' in params. Will use it instead of 'eval_at' argument")
2025-10-29 18:57:53,257 - src.modeling.rankers.lgbm_ranker - INFO - Top-5 most important features:
2025-10-29 18:57:53,257 - src.modeling.rankers.lgbm_ranker - INFO -   aggregate_0: 337.00
2025-10-29 18:57:53,257 - src.modeling.rankers.lgbm_ranker - INFO -   position_frequency: 227.00
2025-10-29 18:57:53,257 - src.modeling.rankers.lgbm_ranker - INFO -   position_id: 169.00
2025-10-29 18:57:53,257 - src.modeling.rankers.lgbm_ranker - INFO -   aggregate_1: 114.00
2025-10-29 18:57:53,257 - src.modeling.rankers.lgbm_ranker - INFO -   aggregate_5: 94.00
2025-10-29 18:57:53,257 - src.modeling.rankers.lgbm_ranker - INFO - ✓ Training completed in 73.62 seconds
2025-10-29 18:57:53,257 - src.modeling.rankers.lgbm_ranker - INFO - ✓ LGBMRanker training successful
2025-10-29 18:57:53,268 - src.modeling.rankers.lgbm_ranker - INFO - Predicting top-20 for 1 test events...
/usr/local/lib/python3.10/dist-packages/lightgbm/sklearn.py:861: UserWarning: Found 'ndcg_eval_at' in params. Will use it instead of 'eval_at' argument
  _log_warning(f"Found '{alias}' in params. Will use it instead of 'eval_at' argument")
2025-10-29 18:57:53,275 - src.modeling.rankers.lgbm_ranker - INFO - ✓ Predictions generated for 1 events
2025-10-29 18:57:58,513 - src.modeling.rankers.lgbm_ranker - INFO - Transformed to ranking format: 449631 samples (11529 groups of 39 positions each)
2025-10-29 18:57:58,514 - src.modeling.rankers.lgbm_ranker - INFO - Training LightGBM model...
/usr/local/lib/python3.10/dist-packages/lightgbm/sklearn.py:861: UserWarning: Found 'ndcg_eval_at' in params. Will use it instead of 'eval_at' argument
  _log_warning(f"Found '{alias}' in params. Will use it instead of 'eval_at' argument")
2025-10-29 18:57:59,781 - src.modeling.rankers.lgbm_ranker - INFO - Transformed to ranking format: 449631 samples (11529 groups of 39 positions each)
2025-10-29 18:57:59,781 - src.modeling.rankers.lgbm_ranker - INFO - Training LightGBM model...
/usr/local/lib/python3.10/dist-packages/lightgbm/sklearn.py:861: UserWarning: Found 'ndcg_eval_at' in params. Will use it instead of 'eval_at' argument
  _log_warning(f"Found '{alias}' in params. Will use it instead of 'eval_at' argument")
2025-10-29 18:58:00,163 - src.modeling.rankers.lgbm_ranker - INFO - Top-5 most important features:
2025-10-29 18:58:00,163 - src.modeling.rankers.lgbm_ranker - INFO -   position_id: 404.00
2025-10-29 18:58:00,163 - src.modeling.rankers.lgbm_ranker - INFO -   tunneling: 348.00
2025-10-29 18:58:00,163 - src.modeling.rankers.lgbm_ranker - INFO -   min_distance: 258.00
2025-10-29 18:58:00,163 - src.modeling.rankers.lgbm_ranker - INFO -   position_frequency: 242.00
2025-10-29 18:58:00,163 - src.modeling.rankers.lgbm_ranker - INFO -   density_window_0: 215.00
2025-10-29 18:58:00,163 - src.modeling.rankers.lgbm_ranker - INFO - ✓ Training completed in 79.80 seconds
2025-10-29 18:58:00,163 - src.modeling.rankers.lgbm_ranker - INFO - ✓ LGBMRanker training successful
2025-10-29 18:58:00,184 - src.modeling.rankers.lgbm_ranker - INFO - Predicting top-20 for 1 test events...
/usr/local/lib/python3.10/dist-packages/lightgbm/sklearn.py:861: UserWarning: Found 'ndcg_eval_at' in params. Will use it instead of 'eval_at' argument
  _log_warning(f"Found '{alias}' in params. Will use it instead of 'eval_at' argument")
2025-10-29 18:58:00,193 - src.modeling.rankers.lgbm_ranker - INFO - ✓ Predictions generated for 1 events
2025-10-29 18:58:00,773 - src.modeling.rankers.lgbm_ranker - INFO - Top-5 most important features:
2025-10-29 18:58:00,773 - src.modeling.rankers.lgbm_ranker - INFO -   position_frequency: 339.00
2025-10-29 18:58:00,773 - src.modeling.rankers.lgbm_ranker - INFO -   min_distance: 238.00
2025-10-29 18:58:00,773 - src.modeling.rankers.lgbm_ranker - INFO -   position_id: 207.00
2025-10-29 18:58:00,773 - src.modeling.rankers.lgbm_ranker - INFO -   tunneling: 202.00
2025-10-29 18:58:00,773 - src.modeling.rankers.lgbm_ranker - INFO -   density_window_0: 113.00
2025-10-29 18:58:00,773 - src.modeling.rankers.lgbm_ranker - INFO - ✓ Training completed in 81.13 seconds
2025-10-29 18:58:00,773 - src.modeling.rankers.lgbm_ranker - INFO - ✓ LGBMRanker training successful
2025-10-29 18:58:00,777 - src.modeling.rankers.lgbm_ranker - INFO - Predicting top-20 for 1 test events...
/usr/local/lib/python3.10/dist-packages/lightgbm/sklearn.py:861: UserWarning: Found 'ndcg_eval_at' in params. Will use it instead of 'eval_at' argument
  _log_warning(f"Found '{alias}' in params. Will use it instead of 'eval_at' argument")
2025-10-29 18:58:00,786 - src.modeling.rankers.lgbm_ranker - INFO - ✓ Predictions generated for 1 events
2025-10-29 18:58:02,638 - src.modeling.rankers.lgbm_ranker - INFO - Transformed to ranking format: 449631 samples (11529 groups of 39 positions each)
2025-10-29 18:58:02,638 - src.modeling.rankers.lgbm_ranker - INFO - Training LightGBM model...
/usr/local/lib/python3.10/dist-packages/lightgbm/sklearn.py:861: UserWarning: Found 'ndcg_eval_at' in params. Will use it instead of 'eval_at' argument
  _log_warning(f"Found '{alias}' in params. Will use it instead of 'eval_at' argument")
2025-10-29 18:58:05,685 - src.modeling.rankers.lgbm_ranker - INFO - Top-5 most important features:
2025-10-29 18:58:05,685 - src.modeling.rankers.lgbm_ranker - INFO -   tunneling: 408.00
2025-10-29 18:58:05,685 - src.modeling.rankers.lgbm_ranker - INFO -   position_id: 243.00
2025-10-29 18:58:05,685 - src.modeling.rankers.lgbm_ranker - INFO -   min_distance: 232.00
2025-10-29 18:58:05,685 - src.modeling.rankers.lgbm_ranker - INFO -   density_window_0: 185.00
2025-10-29 18:58:05,685 - src.modeling.rankers.lgbm_ranker - INFO -   dft_45: 167.00
2025-10-29 18:58:05,685 - src.modeling.rankers.lgbm_ranker - INFO - ✓ Training completed in 85.12 seconds
2025-10-29 18:58:05,685 - src.modeling.rankers.lgbm_ranker - INFO - ✓ LGBMRanker training successful
2025-10-29 18:58:05,727 - src.modeling.rankers.lgbm_ranker - INFO - Predicting top-20 for 1 test events...
/usr/local/lib/python3.10/dist-packages/lightgbm/sklearn.py:861: UserWarning: Found 'ndcg_eval_at' in params. Will use it instead of 'eval_at' argument
  _log_warning(f"Found '{alias}' in params. Will use it instead of 'eval_at' argument")
2025-10-29 18:58:05,736 - src.modeling.rankers.lgbm_ranker - INFO - ✓ Predictions generated for 1 events

  Event Duration: 99.8s
  Parallel Exec:  99.8s
  Model Training Times:
    amplitude: train=81.1s, total=94.7s
    angle_encoding: train=73.6s, total=87.2s
    graph_cycle: train=85.2s, total=99.6s
    density_matrix: train=79.8s, total=94.1s
  Memory Peak: 1.59 GB
  Recalls: amplitude: 100%, angle_encoding: 100%, graph_cycle: 100%, density_matrix: 100%, ensemble: 100%
  [CHECKPOINT] Saved

================================================================================
Event 11531 (42/100)
================================================================================
2025-10-29 18:58:05,899 - src.imputation.base_imputer - INFO - Fitting density_matrix_optimized imputer on 11530 samples
2025-10-29 18:58:05,899 - src.imputation.base_imputer - INFO - Fitting amplitude_embedding imputer on 11530 samples
2025-10-29 18:58:05,899 - src.imputation.base_imputer - INFO - Fitting graph_cycle_encoding imputer on 11530 samples
2025-10-29 18:58:05,899 - src.imputation.base_imputer - INFO - Fitting angle_encoding imputer on 11530 samples
2025-10-29 18:58:05,902 - src.imputation.density_matrix - INFO - Density matrix uses fixed quantum mechanical construction (no learning from 11530 training samples)
2025-10-29 18:58:05,902 - src.imputation.base_imputer - INFO - density_matrix_optimized imputer fitted successfully
2025-10-29 18:58:05,902 - src.imputation.base_imputer - INFO - Transforming 11530 samples with density_matrix_optimized imputer
2025-10-29 18:58:05,902 - src.imputation.graph_cycle_encoding - INFO - Graph/Cycle encoding uses fixed DFT basis and geometric distances (no learning from 11530 training samples)
2025-10-29 18:58:05,902 - src.imputation.angle_encoding - INFO - Angle encoding uses fixed angular mapping (no learning from 11530 training samples)
2025-10-29 18:58:05,902 - src.imputation.base_imputer - INFO - graph_cycle_encoding imputer fitted successfully
2025-10-29 18:58:05,902 - src.imputation.base_imputer - INFO - angle_encoding imputer fitted successfully
2025-10-29 18:58:05,902 - src.imputation.base_imputer - INFO - Transforming 11530 samples with graph_cycle_encoding imputer
2025-10-29 18:58:05,902 - src.imputation.base_imputer - INFO - Transforming 11530 samples with angle_encoding imputer
2025-10-29 18:58:05,903 - src.imputation.amplitude_embedding - INFO - Learned position frequencies from 11530 samples. Normalization mode: uniform
2025-10-29 18:58:05,903 - src.imputation.base_imputer - INFO - amplitude_embedding imputer fitted successfully
2025-10-29 18:58:05,903 - src.imputation.base_imputer - INFO - Transforming 11530 samples with amplitude_embedding imputer
2025-10-29 18:58:13,566 - src.imputation.base_imputer - INFO - Transformation complete: output shape (11530, 322)
2025-10-29 18:58:13,567 - src.imputation.base_imputer - INFO - Transforming 1 samples with angle_encoding imputer
2025-10-29 18:58:13,568 - src.imputation.base_imputer - INFO - Transformation complete: output shape (1, 322)
2025-10-29 18:58:13,804 - src.imputation.base_imputer - INFO - Transformation complete: output shape (11530, 377)
2025-10-29 18:58:13,804 - src.imputation.base_imputer - INFO - Transforming 1 samples with amplitude_embedding imputer
2025-10-29 18:58:13,806 - src.imputation.base_imputer - INFO - Transformation complete: output shape (1, 377)
2025-10-29 18:58:14,164 - src.imputation.base_imputer - INFO - Transformation complete: output shape (11530, 259)
2025-10-29 18:58:14,164 - src.imputation.base_imputer - INFO - Transforming 1 samples with density_matrix_optimized imputer
2025-10-29 18:58:14,166 - src.imputation.base_imputer - INFO - Transformation complete: output shape (1, 259)
2025-10-29 18:58:14,286 - src.imputation.base_imputer - INFO - Transformation complete: output shape (11530, 277)
2025-10-29 18:58:14,286 - src.imputation.base_imputer - INFO - Transforming 1 samples with graph_cycle_encoding imputer
2025-10-29 18:58:14,288 - src.imputation.base_imputer - INFO - Transformation complete: output shape (1, 277)
2025-10-29 18:58:19,187 - src.modeling.rankers.lgbm_ranker - INFO - Training LGBMRanker on 11530 events...
2025-10-29 18:58:19,330 - src.modeling.rankers.lgbm_ranker - INFO - Computed position frequencies: 39 positions
2025-10-29 18:58:19,571 - src.modeling.rankers.lgbm_ranker - INFO - Training LGBMRanker on 11530 events...
2025-10-29 18:58:19,717 - src.modeling.rankers.lgbm_ranker - INFO - Computed position frequencies: 39 positions
2025-10-29 18:58:19,897 - src.modeling.rankers.lgbm_ranker - INFO - Training LGBMRanker on 11530 events...
2025-10-29 18:58:19,984 - src.modeling.rankers.lgbm_ranker - INFO - Training LGBMRanker on 11530 events...
2025-10-29 18:58:20,037 - src.modeling.rankers.lgbm_ranker - INFO - Computed position frequencies: 39 positions
2025-10-29 18:58:20,130 - src.modeling.rankers.lgbm_ranker - INFO - Computed position frequencies: 39 positions
2025-10-29 18:59:31,349 - src.modeling.rankers.lgbm_ranker - INFO - Transformed to ranking format: 449670 samples (11530 groups of 39 positions each)
2025-10-29 18:59:31,349 - src.modeling.rankers.lgbm_ranker - INFO - Training LightGBM model...
/usr/local/lib/python3.10/dist-packages/lightgbm/sklearn.py:861: UserWarning: Found 'ndcg_eval_at' in params. Will use it instead of 'eval_at' argument
  _log_warning(f"Found '{alias}' in params. Will use it instead of 'eval_at' argument")
2025-10-29 18:59:32,470 - src.modeling.rankers.lgbm_ranker - INFO - Top-5 most important features:
2025-10-29 18:59:32,470 - src.modeling.rankers.lgbm_ranker - INFO -   aggregate_0: 297.00
2025-10-29 18:59:32,470 - src.modeling.rankers.lgbm_ranker - INFO -   position_id: 233.00
2025-10-29 18:59:32,470 - src.modeling.rankers.lgbm_ranker - INFO -   position_frequency: 225.00
2025-10-29 18:59:32,470 - src.modeling.rankers.lgbm_ranker - INFO -   aggregate_1: 139.00
2025-10-29 18:59:32,470 - src.modeling.rankers.lgbm_ranker - INFO -   aggregate_5: 95.00
2025-10-29 18:59:32,470 - src.modeling.rankers.lgbm_ranker - INFO - ✓ Training completed in 73.28 seconds
2025-10-29 18:59:32,470 - src.modeling.rankers.lgbm_ranker - INFO - ✓ LGBMRanker training successful
2025-10-29 18:59:32,481 - src.modeling.rankers.lgbm_ranker - INFO - Predicting top-20 for 1 test events...
/usr/local/lib/python3.10/dist-packages/lightgbm/sklearn.py:861: UserWarning: Found 'ndcg_eval_at' in params. Will use it instead of 'eval_at' argument
  _log_warning(f"Found '{alias}' in params. Will use it instead of 'eval_at' argument")
2025-10-29 18:59:32,489 - src.modeling.rankers.lgbm_ranker - INFO - ✓ Predictions generated for 1 events
2025-10-29 18:59:36,461 - src.modeling.rankers.lgbm_ranker - INFO - Transformed to ranking format: 449670 samples (11530 groups of 39 positions each)
2025-10-29 18:59:36,461 - src.modeling.rankers.lgbm_ranker - INFO - Training LightGBM model...
/usr/local/lib/python3.10/dist-packages/lightgbm/sklearn.py:861: UserWarning: Found 'ndcg_eval_at' in params. Will use it instead of 'eval_at' argument
  _log_warning(f"Found '{alias}' in params. Will use it instead of 'eval_at' argument")
2025-10-29 18:59:38,104 - src.modeling.rankers.lgbm_ranker - INFO - Top-5 most important features:
2025-10-29 18:59:38,104 - src.modeling.rankers.lgbm_ranker - INFO -   position_id: 367.00
2025-10-29 18:59:38,104 - src.modeling.rankers.lgbm_ranker - INFO -   position_frequency: 323.00
2025-10-29 18:59:38,104 - src.modeling.rankers.lgbm_ranker - INFO -   min_distance: 285.00
2025-10-29 18:59:38,104 - src.modeling.rankers.lgbm_ranker - INFO -   tunneling: 277.00
2025-10-29 18:59:38,104 - src.modeling.rankers.lgbm_ranker - INFO -   density_window_0: 208.00
2025-10-29 18:59:38,104 - src.modeling.rankers.lgbm_ranker - INFO - ✓ Training completed in 78.12 seconds
2025-10-29 18:59:38,104 - src.modeling.rankers.lgbm_ranker - INFO - ✓ LGBMRanker training successful
2025-10-29 18:59:38,125 - src.modeling.rankers.lgbm_ranker - INFO - Predicting top-20 for 1 test events...
/usr/local/lib/python3.10/dist-packages/lightgbm/sklearn.py:861: UserWarning: Found 'ndcg_eval_at' in params. Will use it instead of 'eval_at' argument
  _log_warning(f"Found '{alias}' in params. Will use it instead of 'eval_at' argument")
2025-10-29 18:59:38,134 - src.modeling.rankers.lgbm_ranker - INFO - ✓ Predictions generated for 1 events
2025-10-29 18:59:39,079 - src.modeling.rankers.lgbm_ranker - INFO - Transformed to ranking format: 449670 samples (11530 groups of 39 positions each)
2025-10-29 18:59:39,079 - src.modeling.rankers.lgbm_ranker - INFO - Training LightGBM model...
/usr/local/lib/python3.10/dist-packages/lightgbm/sklearn.py:861: UserWarning: Found 'ndcg_eval_at' in params. Will use it instead of 'eval_at' argument
  _log_warning(f"Found '{alias}' in params. Will use it instead of 'eval_at' argument")
2025-10-29 18:59:41,953 - src.modeling.rankers.lgbm_ranker - INFO - Top-5 most important features:
2025-10-29 18:59:41,953 - src.modeling.rankers.lgbm_ranker - INFO -   tunneling: 385.00
2025-10-29 18:59:41,953 - src.modeling.rankers.lgbm_ranker - INFO -   position_id: 238.00
2025-10-29 18:59:41,953 - src.modeling.rankers.lgbm_ranker - INFO -   min_distance: 230.00
2025-10-29 18:59:41,953 - src.modeling.rankers.lgbm_ranker - INFO -   dft_45: 200.00
2025-10-29 18:59:41,953 - src.modeling.rankers.lgbm_ranker - INFO -   density_window_0: 189.00
2025-10-29 18:59:41,953 - src.modeling.rankers.lgbm_ranker - INFO - ✓ Training completed in 82.06 seconds
2025-10-29 18:59:41,953 - src.modeling.rankers.lgbm_ranker - INFO - ✓ LGBMRanker training successful
2025-10-29 18:59:41,988 - src.modeling.rankers.lgbm_ranker - INFO - Transformed to ranking format: 449670 samples (11530 groups of 39 positions each)
2025-10-29 18:59:41,988 - src.modeling.rankers.lgbm_ranker - INFO - Training LightGBM model...
/usr/local/lib/python3.10/dist-packages/lightgbm/sklearn.py:861: UserWarning: Found 'ndcg_eval_at' in params. Will use it instead of 'eval_at' argument
  _log_warning(f"Found '{alias}' in params. Will use it instead of 'eval_at' argument")
2025-10-29 18:59:42,019 - src.modeling.rankers.lgbm_ranker - INFO - Predicting top-20 for 1 test events...
/usr/local/lib/python3.10/dist-packages/lightgbm/sklearn.py:861: UserWarning: Found 'ndcg_eval_at' in params. Will use it instead of 'eval_at' argument
  _log_warning(f"Found '{alias}' in params. Will use it instead of 'eval_at' argument")
2025-10-29 18:59:42,028 - src.modeling.rankers.lgbm_ranker - INFO - ✓ Predictions generated for 1 events
2025-10-29 18:59:43,031 - src.modeling.rankers.lgbm_ranker - INFO - Top-5 most important features:
2025-10-29 18:59:43,031 - src.modeling.rankers.lgbm_ranker - INFO -   position_frequency: 386.00
2025-10-29 18:59:43,031 - src.modeling.rankers.lgbm_ranker - INFO -   min_distance: 234.00
2025-10-29 18:59:43,031 - src.modeling.rankers.lgbm_ranker - INFO -   tunneling: 221.00
2025-10-29 18:59:43,031 - src.modeling.rankers.lgbm_ranker - INFO -   position_id: 215.00
2025-10-29 18:59:43,031 - src.modeling.rankers.lgbm_ranker - INFO -   density_window_0: 125.00
2025-10-29 18:59:43,031 - src.modeling.rankers.lgbm_ranker - INFO - ✓ Training completed in 83.46 seconds
2025-10-29 18:59:43,031 - src.modeling.rankers.lgbm_ranker - INFO - ✓ LGBMRanker training successful
2025-10-29 18:59:43,035 - src.modeling.rankers.lgbm_ranker - INFO - Predicting top-20 for 1 test events...
/usr/local/lib/python3.10/dist-packages/lightgbm/sklearn.py:861: UserWarning: Found 'ndcg_eval_at' in params. Will use it instead of 'eval_at' argument
  _log_warning(f"Found '{alias}' in params. Will use it instead of 'eval_at' argument")
2025-10-29 18:59:43,044 - src.modeling.rankers.lgbm_ranker - INFO - ✓ Predictions generated for 1 events

  Event Duration: 97.3s
  Parallel Exec:  97.3s
  Model Training Times:
    amplitude: train=83.5s, total=97.2s
    angle_encoding: train=73.3s, total=86.6s
    graph_cycle: train=82.1s, total=96.1s
    density_matrix: train=78.1s, total=92.3s
  Memory Peak: 1.43 GB
  Recalls: amplitude: 100%, angle_encoding: 100%, graph_cycle: 100%, density_matrix: 100%, ensemble: 100%
  [CHECKPOINT] Saved

================================================================================
Event 11532 (43/100)
================================================================================
2025-10-29 18:59:43,227 - src.imputation.base_imputer - INFO - Fitting density_matrix_optimized imputer on 11531 samples
2025-10-29 18:59:43,227 - src.imputation.base_imputer - INFO - Fitting graph_cycle_encoding imputer on 11531 samples
2025-10-29 18:59:43,227 - src.imputation.base_imputer - INFO - Fitting angle_encoding imputer on 11531 samples
2025-10-29 18:59:43,227 - src.imputation.base_imputer - INFO - Fitting amplitude_embedding imputer on 11531 samples
2025-10-29 18:59:43,231 - src.imputation.density_matrix - INFO - Density matrix uses fixed quantum mechanical construction (no learning from 11531 training samples)
2025-10-29 18:59:43,231 - src.imputation.graph_cycle_encoding - INFO - Graph/Cycle encoding uses fixed DFT basis and geometric distances (no learning from 11531 training samples)
2025-10-29 18:59:43,231 - src.imputation.base_imputer - INFO - density_matrix_optimized imputer fitted successfully
2025-10-29 18:59:43,231 - src.imputation.base_imputer - INFO - graph_cycle_encoding imputer fitted successfully
2025-10-29 18:59:43,231 - src.imputation.base_imputer - INFO - Transforming 11531 samples with density_matrix_optimized imputer
2025-10-29 18:59:43,231 - src.imputation.base_imputer - INFO - Transforming 11531 samples with graph_cycle_encoding imputer
2025-10-29 18:59:43,231 - src.imputation.angle_encoding - INFO - Angle encoding uses fixed angular mapping (no learning from 11531 training samples)
2025-10-29 18:59:43,231 - src.imputation.base_imputer - INFO - angle_encoding imputer fitted successfully
2025-10-29 18:59:43,231 - src.imputation.base_imputer - INFO - Transforming 11531 samples with angle_encoding imputer
2025-10-29 18:59:43,232 - src.imputation.amplitude_embedding - INFO - Learned position frequencies from 11531 samples. Normalization mode: uniform
2025-10-29 18:59:43,232 - src.imputation.base_imputer - INFO - amplitude_embedding imputer fitted successfully
2025-10-29 18:59:43,232 - src.imputation.base_imputer - INFO - Transforming 11531 samples with amplitude_embedding imputer
2025-10-29 18:59:50,915 - src.imputation.base_imputer - INFO - Transformation complete: output shape (11531, 322)
2025-10-29 18:59:50,916 - src.imputation.base_imputer - INFO - Transforming 1 samples with angle_encoding imputer
2025-10-29 18:59:50,918 - src.imputation.base_imputer - INFO - Transformation complete: output shape (1, 322)
2025-10-29 18:59:51,221 - src.imputation.base_imputer - INFO - Transformation complete: output shape (11531, 377)
2025-10-29 18:59:51,221 - src.imputation.base_imputer - INFO - Transforming 1 samples with amplitude_embedding imputer
2025-10-29 18:59:51,223 - src.imputation.base_imputer - INFO - Transformation complete: output shape (1, 377)
2025-10-29 18:59:51,281 - src.imputation.base_imputer - INFO - Transformation complete: output shape (11531, 259)
2025-10-29 18:59:51,281 - src.imputation.base_imputer - INFO - Transforming 1 samples with density_matrix_optimized imputer
2025-10-29 18:59:51,283 - src.imputation.base_imputer - INFO - Transformation complete: output shape (1, 259)
2025-10-29 18:59:51,815 - src.imputation.base_imputer - INFO - Transformation complete: output shape (11531, 277)
2025-10-29 18:59:51,815 - src.imputation.base_imputer - INFO - Transforming 1 samples with graph_cycle_encoding imputer
2025-10-29 18:59:51,817 - src.imputation.base_imputer - INFO - Transformation complete: output shape (1, 277)
2025-10-29 18:59:56,509 - src.modeling.rankers.lgbm_ranker - INFO - Training LGBMRanker on 11531 events...
2025-10-29 18:59:56,651 - src.modeling.rankers.lgbm_ranker - INFO - Computed position frequencies: 39 positions
2025-10-29 18:59:56,948 - src.modeling.rankers.lgbm_ranker - INFO - Training LGBMRanker on 11531 events...
2025-10-29 18:59:57,089 - src.modeling.rankers.lgbm_ranker - INFO - Computed position frequencies: 39 positions
2025-10-29 18:59:57,105 - src.modeling.rankers.lgbm_ranker - INFO - Training LGBMRanker on 11531 events...
2025-10-29 18:59:57,252 - src.modeling.rankers.lgbm_ranker - INFO - Computed position frequencies: 39 positions
2025-10-29 18:59:57,588 - src.modeling.rankers.lgbm_ranker - INFO - Training LGBMRanker on 11531 events...
2025-10-29 18:59:57,732 - src.modeling.rankers.lgbm_ranker - INFO - Computed position frequencies: 39 positions
2025-10-29 19:01:08,938 - src.modeling.rankers.lgbm_ranker - INFO - Transformed to ranking format: 449709 samples (11531 groups of 39 positions each)
2025-10-29 19:01:08,938 - src.modeling.rankers.lgbm_ranker - INFO - Training LightGBM model...
/usr/local/lib/python3.10/dist-packages/lightgbm/sklearn.py:861: UserWarning: Found 'ndcg_eval_at' in params. Will use it instead of 'eval_at' argument
  _log_warning(f"Found '{alias}' in params. Will use it instead of 'eval_at' argument")
2025-10-29 19:01:10,082 - src.modeling.rankers.lgbm_ranker - INFO - Top-5 most important features:
2025-10-29 19:01:10,082 - src.modeling.rankers.lgbm_ranker - INFO -   position_frequency: 357.00
2025-10-29 19:01:10,082 - src.modeling.rankers.lgbm_ranker - INFO -   aggregate_0: 318.00
2025-10-29 19:01:10,082 - src.modeling.rankers.lgbm_ranker - INFO -   position_id: 194.00
2025-10-29 19:01:10,083 - src.modeling.rankers.lgbm_ranker - INFO -   aggregate_1: 101.00
2025-10-29 19:01:10,083 - src.modeling.rankers.lgbm_ranker - INFO -   tunneling: 92.00
2025-10-29 19:01:10,083 - src.modeling.rankers.lgbm_ranker - INFO - ✓ Training completed in 73.57 seconds
2025-10-29 19:01:10,083 - src.modeling.rankers.lgbm_ranker - INFO - ✓ LGBMRanker training successful
2025-10-29 19:01:10,094 - src.modeling.rankers.lgbm_ranker - INFO - Predicting top-20 for 1 test events...
/usr/local/lib/python3.10/dist-packages/lightgbm/sklearn.py:861: UserWarning: Found 'ndcg_eval_at' in params. Will use it instead of 'eval_at' argument
  _log_warning(f"Found '{alias}' in params. Will use it instead of 'eval_at' argument")
2025-10-29 19:01:10,102 - src.modeling.rankers.lgbm_ranker - INFO - ✓ Predictions generated for 1 events
2025-10-29 19:01:11,428 - src.modeling.rankers.lgbm_ranker - INFO - Transformed to ranking format: 449709 samples (11531 groups of 39 positions each)
2025-10-29 19:01:11,428 - src.modeling.rankers.lgbm_ranker - INFO - Training LightGBM model...
/usr/local/lib/python3.10/dist-packages/lightgbm/sklearn.py:861: UserWarning: Found 'ndcg_eval_at' in params. Will use it instead of 'eval_at' argument
  _log_warning(f"Found '{alias}' in params. Will use it instead of 'eval_at' argument")
2025-10-29 19:01:12,986 - src.modeling.rankers.lgbm_ranker - INFO - Top-5 most important features:
2025-10-29 19:01:12,986 - src.modeling.rankers.lgbm_ranker - INFO -   position_id: 382.00
2025-10-29 19:01:12,986 - src.modeling.rankers.lgbm_ranker - INFO -   tunneling: 357.00
2025-10-29 19:01:12,986 - src.modeling.rankers.lgbm_ranker - INFO -   position_frequency: 270.00
2025-10-29 19:01:12,986 - src.modeling.rankers.lgbm_ranker - INFO -   min_distance: 270.00
2025-10-29 19:01:12,986 - src.modeling.rankers.lgbm_ranker - INFO -   density_window_0: 230.00
2025-10-29 19:01:12,986 - src.modeling.rankers.lgbm_ranker - INFO - ✓ Training completed in 76.04 seconds
2025-10-29 19:01:12,986 - src.modeling.rankers.lgbm_ranker - INFO - ✓ LGBMRanker training successful
2025-10-29 19:01:13,006 - src.modeling.rankers.lgbm_ranker - INFO - Predicting top-20 for 1 test events...
/usr/local/lib/python3.10/dist-packages/lightgbm/sklearn.py:861: UserWarning: Found 'ndcg_eval_at' in params. Will use it instead of 'eval_at' argument
  _log_warning(f"Found '{alias}' in params. Will use it instead of 'eval_at' argument")
2025-10-29 19:01:13,014 - src.modeling.rankers.lgbm_ranker - INFO - ✓ Predictions generated for 1 events
2025-10-29 19:01:19,047 - src.modeling.rankers.lgbm_ranker - INFO - Transformed to ranking format: 449709 samples (11531 groups of 39 positions each)
2025-10-29 19:01:19,047 - src.modeling.rankers.lgbm_ranker - INFO - Training LightGBM model...
/usr/local/lib/python3.10/dist-packages/lightgbm/sklearn.py:861: UserWarning: Found 'ndcg_eval_at' in params. Will use it instead of 'eval_at' argument
  _log_warning(f"Found '{alias}' in params. Will use it instead of 'eval_at' argument")
2025-10-29 19:01:19,432 - src.modeling.rankers.lgbm_ranker - INFO - Transformed to ranking format: 449709 samples (11531 groups of 39 positions each)
2025-10-29 19:01:19,432 - src.modeling.rankers.lgbm_ranker - INFO - Training LightGBM model...
/usr/local/lib/python3.10/dist-packages/lightgbm/sklearn.py:861: UserWarning: Found 'ndcg_eval_at' in params. Will use it instead of 'eval_at' argument
  _log_warning(f"Found '{alias}' in params. Will use it instead of 'eval_at' argument")
2025-10-29 19:01:20,553 - src.modeling.rankers.lgbm_ranker - INFO - Top-5 most important features:
2025-10-29 19:01:20,553 - src.modeling.rankers.lgbm_ranker - INFO -   tunneling: 295.00
2025-10-29 19:01:20,553 - src.modeling.rankers.lgbm_ranker - INFO -   position_frequency: 278.00
2025-10-29 19:01:20,553 - src.modeling.rankers.lgbm_ranker - INFO -   position_id: 278.00
2025-10-29 19:01:20,553 - src.modeling.rankers.lgbm_ranker - INFO -   min_distance: 222.00
2025-10-29 19:01:20,553 - src.modeling.rankers.lgbm_ranker - INFO -   density_window_0: 120.00
2025-10-29 19:01:20,553 - src.modeling.rankers.lgbm_ranker - INFO - ✓ Training completed in 83.45 seconds
2025-10-29 19:01:20,553 - src.modeling.rankers.lgbm_ranker - INFO - ✓ LGBMRanker training successful
2025-10-29 19:01:20,557 - src.modeling.rankers.lgbm_ranker - INFO - Predicting top-20 for 1 test events...
/usr/local/lib/python3.10/dist-packages/lightgbm/sklearn.py:861: UserWarning: Found 'ndcg_eval_at' in params. Will use it instead of 'eval_at' argument
  _log_warning(f"Found '{alias}' in params. Will use it instead of 'eval_at' argument")
2025-10-29 19:01:20,565 - src.modeling.rankers.lgbm_ranker - INFO - ✓ Predictions generated for 1 events
2025-10-29 19:01:22,037 - src.modeling.rankers.lgbm_ranker - INFO - Top-5 most important features:
2025-10-29 19:01:22,038 - src.modeling.rankers.lgbm_ranker - INFO -   tunneling: 386.00
2025-10-29 19:01:22,038 - src.modeling.rankers.lgbm_ranker - INFO -   position_id: 287.00
2025-10-29 19:01:22,038 - src.modeling.rankers.lgbm_ranker - INFO -   min_distance: 234.00
2025-10-29 19:01:22,038 - src.modeling.rankers.lgbm_ranker - INFO -   density_window_0: 188.00
2025-10-29 19:01:22,038 - src.modeling.rankers.lgbm_ranker - INFO -   dft_45: 184.00
2025-10-29 19:01:22,038 - src.modeling.rankers.lgbm_ranker - INFO - ✓ Training completed in 84.45 seconds
2025-10-29 19:01:22,038 - src.modeling.rankers.lgbm_ranker - INFO - ✓ LGBMRanker training successful
2025-10-29 19:01:22,109 - src.modeling.rankers.lgbm_ranker - INFO - Predicting top-20 for 1 test events...
/usr/local/lib/python3.10/dist-packages/lightgbm/sklearn.py:861: UserWarning: Found 'ndcg_eval_at' in params. Will use it instead of 'eval_at' argument
  _log_warning(f"Found '{alias}' in params. Will use it instead of 'eval_at' argument")
2025-10-29 19:01:22,118 - src.modeling.rankers.lgbm_ranker - INFO - ✓ Predictions generated for 1 events

  Event Duration: 99.0s
  Parallel Exec:  99.0s
  Model Training Times:
    amplitude: train=83.4s, total=97.4s
    angle_encoding: train=73.6s, total=86.9s
    graph_cycle: train=84.5s, total=98.9s
    density_matrix: train=76.1s, total=89.8s
  Memory Peak: 1.28 GB
  Recalls: amplitude: 100%, angle_encoding: 100%, graph_cycle: 100%, density_matrix: 100%, ensemble: 100%
  [CHECKPOINT] Saved

================================================================================
Event 11533 (44/100)
================================================================================
2025-10-29 19:01:22,276 - src.imputation.base_imputer - INFO - Fitting amplitude_embedding imputer on 11532 samples
2025-10-29 19:01:22,277 - src.imputation.base_imputer - INFO - Fitting density_matrix_optimized imputer on 11532 samples
2025-10-29 19:01:22,277 - src.imputation.base_imputer - INFO - Fitting angle_encoding imputer on 11532 samples
2025-10-29 19:01:22,277 - src.imputation.base_imputer - INFO - Fitting graph_cycle_encoding imputer on 11532 samples
2025-10-29 19:01:22,280 - src.imputation.amplitude_embedding - INFO - Learned position frequencies from 11532 samples. Normalization mode: uniform
2025-10-29 19:01:22,280 - src.imputation.base_imputer - INFO - amplitude_embedding imputer fitted successfully
2025-10-29 19:01:22,280 - src.imputation.base_imputer - INFO - Transforming 11532 samples with amplitude_embedding imputer
2025-10-29 19:01:22,280 - src.imputation.density_matrix - INFO - Density matrix uses fixed quantum mechanical construction (no learning from 11532 training samples)
2025-10-29 19:01:22,280 - src.imputation.base_imputer - INFO - density_matrix_optimized imputer fitted successfully
2025-10-29 19:01:22,280 - src.imputation.base_imputer - INFO - Transforming 11532 samples with density_matrix_optimized imputer
2025-10-29 19:01:22,280 - src.imputation.angle_encoding - INFO - Angle encoding uses fixed angular mapping (no learning from 11532 training samples)
2025-10-29 19:01:22,280 - src.imputation.graph_cycle_encoding - INFO - Graph/Cycle encoding uses fixed DFT basis and geometric distances (no learning from 11532 training samples)
2025-10-29 19:01:22,280 - src.imputation.base_imputer - INFO - angle_encoding imputer fitted successfully
2025-10-29 19:01:22,280 - src.imputation.base_imputer - INFO - graph_cycle_encoding imputer fitted successfully
2025-10-29 19:01:22,280 - src.imputation.base_imputer - INFO - Transforming 11532 samples with angle_encoding imputer
2025-10-29 19:01:22,280 - src.imputation.base_imputer - INFO - Transforming 11532 samples with graph_cycle_encoding imputer
2025-10-29 19:01:30,034 - src.imputation.base_imputer - INFO - Transformation complete: output shape (11532, 322)
2025-10-29 19:01:30,034 - src.imputation.base_imputer - INFO - Transforming 1 samples with angle_encoding imputer
2025-10-29 19:01:30,036 - src.imputation.base_imputer - INFO - Transformation complete: output shape (1, 322)
2025-10-29 19:01:30,282 - src.imputation.base_imputer - INFO - Transformation complete: output shape (11532, 377)
2025-10-29 19:01:30,282 - src.imputation.base_imputer - INFO - Transforming 1 samples with amplitude_embedding imputer
2025-10-29 19:01:30,284 - src.imputation.base_imputer - INFO - Transformation complete: output shape (1, 377)
2025-10-29 19:01:30,369 - src.imputation.base_imputer - INFO - Transformation complete: output shape (11532, 259)
2025-10-29 19:01:30,369 - src.imputation.base_imputer - INFO - Transforming 1 samples with density_matrix_optimized imputer
2025-10-29 19:01:30,371 - src.imputation.base_imputer - INFO - Transformation complete: output shape (1, 259)
2025-10-29 19:01:30,832 - src.imputation.base_imputer - INFO - Transformation complete: output shape (11532, 277)
2025-10-29 19:01:30,832 - src.imputation.base_imputer - INFO - Transforming 1 samples with graph_cycle_encoding imputer
2025-10-29 19:01:30,834 - src.imputation.base_imputer - INFO - Transformation complete: output shape (1, 277)
2025-10-29 19:01:35,634 - src.modeling.rankers.lgbm_ranker - INFO - Training LGBMRanker on 11532 events...
2025-10-29 19:01:35,775 - src.modeling.rankers.lgbm_ranker - INFO - Computed position frequencies: 39 positions
2025-10-29 19:01:35,934 - src.modeling.rankers.lgbm_ranker - INFO - Training LGBMRanker on 11532 events...
2025-10-29 19:01:36,074 - src.modeling.rankers.lgbm_ranker - INFO - Computed position frequencies: 39 positions
2025-10-29 19:01:36,115 - src.modeling.rankers.lgbm_ranker - INFO - Training LGBMRanker on 11532 events...
2025-10-29 19:01:36,261 - src.modeling.rankers.lgbm_ranker - INFO - Computed position frequencies: 39 positions
2025-10-29 19:01:36,585 - src.modeling.rankers.lgbm_ranker - INFO - Training LGBMRanker on 11532 events...
2025-10-29 19:01:36,731 - src.modeling.rankers.lgbm_ranker - INFO - Computed position frequencies: 39 positions
2025-10-29 19:02:48,527 - src.modeling.rankers.lgbm_ranker - INFO - Transformed to ranking format: 449748 samples (11532 groups of 39 positions each)
2025-10-29 19:02:48,528 - src.modeling.rankers.lgbm_ranker - INFO - Training LightGBM model...
/usr/local/lib/python3.10/dist-packages/lightgbm/sklearn.py:861: UserWarning: Found 'ndcg_eval_at' in params. Will use it instead of 'eval_at' argument
  _log_warning(f"Found '{alias}' in params. Will use it instead of 'eval_at' argument")
2025-10-29 19:02:49,698 - src.modeling.rankers.lgbm_ranker - INFO - Top-5 most important features:
2025-10-29 19:02:49,698 - src.modeling.rankers.lgbm_ranker - INFO -   position_frequency: 267.00
2025-10-29 19:02:49,698 - src.modeling.rankers.lgbm_ranker - INFO -   aggregate_0: 266.00
2025-10-29 19:02:49,698 - src.modeling.rankers.lgbm_ranker - INFO -   position_id: 231.00
2025-10-29 19:02:49,698 - src.modeling.rankers.lgbm_ranker - INFO -   aggregate_1: 196.00
2025-10-29 19:02:49,698 - src.modeling.rankers.lgbm_ranker - INFO -   angle: 81.00
2025-10-29 19:02:49,698 - src.modeling.rankers.lgbm_ranker - INFO - ✓ Training completed in 74.06 seconds
2025-10-29 19:02:49,698 - src.modeling.rankers.lgbm_ranker - INFO - ✓ LGBMRanker training successful
2025-10-29 19:02:49,707 - src.modeling.rankers.lgbm_ranker - INFO - Predicting top-20 for 1 test events...
/usr/local/lib/python3.10/dist-packages/lightgbm/sklearn.py:861: UserWarning: Found 'ndcg_eval_at' in params. Will use it instead of 'eval_at' argument
  _log_warning(f"Found '{alias}' in params. Will use it instead of 'eval_at' argument")
2025-10-29 19:02:49,715 - src.modeling.rankers.lgbm_ranker - INFO - ✓ Predictions generated for 1 events
2025-10-29 19:02:52,514 - src.modeling.rankers.lgbm_ranker - INFO - Transformed to ranking format: 449748 samples (11532 groups of 39 positions each)
2025-10-29 19:02:52,514 - src.modeling.rankers.lgbm_ranker - INFO - Training LightGBM model...
/usr/local/lib/python3.10/dist-packages/lightgbm/sklearn.py:861: UserWarning: Found 'ndcg_eval_at' in params. Will use it instead of 'eval_at' argument
  _log_warning(f"Found '{alias}' in params. Will use it instead of 'eval_at' argument")
2025-10-29 19:02:54,058 - src.modeling.rankers.lgbm_ranker - INFO - Top-5 most important features:
2025-10-29 19:02:54,059 - src.modeling.rankers.lgbm_ranker - INFO -   min_distance: 412.00
2025-10-29 19:02:54,059 - src.modeling.rankers.lgbm_ranker - INFO -   tunneling: 339.00
2025-10-29 19:02:54,059 - src.modeling.rankers.lgbm_ranker - INFO -   position_id: 320.00
2025-10-29 19:02:54,059 - src.modeling.rankers.lgbm_ranker - INFO -   density_window_0: 230.00
2025-10-29 19:02:54,059 - src.modeling.rankers.lgbm_ranker - INFO -   position_frequency: 221.00
2025-10-29 19:02:54,059 - src.modeling.rankers.lgbm_ranker - INFO - ✓ Training completed in 78.12 seconds
2025-10-29 19:02:54,059 - src.modeling.rankers.lgbm_ranker - INFO - ✓ LGBMRanker training successful
2025-10-29 19:02:54,079 - src.modeling.rankers.lgbm_ranker - INFO - Predicting top-20 for 1 test events...
/usr/local/lib/python3.10/dist-packages/lightgbm/sklearn.py:861: UserWarning: Found 'ndcg_eval_at' in params. Will use it instead of 'eval_at' argument
  _log_warning(f"Found '{alias}' in params. Will use it instead of 'eval_at' argument")
2025-10-29 19:02:54,087 - src.modeling.rankers.lgbm_ranker - INFO - ✓ Predictions generated for 1 events
2025-10-29 19:02:56,788 - src.modeling.rankers.lgbm_ranker - INFO - Transformed to ranking format: 449748 samples (11532 groups of 39 positions each)
2025-10-29 19:02:56,788 - src.modeling.rankers.lgbm_ranker - INFO - Training LightGBM model...
/usr/local/lib/python3.10/dist-packages/lightgbm/sklearn.py:861: UserWarning: Found 'ndcg_eval_at' in params. Will use it instead of 'eval_at' argument
  _log_warning(f"Found '{alias}' in params. Will use it instead of 'eval_at' argument")
2025-10-29 19:02:58,699 - src.modeling.rankers.lgbm_ranker - INFO - Transformed to ranking format: 449748 samples (11532 groups of 39 positions each)
2025-10-29 19:02:58,699 - src.modeling.rankers.lgbm_ranker - INFO - Training LightGBM model...
/usr/local/lib/python3.10/dist-packages/lightgbm/sklearn.py:861: UserWarning: Found 'ndcg_eval_at' in params. Will use it instead of 'eval_at' argument
  _log_warning(f"Found '{alias}' in params. Will use it instead of 'eval_at' argument")
2025-10-29 19:02:59,704 - src.modeling.rankers.lgbm_ranker - INFO - Top-5 most important features:
2025-10-29 19:02:59,704 - src.modeling.rankers.lgbm_ranker - INFO -   position_frequency: 261.00
2025-10-29 19:02:59,704 - src.modeling.rankers.lgbm_ranker - INFO -   position_id: 225.00
2025-10-29 19:02:59,704 - src.modeling.rankers.lgbm_ranker - INFO -   min_distance: 218.00
2025-10-29 19:02:59,704 - src.modeling.rankers.lgbm_ranker - INFO -   tunneling: 215.00
2025-10-29 19:02:59,704 - src.modeling.rankers.lgbm_ranker - INFO -   density_window_0: 168.00
2025-10-29 19:02:59,704 - src.modeling.rankers.lgbm_ranker - INFO - ✓ Training completed in 83.59 seconds
2025-10-29 19:02:59,704 - src.modeling.rankers.lgbm_ranker - INFO - ✓ LGBMRanker training successful
2025-10-29 19:02:59,708 - src.modeling.rankers.lgbm_ranker - INFO - Predicting top-20 for 1 test events...
/usr/local/lib/python3.10/dist-packages/lightgbm/sklearn.py:861: UserWarning: Found 'ndcg_eval_at' in params. Will use it instead of 'eval_at' argument
  _log_warning(f"Found '{alias}' in params. Will use it instead of 'eval_at' argument")
2025-10-29 19:02:59,717 - src.modeling.rankers.lgbm_ranker - INFO - ✓ Predictions generated for 1 events
2025-10-29 19:02:59,753 - src.modeling.rankers.lgbm_ranker - INFO - Top-5 most important features:
2025-10-29 19:02:59,753 - src.modeling.rankers.lgbm_ranker - INFO -   tunneling: 366.00
2025-10-29 19:02:59,753 - src.modeling.rankers.lgbm_ranker - INFO -   position_id: 251.00
2025-10-29 19:02:59,753 - src.modeling.rankers.lgbm_ranker - INFO -   min_distance: 220.00
2025-10-29 19:02:59,753 - src.modeling.rankers.lgbm_ranker - INFO -   dft_45: 172.00
2025-10-29 19:02:59,753 - src.modeling.rankers.lgbm_ranker - INFO -   density_window_0: 171.00
2025-10-29 19:02:59,753 - src.modeling.rankers.lgbm_ranker - INFO - ✓ Training completed in 83.17 seconds
2025-10-29 19:02:59,753 - src.modeling.rankers.lgbm_ranker - INFO - ✓ LGBMRanker training successful
2025-10-29 19:02:59,801 - src.modeling.rankers.lgbm_ranker - INFO - Predicting top-20 for 1 test events...
/usr/local/lib/python3.10/dist-packages/lightgbm/sklearn.py:861: UserWarning: Found 'ndcg_eval_at' in params. Will use it instead of 'eval_at' argument
  _log_warning(f"Found '{alias}' in params. Will use it instead of 'eval_at' argument")
2025-10-29 19:02:59,809 - src.modeling.rankers.lgbm_ranker - INFO - ✓ Predictions generated for 1 events

  Event Duration: 97.7s
  Parallel Exec:  97.7s
  Model Training Times:
    amplitude: train=83.6s, total=97.5s
    angle_encoding: train=74.1s, total=87.5s
    graph_cycle: train=83.2s, total=97.6s
    density_matrix: train=78.1s, total=91.8s
  Memory Peak: 1.59 GB
  Recalls: amplitude: 100%, angle_encoding: 100%, graph_cycle: 100%, density_matrix: 100%, ensemble: 100%
  [CHECKPOINT] Saved

================================================================================
Event 11534 (45/100)
================================================================================
2025-10-29 19:02:59,987 - src.imputation.base_imputer - INFO - Fitting amplitude_embedding imputer on 11533 samples
2025-10-29 19:02:59,990 - src.imputation.base_imputer - INFO - Fitting angle_encoding imputer on 11533 samples
2025-10-29 19:02:59,990 - src.imputation.base_imputer - INFO - Fitting density_matrix_optimized imputer on 11533 samples
2025-10-29 19:02:59,990 - src.imputation.base_imputer - INFO - Fitting graph_cycle_encoding imputer on 11533 samples
2025-10-29 19:02:59,991 - src.imputation.amplitude_embedding - INFO - Learned position frequencies from 11533 samples. Normalization mode: uniform
2025-10-29 19:02:59,992 - src.imputation.base_imputer - INFO - amplitude_embedding imputer fitted successfully
2025-10-29 19:02:59,992 - src.imputation.base_imputer - INFO - Transforming 11533 samples with amplitude_embedding imputer
2025-10-29 19:02:59,994 - src.imputation.angle_encoding - INFO - Angle encoding uses fixed angular mapping (no learning from 11533 training samples)
2025-10-29 19:02:59,994 - src.imputation.density_matrix - INFO - Density matrix uses fixed quantum mechanical construction (no learning from 11533 training samples)
2025-10-29 19:02:59,994 - src.imputation.graph_cycle_encoding - INFO - Graph/Cycle encoding uses fixed DFT basis and geometric distances (no learning from 11533 training samples)
2025-10-29 19:02:59,994 - src.imputation.base_imputer - INFO - angle_encoding imputer fitted successfully
2025-10-29 19:02:59,994 - src.imputation.base_imputer - INFO - density_matrix_optimized imputer fitted successfully
2025-10-29 19:02:59,994 - src.imputation.base_imputer - INFO - graph_cycle_encoding imputer fitted successfully
2025-10-29 19:02:59,994 - src.imputation.base_imputer - INFO - Transforming 11533 samples with angle_encoding imputer
2025-10-29 19:02:59,994 - src.imputation.base_imputer - INFO - Transforming 11533 samples with density_matrix_optimized imputer
2025-10-29 19:02:59,994 - src.imputation.base_imputer - INFO - Transforming 11533 samples with graph_cycle_encoding imputer
2025-10-29 19:03:07,763 - src.imputation.base_imputer - INFO - Transformation complete: output shape (11533, 377)
2025-10-29 19:03:07,763 - src.imputation.base_imputer - INFO - Transforming 1 samples with amplitude_embedding imputer
2025-10-29 19:03:07,770 - src.imputation.base_imputer - INFO - Transformation complete: output shape (1, 377)
2025-10-29 19:03:08,047 - src.imputation.base_imputer - INFO - Transformation complete: output shape (11533, 322)
2025-10-29 19:03:08,047 - src.imputation.base_imputer - INFO - Transforming 1 samples with angle_encoding imputer
2025-10-29 19:03:08,049 - src.imputation.base_imputer - INFO - Transformation complete: output shape (1, 322)
2025-10-29 19:03:08,439 - src.imputation.base_imputer - INFO - Transformation complete: output shape (11533, 259)
2025-10-29 19:03:08,439 - src.imputation.base_imputer - INFO - Transforming 1 samples with density_matrix_optimized imputer
2025-10-29 19:03:08,441 - src.imputation.base_imputer - INFO - Transformation complete: output shape (1, 259)
2025-10-29 19:03:08,454 - src.imputation.base_imputer - INFO - Transformation complete: output shape (11533, 277)
2025-10-29 19:03:08,454 - src.imputation.base_imputer - INFO - Transforming 1 samples with graph_cycle_encoding imputer
2025-10-29 19:03:08,456 - src.imputation.base_imputer - INFO - Transformation complete: output shape (1, 277)
2025-10-29 19:03:13,444 - src.modeling.rankers.lgbm_ranker - INFO - Training LGBMRanker on 11533 events...
2025-10-29 19:03:13,586 - src.modeling.rankers.lgbm_ranker - INFO - Computed position frequencies: 39 positions
2025-10-29 19:03:13,918 - src.modeling.rankers.lgbm_ranker - INFO - Training LGBMRanker on 11533 events...
2025-10-29 19:03:14,067 - src.modeling.rankers.lgbm_ranker - INFO - Computed position frequencies: 39 positions
2025-10-29 19:03:14,118 - src.modeling.rankers.lgbm_ranker - INFO - Training LGBMRanker on 11533 events...
2025-10-29 19:03:14,260 - src.modeling.rankers.lgbm_ranker - INFO - Computed position frequencies: 39 positions
2025-10-29 19:03:14,263 - src.modeling.rankers.lgbm_ranker - INFO - Training LGBMRanker on 11533 events...
2025-10-29 19:03:14,409 - src.modeling.rankers.lgbm_ranker - INFO - Computed position frequencies: 39 positions
2025-10-29 19:04:29,074 - src.modeling.rankers.lgbm_ranker - INFO - Transformed to ranking format: 449787 samples (11533 groups of 39 positions each)
2025-10-29 19:04:29,075 - src.modeling.rankers.lgbm_ranker - INFO - Training LightGBM model...
/usr/local/lib/python3.10/dist-packages/lightgbm/sklearn.py:861: UserWarning: Found 'ndcg_eval_at' in params. Will use it instead of 'eval_at' argument
  _log_warning(f"Found '{alias}' in params. Will use it instead of 'eval_at' argument")
2025-10-29 19:04:30,253 - src.modeling.rankers.lgbm_ranker - INFO - Top-5 most important features:
2025-10-29 19:04:30,253 - src.modeling.rankers.lgbm_ranker - INFO -   position_frequency: 270.00
2025-10-29 19:04:30,253 - src.modeling.rankers.lgbm_ranker - INFO -   aggregate_0: 250.00
2025-10-29 19:04:30,253 - src.modeling.rankers.lgbm_ranker - INFO -   position_id: 173.00
2025-10-29 19:04:30,253 - src.modeling.rankers.lgbm_ranker - INFO -   aggregate_1: 128.00
2025-10-29 19:04:30,253 - src.modeling.rankers.lgbm_ranker - INFO -   density_window_0: 122.00
2025-10-29 19:04:30,253 - src.modeling.rankers.lgbm_ranker - INFO - ✓ Training completed in 76.34 seconds
2025-10-29 19:04:30,253 - src.modeling.rankers.lgbm_ranker - INFO - ✓ LGBMRanker training successful
2025-10-29 19:04:30,263 - src.modeling.rankers.lgbm_ranker - INFO - Predicting top-20 for 1 test events...
/usr/local/lib/python3.10/dist-packages/lightgbm/sklearn.py:861: UserWarning: Found 'ndcg_eval_at' in params. Will use it instead of 'eval_at' argument
  _log_warning(f"Found '{alias}' in params. Will use it instead of 'eval_at' argument")
2025-10-29 19:04:30,270 - src.modeling.rankers.lgbm_ranker - INFO - ✓ Predictions generated for 1 events
2025-10-29 19:04:31,404 - src.modeling.rankers.lgbm_ranker - INFO - Transformed to ranking format: 449787 samples (11533 groups of 39 positions each)
2025-10-29 19:04:31,404 - src.modeling.rankers.lgbm_ranker - INFO - Training LightGBM model...
/usr/local/lib/python3.10/dist-packages/lightgbm/sklearn.py:861: UserWarning: Found 'ndcg_eval_at' in params. Will use it instead of 'eval_at' argument
  _log_warning(f"Found '{alias}' in params. Will use it instead of 'eval_at' argument")
2025-10-29 19:04:33,046 - src.modeling.rankers.lgbm_ranker - INFO - Top-5 most important features:
2025-10-29 19:04:33,046 - src.modeling.rankers.lgbm_ranker - INFO -   position_id: 424.00
2025-10-29 19:04:33,046 - src.modeling.rankers.lgbm_ranker - INFO -   tunneling: 339.00
2025-10-29 19:04:33,046 - src.modeling.rankers.lgbm_ranker - INFO -   position_frequency: 267.00
2025-10-29 19:04:33,046 - src.modeling.rankers.lgbm_ranker - INFO -   min_distance: 254.00
2025-10-29 19:04:33,046 - src.modeling.rankers.lgbm_ranker - INFO -   density_window_0: 201.00
2025-10-29 19:04:33,046 - src.modeling.rankers.lgbm_ranker - INFO - ✓ Training completed in 78.78 seconds
2025-10-29 19:04:33,047 - src.modeling.rankers.lgbm_ranker - INFO - ✓ LGBMRanker training successful
2025-10-29 19:04:33,065 - src.modeling.rankers.lgbm_ranker - INFO - Predicting top-20 for 1 test events...
/usr/local/lib/python3.10/dist-packages/lightgbm/sklearn.py:861: UserWarning: Found 'ndcg_eval_at' in params. Will use it instead of 'eval_at' argument
  _log_warning(f"Found '{alias}' in params. Will use it instead of 'eval_at' argument")
2025-10-29 19:04:33,073 - src.modeling.rankers.lgbm_ranker - INFO - ✓ Predictions generated for 1 events
2025-10-29 19:04:34,124 - src.modeling.rankers.lgbm_ranker - INFO - Transformed to ranking format: 449787 samples (11533 groups of 39 positions each)
2025-10-29 19:04:34,124 - src.modeling.rankers.lgbm_ranker - INFO - Training LightGBM model...
/usr/local/lib/python3.10/dist-packages/lightgbm/sklearn.py:861: UserWarning: Found 'ndcg_eval_at' in params. Will use it instead of 'eval_at' argument
  _log_warning(f"Found '{alias}' in params. Will use it instead of 'eval_at' argument")
2025-10-29 19:04:34,984 - src.modeling.rankers.lgbm_ranker - INFO - Transformed to ranking format: 449787 samples (11533 groups of 39 positions each)
2025-10-29 19:04:34,984 - src.modeling.rankers.lgbm_ranker - INFO - Training LightGBM model...
/usr/local/lib/python3.10/dist-packages/lightgbm/sklearn.py:861: UserWarning: Found 'ndcg_eval_at' in params. Will use it instead of 'eval_at' argument
  _log_warning(f"Found '{alias}' in params. Will use it instead of 'eval_at' argument")
2025-10-29 19:04:35,133 - src.modeling.rankers.lgbm_ranker - INFO - Top-5 most important features:
2025-10-29 19:04:35,134 - src.modeling.rankers.lgbm_ranker - INFO -   position_frequency: 326.00
2025-10-29 19:04:35,134 - src.modeling.rankers.lgbm_ranker - INFO -   tunneling: 273.00
2025-10-29 19:04:35,134 - src.modeling.rankers.lgbm_ranker - INFO -   position_id: 256.00
2025-10-29 19:04:35,134 - src.modeling.rankers.lgbm_ranker - INFO -   min_distance: 195.00
2025-10-29 19:04:35,134 - src.modeling.rankers.lgbm_ranker - INFO -   density_window_0: 113.00
2025-10-29 19:04:35,134 - src.modeling.rankers.lgbm_ranker - INFO - ✓ Training completed in 81.69 seconds
2025-10-29 19:04:35,134 - src.modeling.rankers.lgbm_ranker - INFO - ✓ LGBMRanker training successful
2025-10-29 19:04:35,138 - src.modeling.rankers.lgbm_ranker - INFO - Predicting top-20 for 1 test events...
/usr/local/lib/python3.10/dist-packages/lightgbm/sklearn.py:861: UserWarning: Found 'ndcg_eval_at' in params. Will use it instead of 'eval_at' argument
  _log_warning(f"Found '{alias}' in params. Will use it instead of 'eval_at' argument")
2025-10-29 19:04:35,146 - src.modeling.rankers.lgbm_ranker - INFO - ✓ Predictions generated for 1 events
2025-10-29 19:04:37,875 - src.modeling.rankers.lgbm_ranker - INFO - Top-5 most important features:
2025-10-29 19:04:37,876 - src.modeling.rankers.lgbm_ranker - INFO -   tunneling: 382.00
2025-10-29 19:04:37,876 - src.modeling.rankers.lgbm_ranker - INFO -   position_id: 252.00
2025-10-29 19:04:37,876 - src.modeling.rankers.lgbm_ranker - INFO -   min_distance: 208.00
2025-10-29 19:04:37,876 - src.modeling.rankers.lgbm_ranker - INFO -   density_window_0: 208.00
2025-10-29 19:04:37,876 - src.modeling.rankers.lgbm_ranker - INFO -   dft_45: 203.00
2025-10-29 19:04:37,876 - src.modeling.rankers.lgbm_ranker - INFO - ✓ Training completed in 83.76 seconds
2025-10-29 19:04:37,876 - src.modeling.rankers.lgbm_ranker - INFO - ✓ LGBMRanker training successful
2025-10-29 19:04:37,925 - src.modeling.rankers.lgbm_ranker - INFO - Predicting top-20 for 1 test events...
/usr/local/lib/python3.10/dist-packages/lightgbm/sklearn.py:861: UserWarning: Found 'ndcg_eval_at' in params. Will use it instead of 'eval_at' argument
  _log_warning(f"Found '{alias}' in params. Will use it instead of 'eval_at' argument")
2025-10-29 19:04:37,933 - src.modeling.rankers.lgbm_ranker - INFO - ✓ Predictions generated for 1 events

  Event Duration: 98.1s
  Parallel Exec:  98.1s
  Model Training Times:
    amplitude: train=81.7s, total=95.2s
    angle_encoding: train=76.3s, total=90.3s
    graph_cycle: train=83.8s, total=98.0s
    density_matrix: train=78.8s, total=93.1s
  Memory Peak: 1.59 GB
  Recalls: amplitude: 100%, angle_encoding: 100%, graph_cycle: 100%, density_matrix: 100%, ensemble: 100%
  [CHECKPOINT] Saved

================================================================================
Event 11535 (46/100)
================================================================================
2025-10-29 19:04:38,110 - src.imputation.base_imputer - INFO - Fitting amplitude_embedding imputer on 11534 samples
2025-10-29 19:04:38,111 - src.imputation.base_imputer - INFO - Fitting graph_cycle_encoding imputer on 11534 samples
2025-10-29 19:04:38,113 - src.imputation.amplitude_embedding - INFO - Learned position frequencies from 11534 samples. Normalization mode: uniform
2025-10-29 19:04:38,113 - src.imputation.base_imputer - INFO - amplitude_embedding imputer fitted successfully
2025-10-29 19:04:38,113 - src.imputation.base_imputer - INFO - Transforming 11534 samples with amplitude_embedding imputer
2025-10-29 19:04:38,114 - src.imputation.graph_cycle_encoding - INFO - Graph/Cycle encoding uses fixed DFT basis and geometric distances (no learning from 11534 training samples)
2025-10-29 19:04:38,114 - src.imputation.base_imputer - INFO - graph_cycle_encoding imputer fitted successfully
2025-10-29 19:04:38,115 - src.imputation.base_imputer - INFO - Transforming 11534 samples with graph_cycle_encoding imputer
2025-10-29 19:04:38,118 - src.imputation.base_imputer - INFO - Fitting density_matrix_optimized imputer on 11534 samples
2025-10-29 19:04:38,118 - src.imputation.base_imputer - INFO - Fitting angle_encoding imputer on 11534 samples
2025-10-29 19:04:38,123 - src.imputation.angle_encoding - INFO - Angle encoding uses fixed angular mapping (no learning from 11534 training samples)
2025-10-29 19:04:38,123 - src.imputation.density_matrix - INFO - Density matrix uses fixed quantum mechanical construction (no learning from 11534 training samples)
2025-10-29 19:04:38,123 - src.imputation.base_imputer - INFO - density_matrix_optimized imputer fitted successfully
2025-10-29 19:04:38,123 - src.imputation.base_imputer - INFO - angle_encoding imputer fitted successfully
2025-10-29 19:04:38,123 - src.imputation.base_imputer - INFO - Transforming 11534 samples with density_matrix_optimized imputer
2025-10-29 19:04:38,123 - src.imputation.base_imputer - INFO - Transforming 11534 samples with angle_encoding imputer
2025-10-29 19:04:45,921 - src.imputation.base_imputer - INFO - Transformation complete: output shape (11534, 377)
2025-10-29 19:04:45,921 - src.imputation.base_imputer - INFO - Transforming 1 samples with amplitude_embedding imputer
2025-10-29 19:04:45,923 - src.imputation.base_imputer - INFO - Transformation complete: output shape (1, 377)
2025-10-29 19:04:46,243 - src.imputation.base_imputer - INFO - Transformation complete: output shape (11534, 322)
2025-10-29 19:04:46,243 - src.imputation.base_imputer - INFO - Transforming 1 samples with angle_encoding imputer
2025-10-29 19:04:46,245 - src.imputation.base_imputer - INFO - Transformation complete: output shape (1, 322)
2025-10-29 19:04:46,497 - src.imputation.base_imputer - INFO - Transformation complete: output shape (11534, 277)
2025-10-29 19:04:46,497 - src.imputation.base_imputer - INFO - Transforming 1 samples with graph_cycle_encoding imputer
2025-10-29 19:04:46,499 - src.imputation.base_imputer - INFO - Transformation complete: output shape (1, 277)
2025-10-29 19:04:46,596 - src.imputation.base_imputer - INFO - Transformation complete: output shape (11534, 259)
2025-10-29 19:04:46,596 - src.imputation.base_imputer - INFO - Transforming 1 samples with density_matrix_optimized imputer
2025-10-29 19:04:46,598 - src.imputation.base_imputer - INFO - Transformation complete: output shape (1, 259)
2025-10-29 19:04:51,566 - src.modeling.rankers.lgbm_ranker - INFO - Training LGBMRanker on 11534 events...
2025-10-29 19:04:51,707 - src.modeling.rankers.lgbm_ranker - INFO - Computed position frequencies: 39 positions
2025-10-29 19:04:52,110 - src.modeling.rankers.lgbm_ranker - INFO - Training LGBMRanker on 11534 events...
2025-10-29 19:04:52,189 - src.modeling.rankers.lgbm_ranker - INFO - Training LGBMRanker on 11534 events...
2025-10-29 19:04:52,257 - src.modeling.rankers.lgbm_ranker - INFO - Computed position frequencies: 39 positions
2025-10-29 19:04:52,332 - src.modeling.rankers.lgbm_ranker - INFO - Computed position frequencies: 39 positions
2025-10-29 19:04:52,444 - src.modeling.rankers.lgbm_ranker - INFO - Training LGBMRanker on 11534 events...
2025-10-29 19:04:52,591 - src.modeling.rankers.lgbm_ranker - INFO - Computed position frequencies: 39 positions
2025-10-29 19:06:07,172 - src.modeling.rankers.lgbm_ranker - INFO - Transformed to ranking format: 449826 samples (11534 groups of 39 positions each)
2025-10-29 19:06:07,173 - src.modeling.rankers.lgbm_ranker - INFO - Training LightGBM model...
/usr/local/lib/python3.10/dist-packages/lightgbm/sklearn.py:861: UserWarning: Found 'ndcg_eval_at' in params. Will use it instead of 'eval_at' argument
  _log_warning(f"Found '{alias}' in params. Will use it instead of 'eval_at' argument")
2025-10-29 19:06:08,340 - src.modeling.rankers.lgbm_ranker - INFO - Top-5 most important features:
2025-10-29 19:06:08,340 - src.modeling.rankers.lgbm_ranker - INFO -   aggregate_0: 318.00
2025-10-29 19:06:08,340 - src.modeling.rankers.lgbm_ranker - INFO -   position_frequency: 280.00
2025-10-29 19:06:08,340 - src.modeling.rankers.lgbm_ranker - INFO -   position_id: 210.00
2025-10-29 19:06:08,340 - src.modeling.rankers.lgbm_ranker - INFO -   aggregate_1: 112.00
2025-10-29 19:06:08,340 - src.modeling.rankers.lgbm_ranker - INFO -   tunneling: 94.00
2025-10-29 19:06:08,340 - src.modeling.rankers.lgbm_ranker - INFO - ✓ Training completed in 76.23 seconds
2025-10-29 19:06:08,340 - src.modeling.rankers.lgbm_ranker - INFO - ✓ LGBMRanker training successful
2025-10-29 19:06:08,352 - src.modeling.rankers.lgbm_ranker - INFO - Predicting top-20 for 1 test events...
/usr/local/lib/python3.10/dist-packages/lightgbm/sklearn.py:861: UserWarning: Found 'ndcg_eval_at' in params. Will use it instead of 'eval_at' argument
  _log_warning(f"Found '{alias}' in params. Will use it instead of 'eval_at' argument")
2025-10-29 19:06:08,360 - src.modeling.rankers.lgbm_ranker - INFO - ✓ Predictions generated for 1 events
2025-10-29 19:06:09,965 - src.modeling.rankers.lgbm_ranker - INFO - Transformed to ranking format: 449826 samples (11534 groups of 39 positions each)
2025-10-29 19:06:09,965 - src.modeling.rankers.lgbm_ranker - INFO - Training LightGBM model...
/usr/local/lib/python3.10/dist-packages/lightgbm/sklearn.py:861: UserWarning: Found 'ndcg_eval_at' in params. Will use it instead of 'eval_at' argument
  _log_warning(f"Found '{alias}' in params. Will use it instead of 'eval_at' argument")
2025-10-29 19:06:11,558 - src.modeling.rankers.lgbm_ranker - INFO - Top-5 most important features:
2025-10-29 19:06:11,558 - src.modeling.rankers.lgbm_ranker - INFO -   position_id: 353.00
2025-10-29 19:06:11,558 - src.modeling.rankers.lgbm_ranker - INFO -   min_distance: 334.00
2025-10-29 19:06:11,558 - src.modeling.rankers.lgbm_ranker - INFO -   tunneling: 317.00
2025-10-29 19:06:11,558 - src.modeling.rankers.lgbm_ranker - INFO -   position_frequency: 264.00
2025-10-29 19:06:11,558 - src.modeling.rankers.lgbm_ranker - INFO -   density_window_0: 180.00
2025-10-29 19:06:11,558 - src.modeling.rankers.lgbm_ranker - INFO - ✓ Training completed in 79.11 seconds
2025-10-29 19:06:11,558 - src.modeling.rankers.lgbm_ranker - INFO - ✓ LGBMRanker training successful
2025-10-29 19:06:11,586 - src.modeling.rankers.lgbm_ranker - INFO - Predicting top-20 for 1 test events...
/usr/local/lib/python3.10/dist-packages/lightgbm/sklearn.py:861: UserWarning: Found 'ndcg_eval_at' in params. Will use it instead of 'eval_at' argument
  _log_warning(f"Found '{alias}' in params. Will use it instead of 'eval_at' argument")
2025-10-29 19:06:11,595 - src.modeling.rankers.lgbm_ranker - INFO - ✓ Predictions generated for 1 events
2025-10-29 19:06:12,651 - src.modeling.rankers.lgbm_ranker - INFO - Transformed to ranking format: 449826 samples (11534 groups of 39 positions each)
2025-10-29 19:06:12,651 - src.modeling.rankers.lgbm_ranker - INFO - Training LightGBM model...
/usr/local/lib/python3.10/dist-packages/lightgbm/sklearn.py:861: UserWarning: Found 'ndcg_eval_at' in params. Will use it instead of 'eval_at' argument
  _log_warning(f"Found '{alias}' in params. Will use it instead of 'eval_at' argument")
2025-10-29 19:06:12,750 - src.modeling.rankers.lgbm_ranker - INFO - Transformed to ranking format: 449826 samples (11534 groups of 39 positions each)
2025-10-29 19:06:12,750 - src.modeling.rankers.lgbm_ranker - INFO - Training LightGBM model...
/usr/local/lib/python3.10/dist-packages/lightgbm/sklearn.py:861: UserWarning: Found 'ndcg_eval_at' in params. Will use it instead of 'eval_at' argument
  _log_warning(f"Found '{alias}' in params. Will use it instead of 'eval_at' argument")
2025-10-29 19:06:13,687 - src.modeling.rankers.lgbm_ranker - INFO - Top-5 most important features:
2025-10-29 19:06:13,687 - src.modeling.rankers.lgbm_ranker - INFO -   position_frequency: 378.00
2025-10-29 19:06:13,687 - src.modeling.rankers.lgbm_ranker - INFO -   tunneling: 288.00
2025-10-29 19:06:13,687 - src.modeling.rankers.lgbm_ranker - INFO -   position_id: 252.00
2025-10-29 19:06:13,687 - src.modeling.rankers.lgbm_ranker - INFO -   min_distance: 213.00
2025-10-29 19:06:13,687 - src.modeling.rankers.lgbm_ranker - INFO -   density_window_0: 117.00
2025-10-29 19:06:13,687 - src.modeling.rankers.lgbm_ranker - INFO - ✓ Training completed in 82.12 seconds
2025-10-29 19:06:13,687 - src.modeling.rankers.lgbm_ranker - INFO - ✓ LGBMRanker training successful
2025-10-29 19:06:13,691 - src.modeling.rankers.lgbm_ranker - INFO - Predicting top-20 for 1 test events...
/usr/local/lib/python3.10/dist-packages/lightgbm/sklearn.py:861: UserWarning: Found 'ndcg_eval_at' in params. Will use it instead of 'eval_at' argument
  _log_warning(f"Found '{alias}' in params. Will use it instead of 'eval_at' argument")
2025-10-29 19:06:13,700 - src.modeling.rankers.lgbm_ranker - INFO - ✓ Predictions generated for 1 events
2025-10-29 19:06:15,771 - src.modeling.rankers.lgbm_ranker - INFO - Top-5 most important features:
2025-10-29 19:06:15,771 - src.modeling.rankers.lgbm_ranker - INFO -   tunneling: 404.00
2025-10-29 19:06:15,771 - src.modeling.rankers.lgbm_ranker - INFO -   position_id: 275.00
2025-10-29 19:06:15,771 - src.modeling.rankers.lgbm_ranker - INFO -   min_distance: 248.00
2025-10-29 19:06:15,771 - src.modeling.rankers.lgbm_ranker - INFO -   density_window_0: 173.00
2025-10-29 19:06:15,771 - src.modeling.rankers.lgbm_ranker - INFO -   dft_45: 158.00
2025-10-29 19:06:15,771 - src.modeling.rankers.lgbm_ranker - INFO - ✓ Training completed in 83.58 seconds
2025-10-29 19:06:15,771 - src.modeling.rankers.lgbm_ranker - INFO - ✓ LGBMRanker training successful
2025-10-29 19:06:15,819 - src.modeling.rankers.lgbm_ranker - INFO - Predicting top-20 for 1 test events...
/usr/local/lib/python3.10/dist-packages/lightgbm/sklearn.py:861: UserWarning: Found 'ndcg_eval_at' in params. Will use it instead of 'eval_at' argument
  _log_warning(f"Found '{alias}' in params. Will use it instead of 'eval_at' argument")
2025-10-29 19:06:15,828 - src.modeling.rankers.lgbm_ranker - INFO - ✓ Predictions generated for 1 events

  Event Duration: 97.9s
  Parallel Exec:  97.9s
  Model Training Times:
    amplitude: train=82.1s, total=95.6s
    angle_encoding: train=76.2s, total=90.3s
    graph_cycle: train=83.6s, total=97.7s
    density_matrix: train=79.1s, total=93.5s
  Memory Peak: 1.59 GB
  Recalls: amplitude: 100%, angle_encoding: 100%, graph_cycle: 100%, density_matrix: 100%, ensemble: 100%
  [CHECKPOINT] Saved

================================================================================
Event 11536 (47/100)
================================================================================
2025-10-29 19:06:16,006 - src.imputation.base_imputer - INFO - Fitting amplitude_embedding imputer on 11535 samples
2025-10-29 19:06:16,009 - src.imputation.base_imputer - INFO - Fitting graph_cycle_encoding imputer on 11535 samples
2025-10-29 19:06:16,009 - src.imputation.base_imputer - INFO - Fitting density_matrix_optimized imputer on 11535 samples
2025-10-29 19:06:16,009 - src.imputation.base_imputer - INFO - Fitting angle_encoding imputer on 11535 samples
2025-10-29 19:06:16,011 - src.imputation.amplitude_embedding - INFO - Learned position frequencies from 11535 samples. Normalization mode: uniform
2025-10-29 19:06:16,011 - src.imputation.base_imputer - INFO - amplitude_embedding imputer fitted successfully
2025-10-29 19:06:16,011 - src.imputation.base_imputer - INFO - Transforming 11535 samples with amplitude_embedding imputer
2025-10-29 19:06:16,013 - src.imputation.density_matrix - INFO - Density matrix uses fixed quantum mechanical construction (no learning from 11535 training samples)
2025-10-29 19:06:16,013 - src.imputation.graph_cycle_encoding - INFO - Graph/Cycle encoding uses fixed DFT basis and geometric distances (no learning from 11535 training samples)
2025-10-29 19:06:16,013 - src.imputation.base_imputer - INFO - density_matrix_optimized imputer fitted successfully
2025-10-29 19:06:16,013 - src.imputation.base_imputer - INFO - graph_cycle_encoding imputer fitted successfully
2025-10-29 19:06:16,013 - src.imputation.base_imputer - INFO - Transforming 11535 samples with density_matrix_optimized imputer
2025-10-29 19:06:16,013 - src.imputation.base_imputer - INFO - Transforming 11535 samples with graph_cycle_encoding imputer
2025-10-29 19:06:16,013 - src.imputation.angle_encoding - INFO - Angle encoding uses fixed angular mapping (no learning from 11535 training samples)
2025-10-29 19:06:16,013 - src.imputation.base_imputer - INFO - angle_encoding imputer fitted successfully
2025-10-29 19:06:16,013 - src.imputation.base_imputer - INFO - Transforming 11535 samples with angle_encoding imputer
2025-10-29 19:06:23,902 - src.imputation.base_imputer - INFO - Transformation complete: output shape (11535, 377)
2025-10-29 19:06:23,903 - src.imputation.base_imputer - INFO - Transforming 1 samples with amplitude_embedding imputer
2025-10-29 19:06:23,905 - src.imputation.base_imputer - INFO - Transformation complete: output shape (1, 377)
2025-10-29 19:06:24,064 - src.imputation.base_imputer - INFO - Transformation complete: output shape (11535, 322)
2025-10-29 19:06:24,064 - src.imputation.base_imputer - INFO - Transforming 1 samples with angle_encoding imputer
2025-10-29 19:06:24,066 - src.imputation.base_imputer - INFO - Transformation complete: output shape (1, 322)
2025-10-29 19:06:24,454 - src.imputation.base_imputer - INFO - Transformation complete: output shape (11535, 277)
2025-10-29 19:06:24,454 - src.imputation.base_imputer - INFO - Transforming 1 samples with graph_cycle_encoding imputer
2025-10-29 19:06:24,456 - src.imputation.base_imputer - INFO - Transformation complete: output shape (1, 277)
2025-10-29 19:06:24,534 - src.imputation.base_imputer - INFO - Transformation complete: output shape (11535, 259)
2025-10-29 19:06:24,534 - src.imputation.base_imputer - INFO - Transforming 1 samples with density_matrix_optimized imputer
2025-10-29 19:06:24,536 - src.imputation.base_imputer - INFO - Transformation complete: output shape (1, 259)
2025-10-29 19:06:29,573 - src.modeling.rankers.lgbm_ranker - INFO - Training LGBMRanker on 11535 events...
2025-10-29 19:06:29,715 - src.modeling.rankers.lgbm_ranker - INFO - Computed position frequencies: 39 positions
2025-10-29 19:06:29,850 - src.modeling.rankers.lgbm_ranker - INFO - Training LGBMRanker on 11535 events...
2025-10-29 19:06:29,996 - src.modeling.rankers.lgbm_ranker - INFO - Computed position frequencies: 39 positions
2025-10-29 19:06:30,105 - src.modeling.rankers.lgbm_ranker - INFO - Training LGBMRanker on 11535 events...
2025-10-29 19:06:30,247 - src.modeling.rankers.lgbm_ranker - INFO - Computed position frequencies: 39 positions
2025-10-29 19:06:30,336 - src.modeling.rankers.lgbm_ranker - INFO - Training LGBMRanker on 11535 events...
2025-10-29 19:06:30,482 - src.modeling.rankers.lgbm_ranker - INFO - Computed position frequencies: 39 positions
2025-10-29 19:07:45,299 - src.modeling.rankers.lgbm_ranker - INFO - Transformed to ranking format: 449865 samples (11535 groups of 39 positions each)
2025-10-29 19:07:45,299 - src.modeling.rankers.lgbm_ranker - INFO - Training LightGBM model...
/usr/local/lib/python3.10/dist-packages/lightgbm/sklearn.py:861: UserWarning: Found 'ndcg_eval_at' in params. Will use it instead of 'eval_at' argument
  _log_warning(f"Found '{alias}' in params. Will use it instead of 'eval_at' argument")
2025-10-29 19:07:46,489 - src.modeling.rankers.lgbm_ranker - INFO - Top-5 most important features:
2025-10-29 19:07:46,489 - src.modeling.rankers.lgbm_ranker - INFO -   aggregate_0: 277.00
2025-10-29 19:07:46,489 - src.modeling.rankers.lgbm_ranker - INFO -   position_frequency: 265.00
2025-10-29 19:07:46,489 - src.modeling.rankers.lgbm_ranker - INFO -   position_id: 218.00
2025-10-29 19:07:46,489 - src.modeling.rankers.lgbm_ranker - INFO -   aggregate_1: 124.00
2025-10-29 19:07:46,489 - src.modeling.rankers.lgbm_ranker - INFO -   density_window_0: 107.00
2025-10-29 19:07:46,489 - src.modeling.rankers.lgbm_ranker - INFO - ✓ Training completed in 76.64 seconds
2025-10-29 19:07:46,489 - src.modeling.rankers.lgbm_ranker - INFO - ✓ LGBMRanker training successful
2025-10-29 19:07:46,501 - src.modeling.rankers.lgbm_ranker - INFO - Predicting top-20 for 1 test events...
/usr/local/lib/python3.10/dist-packages/lightgbm/sklearn.py:861: UserWarning: Found 'ndcg_eval_at' in params. Will use it instead of 'eval_at' argument
  _log_warning(f"Found '{alias}' in params. Will use it instead of 'eval_at' argument")
2025-10-29 19:07:46,509 - src.modeling.rankers.lgbm_ranker - INFO - ✓ Predictions generated for 1 events
2025-10-29 19:07:49,559 - src.modeling.rankers.lgbm_ranker - INFO - Transformed to ranking format: 449865 samples (11535 groups of 39 positions each)
2025-10-29 19:07:49,560 - src.modeling.rankers.lgbm_ranker - INFO - Training LightGBM model...
/usr/local/lib/python3.10/dist-packages/lightgbm/sklearn.py:861: UserWarning: Found 'ndcg_eval_at' in params. Will use it instead of 'eval_at' argument
  _log_warning(f"Found '{alias}' in params. Will use it instead of 'eval_at' argument")
2025-10-29 19:07:50,575 - src.modeling.rankers.lgbm_ranker - INFO - Transformed to ranking format: 449865 samples (11535 groups of 39 positions each)
2025-10-29 19:07:50,575 - src.modeling.rankers.lgbm_ranker - INFO - Training LightGBM model...
/usr/local/lib/python3.10/dist-packages/lightgbm/sklearn.py:861: UserWarning: Found 'ndcg_eval_at' in params. Will use it instead of 'eval_at' argument
  _log_warning(f"Found '{alias}' in params. Will use it instead of 'eval_at' argument")
2025-10-29 19:07:51,217 - src.modeling.rankers.lgbm_ranker - INFO - Transformed to ranking format: 449865 samples (11535 groups of 39 positions each)
2025-10-29 19:07:51,217 - src.modeling.rankers.lgbm_ranker - INFO - Training LightGBM model...
/usr/local/lib/python3.10/dist-packages/lightgbm/sklearn.py:861: UserWarning: Found 'ndcg_eval_at' in params. Will use it instead of 'eval_at' argument
  _log_warning(f"Found '{alias}' in params. Will use it instead of 'eval_at' argument")
2025-10-29 19:07:51,268 - src.modeling.rankers.lgbm_ranker - INFO - Top-5 most important features:
2025-10-29 19:07:51,268 - src.modeling.rankers.lgbm_ranker - INFO -   position_id: 365.00
2025-10-29 19:07:51,268 - src.modeling.rankers.lgbm_ranker - INFO -   tunneling: 324.00
2025-10-29 19:07:51,268 - src.modeling.rankers.lgbm_ranker - INFO -   position_frequency: 283.00
2025-10-29 19:07:51,268 - src.modeling.rankers.lgbm_ranker - INFO -   min_distance: 240.00
2025-10-29 19:07:51,268 - src.modeling.rankers.lgbm_ranker - INFO -   density_window_0: 234.00
2025-10-29 19:07:51,268 - src.modeling.rankers.lgbm_ranker - INFO - ✓ Training completed in 80.93 seconds
2025-10-29 19:07:51,268 - src.modeling.rankers.lgbm_ranker - INFO - ✓ LGBMRanker training successful
2025-10-29 19:07:51,292 - src.modeling.rankers.lgbm_ranker - INFO - Predicting top-20 for 1 test events...
/usr/local/lib/python3.10/dist-packages/lightgbm/sklearn.py:861: UserWarning: Found 'ndcg_eval_at' in params. Will use it instead of 'eval_at' argument
  _log_warning(f"Found '{alias}' in params. Will use it instead of 'eval_at' argument")
2025-10-29 19:07:51,300 - src.modeling.rankers.lgbm_ranker - INFO - ✓ Predictions generated for 1 events
2025-10-29 19:07:51,613 - src.modeling.rankers.lgbm_ranker - INFO - Top-5 most important features:
2025-10-29 19:07:51,613 - src.modeling.rankers.lgbm_ranker - INFO -   position_frequency: 318.00
2025-10-29 19:07:51,613 - src.modeling.rankers.lgbm_ranker - INFO -   position_id: 282.00
2025-10-29 19:07:51,613 - src.modeling.rankers.lgbm_ranker - INFO -   tunneling: 194.00
2025-10-29 19:07:51,613 - src.modeling.rankers.lgbm_ranker - INFO -   density_window_0: 188.00
2025-10-29 19:07:51,613 - src.modeling.rankers.lgbm_ranker - INFO -   min_distance: 169.00
2025-10-29 19:07:51,613 - src.modeling.rankers.lgbm_ranker - INFO - ✓ Training completed in 82.04 seconds
2025-10-29 19:07:51,613 - src.modeling.rankers.lgbm_ranker - INFO - ✓ LGBMRanker training successful
2025-10-29 19:07:51,616 - src.modeling.rankers.lgbm_ranker - INFO - Predicting top-20 for 1 test events...
/usr/local/lib/python3.10/dist-packages/lightgbm/sklearn.py:861: UserWarning: Found 'ndcg_eval_at' in params. Will use it instead of 'eval_at' argument
  _log_warning(f"Found '{alias}' in params. Will use it instead of 'eval_at' argument")
2025-10-29 19:07:51,625 - src.modeling.rankers.lgbm_ranker - INFO - ✓ Predictions generated for 1 events
2025-10-29 19:07:54,163 - src.modeling.rankers.lgbm_ranker - INFO - Top-5 most important features:
2025-10-29 19:07:54,163 - src.modeling.rankers.lgbm_ranker - INFO -   tunneling: 418.00
2025-10-29 19:07:54,163 - src.modeling.rankers.lgbm_ranker - INFO -   min_distance: 255.00
2025-10-29 19:07:54,163 - src.modeling.rankers.lgbm_ranker - INFO -   position_id: 253.00
2025-10-29 19:07:54,163 - src.modeling.rankers.lgbm_ranker - INFO -   dft_45: 201.00
2025-10-29 19:07:54,163 - src.modeling.rankers.lgbm_ranker - INFO -   density_window_0: 194.00
2025-10-29 19:07:54,163 - src.modeling.rankers.lgbm_ranker - INFO - ✓ Training completed in 84.06 seconds
2025-10-29 19:07:54,163 - src.modeling.rankers.lgbm_ranker - INFO - ✓ LGBMRanker training successful
2025-10-29 19:07:54,225 - src.modeling.rankers.lgbm_ranker - INFO - Predicting top-20 for 1 test events...
/usr/local/lib/python3.10/dist-packages/lightgbm/sklearn.py:861: UserWarning: Found 'ndcg_eval_at' in params. Will use it instead of 'eval_at' argument
  _log_warning(f"Found '{alias}' in params. Will use it instead of 'eval_at' argument")
2025-10-29 19:07:54,234 - src.modeling.rankers.lgbm_ranker - INFO - ✓ Predictions generated for 1 events

  Event Duration: 98.4s
  Parallel Exec:  98.4s
  Model Training Times:
    amplitude: train=82.0s, total=95.6s
    angle_encoding: train=76.6s, total=90.5s
    graph_cycle: train=84.1s, total=98.2s
    density_matrix: train=81.0s, total=95.3s
  Memory Peak: 1.44 GB
  Recalls: amplitude: 100%, angle_encoding: 100%, graph_cycle: 100%, density_matrix: 100%, ensemble: 100%
  [CHECKPOINT] Saved

================================================================================
Event 11537 (48/100)
================================================================================
2025-10-29 19:07:54,409 - src.imputation.base_imputer - INFO - Fitting amplitude_embedding imputer on 11536 samples
2025-10-29 19:07:54,410 - src.imputation.base_imputer - INFO - Fitting density_matrix_optimized imputer on 11536 samples
2025-10-29 19:07:54,410 - src.imputation.base_imputer - INFO - Fitting angle_encoding imputer on 11536 samples
2025-10-29 19:07:54,411 - src.imputation.base_imputer - INFO - Fitting graph_cycle_encoding imputer on 11536 samples
2025-10-29 19:07:54,412 - src.imputation.amplitude_embedding - INFO - Learned position frequencies from 11536 samples. Normalization mode: uniform
2025-10-29 19:07:54,412 - src.imputation.base_imputer - INFO - amplitude_embedding imputer fitted successfully
2025-10-29 19:07:54,412 - src.imputation.base_imputer - INFO - Transforming 11536 samples with amplitude_embedding imputer
2025-10-29 19:07:54,414 - src.imputation.angle_encoding - INFO - Angle encoding uses fixed angular mapping (no learning from 11536 training samples)
2025-10-29 19:07:54,414 - src.imputation.base_imputer - INFO - angle_encoding imputer fitted successfully
2025-10-29 19:07:54,414 - src.imputation.base_imputer - INFO - Transforming 11536 samples with angle_encoding imputer
2025-10-29 19:07:54,414 - src.imputation.density_matrix - INFO - Density matrix uses fixed quantum mechanical construction (no learning from 11536 training samples)
2025-10-29 19:07:54,414 - src.imputation.base_imputer - INFO - density_matrix_optimized imputer fitted successfully
2025-10-29 19:07:54,414 - src.imputation.base_imputer - INFO - Transforming 11536 samples with density_matrix_optimized imputer
2025-10-29 19:07:54,414 - src.imputation.graph_cycle_encoding - INFO - Graph/Cycle encoding uses fixed DFT basis and geometric distances (no learning from 11536 training samples)
2025-10-29 19:07:54,414 - src.imputation.base_imputer - INFO - graph_cycle_encoding imputer fitted successfully
2025-10-29 19:07:54,414 - src.imputation.base_imputer - INFO - Transforming 11536 samples with graph_cycle_encoding imputer
2025-10-29 19:08:02,160 - src.imputation.base_imputer - INFO - Transformation complete: output shape (11536, 322)
2025-10-29 19:08:02,160 - src.imputation.base_imputer - INFO - Transforming 1 samples with angle_encoding imputer
2025-10-29 19:08:02,162 - src.imputation.base_imputer - INFO - Transformation complete: output shape (1, 322)
2025-10-29 19:08:02,238 - src.imputation.base_imputer - INFO - Transformation complete: output shape (11536, 377)
2025-10-29 19:08:02,238 - src.imputation.base_imputer - INFO - Transforming 1 samples with amplitude_embedding imputer
2025-10-29 19:08:02,240 - src.imputation.base_imputer - INFO - Transformation complete: output shape (1, 377)
2025-10-29 19:08:02,791 - src.imputation.base_imputer - INFO - Transformation complete: output shape (11536, 259)
2025-10-29 19:08:02,791 - src.imputation.base_imputer - INFO - Transforming 1 samples with density_matrix_optimized imputer
2025-10-29 19:08:02,793 - src.imputation.base_imputer - INFO - Transformation complete: output shape (1, 259)
2025-10-29 19:08:03,183 - src.imputation.base_imputer - INFO - Transformation complete: output shape (11536, 277)
2025-10-29 19:08:03,183 - src.imputation.base_imputer - INFO - Transforming 1 samples with graph_cycle_encoding imputer
2025-10-29 19:08:03,185 - src.imputation.base_imputer - INFO - Transformation complete: output shape (1, 277)
2025-10-29 19:08:07,866 - src.modeling.rankers.lgbm_ranker - INFO - Training LGBMRanker on 11536 events...
2025-10-29 19:08:07,924 - src.modeling.rankers.lgbm_ranker - INFO - Training LGBMRanker on 11536 events...
2025-10-29 19:08:08,008 - src.modeling.rankers.lgbm_ranker - INFO - Computed position frequencies: 39 positions
2025-10-29 19:08:08,067 - src.modeling.rankers.lgbm_ranker - INFO - Computed position frequencies: 39 positions
2025-10-29 19:08:08,628 - src.modeling.rankers.lgbm_ranker - INFO - Training LGBMRanker on 11536 events...
2025-10-29 19:08:08,777 - src.modeling.rankers.lgbm_ranker - INFO - Computed position frequencies: 39 positions
2025-10-29 19:08:09,008 - src.modeling.rankers.lgbm_ranker - INFO - Training LGBMRanker on 11536 events...
2025-10-29 19:08:09,154 - src.modeling.rankers.lgbm_ranker - INFO - Computed position frequencies: 39 positions
2025-10-29 19:09:20,187 - src.modeling.rankers.lgbm_ranker - INFO - Transformed to ranking format: 449904 samples (11536 groups of 39 positions each)
2025-10-29 19:09:20,187 - src.modeling.rankers.lgbm_ranker - INFO - Training LightGBM model...
/usr/local/lib/python3.10/dist-packages/lightgbm/sklearn.py:861: UserWarning: Found 'ndcg_eval_at' in params. Will use it instead of 'eval_at' argument
  _log_warning(f"Found '{alias}' in params. Will use it instead of 'eval_at' argument")
2025-10-29 19:09:21,289 - src.modeling.rankers.lgbm_ranker - INFO - Top-5 most important features:
2025-10-29 19:09:21,289 - src.modeling.rankers.lgbm_ranker - INFO -   aggregate_0: 310.00
2025-10-29 19:09:21,289 - src.modeling.rankers.lgbm_ranker - INFO -   position_frequency: 286.00
2025-10-29 19:09:21,289 - src.modeling.rankers.lgbm_ranker - INFO -   position_id: 225.00
2025-10-29 19:09:21,289 - src.modeling.rankers.lgbm_ranker - INFO -   tunneling: 132.00
2025-10-29 19:09:21,289 - src.modeling.rankers.lgbm_ranker - INFO -   aggregate_1: 119.00
2025-10-29 19:09:21,289 - src.modeling.rankers.lgbm_ranker - INFO - ✓ Training completed in 73.42 seconds
2025-10-29 19:09:21,289 - src.modeling.rankers.lgbm_ranker - INFO - ✓ LGBMRanker training successful
2025-10-29 19:09:21,299 - src.modeling.rankers.lgbm_ranker - INFO - Predicting top-20 for 1 test events...
/usr/local/lib/python3.10/dist-packages/lightgbm/sklearn.py:861: UserWarning: Found 'ndcg_eval_at' in params. Will use it instead of 'eval_at' argument
  _log_warning(f"Found '{alias}' in params. Will use it instead of 'eval_at' argument")
2025-10-29 19:09:21,307 - src.modeling.rankers.lgbm_ranker - INFO - ✓ Predictions generated for 1 events
2025-10-29 19:09:25,138 - src.modeling.rankers.lgbm_ranker - INFO - Transformed to ranking format: 449904 samples (11536 groups of 39 positions each)
2025-10-29 19:09:25,138 - src.modeling.rankers.lgbm_ranker - INFO - Training LightGBM model...
/usr/local/lib/python3.10/dist-packages/lightgbm/sklearn.py:861: UserWarning: Found 'ndcg_eval_at' in params. Will use it instead of 'eval_at' argument
  _log_warning(f"Found '{alias}' in params. Will use it instead of 'eval_at' argument")
2025-10-29 19:09:26,808 - src.modeling.rankers.lgbm_ranker - INFO - Top-5 most important features:
2025-10-29 19:09:26,808 - src.modeling.rankers.lgbm_ranker - INFO -   position_id: 372.00
2025-10-29 19:09:26,809 - src.modeling.rankers.lgbm_ranker - INFO -   tunneling: 326.00
2025-10-29 19:09:26,809 - src.modeling.rankers.lgbm_ranker - INFO -   min_distance: 272.00
2025-10-29 19:09:26,809 - src.modeling.rankers.lgbm_ranker - INFO -   position_frequency: 229.00
2025-10-29 19:09:26,809 - src.modeling.rankers.lgbm_ranker - INFO -   density_window_0: 188.00
2025-10-29 19:09:26,809 - src.modeling.rankers.lgbm_ranker - INFO - ✓ Training completed in 78.18 seconds
2025-10-29 19:09:26,809 - src.modeling.rankers.lgbm_ranker - INFO - ✓ LGBMRanker training successful
2025-10-29 19:09:26,830 - src.modeling.rankers.lgbm_ranker - INFO - Predicting top-20 for 1 test events...
/usr/local/lib/python3.10/dist-packages/lightgbm/sklearn.py:861: UserWarning: Found 'ndcg_eval_at' in params. Will use it instead of 'eval_at' argument
  _log_warning(f"Found '{alias}' in params. Will use it instead of 'eval_at' argument")
2025-10-29 19:09:26,838 - src.modeling.rankers.lgbm_ranker - INFO - ✓ Predictions generated for 1 events
2025-10-29 19:09:28,610 - src.modeling.rankers.lgbm_ranker - INFO - Transformed to ranking format: 449904 samples (11536 groups of 39 positions each)
2025-10-29 19:09:28,611 - src.modeling.rankers.lgbm_ranker - INFO - Training LightGBM model...
/usr/local/lib/python3.10/dist-packages/lightgbm/sklearn.py:861: UserWarning: Found 'ndcg_eval_at' in params. Will use it instead of 'eval_at' argument
  _log_warning(f"Found '{alias}' in params. Will use it instead of 'eval_at' argument")
2025-10-29 19:09:29,617 - src.modeling.rankers.lgbm_ranker - INFO - Top-5 most important features:
2025-10-29 19:09:29,617 - src.modeling.rankers.lgbm_ranker - INFO -   position_frequency: 302.00
2025-10-29 19:09:29,617 - src.modeling.rankers.lgbm_ranker - INFO -   position_id: 256.00
2025-10-29 19:09:29,617 - src.modeling.rankers.lgbm_ranker - INFO -   tunneling: 244.00
2025-10-29 19:09:29,617 - src.modeling.rankers.lgbm_ranker - INFO -   min_distance: 219.00
2025-10-29 19:09:29,617 - src.modeling.rankers.lgbm_ranker - INFO -   density_window_0: 136.00
2025-10-29 19:09:29,617 - src.modeling.rankers.lgbm_ranker - INFO - ✓ Training completed in 81.69 seconds
2025-10-29 19:09:29,617 - src.modeling.rankers.lgbm_ranker - INFO - ✓ LGBMRanker training successful
2025-10-29 19:09:29,620 - src.modeling.rankers.lgbm_ranker - INFO - Predicting top-20 for 1 test events...
/usr/local/lib/python3.10/dist-packages/lightgbm/sklearn.py:861: UserWarning: Found 'ndcg_eval_at' in params. Will use it instead of 'eval_at' argument
  _log_warning(f"Found '{alias}' in params. Will use it instead of 'eval_at' argument")
2025-10-29 19:09:29,629 - src.modeling.rankers.lgbm_ranker - INFO - ✓ Predictions generated for 1 events
2025-10-29 19:09:31,434 - src.modeling.rankers.lgbm_ranker - INFO - Transformed to ranking format: 449904 samples (11536 groups of 39 positions each)
2025-10-29 19:09:31,434 - src.modeling.rankers.lgbm_ranker - INFO - Training LightGBM model...
/usr/local/lib/python3.10/dist-packages/lightgbm/sklearn.py:861: UserWarning: Found 'ndcg_eval_at' in params. Will use it instead of 'eval_at' argument
  _log_warning(f"Found '{alias}' in params. Will use it instead of 'eval_at' argument")
2025-10-29 19:09:34,382 - src.modeling.rankers.lgbm_ranker - INFO - Top-5 most important features:
2025-10-29 19:09:34,382 - src.modeling.rankers.lgbm_ranker - INFO -   tunneling: 378.00
2025-10-29 19:09:34,382 - src.modeling.rankers.lgbm_ranker - INFO -   min_distance: 219.00
2025-10-29 19:09:34,382 - src.modeling.rankers.lgbm_ranker - INFO -   position_id: 208.00
2025-10-29 19:09:34,382 - src.modeling.rankers.lgbm_ranker - INFO -   density_window_0: 182.00
2025-10-29 19:09:34,382 - src.modeling.rankers.lgbm_ranker - INFO -   dft_45: 173.00
2025-10-29 19:09:34,382 - src.modeling.rankers.lgbm_ranker - INFO - ✓ Training completed in 85.37 seconds
2025-10-29 19:09:34,382 - src.modeling.rankers.lgbm_ranker - INFO - ✓ LGBMRanker training successful
2025-10-29 19:09:34,444 - src.modeling.rankers.lgbm_ranker - INFO - Predicting top-20 for 1 test events...
/usr/local/lib/python3.10/dist-packages/lightgbm/sklearn.py:861: UserWarning: Found 'ndcg_eval_at' in params. Will use it instead of 'eval_at' argument
  _log_warning(f"Found '{alias}' in params. Will use it instead of 'eval_at' argument")
2025-10-29 19:09:34,452 - src.modeling.rankers.lgbm_ranker - INFO - ✓ Predictions generated for 1 events

  Event Duration: 100.2s
  Parallel Exec:  100.2s
  Model Training Times:
    amplitude: train=81.7s, total=95.2s
    angle_encoding: train=73.4s, total=86.9s
    graph_cycle: train=85.4s, total=100.1s
    density_matrix: train=78.2s, total=92.4s
  Memory Peak: 1.44 GB
  Recalls: amplitude: 100%, angle_encoding: 100%, graph_cycle: 100%, density_matrix: 100%, ensemble: 100%
  [CHECKPOINT] Saved

================================================================================
Event 11538 (49/100)
================================================================================
2025-10-29 19:09:34,626 - src.imputation.base_imputer - INFO - Fitting amplitude_embedding imputer on 11537 samples
2025-10-29 19:09:34,627 - src.imputation.base_imputer - INFO - Fitting angle_encoding imputer on 11537 samples
2025-10-29 19:09:34,627 - src.imputation.base_imputer - INFO - Fitting density_matrix_optimized imputer on 11537 samples
2025-10-29 19:09:34,627 - src.imputation.base_imputer - INFO - Fitting graph_cycle_encoding imputer on 11537 samples
2025-10-29 19:09:34,630 - src.imputation.amplitude_embedding - INFO - Learned position frequencies from 11537 samples. Normalization mode: uniform
2025-10-29 19:09:34,630 - src.imputation.base_imputer - INFO - amplitude_embedding imputer fitted successfully
2025-10-29 19:09:34,630 - src.imputation.base_imputer - INFO - Transforming 11537 samples with amplitude_embedding imputer
2025-10-29 19:09:34,631 - src.imputation.angle_encoding - INFO - Angle encoding uses fixed angular mapping (no learning from 11537 training samples)
2025-10-29 19:09:34,631 - src.imputation.base_imputer - INFO - angle_encoding imputer fitted successfully
2025-10-29 19:09:34,631 - src.imputation.base_imputer - INFO - Transforming 11537 samples with angle_encoding imputer
2025-10-29 19:09:34,631 - src.imputation.density_matrix - INFO - Density matrix uses fixed quantum mechanical construction (no learning from 11537 training samples)
2025-10-29 19:09:34,631 - src.imputation.base_imputer - INFO - density_matrix_optimized imputer fitted successfully
2025-10-29 19:09:34,631 - src.imputation.base_imputer - INFO - Transforming 11537 samples with density_matrix_optimized imputer
2025-10-29 19:09:34,631 - src.imputation.graph_cycle_encoding - INFO - Graph/Cycle encoding uses fixed DFT basis and geometric distances (no learning from 11537 training samples)
2025-10-29 19:09:34,631 - src.imputation.base_imputer - INFO - graph_cycle_encoding imputer fitted successfully
2025-10-29 19:09:34,631 - src.imputation.base_imputer - INFO - Transforming 11537 samples with graph_cycle_encoding imputer
2025-10-29 19:09:42,305 - src.imputation.base_imputer - INFO - Transformation complete: output shape (11537, 322)
2025-10-29 19:09:42,306 - src.imputation.base_imputer - INFO - Transforming 1 samples with angle_encoding imputer
2025-10-29 19:09:42,307 - src.imputation.base_imputer - INFO - Transformation complete: output shape (1, 322)
2025-10-29 19:09:42,476 - src.imputation.base_imputer - INFO - Transformation complete: output shape (11537, 377)
2025-10-29 19:09:42,476 - src.imputation.base_imputer - INFO - Transforming 1 samples with amplitude_embedding imputer
2025-10-29 19:09:42,478 - src.imputation.base_imputer - INFO - Transformation complete: output shape (1, 377)
2025-10-29 19:09:43,007 - src.imputation.base_imputer - INFO - Transformation complete: output shape (11537, 259)
2025-10-29 19:09:43,007 - src.imputation.base_imputer - INFO - Transforming 1 samples with density_matrix_optimized imputer
2025-10-29 19:09:43,009 - src.imputation.base_imputer - INFO - Transformation complete: output shape (1, 259)
2025-10-29 19:09:43,334 - src.imputation.base_imputer - INFO - Transformation complete: output shape (11537, 277)
2025-10-29 19:09:43,334 - src.imputation.base_imputer - INFO - Transforming 1 samples with graph_cycle_encoding imputer
2025-10-29 19:09:43,337 - src.imputation.base_imputer - INFO - Transformation complete: output shape (1, 277)
2025-10-29 19:09:47,939 - src.modeling.rankers.lgbm_ranker - INFO - Training LGBMRanker on 11537 events...
2025-10-29 19:09:48,080 - src.modeling.rankers.lgbm_ranker - INFO - Computed position frequencies: 39 positions
2025-10-29 19:09:48,110 - src.modeling.rankers.lgbm_ranker - INFO - Training LGBMRanker on 11537 events...
2025-10-29 19:09:48,250 - src.modeling.rankers.lgbm_ranker - INFO - Computed position frequencies: 39 positions
2025-10-29 19:09:48,874 - src.modeling.rankers.lgbm_ranker - INFO - Training LGBMRanker on 11537 events...
2025-10-29 19:09:49,022 - src.modeling.rankers.lgbm_ranker - INFO - Computed position frequencies: 39 positions
2025-10-29 19:09:49,148 - src.modeling.rankers.lgbm_ranker - INFO - Training LGBMRanker on 11537 events...
2025-10-29 19:09:49,294 - src.modeling.rankers.lgbm_ranker - INFO - Computed position frequencies: 39 positions
2025-10-29 19:11:00,522 - src.modeling.rankers.lgbm_ranker - INFO - Transformed to ranking format: 449943 samples (11537 groups of 39 positions each)
2025-10-29 19:11:00,522 - src.modeling.rankers.lgbm_ranker - INFO - Training LightGBM model...
/usr/local/lib/python3.10/dist-packages/lightgbm/sklearn.py:861: UserWarning: Found 'ndcg_eval_at' in params. Will use it instead of 'eval_at' argument
  _log_warning(f"Found '{alias}' in params. Will use it instead of 'eval_at' argument")
2025-10-29 19:11:01,634 - src.modeling.rankers.lgbm_ranker - INFO - Top-5 most important features:
2025-10-29 19:11:01,634 - src.modeling.rankers.lgbm_ranker - INFO -   position_frequency: 253.00
2025-10-29 19:11:01,634 - src.modeling.rankers.lgbm_ranker - INFO -   aggregate_0: 237.00
2025-10-29 19:11:01,634 - src.modeling.rankers.lgbm_ranker - INFO -   position_id: 234.00
2025-10-29 19:11:01,634 - src.modeling.rankers.lgbm_ranker - INFO -   tunneling: 130.00
2025-10-29 19:11:01,634 - src.modeling.rankers.lgbm_ranker - INFO -   aggregate_1: 110.00
2025-10-29 19:11:01,634 - src.modeling.rankers.lgbm_ranker - INFO - ✓ Training completed in 73.69 seconds
2025-10-29 19:11:01,634 - src.modeling.rankers.lgbm_ranker - INFO - ✓ LGBMRanker training successful
2025-10-29 19:11:01,645 - src.modeling.rankers.lgbm_ranker - INFO - Predicting top-20 for 1 test events...
/usr/local/lib/python3.10/dist-packages/lightgbm/sklearn.py:861: UserWarning: Found 'ndcg_eval_at' in params. Will use it instead of 'eval_at' argument
  _log_warning(f"Found '{alias}' in params. Will use it instead of 'eval_at' argument")
2025-10-29 19:11:01,652 - src.modeling.rankers.lgbm_ranker - INFO - ✓ Predictions generated for 1 events
2025-10-29 19:11:05,840 - src.modeling.rankers.lgbm_ranker - INFO - Transformed to ranking format: 449943 samples (11537 groups of 39 positions each)
2025-10-29 19:11:05,840 - src.modeling.rankers.lgbm_ranker - INFO - Training LightGBM model...
/usr/local/lib/python3.10/dist-packages/lightgbm/sklearn.py:861: UserWarning: Found 'ndcg_eval_at' in params. Will use it instead of 'eval_at' argument
  _log_warning(f"Found '{alias}' in params. Will use it instead of 'eval_at' argument")
2025-10-29 19:11:07,491 - src.modeling.rankers.lgbm_ranker - INFO - Top-5 most important features:
2025-10-29 19:11:07,491 - src.modeling.rankers.lgbm_ranker - INFO -   position_id: 389.00
2025-10-29 19:11:07,491 - src.modeling.rankers.lgbm_ranker - INFO -   position_frequency: 357.00
2025-10-29 19:11:07,491 - src.modeling.rankers.lgbm_ranker - INFO -   tunneling: 321.00
2025-10-29 19:11:07,491 - src.modeling.rankers.lgbm_ranker - INFO -   min_distance: 218.00
2025-10-29 19:11:07,491 - src.modeling.rankers.lgbm_ranker - INFO -   density_window_0: 196.00
2025-10-29 19:11:07,491 - src.modeling.rankers.lgbm_ranker - INFO - ✓ Training completed in 78.62 seconds
2025-10-29 19:11:07,491 - src.modeling.rankers.lgbm_ranker - INFO - ✓ LGBMRanker training successful
2025-10-29 19:11:07,514 - src.modeling.rankers.lgbm_ranker - INFO - Predicting top-20 for 1 test events...
/usr/local/lib/python3.10/dist-packages/lightgbm/sklearn.py:861: UserWarning: Found 'ndcg_eval_at' in params. Will use it instead of 'eval_at' argument
  _log_warning(f"Found '{alias}' in params. Will use it instead of 'eval_at' argument")
2025-10-29 19:11:07,522 - src.modeling.rankers.lgbm_ranker - INFO - ✓ Predictions generated for 1 events
2025-10-29 19:11:07,911 - src.modeling.rankers.lgbm_ranker - INFO - Transformed to ranking format: 449943 samples (11537 groups of 39 positions each)
2025-10-29 19:11:07,911 - src.modeling.rankers.lgbm_ranker - INFO - Training LightGBM model...
/usr/local/lib/python3.10/dist-packages/lightgbm/sklearn.py:861: UserWarning: Found 'ndcg_eval_at' in params. Will use it instead of 'eval_at' argument
  _log_warning(f"Found '{alias}' in params. Will use it instead of 'eval_at' argument")
2025-10-29 19:11:08,964 - src.modeling.rankers.lgbm_ranker - INFO - Top-5 most important features:
2025-10-29 19:11:08,964 - src.modeling.rankers.lgbm_ranker - INFO -   tunneling: 281.00
2025-10-29 19:11:08,964 - src.modeling.rankers.lgbm_ranker - INFO -   position_frequency: 222.00
2025-10-29 19:11:08,964 - src.modeling.rankers.lgbm_ranker - INFO -   min_distance: 213.00
2025-10-29 19:11:08,964 - src.modeling.rankers.lgbm_ranker - INFO -   position_id: 209.00
2025-10-29 19:11:08,964 - src.modeling.rankers.lgbm_ranker - INFO -   density_window_0: 160.00
2025-10-29 19:11:08,964 - src.modeling.rankers.lgbm_ranker - INFO - ✓ Training completed in 80.85 seconds
2025-10-29 19:11:08,964 - src.modeling.rankers.lgbm_ranker - INFO - ✓ LGBMRanker training successful
2025-10-29 19:11:08,968 - src.modeling.rankers.lgbm_ranker - INFO - Predicting top-20 for 1 test events...
/usr/local/lib/python3.10/dist-packages/lightgbm/sklearn.py:861: UserWarning: Found 'ndcg_eval_at' in params. Will use it instead of 'eval_at' argument
  _log_warning(f"Found '{alias}' in params. Will use it instead of 'eval_at' argument")
2025-10-29 19:11:08,976 - src.modeling.rankers.lgbm_ranker - INFO - ✓ Predictions generated for 1 events
2025-10-29 19:11:11,556 - src.modeling.rankers.lgbm_ranker - INFO - Transformed to ranking format: 449943 samples (11537 groups of 39 positions each)
2025-10-29 19:11:11,556 - src.modeling.rankers.lgbm_ranker - INFO - Training LightGBM model...
/usr/local/lib/python3.10/dist-packages/lightgbm/sklearn.py:861: UserWarning: Found 'ndcg_eval_at' in params. Will use it instead of 'eval_at' argument
  _log_warning(f"Found '{alias}' in params. Will use it instead of 'eval_at' argument")
2025-10-29 19:11:14,433 - src.modeling.rankers.lgbm_ranker - INFO - Top-5 most important features:
2025-10-29 19:11:14,433 - src.modeling.rankers.lgbm_ranker - INFO -   tunneling: 405.00
2025-10-29 19:11:14,433 - src.modeling.rankers.lgbm_ranker - INFO -   position_id: 241.00
2025-10-29 19:11:14,433 - src.modeling.rankers.lgbm_ranker - INFO -   min_distance: 231.00
2025-10-29 19:11:14,433 - src.modeling.rankers.lgbm_ranker - INFO -   density_window_0: 190.00
2025-10-29 19:11:14,433 - src.modeling.rankers.lgbm_ranker - INFO -   dft_45: 173.00
2025-10-29 19:11:14,434 - src.modeling.rankers.lgbm_ranker - INFO - ✓ Training completed in 85.29 seconds
2025-10-29 19:11:14,434 - src.modeling.rankers.lgbm_ranker - INFO - ✓ LGBMRanker training successful
2025-10-29 19:11:14,484 - src.modeling.rankers.lgbm_ranker - INFO - Predicting top-20 for 1 test events...
/usr/local/lib/python3.10/dist-packages/lightgbm/sklearn.py:861: UserWarning: Found 'ndcg_eval_at' in params. Will use it instead of 'eval_at' argument
  _log_warning(f"Found '{alias}' in params. Will use it instead of 'eval_at' argument")
2025-10-29 19:11:14,492 - src.modeling.rankers.lgbm_ranker - INFO - ✓ Predictions generated for 1 events

  Event Duration: 100.1s
  Parallel Exec:  100.1s
  Model Training Times:
    amplitude: train=80.9s, total=94.4s
    angle_encoding: train=73.7s, total=87.0s
    graph_cycle: train=85.3s, total=99.9s
    density_matrix: train=78.6s, total=92.9s
  Memory Peak: 1.59 GB
  Recalls: amplitude: 100%, angle_encoding: 100%, graph_cycle: 100%, density_matrix: 100%, ensemble: 100%
  [CHECKPOINT] Saved

================================================================================
Event 11539 (50/100)
================================================================================
2025-10-29 19:11:14,683 - src.imputation.base_imputer - INFO - Fitting amplitude_embedding imputer on 11538 samples
2025-10-29 19:11:14,685 - src.imputation.base_imputer - INFO - Fitting angle_encoding imputer on 11538 samples
2025-10-29 19:11:14,687 - src.imputation.amplitude_embedding - INFO - Learned position frequencies from 11538 samples. Normalization mode: uniform
2025-10-29 19:11:14,687 - src.imputation.base_imputer - INFO - amplitude_embedding imputer fitted successfully
2025-10-29 19:11:14,687 - src.imputation.base_imputer - INFO - Transforming 11538 samples with amplitude_embedding imputer
2025-10-29 19:11:14,688 - src.imputation.angle_encoding - INFO - Angle encoding uses fixed angular mapping (no learning from 11538 training samples)
2025-10-29 19:11:14,688 - src.imputation.base_imputer - INFO - angle_encoding imputer fitted successfully
2025-10-29 19:11:14,688 - src.imputation.base_imputer - INFO - Transforming 11538 samples with angle_encoding imputer
2025-10-29 19:11:14,692 - src.imputation.base_imputer - INFO - Fitting graph_cycle_encoding imputer on 11538 samples
2025-10-29 19:11:14,692 - src.imputation.base_imputer - INFO - Fitting density_matrix_optimized imputer on 11538 samples
2025-10-29 19:11:14,695 - src.imputation.graph_cycle_encoding - INFO - Graph/Cycle encoding uses fixed DFT basis and geometric distances (no learning from 11538 training samples)
2025-10-29 19:11:14,695 - src.imputation.base_imputer - INFO - graph_cycle_encoding imputer fitted successfully
2025-10-29 19:11:14,695 - src.imputation.base_imputer - INFO - Transforming 11538 samples with graph_cycle_encoding imputer
2025-10-29 19:11:14,695 - src.imputation.density_matrix - INFO - Density matrix uses fixed quantum mechanical construction (no learning from 11538 training samples)
2025-10-29 19:11:14,695 - src.imputation.base_imputer - INFO - density_matrix_optimized imputer fitted successfully
2025-10-29 19:11:14,695 - src.imputation.base_imputer - INFO - Transforming 11538 samples with density_matrix_optimized imputer
2025-10-29 19:11:22,556 - src.imputation.base_imputer - INFO - Transformation complete: output shape (11538, 322)
2025-10-29 19:11:22,556 - src.imputation.base_imputer - INFO - Transforming 1 samples with angle_encoding imputer
2025-10-29 19:11:22,558 - src.imputation.base_imputer - INFO - Transformation complete: output shape (1, 322)
2025-10-29 19:11:22,566 - src.imputation.base_imputer - INFO - Transformation complete: output shape (11538, 377)
2025-10-29 19:11:22,566 - src.imputation.base_imputer - INFO - Transforming 1 samples with amplitude_embedding imputer
2025-10-29 19:11:22,569 - src.imputation.base_imputer - INFO - Transformation complete: output shape (1, 377)
2025-10-29 19:11:23,003 - src.imputation.base_imputer - INFO - Transformation complete: output shape (11538, 259)
2025-10-29 19:11:23,003 - src.imputation.base_imputer - INFO - Transforming 1 samples with density_matrix_optimized imputer
2025-10-29 19:11:23,005 - src.imputation.base_imputer - INFO - Transformation complete: output shape (1, 259)
2025-10-29 19:11:23,047 - src.imputation.base_imputer - INFO - Transformation complete: output shape (11538, 277)
2025-10-29 19:11:23,047 - src.imputation.base_imputer - INFO - Transforming 1 samples with graph_cycle_encoding imputer
2025-10-29 19:11:23,049 - src.imputation.base_imputer - INFO - Transformation complete: output shape (1, 277)
2025-10-29 19:11:28,190 - src.modeling.rankers.lgbm_ranker - INFO - Training LGBMRanker on 11538 events...
2025-10-29 19:11:28,334 - src.modeling.rankers.lgbm_ranker - INFO - Computed position frequencies: 39 positions
2025-10-29 19:11:28,348 - src.modeling.rankers.lgbm_ranker - INFO - Training LGBMRanker on 11538 events...
2025-10-29 19:11:28,494 - src.modeling.rankers.lgbm_ranker - INFO - Computed position frequencies: 39 positions
2025-10-29 19:11:28,646 - src.modeling.rankers.lgbm_ranker - INFO - Training LGBMRanker on 11538 events...
2025-10-29 19:11:28,787 - src.modeling.rankers.lgbm_ranker - INFO - Computed position frequencies: 39 positions
2025-10-29 19:11:28,794 - src.modeling.rankers.lgbm_ranker - INFO - Training LGBMRanker on 11538 events...
2025-10-29 19:11:28,940 - src.modeling.rankers.lgbm_ranker - INFO - Computed position frequencies: 39 positions
2025-10-29 19:12:41,406 - src.modeling.rankers.lgbm_ranker - INFO - Transformed to ranking format: 449982 samples (11538 groups of 39 positions each)
2025-10-29 19:12:41,406 - src.modeling.rankers.lgbm_ranker - INFO - Training LightGBM model...
/usr/local/lib/python3.10/dist-packages/lightgbm/sklearn.py:861: UserWarning: Found 'ndcg_eval_at' in params. Will use it instead of 'eval_at' argument
  _log_warning(f"Found '{alias}' in params. Will use it instead of 'eval_at' argument")
2025-10-29 19:12:42,575 - src.modeling.rankers.lgbm_ranker - INFO - Top-5 most important features:
2025-10-29 19:12:42,575 - src.modeling.rankers.lgbm_ranker - INFO -   aggregate_0: 278.00
2025-10-29 19:12:42,575 - src.modeling.rankers.lgbm_ranker - INFO -   position_frequency: 241.00
2025-10-29 19:12:42,575 - src.modeling.rankers.lgbm_ranker - INFO -   position_id: 240.00
2025-10-29 19:12:42,575 - src.modeling.rankers.lgbm_ranker - INFO -   aggregate_1: 112.00
2025-10-29 19:12:42,575 - src.modeling.rankers.lgbm_ranker - INFO -   tunneling: 106.00
2025-10-29 19:12:42,575 - src.modeling.rankers.lgbm_ranker - INFO - ✓ Training completed in 74.38 seconds
2025-10-29 19:12:42,575 - src.modeling.rankers.lgbm_ranker - INFO - ✓ LGBMRanker training successful
2025-10-29 19:12:42,585 - src.modeling.rankers.lgbm_ranker - INFO - Predicting top-20 for 1 test events...
/usr/local/lib/python3.10/dist-packages/lightgbm/sklearn.py:861: UserWarning: Found 'ndcg_eval_at' in params. Will use it instead of 'eval_at' argument
  _log_warning(f"Found '{alias}' in params. Will use it instead of 'eval_at' argument")
2025-10-29 19:12:42,593 - src.modeling.rankers.lgbm_ranker - INFO - ✓ Predictions generated for 1 events
2025-10-29 19:12:45,507 - src.modeling.rankers.lgbm_ranker - INFO - Transformed to ranking format: 449982 samples (11538 groups of 39 positions each)
2025-10-29 19:12:45,507 - src.modeling.rankers.lgbm_ranker - INFO - Training LightGBM model...
/usr/local/lib/python3.10/dist-packages/lightgbm/sklearn.py:861: UserWarning: Found 'ndcg_eval_at' in params. Will use it instead of 'eval_at' argument
  _log_warning(f"Found '{alias}' in params. Will use it instead of 'eval_at' argument")
2025-10-29 19:12:47,162 - src.modeling.rankers.lgbm_ranker - INFO - Top-5 most important features:
2025-10-29 19:12:47,162 - src.modeling.rankers.lgbm_ranker - INFO -   position_frequency: 380.00
2025-10-29 19:12:47,162 - src.modeling.rankers.lgbm_ranker - INFO -   position_id: 370.00
2025-10-29 19:12:47,162 - src.modeling.rankers.lgbm_ranker - INFO -   tunneling: 291.00
2025-10-29 19:12:47,162 - src.modeling.rankers.lgbm_ranker - INFO -   min_distance: 209.00
2025-10-29 19:12:47,162 - src.modeling.rankers.lgbm_ranker - INFO -   density_window_0: 201.00
2025-10-29 19:12:47,162 - src.modeling.rankers.lgbm_ranker - INFO - ✓ Training completed in 78.37 seconds
2025-10-29 19:12:47,162 - src.modeling.rankers.lgbm_ranker - INFO - ✓ LGBMRanker training successful
2025-10-29 19:12:47,184 - src.modeling.rankers.lgbm_ranker - INFO - Predicting top-20 for 1 test events...
/usr/local/lib/python3.10/dist-packages/lightgbm/sklearn.py:861: UserWarning: Found 'ndcg_eval_at' in params. Will use it instead of 'eval_at' argument
  _log_warning(f"Found '{alias}' in params. Will use it instead of 'eval_at' argument")
2025-10-29 19:12:47,192 - src.modeling.rankers.lgbm_ranker - INFO - ✓ Predictions generated for 1 events
2025-10-29 19:12:48,150 - src.modeling.rankers.lgbm_ranker - INFO - Transformed to ranking format: 449982 samples (11538 groups of 39 positions each)
2025-10-29 19:12:48,150 - src.modeling.rankers.lgbm_ranker - INFO - Training LightGBM model...
/usr/local/lib/python3.10/dist-packages/lightgbm/sklearn.py:861: UserWarning: Found 'ndcg_eval_at' in params. Will use it instead of 'eval_at' argument
  _log_warning(f"Found '{alias}' in params. Will use it instead of 'eval_at' argument")
2025-10-29 19:12:50,627 - src.modeling.rankers.lgbm_ranker - INFO - Transformed to ranking format: 449982 samples (11538 groups of 39 positions each)
2025-10-29 19:12:50,627 - src.modeling.rankers.lgbm_ranker - INFO - Training LightGBM model...
/usr/local/lib/python3.10/dist-packages/lightgbm/sklearn.py:861: UserWarning: Found 'ndcg_eval_at' in params. Will use it instead of 'eval_at' argument
  _log_warning(f"Found '{alias}' in params. Will use it instead of 'eval_at' argument")
2025-10-29 19:12:51,105 - src.modeling.rankers.lgbm_ranker - INFO - Top-5 most important features:
2025-10-29 19:12:51,105 - src.modeling.rankers.lgbm_ranker - INFO -   tunneling: 370.00
2025-10-29 19:12:51,105 - src.modeling.rankers.lgbm_ranker - INFO -   position_id: 233.00
2025-10-29 19:12:51,105 - src.modeling.rankers.lgbm_ranker - INFO -   min_distance: 230.00
2025-10-29 19:12:51,105 - src.modeling.rankers.lgbm_ranker - INFO -   density_window_0: 183.00
2025-10-29 19:12:51,106 - src.modeling.rankers.lgbm_ranker - INFO -   dft_45: 170.00
2025-10-29 19:12:51,106 - src.modeling.rankers.lgbm_ranker - INFO - ✓ Training completed in 82.46 seconds
2025-10-29 19:12:51,106 - src.modeling.rankers.lgbm_ranker - INFO - ✓ LGBMRanker training successful
2025-10-29 19:12:51,156 - src.modeling.rankers.lgbm_ranker - INFO - Predicting top-20 for 1 test events...
/usr/local/lib/python3.10/dist-packages/lightgbm/sklearn.py:861: UserWarning: Found 'ndcg_eval_at' in params. Will use it instead of 'eval_at' argument
  _log_warning(f"Found '{alias}' in params. Will use it instead of 'eval_at' argument")
2025-10-29 19:12:51,164 - src.modeling.rankers.lgbm_ranker - INFO - ✓ Predictions generated for 1 events
2025-10-29 19:12:51,658 - src.modeling.rankers.lgbm_ranker - INFO - Top-5 most important features:
2025-10-29 19:12:51,659 - src.modeling.rankers.lgbm_ranker - INFO -   position_frequency: 298.00
2025-10-29 19:12:51,659 - src.modeling.rankers.lgbm_ranker - INFO -   position_id: 270.00
2025-10-29 19:12:51,659 - src.modeling.rankers.lgbm_ranker - INFO -   tunneling: 227.00
2025-10-29 19:12:51,659 - src.modeling.rankers.lgbm_ranker - INFO -   min_distance: 167.00
2025-10-29 19:12:51,659 - src.modeling.rankers.lgbm_ranker - INFO -   density_window_0: 101.00
2025-10-29 19:12:51,659 - src.modeling.rankers.lgbm_ranker - INFO - ✓ Training completed in 83.31 seconds
2025-10-29 19:12:51,659 - src.modeling.rankers.lgbm_ranker - INFO - ✓ LGBMRanker training successful
2025-10-29 19:12:51,662 - src.modeling.rankers.lgbm_ranker - INFO - Predicting top-20 for 1 test events...
/usr/local/lib/python3.10/dist-packages/lightgbm/sklearn.py:861: UserWarning: Found 'ndcg_eval_at' in params. Will use it instead of 'eval_at' argument
  _log_warning(f"Found '{alias}' in params. Will use it instead of 'eval_at' argument")
2025-10-29 19:12:51,671 - src.modeling.rankers.lgbm_ranker - INFO - ✓ Predictions generated for 1 events

  Event Duration: 97.2s
  Parallel Exec:  97.2s
  Model Training Times:
    amplitude: train=83.3s, total=97.0s
    angle_encoding: train=74.4s, total=87.9s
    graph_cycle: train=82.5s, total=96.5s
    density_matrix: train=78.4s, total=92.5s
  Memory Peak: 1.59 GB
  Recalls: amplitude: 100%, angle_encoding: 100%, graph_cycle: 100%, density_matrix: 100%, ensemble: 100%
  [CHECKPOINT] Saved

================================================================================
Event 11540 (51/100)
================================================================================
2025-10-29 19:12:51,858 - src.imputation.base_imputer - INFO - Fitting amplitude_embedding imputer on 11539 samples
2025-10-29 19:12:51,858 - src.imputation.base_imputer - INFO - Fitting density_matrix_optimized imputer on 11539 samples
2025-10-29 19:12:51,858 - src.imputation.base_imputer - INFO - Fitting graph_cycle_encoding imputer on 11539 samples
2025-10-29 19:12:51,858 - src.imputation.base_imputer - INFO - Fitting angle_encoding imputer on 11539 samples
2025-10-29 19:12:51,862 - src.imputation.amplitude_embedding - INFO - Learned position frequencies from 11539 samples. Normalization mode: uniform
2025-10-29 19:12:51,862 - src.imputation.base_imputer - INFO - amplitude_embedding imputer fitted successfully
2025-10-29 19:12:51,862 - src.imputation.base_imputer - INFO - Transforming 11539 samples with amplitude_embedding imputer
2025-10-29 19:12:51,862 - src.imputation.angle_encoding - INFO - Angle encoding uses fixed angular mapping (no learning from 11539 training samples)
2025-10-29 19:12:51,862 - src.imputation.graph_cycle_encoding - INFO - Graph/Cycle encoding uses fixed DFT basis and geometric distances (no learning from 11539 training samples)
2025-10-29 19:12:51,862 - src.imputation.density_matrix - INFO - Density matrix uses fixed quantum mechanical construction (no learning from 11539 training samples)
2025-10-29 19:12:51,862 - src.imputation.base_imputer - INFO - angle_encoding imputer fitted successfully
2025-10-29 19:12:51,862 - src.imputation.base_imputer - INFO - graph_cycle_encoding imputer fitted successfully
2025-10-29 19:12:51,862 - src.imputation.base_imputer - INFO - density_matrix_optimized imputer fitted successfully
2025-10-29 19:12:51,862 - src.imputation.base_imputer - INFO - Transforming 11539 samples with angle_encoding imputer
2025-10-29 19:12:51,862 - src.imputation.base_imputer - INFO - Transforming 11539 samples with graph_cycle_encoding imputer
2025-10-29 19:12:51,862 - src.imputation.base_imputer - INFO - Transforming 11539 samples with density_matrix_optimized imputer
2025-10-29 19:12:59,744 - src.imputation.base_imputer - INFO - Transformation complete: output shape (11539, 322)
2025-10-29 19:12:59,744 - src.imputation.base_imputer - INFO - Transforming 1 samples with angle_encoding imputer
2025-10-29 19:12:59,746 - src.imputation.base_imputer - INFO - Transformation complete: output shape (1, 322)
2025-10-29 19:12:59,857 - src.imputation.base_imputer - INFO - Transformation complete: output shape (11539, 377)
2025-10-29 19:12:59,857 - src.imputation.base_imputer - INFO - Transforming 1 samples with amplitude_embedding imputer
2025-10-29 19:12:59,863 - src.imputation.base_imputer - INFO - Transformation complete: output shape (1, 377)
2025-10-29 19:12:59,938 - src.imputation.base_imputer - INFO - Transformation complete: output shape (11539, 259)
2025-10-29 19:12:59,938 - src.imputation.base_imputer - INFO - Transforming 1 samples with density_matrix_optimized imputer
2025-10-29 19:12:59,940 - src.imputation.base_imputer - INFO - Transformation complete: output shape (1, 259)
2025-10-29 19:13:00,294 - src.imputation.base_imputer - INFO - Transformation complete: output shape (11539, 277)
2025-10-29 19:13:00,294 - src.imputation.base_imputer - INFO - Transforming 1 samples with graph_cycle_encoding imputer
2025-10-29 19:13:00,296 - src.imputation.base_imputer - INFO - Transformation complete: output shape (1, 277)
2025-10-29 19:13:05,574 - src.modeling.rankers.lgbm_ranker - INFO - Training LGBMRanker on 11539 events...
2025-10-29 19:13:05,575 - src.modeling.rankers.lgbm_ranker - INFO - Training LGBMRanker on 11539 events...
2025-10-29 19:13:05,716 - src.modeling.rankers.lgbm_ranker - INFO - Computed position frequencies: 39 positions
2025-10-29 19:13:05,720 - src.modeling.rankers.lgbm_ranker - INFO - Computed position frequencies: 39 positions
2025-10-29 19:13:05,720 - src.modeling.rankers.lgbm_ranker - INFO - Training LGBMRanker on 11539 events...
2025-10-29 19:13:05,866 - src.modeling.rankers.lgbm_ranker - INFO - Computed position frequencies: 39 positions
2025-10-29 19:13:05,882 - src.modeling.rankers.lgbm_ranker - INFO - Training LGBMRanker on 11539 events...
2025-10-29 19:13:06,023 - src.modeling.rankers.lgbm_ranker - INFO - Computed position frequencies: 39 positions
2025-10-29 19:14:19,867 - src.modeling.rankers.lgbm_ranker - INFO - Transformed to ranking format: 450021 samples (11539 groups of 39 positions each)
2025-10-29 19:14:19,867 - src.modeling.rankers.lgbm_ranker - INFO - Training LightGBM model...
/usr/local/lib/python3.10/dist-packages/lightgbm/sklearn.py:861: UserWarning: Found 'ndcg_eval_at' in params. Will use it instead of 'eval_at' argument
  _log_warning(f"Found '{alias}' in params. Will use it instead of 'eval_at' argument")
2025-10-29 19:14:19,881 - src.modeling.rankers.lgbm_ranker - INFO - Transformed to ranking format: 450021 samples (11539 groups of 39 positions each)
2025-10-29 19:14:19,881 - src.modeling.rankers.lgbm_ranker - INFO - Training LightGBM model...
/usr/local/lib/python3.10/dist-packages/lightgbm/sklearn.py:861: UserWarning: Found 'ndcg_eval_at' in params. Will use it instead of 'eval_at' argument
  _log_warning(f"Found '{alias}' in params. Will use it instead of 'eval_at' argument")
2025-10-29 19:14:21,042 - src.modeling.rankers.lgbm_ranker - INFO - Top-5 most important features:
2025-10-29 19:14:21,042 - src.modeling.rankers.lgbm_ranker - INFO -   aggregate_0: 321.00
2025-10-29 19:14:21,042 - src.modeling.rankers.lgbm_ranker - INFO -   position_frequency: 255.00
2025-10-29 19:14:21,042 - src.modeling.rankers.lgbm_ranker - INFO -   position_id: 153.00
2025-10-29 19:14:21,042 - src.modeling.rankers.lgbm_ranker - INFO -   aggregate_1: 131.00
2025-10-29 19:14:21,042 - src.modeling.rankers.lgbm_ranker - INFO -   tunneling: 110.00
2025-10-29 19:14:21,042 - src.modeling.rankers.lgbm_ranker - INFO - ✓ Training completed in 75.47 seconds
2025-10-29 19:14:21,042 - src.modeling.rankers.lgbm_ranker - INFO - ✓ LGBMRanker training successful
2025-10-29 19:14:21,054 - src.modeling.rankers.lgbm_ranker - INFO - Predicting top-20 for 1 test events...
/usr/local/lib/python3.10/dist-packages/lightgbm/sklearn.py:861: UserWarning: Found 'ndcg_eval_at' in params. Will use it instead of 'eval_at' argument
  _log_warning(f"Found '{alias}' in params. Will use it instead of 'eval_at' argument")
2025-10-29 19:14:21,062 - src.modeling.rankers.lgbm_ranker - INFO - ✓ Predictions generated for 1 events
2025-10-29 19:14:21,505 - src.modeling.rankers.lgbm_ranker - INFO - Top-5 most important features:
2025-10-29 19:14:21,505 - src.modeling.rankers.lgbm_ranker - INFO -   position_id: 338.00
2025-10-29 19:14:21,505 - src.modeling.rankers.lgbm_ranker - INFO -   tunneling: 301.00
2025-10-29 19:14:21,505 - src.modeling.rankers.lgbm_ranker - INFO -   position_frequency: 262.00
2025-10-29 19:14:21,505 - src.modeling.rankers.lgbm_ranker - INFO -   min_distance: 260.00
2025-10-29 19:14:21,505 - src.modeling.rankers.lgbm_ranker - INFO -   density_window_0: 188.00
2025-10-29 19:14:21,505 - src.modeling.rankers.lgbm_ranker - INFO - ✓ Training completed in 75.93 seconds
2025-10-29 19:14:21,505 - src.modeling.rankers.lgbm_ranker - INFO - ✓ LGBMRanker training successful
2025-10-29 19:14:21,527 - src.modeling.rankers.lgbm_ranker - INFO - Predicting top-20 for 1 test events...
/usr/local/lib/python3.10/dist-packages/lightgbm/sklearn.py:861: UserWarning: Found 'ndcg_eval_at' in params. Will use it instead of 'eval_at' argument
  _log_warning(f"Found '{alias}' in params. Will use it instead of 'eval_at' argument")
2025-10-29 19:14:21,535 - src.modeling.rankers.lgbm_ranker - INFO - ✓ Predictions generated for 1 events
2025-10-29 19:14:26,151 - src.modeling.rankers.lgbm_ranker - INFO - Transformed to ranking format: 450021 samples (11539 groups of 39 positions each)
2025-10-29 19:14:26,151 - src.modeling.rankers.lgbm_ranker - INFO - Training LightGBM model...
/usr/local/lib/python3.10/dist-packages/lightgbm/sklearn.py:861: UserWarning: Found 'ndcg_eval_at' in params. Will use it instead of 'eval_at' argument
  _log_warning(f"Found '{alias}' in params. Will use it instead of 'eval_at' argument")
2025-10-29 19:14:28,386 - src.modeling.rankers.lgbm_ranker - INFO - Transformed to ranking format: 450021 samples (11539 groups of 39 positions each)
2025-10-29 19:14:28,386 - src.modeling.rankers.lgbm_ranker - INFO - Training LightGBM model...
/usr/local/lib/python3.10/dist-packages/lightgbm/sklearn.py:861: UserWarning: Found 'ndcg_eval_at' in params. Will use it instead of 'eval_at' argument
  _log_warning(f"Found '{alias}' in params. Will use it instead of 'eval_at' argument")
2025-10-29 19:14:29,233 - src.modeling.rankers.lgbm_ranker - INFO - Top-5 most important features:
2025-10-29 19:14:29,234 - src.modeling.rankers.lgbm_ranker - INFO -   tunneling: 428.00
2025-10-29 19:14:29,234 - src.modeling.rankers.lgbm_ranker - INFO -   min_distance: 271.00
2025-10-29 19:14:29,234 - src.modeling.rankers.lgbm_ranker - INFO -   position_id: 238.00
2025-10-29 19:14:29,234 - src.modeling.rankers.lgbm_ranker - INFO -   dft_45: 191.00
2025-10-29 19:14:29,234 - src.modeling.rankers.lgbm_ranker - INFO -   density_window_0: 191.00
2025-10-29 19:14:29,234 - src.modeling.rankers.lgbm_ranker - INFO - ✓ Training completed in 83.35 seconds
2025-10-29 19:14:29,234 - src.modeling.rankers.lgbm_ranker - INFO - ✓ LGBMRanker training successful
2025-10-29 19:14:29,304 - src.modeling.rankers.lgbm_ranker - INFO - Predicting top-20 for 1 test events...
/usr/local/lib/python3.10/dist-packages/lightgbm/sklearn.py:861: UserWarning: Found 'ndcg_eval_at' in params. Will use it instead of 'eval_at' argument
  _log_warning(f"Found '{alias}' in params. Will use it instead of 'eval_at' argument")
2025-10-29 19:14:29,312 - src.modeling.rankers.lgbm_ranker - INFO - ✓ Predictions generated for 1 events
2025-10-29 19:14:29,395 - src.modeling.rankers.lgbm_ranker - INFO - Top-5 most important features:
2025-10-29 19:14:29,395 - src.modeling.rankers.lgbm_ranker - INFO -   position_frequency: 335.00
2025-10-29 19:14:29,395 - src.modeling.rankers.lgbm_ranker - INFO -   position_id: 280.00
2025-10-29 19:14:29,395 - src.modeling.rankers.lgbm_ranker - INFO -   tunneling: 239.00
2025-10-29 19:14:29,395 - src.modeling.rankers.lgbm_ranker - INFO -   min_distance: 161.00
2025-10-29 19:14:29,395 - src.modeling.rankers.lgbm_ranker - INFO -   density_window_0: 138.00
2025-10-29 19:14:29,395 - src.modeling.rankers.lgbm_ranker - INFO - ✓ Training completed in 83.68 seconds
2025-10-29 19:14:29,395 - src.modeling.rankers.lgbm_ranker - INFO - ✓ LGBMRanker training successful
2025-10-29 19:14:29,399 - src.modeling.rankers.lgbm_ranker - INFO - Predicting top-20 for 1 test events...
/usr/local/lib/python3.10/dist-packages/lightgbm/sklearn.py:861: UserWarning: Found 'ndcg_eval_at' in params. Will use it instead of 'eval_at' argument
  _log_warning(f"Found '{alias}' in params. Will use it instead of 'eval_at' argument")
2025-10-29 19:14:29,408 - src.modeling.rankers.lgbm_ranker - INFO - ✓ Predictions generated for 1 events

  Event Duration: 97.7s
  Parallel Exec:  97.7s
  Model Training Times:
    amplitude: train=83.7s, total=97.6s
    angle_encoding: train=75.5s, total=89.2s
    graph_cycle: train=83.4s, total=97.5s
    density_matrix: train=75.9s, total=89.7s
  Memory Peak: 1.28 GB
  Recalls: amplitude: 100%, angle_encoding: 100%, graph_cycle: 100%, density_matrix: 100%, ensemble: 100%
  [CHECKPOINT] Saved

================================================================================
Event 11541 (52/100)
================================================================================
2025-10-29 19:14:29,558 - src.imputation.base_imputer - INFO - Fitting graph_cycle_encoding imputer on 11540 samples
2025-10-29 19:14:29,558 - src.imputation.base_imputer - INFO - Fitting amplitude_embedding imputer on 11540 samples
2025-10-29 19:14:29,558 - src.imputation.base_imputer - INFO - Fitting angle_encoding imputer on 11540 samples
2025-10-29 19:14:29,558 - src.imputation.base_imputer - INFO - Fitting density_matrix_optimized imputer on 11540 samples
2025-10-29 19:14:29,562 - src.imputation.density_matrix - INFO - Density matrix uses fixed quantum mechanical construction (no learning from 11540 training samples)
2025-10-29 19:14:29,562 - src.imputation.graph_cycle_encoding - INFO - Graph/Cycle encoding uses fixed DFT basis and geometric distances (no learning from 11540 training samples)
2025-10-29 19:14:29,562 - src.imputation.base_imputer - INFO - density_matrix_optimized imputer fitted successfully
2025-10-29 19:14:29,562 - src.imputation.base_imputer - INFO - graph_cycle_encoding imputer fitted successfully
2025-10-29 19:14:29,562 - src.imputation.base_imputer - INFO - Transforming 11540 samples with density_matrix_optimized imputer
2025-10-29 19:14:29,562 - src.imputation.base_imputer - INFO - Transforming 11540 samples with graph_cycle_encoding imputer
2025-10-29 19:14:29,562 - src.imputation.angle_encoding - INFO - Angle encoding uses fixed angular mapping (no learning from 11540 training samples)
2025-10-29 19:14:29,562 - src.imputation.base_imputer - INFO - angle_encoding imputer fitted successfully
2025-10-29 19:14:29,562 - src.imputation.base_imputer - INFO - Transforming 11540 samples with angle_encoding imputer
2025-10-29 19:14:29,562 - src.imputation.amplitude_embedding - INFO - Learned position frequencies from 11540 samples. Normalization mode: uniform
2025-10-29 19:14:29,562 - src.imputation.base_imputer - INFO - amplitude_embedding imputer fitted successfully
2025-10-29 19:14:29,562 - src.imputation.base_imputer - INFO - Transforming 11540 samples with amplitude_embedding imputer
2025-10-29 19:14:37,529 - src.imputation.base_imputer - INFO - Transformation complete: output shape (11540, 322)
2025-10-29 19:14:37,529 - src.imputation.base_imputer - INFO - Transforming 1 samples with angle_encoding imputer
2025-10-29 19:14:37,531 - src.imputation.base_imputer - INFO - Transformation complete: output shape (1, 322)
2025-10-29 19:14:37,577 - src.imputation.base_imputer - INFO - Transformation complete: output shape (11540, 377)
2025-10-29 19:14:37,577 - src.imputation.base_imputer - INFO - Transforming 1 samples with amplitude_embedding imputer
2025-10-29 19:14:37,579 - src.imputation.base_imputer - INFO - Transformation complete: output shape (1, 377)
2025-10-29 19:14:37,659 - src.imputation.base_imputer - INFO - Transformation complete: output shape (11540, 259)
2025-10-29 19:14:37,659 - src.imputation.base_imputer - INFO - Transforming 1 samples with density_matrix_optimized imputer
2025-10-29 19:14:37,661 - src.imputation.base_imputer - INFO - Transformation complete: output shape (1, 259)
2025-10-29 19:14:37,960 - src.imputation.base_imputer - INFO - Transformation complete: output shape (11540, 277)
2025-10-29 19:14:37,960 - src.imputation.base_imputer - INFO - Transforming 1 samples with graph_cycle_encoding imputer
2025-10-29 19:14:37,962 - src.imputation.base_imputer - INFO - Transformation complete: output shape (1, 277)
2025-10-29 19:14:43,247 - src.modeling.rankers.lgbm_ranker - INFO - Training LGBMRanker on 11540 events...
2025-10-29 19:14:43,358 - src.modeling.rankers.lgbm_ranker - INFO - Training LGBMRanker on 11540 events...
2025-10-29 19:14:43,389 - src.modeling.rankers.lgbm_ranker - INFO - Computed position frequencies: 39 positions
2025-10-29 19:14:43,410 - src.modeling.rankers.lgbm_ranker - INFO - Training LGBMRanker on 11540 events...
2025-10-29 19:14:43,505 - src.modeling.rankers.lgbm_ranker - INFO - Computed position frequencies: 39 positions
2025-10-29 19:14:43,557 - src.modeling.rankers.lgbm_ranker - INFO - Computed position frequencies: 39 positions
2025-10-29 19:14:43,593 - src.modeling.rankers.lgbm_ranker - INFO - Training LGBMRanker on 11540 events...
2025-10-29 19:14:43,732 - src.modeling.rankers.lgbm_ranker - INFO - Computed position frequencies: 39 positions
2025-10-29 19:15:57,883 - src.modeling.rankers.lgbm_ranker - INFO - Transformed to ranking format: 450060 samples (11540 groups of 39 positions each)
2025-10-29 19:15:57,883 - src.modeling.rankers.lgbm_ranker - INFO - Training LightGBM model...
/usr/local/lib/python3.10/dist-packages/lightgbm/sklearn.py:861: UserWarning: Found 'ndcg_eval_at' in params. Will use it instead of 'eval_at' argument
  _log_warning(f"Found '{alias}' in params. Will use it instead of 'eval_at' argument")
2025-10-29 19:15:58,677 - src.modeling.rankers.lgbm_ranker - INFO - Transformed to ranking format: 450060 samples (11540 groups of 39 positions each)
2025-10-29 19:15:58,677 - src.modeling.rankers.lgbm_ranker - INFO - Training LightGBM model...
/usr/local/lib/python3.10/dist-packages/lightgbm/sklearn.py:861: UserWarning: Found 'ndcg_eval_at' in params. Will use it instead of 'eval_at' argument
  _log_warning(f"Found '{alias}' in params. Will use it instead of 'eval_at' argument")
2025-10-29 19:15:59,570 - src.modeling.rankers.lgbm_ranker - INFO - Top-5 most important features:
2025-10-29 19:15:59,570 - src.modeling.rankers.lgbm_ranker - INFO -   position_id: 401.00
2025-10-29 19:15:59,570 - src.modeling.rankers.lgbm_ranker - INFO -   position_frequency: 312.00
2025-10-29 19:15:59,570 - src.modeling.rankers.lgbm_ranker - INFO -   tunneling: 302.00
2025-10-29 19:15:59,570 - src.modeling.rankers.lgbm_ranker - INFO -   min_distance: 231.00
2025-10-29 19:15:59,570 - src.modeling.rankers.lgbm_ranker - INFO -   density_window_0: 193.00
2025-10-29 19:15:59,570 - src.modeling.rankers.lgbm_ranker - INFO - ✓ Training completed in 76.32 seconds
2025-10-29 19:15:59,570 - src.modeling.rankers.lgbm_ranker - INFO - ✓ LGBMRanker training successful
2025-10-29 19:15:59,591 - src.modeling.rankers.lgbm_ranker - INFO - Predicting top-20 for 1 test events...
/usr/local/lib/python3.10/dist-packages/lightgbm/sklearn.py:861: UserWarning: Found 'ndcg_eval_at' in params. Will use it instead of 'eval_at' argument
  _log_warning(f"Found '{alias}' in params. Will use it instead of 'eval_at' argument")
2025-10-29 19:15:59,599 - src.modeling.rankers.lgbm_ranker - INFO - ✓ Predictions generated for 1 events
2025-10-29 19:15:59,863 - src.modeling.rankers.lgbm_ranker - INFO - Top-5 most important features:
2025-10-29 19:15:59,863 - src.modeling.rankers.lgbm_ranker - INFO -   aggregate_0: 304.00
2025-10-29 19:15:59,863 - src.modeling.rankers.lgbm_ranker - INFO -   position_frequency: 237.00
2025-10-29 19:15:59,863 - src.modeling.rankers.lgbm_ranker - INFO -   position_id: 202.00
2025-10-29 19:15:59,863 - src.modeling.rankers.lgbm_ranker - INFO -   tunneling: 109.00
2025-10-29 19:15:59,863 - src.modeling.rankers.lgbm_ranker - INFO -   aggregate_1: 108.00
2025-10-29 19:15:59,863 - src.modeling.rankers.lgbm_ranker - INFO - ✓ Training completed in 76.50 seconds
2025-10-29 19:15:59,863 - src.modeling.rankers.lgbm_ranker - INFO - ✓ LGBMRanker training successful
2025-10-29 19:15:59,874 - src.modeling.rankers.lgbm_ranker - INFO - Predicting top-20 for 1 test events...
/usr/local/lib/python3.10/dist-packages/lightgbm/sklearn.py:861: UserWarning: Found 'ndcg_eval_at' in params. Will use it instead of 'eval_at' argument
  _log_warning(f"Found '{alias}' in params. Will use it instead of 'eval_at' argument")
2025-10-29 19:15:59,882 - src.modeling.rankers.lgbm_ranker - INFO - ✓ Predictions generated for 1 events
2025-10-29 19:16:03,189 - src.modeling.rankers.lgbm_ranker - INFO - Transformed to ranking format: 450060 samples (11540 groups of 39 positions each)
2025-10-29 19:16:03,189 - src.modeling.rankers.lgbm_ranker - INFO - Training LightGBM model...
/usr/local/lib/python3.10/dist-packages/lightgbm/sklearn.py:861: UserWarning: Found 'ndcg_eval_at' in params. Will use it instead of 'eval_at' argument
  _log_warning(f"Found '{alias}' in params. Will use it instead of 'eval_at' argument")
2025-10-29 19:16:06,179 - src.modeling.rankers.lgbm_ranker - INFO - Top-5 most important features:
2025-10-29 19:16:06,179 - src.modeling.rankers.lgbm_ranker - INFO -   tunneling: 385.00
2025-10-29 19:16:06,179 - src.modeling.rankers.lgbm_ranker - INFO -   min_distance: 244.00
2025-10-29 19:16:06,179 - src.modeling.rankers.lgbm_ranker - INFO -   position_id: 231.00
2025-10-29 19:16:06,179 - src.modeling.rankers.lgbm_ranker - INFO -   dft_45: 195.00
2025-10-29 19:16:06,179 - src.modeling.rankers.lgbm_ranker - INFO -   density_window_0: 192.00
2025-10-29 19:16:06,179 - src.modeling.rankers.lgbm_ranker - INFO - ✓ Training completed in 82.59 seconds
2025-10-29 19:16:06,179 - src.modeling.rankers.lgbm_ranker - INFO - ✓ LGBMRanker training successful
2025-10-29 19:16:06,229 - src.modeling.rankers.lgbm_ranker - INFO - Predicting top-20 for 1 test events...
/usr/local/lib/python3.10/dist-packages/lightgbm/sklearn.py:861: UserWarning: Found 'ndcg_eval_at' in params. Will use it instead of 'eval_at' argument
  _log_warning(f"Found '{alias}' in params. Will use it instead of 'eval_at' argument")
2025-10-29 19:16:06,237 - src.modeling.rankers.lgbm_ranker - INFO - ✓ Predictions generated for 1 events
2025-10-29 19:16:06,346 - src.modeling.rankers.lgbm_ranker - INFO - Transformed to ranking format: 450060 samples (11540 groups of 39 positions each)
2025-10-29 19:16:06,346 - src.modeling.rankers.lgbm_ranker - INFO - Training LightGBM model...
/usr/local/lib/python3.10/dist-packages/lightgbm/sklearn.py:861: UserWarning: Found 'ndcg_eval_at' in params. Will use it instead of 'eval_at' argument
  _log_warning(f"Found '{alias}' in params. Will use it instead of 'eval_at' argument")
2025-10-29 19:16:07,426 - src.modeling.rankers.lgbm_ranker - INFO - Top-5 most important features:
2025-10-29 19:16:07,426 - src.modeling.rankers.lgbm_ranker - INFO -   position_frequency: 379.00
2025-10-29 19:16:07,426 - src.modeling.rankers.lgbm_ranker - INFO -   tunneling: 299.00
2025-10-29 19:16:07,426 - src.modeling.rankers.lgbm_ranker - INFO -   min_distance: 195.00
2025-10-29 19:16:07,426 - src.modeling.rankers.lgbm_ranker - INFO -   position_id: 188.00
2025-10-29 19:16:07,426 - src.modeling.rankers.lgbm_ranker - INFO -   density_window_0: 103.00
2025-10-29 19:16:07,426 - src.modeling.rankers.lgbm_ranker - INFO - ✓ Training completed in 84.02 seconds
2025-10-29 19:16:07,427 - src.modeling.rankers.lgbm_ranker - INFO - ✓ LGBMRanker training successful
2025-10-29 19:16:07,430 - src.modeling.rankers.lgbm_ranker - INFO - Predicting top-20 for 1 test events...
/usr/local/lib/python3.10/dist-packages/lightgbm/sklearn.py:861: UserWarning: Found 'ndcg_eval_at' in params. Will use it instead of 'eval_at' argument
  _log_warning(f"Found '{alias}' in params. Will use it instead of 'eval_at' argument")
2025-10-29 19:16:07,439 - src.modeling.rankers.lgbm_ranker - INFO - ✓ Predictions generated for 1 events

  Event Duration: 98.1s
  Parallel Exec:  98.1s
  Model Training Times:
    amplitude: train=84.0s, total=97.9s
    angle_encoding: train=76.5s, total=90.3s
    graph_cycle: train=82.6s, total=96.7s
    density_matrix: train=76.3s, total=90.1s
  Memory Peak: 1.59 GB
  Recalls: amplitude: 100%, angle_encoding: 100%, graph_cycle: 100%, density_matrix: 100%, ensemble: 100%
  [CHECKPOINT] Saved

================================================================================
Event 11542 (53/100)
================================================================================
2025-10-29 19:16:07,620 - src.imputation.base_imputer - INFO - Fitting angle_encoding imputer on 11541 samples
2025-10-29 19:16:07,620 - src.imputation.base_imputer - INFO - Fitting amplitude_embedding imputer on 11541 samples
2025-10-29 19:16:07,620 - src.imputation.base_imputer - INFO - Fitting graph_cycle_encoding imputer on 11541 samples
2025-10-29 19:16:07,620 - src.imputation.base_imputer - INFO - Fitting density_matrix_optimized imputer on 11541 samples
2025-10-29 19:16:07,624 - src.imputation.angle_encoding - INFO - Angle encoding uses fixed angular mapping (no learning from 11541 training samples)
2025-10-29 19:16:07,624 - src.imputation.density_matrix - INFO - Density matrix uses fixed quantum mechanical construction (no learning from 11541 training samples)
2025-10-29 19:16:07,624 - src.imputation.graph_cycle_encoding - INFO - Graph/Cycle encoding uses fixed DFT basis and geometric distances (no learning from 11541 training samples)
2025-10-29 19:16:07,624 - src.imputation.base_imputer - INFO - angle_encoding imputer fitted successfully
2025-10-29 19:16:07,625 - src.imputation.base_imputer - INFO - density_matrix_optimized imputer fitted successfully
2025-10-29 19:16:07,625 - src.imputation.base_imputer - INFO - graph_cycle_encoding imputer fitted successfully
2025-10-29 19:16:07,625 - src.imputation.base_imputer - INFO - Transforming 11541 samples with angle_encoding imputer
2025-10-29 19:16:07,625 - src.imputation.base_imputer - INFO - Transforming 11541 samples with density_matrix_optimized imputer
2025-10-29 19:16:07,625 - src.imputation.base_imputer - INFO - Transforming 11541 samples with graph_cycle_encoding imputer
2025-10-29 19:16:07,625 - src.imputation.amplitude_embedding - INFO - Learned position frequencies from 11541 samples. Normalization mode: uniform
2025-10-29 19:16:07,625 - src.imputation.base_imputer - INFO - amplitude_embedding imputer fitted successfully
2025-10-29 19:16:07,625 - src.imputation.base_imputer - INFO - Transforming 11541 samples with amplitude_embedding imputer
2025-10-29 19:16:15,539 - src.imputation.base_imputer - INFO - Transformation complete: output shape (11541, 322)
2025-10-29 19:16:15,540 - src.imputation.base_imputer - INFO - Transforming 1 samples with angle_encoding imputer
2025-10-29 19:16:15,542 - src.imputation.base_imputer - INFO - Transformation complete: output shape (1, 322)
2025-10-29 19:16:15,685 - src.imputation.base_imputer - INFO - Transformation complete: output shape (11541, 377)
2025-10-29 19:16:15,685 - src.imputation.base_imputer - INFO - Transforming 1 samples with amplitude_embedding imputer
2025-10-29 19:16:15,688 - src.imputation.base_imputer - INFO - Transformation complete: output shape (1, 377)
2025-10-29 19:16:15,765 - src.imputation.base_imputer - INFO - Transformation complete: output shape (11541, 259)
2025-10-29 19:16:15,765 - src.imputation.base_imputer - INFO - Transforming 1 samples with density_matrix_optimized imputer
2025-10-29 19:16:15,767 - src.imputation.base_imputer - INFO - Transformation complete: output shape (1, 259)
2025-10-29 19:16:16,002 - src.imputation.base_imputer - INFO - Transformation complete: output shape (11541, 277)
2025-10-29 19:16:16,002 - src.imputation.base_imputer - INFO - Transforming 1 samples with graph_cycle_encoding imputer
2025-10-29 19:16:16,004 - src.imputation.base_imputer - INFO - Transformation complete: output shape (1, 277)
2025-10-29 19:16:21,382 - src.modeling.rankers.lgbm_ranker - INFO - Training LGBMRanker on 11541 events...
2025-10-29 19:16:21,391 - src.modeling.rankers.lgbm_ranker - INFO - Training LGBMRanker on 11541 events...
2025-10-29 19:16:21,523 - src.modeling.rankers.lgbm_ranker - INFO - Computed position frequencies: 39 positions
2025-10-29 19:16:21,540 - src.modeling.rankers.lgbm_ranker - INFO - Computed position frequencies: 39 positions
2025-10-29 19:16:21,546 - src.modeling.rankers.lgbm_ranker - INFO - Training LGBMRanker on 11541 events...
2025-10-29 19:16:21,615 - src.modeling.rankers.lgbm_ranker - INFO - Training LGBMRanker on 11541 events...
2025-10-29 19:16:21,691 - src.modeling.rankers.lgbm_ranker - INFO - Computed position frequencies: 39 positions
2025-10-29 19:16:21,756 - src.modeling.rankers.lgbm_ranker - INFO - Computed position frequencies: 39 positions
2025-10-29 19:17:35,329 - src.modeling.rankers.lgbm_ranker - INFO - Transformed to ranking format: 450099 samples (11541 groups of 39 positions each)
2025-10-29 19:17:35,329 - src.modeling.rankers.lgbm_ranker - INFO - Training LightGBM model...
/usr/local/lib/python3.10/dist-packages/lightgbm/sklearn.py:861: UserWarning: Found 'ndcg_eval_at' in params. Will use it instead of 'eval_at' argument
  _log_warning(f"Found '{alias}' in params. Will use it instead of 'eval_at' argument")
2025-10-29 19:17:36,510 - src.modeling.rankers.lgbm_ranker - INFO - Top-5 most important features:
2025-10-29 19:17:36,510 - src.modeling.rankers.lgbm_ranker - INFO -   aggregate_0: 357.00
2025-10-29 19:17:36,510 - src.modeling.rankers.lgbm_ranker - INFO -   position_frequency: 262.00
2025-10-29 19:17:36,510 - src.modeling.rankers.lgbm_ranker - INFO -   position_id: 197.00
2025-10-29 19:17:36,510 - src.modeling.rankers.lgbm_ranker - INFO -   aggregate_1: 120.00
2025-10-29 19:17:36,510 - src.modeling.rankers.lgbm_ranker - INFO -   tunneling: 94.00
2025-10-29 19:17:36,510 - src.modeling.rankers.lgbm_ranker - INFO - ✓ Training completed in 75.12 seconds
2025-10-29 19:17:36,510 - src.modeling.rankers.lgbm_ranker - INFO - ✓ LGBMRanker training successful
2025-10-29 19:17:36,522 - src.modeling.rankers.lgbm_ranker - INFO - Predicting top-20 for 1 test events...
/usr/local/lib/python3.10/dist-packages/lightgbm/sklearn.py:861: UserWarning: Found 'ndcg_eval_at' in params. Will use it instead of 'eval_at' argument
  _log_warning(f"Found '{alias}' in params. Will use it instead of 'eval_at' argument")
2025-10-29 19:17:36,529 - src.modeling.rankers.lgbm_ranker - INFO - ✓ Predictions generated for 1 events
2025-10-29 19:17:36,756 - src.modeling.rankers.lgbm_ranker - INFO - Transformed to ranking format: 450099 samples (11541 groups of 39 positions each)
2025-10-29 19:17:36,756 - src.modeling.rankers.lgbm_ranker - INFO - Training LightGBM model...
/usr/local/lib/python3.10/dist-packages/lightgbm/sklearn.py:861: UserWarning: Found 'ndcg_eval_at' in params. Will use it instead of 'eval_at' argument
  _log_warning(f"Found '{alias}' in params. Will use it instead of 'eval_at' argument")
2025-10-29 19:17:38,318 - src.modeling.rankers.lgbm_ranker - INFO - Top-5 most important features:
2025-10-29 19:17:38,318 - src.modeling.rankers.lgbm_ranker - INFO -   position_id: 412.00
2025-10-29 19:17:38,318 - src.modeling.rankers.lgbm_ranker - INFO -   position_frequency: 320.00
2025-10-29 19:17:38,318 - src.modeling.rankers.lgbm_ranker - INFO -   tunneling: 312.00
2025-10-29 19:17:38,318 - src.modeling.rankers.lgbm_ranker - INFO -   min_distance: 237.00
2025-10-29 19:17:38,318 - src.modeling.rankers.lgbm_ranker - INFO -   density_window_0: 189.00
2025-10-29 19:17:38,318 - src.modeling.rankers.lgbm_ranker - INFO - ✓ Training completed in 76.94 seconds
2025-10-29 19:17:38,318 - src.modeling.rankers.lgbm_ranker - INFO - ✓ LGBMRanker training successful
2025-10-29 19:17:38,339 - src.modeling.rankers.lgbm_ranker - INFO - Predicting top-20 for 1 test events...
/usr/local/lib/python3.10/dist-packages/lightgbm/sklearn.py:861: UserWarning: Found 'ndcg_eval_at' in params. Will use it instead of 'eval_at' argument
  _log_warning(f"Found '{alias}' in params. Will use it instead of 'eval_at' argument")
2025-10-29 19:17:38,347 - src.modeling.rankers.lgbm_ranker - INFO - ✓ Predictions generated for 1 events
2025-10-29 19:17:43,235 - src.modeling.rankers.lgbm_ranker - INFO - Transformed to ranking format: 450099 samples (11541 groups of 39 positions each)
2025-10-29 19:17:43,236 - src.modeling.rankers.lgbm_ranker - INFO - Training LightGBM model...
/usr/local/lib/python3.10/dist-packages/lightgbm/sklearn.py:861: UserWarning: Found 'ndcg_eval_at' in params. Will use it instead of 'eval_at' argument
  _log_warning(f"Found '{alias}' in params. Will use it instead of 'eval_at' argument")
2025-10-29 19:17:46,227 - src.modeling.rankers.lgbm_ranker - INFO - Top-5 most important features:
2025-10-29 19:17:46,227 - src.modeling.rankers.lgbm_ranker - INFO -   tunneling: 407.00
2025-10-29 19:17:46,227 - src.modeling.rankers.lgbm_ranker - INFO -   position_id: 276.00
2025-10-29 19:17:46,227 - src.modeling.rankers.lgbm_ranker - INFO -   min_distance: 220.00
2025-10-29 19:17:46,227 - src.modeling.rankers.lgbm_ranker - INFO -   dft_45: 217.00
2025-10-29 19:17:46,227 - src.modeling.rankers.lgbm_ranker - INFO -   density_window_0: 204.00
2025-10-29 19:17:46,227 - src.modeling.rankers.lgbm_ranker - INFO - ✓ Training completed in 84.61 seconds
2025-10-29 19:17:46,227 - src.modeling.rankers.lgbm_ranker - INFO - ✓ LGBMRanker training successful
2025-10-29 19:17:46,274 - src.modeling.rankers.lgbm_ranker - INFO - Predicting top-20 for 1 test events...
/usr/local/lib/python3.10/dist-packages/lightgbm/sklearn.py:861: UserWarning: Found 'ndcg_eval_at' in params. Will use it instead of 'eval_at' argument
  _log_warning(f"Found '{alias}' in params. Will use it instead of 'eval_at' argument")
2025-10-29 19:17:46,282 - src.modeling.rankers.lgbm_ranker - INFO - ✓ Predictions generated for 1 events
2025-10-29 19:17:46,295 - src.modeling.rankers.lgbm_ranker - INFO - Transformed to ranking format: 450099 samples (11541 groups of 39 positions each)
2025-10-29 19:17:46,295 - src.modeling.rankers.lgbm_ranker - INFO - Training LightGBM model...
/usr/local/lib/python3.10/dist-packages/lightgbm/sklearn.py:861: UserWarning: Found 'ndcg_eval_at' in params. Will use it instead of 'eval_at' argument
  _log_warning(f"Found '{alias}' in params. Will use it instead of 'eval_at' argument")
2025-10-29 19:17:47,334 - src.modeling.rankers.lgbm_ranker - INFO - Top-5 most important features:
2025-10-29 19:17:47,334 - src.modeling.rankers.lgbm_ranker - INFO -   position_frequency: 361.00
2025-10-29 19:17:47,334 - src.modeling.rankers.lgbm_ranker - INFO -   tunneling: 316.00
2025-10-29 19:17:47,334 - src.modeling.rankers.lgbm_ranker - INFO -   position_id: 243.00
2025-10-29 19:17:47,334 - src.modeling.rankers.lgbm_ranker - INFO -   min_distance: 213.00
2025-10-29 19:17:47,334 - src.modeling.rankers.lgbm_ranker - INFO -   density_window_0: 97.00
2025-10-29 19:17:47,334 - src.modeling.rankers.lgbm_ranker - INFO - ✓ Training completed in 85.79 seconds
2025-10-29 19:17:47,334 - src.modeling.rankers.lgbm_ranker - INFO - ✓ LGBMRanker training successful
2025-10-29 19:17:47,339 - src.modeling.rankers.lgbm_ranker - INFO - Predicting top-20 for 1 test events...
/usr/local/lib/python3.10/dist-packages/lightgbm/sklearn.py:861: UserWarning: Found 'ndcg_eval_at' in params. Will use it instead of 'eval_at' argument
  _log_warning(f"Found '{alias}' in params. Will use it instead of 'eval_at' argument")
2025-10-29 19:17:47,347 - src.modeling.rankers.lgbm_ranker - INFO - ✓ Predictions generated for 1 events

  Event Duration: 99.9s
  Parallel Exec:  99.9s
  Model Training Times:
    amplitude: train=85.8s, total=99.7s
    angle_encoding: train=75.1s, total=88.9s
    graph_cycle: train=84.7s, total=98.7s
    density_matrix: train=77.0s, total=90.7s
  Memory Peak: 1.59 GB
  Recalls: amplitude: 100%, angle_encoding: 100%, graph_cycle: 100%, density_matrix: 100%, ensemble: 100%
  [CHECKPOINT] Saved

================================================================================
Event 11543 (54/100)
================================================================================
2025-10-29 19:17:47,535 - src.imputation.base_imputer - INFO - Fitting angle_encoding imputer on 11542 samples
2025-10-29 19:17:47,535 - src.imputation.base_imputer - INFO - Fitting graph_cycle_encoding imputer on 11542 samples
2025-10-29 19:17:47,535 - src.imputation.base_imputer - INFO - Fitting amplitude_embedding imputer on 11542 samples
2025-10-29 19:17:47,536 - src.imputation.base_imputer - INFO - Fitting density_matrix_optimized imputer on 11542 samples
2025-10-29 19:17:47,539 - src.imputation.angle_encoding - INFO - Angle encoding uses fixed angular mapping (no learning from 11542 training samples)
2025-10-29 19:17:47,539 - src.imputation.base_imputer - INFO - angle_encoding imputer fitted successfully
2025-10-29 19:17:47,539 - src.imputation.base_imputer - INFO - Transforming 11542 samples with angle_encoding imputer
2025-10-29 19:17:47,539 - src.imputation.graph_cycle_encoding - INFO - Graph/Cycle encoding uses fixed DFT basis and geometric distances (no learning from 11542 training samples)
2025-10-29 19:17:47,539 - src.imputation.base_imputer - INFO - graph_cycle_encoding imputer fitted successfully
2025-10-29 19:17:47,539 - src.imputation.density_matrix - INFO - Density matrix uses fixed quantum mechanical construction (no learning from 11542 training samples)
2025-10-29 19:17:47,539 - src.imputation.base_imputer - INFO - Transforming 11542 samples with graph_cycle_encoding imputer
2025-10-29 19:17:47,539 - src.imputation.base_imputer - INFO - density_matrix_optimized imputer fitted successfully
2025-10-29 19:17:47,539 - src.imputation.base_imputer - INFO - Transforming 11542 samples with density_matrix_optimized imputer
2025-10-29 19:17:47,539 - src.imputation.amplitude_embedding - INFO - Learned position frequencies from 11542 samples. Normalization mode: uniform
2025-10-29 19:17:47,539 - src.imputation.base_imputer - INFO - amplitude_embedding imputer fitted successfully
2025-10-29 19:17:47,539 - src.imputation.base_imputer - INFO - Transforming 11542 samples with amplitude_embedding imputer
2025-10-29 19:17:55,251 - src.imputation.base_imputer - INFO - Transformation complete: output shape (11542, 322)
2025-10-29 19:17:55,251 - src.imputation.base_imputer - INFO - Transforming 1 samples with angle_encoding imputer
2025-10-29 19:17:55,253 - src.imputation.base_imputer - INFO - Transformation complete: output shape (1, 322)
2025-10-29 19:17:55,571 - src.imputation.base_imputer - INFO - Transformation complete: output shape (11542, 377)
2025-10-29 19:17:55,572 - src.imputation.base_imputer - INFO - Transforming 1 samples with amplitude_embedding imputer
2025-10-29 19:17:55,574 - src.imputation.base_imputer - INFO - Transformation complete: output shape (1, 377)
2025-10-29 19:17:55,938 - src.imputation.base_imputer - INFO - Transformation complete: output shape (11542, 277)
2025-10-29 19:17:55,938 - src.imputation.base_imputer - INFO - Transforming 1 samples with graph_cycle_encoding imputer
2025-10-29 19:17:55,941 - src.imputation.base_imputer - INFO - Transformation complete: output shape (1, 277)
2025-10-29 19:17:55,946 - src.imputation.base_imputer - INFO - Transformation complete: output shape (11542, 259)
2025-10-29 19:17:55,946 - src.imputation.base_imputer - INFO - Transforming 1 samples with density_matrix_optimized imputer
2025-10-29 19:17:55,948 - src.imputation.base_imputer - INFO - Transformation complete: output shape (1, 259)
2025-10-29 19:18:00,927 - src.modeling.rankers.lgbm_ranker - INFO - Training LGBMRanker on 11542 events...
2025-10-29 19:18:01,070 - src.modeling.rankers.lgbm_ranker - INFO - Computed position frequencies: 39 positions
2025-10-29 19:18:01,462 - src.modeling.rankers.lgbm_ranker - INFO - Training LGBMRanker on 11542 events...
2025-10-29 19:18:01,595 - src.modeling.rankers.lgbm_ranker - INFO - Training LGBMRanker on 11542 events...
2025-10-29 19:18:01,609 - src.modeling.rankers.lgbm_ranker - INFO - Computed position frequencies: 39 positions
2025-10-29 19:18:01,738 - src.modeling.rankers.lgbm_ranker - INFO - Computed position frequencies: 39 positions
2025-10-29 19:18:01,808 - src.modeling.rankers.lgbm_ranker - INFO - Training LGBMRanker on 11542 events...
2025-10-29 19:18:01,954 - src.modeling.rankers.lgbm_ranker - INFO - Computed position frequencies: 39 positions
2025-10-29 19:19:13,765 - src.modeling.rankers.lgbm_ranker - INFO - Transformed to ranking format: 450138 samples (11542 groups of 39 positions each)
2025-10-29 19:19:13,766 - src.modeling.rankers.lgbm_ranker - INFO - Training LightGBM model...
/usr/local/lib/python3.10/dist-packages/lightgbm/sklearn.py:861: UserWarning: Found 'ndcg_eval_at' in params. Will use it instead of 'eval_at' argument
  _log_warning(f"Found '{alias}' in params. Will use it instead of 'eval_at' argument")
2025-10-29 19:19:14,864 - src.modeling.rankers.lgbm_ranker - INFO - Top-5 most important features:
2025-10-29 19:19:14,864 - src.modeling.rankers.lgbm_ranker - INFO -   position_frequency: 328.00
2025-10-29 19:19:14,864 - src.modeling.rankers.lgbm_ranker - INFO -   aggregate_0: 247.00
2025-10-29 19:19:14,864 - src.modeling.rankers.lgbm_ranker - INFO -   position_id: 234.00
2025-10-29 19:19:14,864 - src.modeling.rankers.lgbm_ranker - INFO -   tunneling: 106.00
2025-10-29 19:19:14,864 - src.modeling.rankers.lgbm_ranker - INFO -   aggregate_1: 103.00
2025-10-29 19:19:14,864 - src.modeling.rankers.lgbm_ranker - INFO - ✓ Training completed in 73.94 seconds
2025-10-29 19:19:14,864 - src.modeling.rankers.lgbm_ranker - INFO - ✓ LGBMRanker training successful
2025-10-29 19:19:14,874 - src.modeling.rankers.lgbm_ranker - INFO - Predicting top-20 for 1 test events...
/usr/local/lib/python3.10/dist-packages/lightgbm/sklearn.py:861: UserWarning: Found 'ndcg_eval_at' in params. Will use it instead of 'eval_at' argument
  _log_warning(f"Found '{alias}' in params. Will use it instead of 'eval_at' argument")
2025-10-29 19:19:14,882 - src.modeling.rankers.lgbm_ranker - INFO - ✓ Predictions generated for 1 events
2025-10-29 19:19:18,985 - src.modeling.rankers.lgbm_ranker - INFO - Transformed to ranking format: 450138 samples (11542 groups of 39 positions each)
2025-10-29 19:19:18,985 - src.modeling.rankers.lgbm_ranker - INFO - Training LightGBM model...
/usr/local/lib/python3.10/dist-packages/lightgbm/sklearn.py:861: UserWarning: Found 'ndcg_eval_at' in params. Will use it instead of 'eval_at' argument
  _log_warning(f"Found '{alias}' in params. Will use it instead of 'eval_at' argument")
2025-10-29 19:19:20,605 - src.modeling.rankers.lgbm_ranker - INFO - Top-5 most important features:
2025-10-29 19:19:20,605 - src.modeling.rankers.lgbm_ranker - INFO -   position_id: 431.00
2025-10-29 19:19:20,605 - src.modeling.rankers.lgbm_ranker - INFO -   tunneling: 340.00
2025-10-29 19:19:20,605 - src.modeling.rankers.lgbm_ranker - INFO -   position_frequency: 310.00
2025-10-29 19:19:20,605 - src.modeling.rankers.lgbm_ranker - INFO -   min_distance: 230.00
2025-10-29 19:19:20,605 - src.modeling.rankers.lgbm_ranker - INFO -   density_window_0: 190.00
2025-10-29 19:19:20,606 - src.modeling.rankers.lgbm_ranker - INFO - ✓ Training completed in 78.80 seconds
2025-10-29 19:19:20,606 - src.modeling.rankers.lgbm_ranker - INFO - ✓ LGBMRanker training successful
2025-10-29 19:19:20,626 - src.modeling.rankers.lgbm_ranker - INFO - Predicting top-20 for 1 test events...
/usr/local/lib/python3.10/dist-packages/lightgbm/sklearn.py:861: UserWarning: Found 'ndcg_eval_at' in params. Will use it instead of 'eval_at' argument
  _log_warning(f"Found '{alias}' in params. Will use it instead of 'eval_at' argument")
2025-10-29 19:19:20,635 - src.modeling.rankers.lgbm_ranker - INFO - ✓ Predictions generated for 1 events
2025-10-29 19:19:22,400 - src.modeling.rankers.lgbm_ranker - INFO - Transformed to ranking format: 450138 samples (11542 groups of 39 positions each)
2025-10-29 19:19:22,400 - src.modeling.rankers.lgbm_ranker - INFO - Training LightGBM model...
/usr/local/lib/python3.10/dist-packages/lightgbm/sklearn.py:861: UserWarning: Found 'ndcg_eval_at' in params. Will use it instead of 'eval_at' argument
  _log_warning(f"Found '{alias}' in params. Will use it instead of 'eval_at' argument")
2025-10-29 19:19:24,735 - src.modeling.rankers.lgbm_ranker - INFO - Transformed to ranking format: 450138 samples (11542 groups of 39 positions each)
2025-10-29 19:19:24,736 - src.modeling.rankers.lgbm_ranker - INFO - Training LightGBM model...
/usr/local/lib/python3.10/dist-packages/lightgbm/sklearn.py:861: UserWarning: Found 'ndcg_eval_at' in params. Will use it instead of 'eval_at' argument
  _log_warning(f"Found '{alias}' in params. Will use it instead of 'eval_at' argument")
2025-10-29 19:19:25,396 - src.modeling.rankers.lgbm_ranker - INFO - Top-5 most important features:
2025-10-29 19:19:25,396 - src.modeling.rankers.lgbm_ranker - INFO -   tunneling: 386.00
2025-10-29 19:19:25,396 - src.modeling.rankers.lgbm_ranker - INFO -   min_distance: 252.00
2025-10-29 19:19:25,396 - src.modeling.rankers.lgbm_ranker - INFO -   position_id: 234.00
2025-10-29 19:19:25,396 - src.modeling.rankers.lgbm_ranker - INFO -   density_window_0: 188.00
2025-10-29 19:19:25,396 - src.modeling.rankers.lgbm_ranker - INFO -   dft_45: 176.00
2025-10-29 19:19:25,396 - src.modeling.rankers.lgbm_ranker - INFO - ✓ Training completed in 83.80 seconds
2025-10-29 19:19:25,396 - src.modeling.rankers.lgbm_ranker - INFO - ✓ LGBMRanker training successful
2025-10-29 19:19:25,470 - src.modeling.rankers.lgbm_ranker - INFO - Predicting top-20 for 1 test events...
/usr/local/lib/python3.10/dist-packages/lightgbm/sklearn.py:861: UserWarning: Found 'ndcg_eval_at' in params. Will use it instead of 'eval_at' argument
  _log_warning(f"Found '{alias}' in params. Will use it instead of 'eval_at' argument")
2025-10-29 19:19:25,478 - src.modeling.rankers.lgbm_ranker - INFO - ✓ Predictions generated for 1 events
2025-10-29 19:19:25,757 - src.modeling.rankers.lgbm_ranker - INFO - Top-5 most important features:
2025-10-29 19:19:25,757 - src.modeling.rankers.lgbm_ranker - INFO -   position_frequency: 347.00
2025-10-29 19:19:25,757 - src.modeling.rankers.lgbm_ranker - INFO -   position_id: 232.00
2025-10-29 19:19:25,757 - src.modeling.rankers.lgbm_ranker - INFO -   min_distance: 220.00
2025-10-29 19:19:25,758 - src.modeling.rankers.lgbm_ranker - INFO -   tunneling: 213.00
2025-10-29 19:19:25,758 - src.modeling.rankers.lgbm_ranker - INFO -   density_window_0: 95.00
2025-10-29 19:19:25,758 - src.modeling.rankers.lgbm_ranker - INFO - ✓ Training completed in 84.30 seconds
2025-10-29 19:19:25,758 - src.modeling.rankers.lgbm_ranker - INFO - ✓ LGBMRanker training successful
2025-10-29 19:19:25,761 - src.modeling.rankers.lgbm_ranker - INFO - Predicting top-20 for 1 test events...
/usr/local/lib/python3.10/dist-packages/lightgbm/sklearn.py:861: UserWarning: Found 'ndcg_eval_at' in params. Will use it instead of 'eval_at' argument
  _log_warning(f"Found '{alias}' in params. Will use it instead of 'eval_at' argument")
2025-10-29 19:19:25,770 - src.modeling.rankers.lgbm_ranker - INFO - ✓ Predictions generated for 1 events

  Event Duration: 98.4s
  Parallel Exec:  98.4s
  Model Training Times:
    amplitude: train=84.3s, total=98.3s
    angle_encoding: train=73.9s, total=87.4s
    graph_cycle: train=83.9s, total=98.0s
    density_matrix: train=78.8s, total=93.1s
  Memory Peak: 1.28 GB
  Recalls: amplitude: 100%, angle_encoding: 100%, graph_cycle: 100%, density_matrix: 100%, ensemble: 100%
  [CHECKPOINT] Saved

================================================================================
Event 11544 (55/100)
================================================================================
2025-10-29 19:19:25,924 - src.imputation.base_imputer - INFO - Fitting amplitude_embedding imputer on 11543 samples
2025-10-29 19:19:25,925 - src.imputation.base_imputer - INFO - Fitting angle_encoding imputer on 11543 samples
2025-10-29 19:19:25,925 - src.imputation.base_imputer - INFO - Fitting graph_cycle_encoding imputer on 11543 samples
2025-10-29 19:19:25,925 - src.imputation.base_imputer - INFO - Fitting density_matrix_optimized imputer on 11543 samples
2025-10-29 19:19:25,929 - src.imputation.amplitude_embedding - INFO - Learned position frequencies from 11543 samples. Normalization mode: uniform
2025-10-29 19:19:25,929 - src.imputation.base_imputer - INFO - amplitude_embedding imputer fitted successfully
2025-10-29 19:19:25,929 - src.imputation.base_imputer - INFO - Transforming 11543 samples with amplitude_embedding imputer
2025-10-29 19:19:25,929 - src.imputation.graph_cycle_encoding - INFO - Graph/Cycle encoding uses fixed DFT basis and geometric distances (no learning from 11543 training samples)
2025-10-29 19:19:25,929 - src.imputation.angle_encoding - INFO - Angle encoding uses fixed angular mapping (no learning from 11543 training samples)
2025-10-29 19:19:25,929 - src.imputation.base_imputer - INFO - graph_cycle_encoding imputer fitted successfully
2025-10-29 19:19:25,929 - src.imputation.base_imputer - INFO - angle_encoding imputer fitted successfully
2025-10-29 19:19:25,929 - src.imputation.base_imputer - INFO - Transforming 11543 samples with graph_cycle_encoding imputer
2025-10-29 19:19:25,929 - src.imputation.base_imputer - INFO - Transforming 11543 samples with angle_encoding imputer
2025-10-29 19:19:25,929 - src.imputation.density_matrix - INFO - Density matrix uses fixed quantum mechanical construction (no learning from 11543 training samples)
2025-10-29 19:19:25,929 - src.imputation.base_imputer - INFO - density_matrix_optimized imputer fitted successfully
2025-10-29 19:19:25,929 - src.imputation.base_imputer - INFO - Transforming 11543 samples with density_matrix_optimized imputer
2025-10-29 19:19:33,890 - src.imputation.base_imputer - INFO - Transformation complete: output shape (11543, 322)
2025-10-29 19:19:33,890 - src.imputation.base_imputer - INFO - Transforming 1 samples with angle_encoding imputer
2025-10-29 19:19:33,892 - src.imputation.base_imputer - INFO - Transformation complete: output shape (1, 322)
2025-10-29 19:19:34,019 - src.imputation.base_imputer - INFO - Transformation complete: output shape (11543, 377)
2025-10-29 19:19:34,019 - src.imputation.base_imputer - INFO - Transforming 1 samples with amplitude_embedding imputer
2025-10-29 19:19:34,021 - src.imputation.base_imputer - INFO - Transformation complete: output shape (1, 377)
2025-10-29 19:19:34,143 - src.imputation.base_imputer - INFO - Transformation complete: output shape (11543, 259)
2025-10-29 19:19:34,143 - src.imputation.base_imputer - INFO - Transforming 1 samples with density_matrix_optimized imputer
2025-10-29 19:19:34,145 - src.imputation.base_imputer - INFO - Transformation complete: output shape (1, 259)
2025-10-29 19:19:34,433 - src.imputation.base_imputer - INFO - Transformation complete: output shape (11543, 277)
2025-10-29 19:19:34,433 - src.imputation.base_imputer - INFO - Transforming 1 samples with graph_cycle_encoding imputer
2025-10-29 19:19:34,435 - src.imputation.base_imputer - INFO - Transformation complete: output shape (1, 277)
2025-10-29 19:19:39,800 - src.modeling.rankers.lgbm_ranker - INFO - Training LGBMRanker on 11543 events...
2025-10-29 19:19:39,840 - src.modeling.rankers.lgbm_ranker - INFO - Training LGBMRanker on 11543 events...
2025-10-29 19:19:39,910 - src.modeling.rankers.lgbm_ranker - INFO - Training LGBMRanker on 11543 events...
2025-10-29 19:19:39,943 - src.modeling.rankers.lgbm_ranker - INFO - Computed position frequencies: 39 positions
2025-10-29 19:19:39,987 - src.modeling.rankers.lgbm_ranker - INFO - Computed position frequencies: 39 positions
2025-10-29 19:19:40,057 - src.modeling.rankers.lgbm_ranker - INFO - Computed position frequencies: 39 positions
2025-10-29 19:19:40,116 - src.modeling.rankers.lgbm_ranker - INFO - Training LGBMRanker on 11543 events...
2025-10-29 19:19:40,259 - src.modeling.rankers.lgbm_ranker - INFO - Computed position frequencies: 39 positions
2025-10-29 19:20:54,839 - src.modeling.rankers.lgbm_ranker - INFO - Transformed to ranking format: 450177 samples (11543 groups of 39 positions each)
2025-10-29 19:20:54,839 - src.modeling.rankers.lgbm_ranker - INFO - Training LightGBM model...
/usr/local/lib/python3.10/dist-packages/lightgbm/sklearn.py:861: UserWarning: Found 'ndcg_eval_at' in params. Will use it instead of 'eval_at' argument
  _log_warning(f"Found '{alias}' in params. Will use it instead of 'eval_at' argument")
2025-10-29 19:20:55,440 - src.modeling.rankers.lgbm_ranker - INFO - Transformed to ranking format: 450177 samples (11543 groups of 39 positions each)
2025-10-29 19:20:55,440 - src.modeling.rankers.lgbm_ranker - INFO - Training LightGBM model...
/usr/local/lib/python3.10/dist-packages/lightgbm/sklearn.py:861: UserWarning: Found 'ndcg_eval_at' in params. Will use it instead of 'eval_at' argument
  _log_warning(f"Found '{alias}' in params. Will use it instead of 'eval_at' argument")
2025-10-29 19:20:56,536 - src.modeling.rankers.lgbm_ranker - INFO - Top-5 most important features:
2025-10-29 19:20:56,536 - src.modeling.rankers.lgbm_ranker - INFO -   tunneling: 373.00
2025-10-29 19:20:56,536 - src.modeling.rankers.lgbm_ranker - INFO -   position_id: 369.00
2025-10-29 19:20:56,536 - src.modeling.rankers.lgbm_ranker - INFO -   position_frequency: 295.00
2025-10-29 19:20:56,536 - src.modeling.rankers.lgbm_ranker - INFO -   min_distance: 268.00
2025-10-29 19:20:56,536 - src.modeling.rankers.lgbm_ranker - INFO -   density_window_0: 215.00
2025-10-29 19:20:56,536 - src.modeling.rankers.lgbm_ranker - INFO - ✓ Training completed in 76.74 seconds
2025-10-29 19:20:56,536 - src.modeling.rankers.lgbm_ranker - INFO - ✓ LGBMRanker training successful
2025-10-29 19:20:56,555 - src.modeling.rankers.lgbm_ranker - INFO - Predicting top-20 for 1 test events...
/usr/local/lib/python3.10/dist-packages/lightgbm/sklearn.py:861: UserWarning: Found 'ndcg_eval_at' in params. Will use it instead of 'eval_at' argument
  _log_warning(f"Found '{alias}' in params. Will use it instead of 'eval_at' argument")
2025-10-29 19:20:56,564 - src.modeling.rankers.lgbm_ranker - INFO - ✓ Predictions generated for 1 events
2025-10-29 19:20:56,586 - src.modeling.rankers.lgbm_ranker - INFO - Top-5 most important features:
2025-10-29 19:20:56,586 - src.modeling.rankers.lgbm_ranker - INFO -   aggregate_0: 355.00
2025-10-29 19:20:56,586 - src.modeling.rankers.lgbm_ranker - INFO -   position_frequency: 288.00
2025-10-29 19:20:56,586 - src.modeling.rankers.lgbm_ranker - INFO -   position_id: 197.00
2025-10-29 19:20:56,586 - src.modeling.rankers.lgbm_ranker - INFO -   aggregate_1: 117.00
2025-10-29 19:20:56,586 - src.modeling.rankers.lgbm_ranker - INFO -   angle: 81.00
2025-10-29 19:20:56,586 - src.modeling.rankers.lgbm_ranker - INFO - ✓ Training completed in 76.75 seconds
2025-10-29 19:20:56,586 - src.modeling.rankers.lgbm_ranker - INFO - ✓ LGBMRanker training successful
2025-10-29 19:20:56,596 - src.modeling.rankers.lgbm_ranker - INFO - Predicting top-20 for 1 test events...
/usr/local/lib/python3.10/dist-packages/lightgbm/sklearn.py:861: UserWarning: Found 'ndcg_eval_at' in params. Will use it instead of 'eval_at' argument
  _log_warning(f"Found '{alias}' in params. Will use it instead of 'eval_at' argument")
2025-10-29 19:20:56,605 - src.modeling.rankers.lgbm_ranker - INFO - ✓ Predictions generated for 1 events
2025-10-29 19:21:00,742 - src.modeling.rankers.lgbm_ranker - INFO - Transformed to ranking format: 450177 samples (11543 groups of 39 positions each)
2025-10-29 19:21:00,743 - src.modeling.rankers.lgbm_ranker - INFO - Training LightGBM model...
/usr/local/lib/python3.10/dist-packages/lightgbm/sklearn.py:861: UserWarning: Found 'ndcg_eval_at' in params. Will use it instead of 'eval_at' argument
  _log_warning(f"Found '{alias}' in params. Will use it instead of 'eval_at' argument")
2025-10-29 19:21:03,406 - src.modeling.rankers.lgbm_ranker - INFO - Transformed to ranking format: 450177 samples (11543 groups of 39 positions each)
2025-10-29 19:21:03,406 - src.modeling.rankers.lgbm_ranker - INFO - Training LightGBM model...
/usr/local/lib/python3.10/dist-packages/lightgbm/sklearn.py:861: UserWarning: Found 'ndcg_eval_at' in params. Will use it instead of 'eval_at' argument
  _log_warning(f"Found '{alias}' in params. Will use it instead of 'eval_at' argument")
2025-10-29 19:21:03,747 - src.modeling.rankers.lgbm_ranker - INFO - Top-5 most important features:
2025-10-29 19:21:03,747 - src.modeling.rankers.lgbm_ranker - INFO -   tunneling: 375.00
2025-10-29 19:21:03,747 - src.modeling.rankers.lgbm_ranker - INFO -   position_id: 277.00
2025-10-29 19:21:03,747 - src.modeling.rankers.lgbm_ranker - INFO -   min_distance: 243.00
2025-10-29 19:21:03,747 - src.modeling.rankers.lgbm_ranker - INFO -   dft_45: 208.00
2025-10-29 19:21:03,747 - src.modeling.rankers.lgbm_ranker - INFO -   density_window_0: 201.00
2025-10-29 19:21:03,747 - src.modeling.rankers.lgbm_ranker - INFO - ✓ Training completed in 83.63 seconds
2025-10-29 19:21:03,747 - src.modeling.rankers.lgbm_ranker - INFO - ✓ LGBMRanker training successful
2025-10-29 19:21:03,793 - src.modeling.rankers.lgbm_ranker - INFO - Predicting top-20 for 1 test events...
/usr/local/lib/python3.10/dist-packages/lightgbm/sklearn.py:861: UserWarning: Found 'ndcg_eval_at' in params. Will use it instead of 'eval_at' argument
  _log_warning(f"Found '{alias}' in params. Will use it instead of 'eval_at' argument")
2025-10-29 19:21:03,802 - src.modeling.rankers.lgbm_ranker - INFO - ✓ Predictions generated for 1 events
2025-10-29 19:21:04,454 - src.modeling.rankers.lgbm_ranker - INFO - Top-5 most important features:
2025-10-29 19:21:04,455 - src.modeling.rankers.lgbm_ranker - INFO -   position_frequency: 330.00
2025-10-29 19:21:04,455 - src.modeling.rankers.lgbm_ranker - INFO -   position_id: 282.00
2025-10-29 19:21:04,455 - src.modeling.rankers.lgbm_ranker - INFO -   tunneling: 231.00
2025-10-29 19:21:04,455 - src.modeling.rankers.lgbm_ranker - INFO -   min_distance: 199.00
2025-10-29 19:21:04,455 - src.modeling.rankers.lgbm_ranker - INFO -   density_window_0: 121.00
2025-10-29 19:21:04,455 - src.modeling.rankers.lgbm_ranker - INFO - ✓ Training completed in 84.54 seconds
2025-10-29 19:21:04,455 - src.modeling.rankers.lgbm_ranker - INFO - ✓ LGBMRanker training successful
2025-10-29 19:21:04,459 - src.modeling.rankers.lgbm_ranker - INFO - Predicting top-20 for 1 test events...
/usr/local/lib/python3.10/dist-packages/lightgbm/sklearn.py:861: UserWarning: Found 'ndcg_eval_at' in params. Will use it instead of 'eval_at' argument
  _log_warning(f"Found '{alias}' in params. Will use it instead of 'eval_at' argument")
2025-10-29 19:21:04,467 - src.modeling.rankers.lgbm_ranker - INFO - ✓ Predictions generated for 1 events

  Event Duration: 98.7s
  Parallel Exec:  98.7s
  Model Training Times:
    amplitude: train=84.5s, total=98.6s
    angle_encoding: train=76.8s, total=90.7s
    graph_cycle: train=83.7s, total=97.9s
    density_matrix: train=76.8s, total=90.7s
  Memory Peak: 1.59 GB
  Recalls: amplitude: 100%, angle_encoding: 100%, graph_cycle: 100%, density_matrix: 100%, ensemble: 100%
  [CHECKPOINT] Saved

================================================================================
Event 11545 (56/100)
================================================================================
2025-10-29 19:21:04,656 - src.imputation.base_imputer - INFO - Fitting density_matrix_optimized imputer on 11544 samples
2025-10-29 19:21:04,657 - src.imputation.base_imputer - INFO - Fitting amplitude_embedding imputer on 11544 samples
2025-10-29 19:21:04,657 - src.imputation.base_imputer - INFO - Fitting graph_cycle_encoding imputer on 11544 samples
2025-10-29 19:21:04,658 - src.imputation.base_imputer - INFO - Fitting angle_encoding imputer on 11544 samples
2025-10-29 19:21:04,660 - src.imputation.density_matrix - INFO - Density matrix uses fixed quantum mechanical construction (no learning from 11544 training samples)
2025-10-29 19:21:04,660 - src.imputation.base_imputer - INFO - density_matrix_optimized imputer fitted successfully
2025-10-29 19:21:04,660 - src.imputation.base_imputer - INFO - Transforming 11544 samples with density_matrix_optimized imputer
2025-10-29 19:21:04,660 - src.imputation.graph_cycle_encoding - INFO - Graph/Cycle encoding uses fixed DFT basis and geometric distances (no learning from 11544 training samples)
2025-10-29 19:21:04,660 - src.imputation.base_imputer - INFO - graph_cycle_encoding imputer fitted successfully
2025-10-29 19:21:04,660 - src.imputation.base_imputer - INFO - Transforming 11544 samples with graph_cycle_encoding imputer
2025-10-29 19:21:04,660 - src.imputation.amplitude_embedding - INFO - Learned position frequencies from 11544 samples. Normalization mode: uniform
2025-10-29 19:21:04,660 - src.imputation.base_imputer - INFO - amplitude_embedding imputer fitted successfully
2025-10-29 19:21:04,661 - src.imputation.base_imputer - INFO - Transforming 11544 samples with amplitude_embedding imputer
2025-10-29 19:21:04,661 - src.imputation.angle_encoding - INFO - Angle encoding uses fixed angular mapping (no learning from 11544 training samples)
2025-10-29 19:21:04,661 - src.imputation.base_imputer - INFO - angle_encoding imputer fitted successfully
2025-10-29 19:21:04,661 - src.imputation.base_imputer - INFO - Transforming 11544 samples with angle_encoding imputer
2025-10-29 19:21:12,646 - src.imputation.base_imputer - INFO - Transformation complete: output shape (11544, 322)
2025-10-29 19:21:12,646 - src.imputation.base_imputer - INFO - Transforming 1 samples with angle_encoding imputer
2025-10-29 19:21:12,648 - src.imputation.base_imputer - INFO - Transformation complete: output shape (1, 322)
2025-10-29 19:21:12,807 - src.imputation.base_imputer - INFO - Transformation complete: output shape (11544, 377)
2025-10-29 19:21:12,807 - src.imputation.base_imputer - INFO - Transforming 1 samples with amplitude_embedding imputer
2025-10-29 19:21:12,809 - src.imputation.base_imputer - INFO - Transformation complete: output shape (1, 377)
2025-10-29 19:21:12,822 - src.imputation.base_imputer - INFO - Transformation complete: output shape (11544, 259)
2025-10-29 19:21:12,823 - src.imputation.base_imputer - INFO - Transforming 1 samples with density_matrix_optimized imputer
2025-10-29 19:21:12,825 - src.imputation.base_imputer - INFO - Transformation complete: output shape (1, 259)
2025-10-29 19:21:13,131 - src.imputation.base_imputer - INFO - Transformation complete: output shape (11544, 277)
2025-10-29 19:21:13,131 - src.imputation.base_imputer - INFO - Transforming 1 samples with graph_cycle_encoding imputer
2025-10-29 19:21:13,133 - src.imputation.base_imputer - INFO - Transformation complete: output shape (1, 277)
2025-10-29 19:21:18,506 - src.modeling.rankers.lgbm_ranker - INFO - Training LGBMRanker on 11544 events...
2025-10-29 19:21:18,508 - src.modeling.rankers.lgbm_ranker - INFO - Training LGBMRanker on 11544 events...
2025-10-29 19:21:18,650 - src.modeling.rankers.lgbm_ranker - INFO - Computed position frequencies: 39 positions
2025-10-29 19:21:18,653 - src.modeling.rankers.lgbm_ranker - INFO - Computed position frequencies: 39 positions
2025-10-29 19:21:18,727 - src.modeling.rankers.lgbm_ranker - INFO - Training LGBMRanker on 11544 events...
2025-10-29 19:21:18,813 - src.modeling.rankers.lgbm_ranker - INFO - Training LGBMRanker on 11544 events...
2025-10-29 19:21:18,876 - src.modeling.rankers.lgbm_ranker - INFO - Computed position frequencies: 39 positions
2025-10-29 19:21:18,956 - src.modeling.rankers.lgbm_ranker - INFO - Computed position frequencies: 39 positions
2025-10-29 19:22:32,828 - src.modeling.rankers.lgbm_ranker - INFO - Transformed to ranking format: 450216 samples (11544 groups of 39 positions each)
2025-10-29 19:22:32,828 - src.modeling.rankers.lgbm_ranker - INFO - Training LightGBM model...
/usr/local/lib/python3.10/dist-packages/lightgbm/sklearn.py:861: UserWarning: Found 'ndcg_eval_at' in params. Will use it instead of 'eval_at' argument
  _log_warning(f"Found '{alias}' in params. Will use it instead of 'eval_at' argument")
2025-10-29 19:22:33,090 - src.modeling.rankers.lgbm_ranker - INFO - Transformed to ranking format: 450216 samples (11544 groups of 39 positions each)
2025-10-29 19:22:33,090 - src.modeling.rankers.lgbm_ranker - INFO - Training LightGBM model...
/usr/local/lib/python3.10/dist-packages/lightgbm/sklearn.py:861: UserWarning: Found 'ndcg_eval_at' in params. Will use it instead of 'eval_at' argument
  _log_warning(f"Found '{alias}' in params. Will use it instead of 'eval_at' argument")
2025-10-29 19:22:33,970 - src.modeling.rankers.lgbm_ranker - INFO - Top-5 most important features:
2025-10-29 19:22:33,970 - src.modeling.rankers.lgbm_ranker - INFO -   position_frequency: 294.00
2025-10-29 19:22:33,970 - src.modeling.rankers.lgbm_ranker - INFO -   position_id: 253.00
2025-10-29 19:22:33,970 - src.modeling.rankers.lgbm_ranker - INFO -   aggregate_0: 247.00
2025-10-29 19:22:33,970 - src.modeling.rankers.lgbm_ranker - INFO -   aggregate_1: 120.00
2025-10-29 19:22:33,970 - src.modeling.rankers.lgbm_ranker - INFO -   angle: 81.00
2025-10-29 19:22:33,970 - src.modeling.rankers.lgbm_ranker - INFO - ✓ Training completed in 75.46 seconds
2025-10-29 19:22:33,970 - src.modeling.rankers.lgbm_ranker - INFO - ✓ LGBMRanker training successful
2025-10-29 19:22:33,982 - src.modeling.rankers.lgbm_ranker - INFO - Predicting top-20 for 1 test events...
/usr/local/lib/python3.10/dist-packages/lightgbm/sklearn.py:861: UserWarning: Found 'ndcg_eval_at' in params. Will use it instead of 'eval_at' argument
  _log_warning(f"Found '{alias}' in params. Will use it instead of 'eval_at' argument")
2025-10-29 19:22:33,990 - src.modeling.rankers.lgbm_ranker - INFO - ✓ Predictions generated for 1 events
2025-10-29 19:22:34,701 - src.modeling.rankers.lgbm_ranker - INFO - Top-5 most important features:
2025-10-29 19:22:34,701 - src.modeling.rankers.lgbm_ranker - INFO -   min_distance: 384.00
2025-10-29 19:22:34,701 - src.modeling.rankers.lgbm_ranker - INFO -   position_id: 342.00
2025-10-29 19:22:34,701 - src.modeling.rankers.lgbm_ranker - INFO -   tunneling: 324.00
2025-10-29 19:22:34,701 - src.modeling.rankers.lgbm_ranker - INFO -   position_frequency: 259.00
2025-10-29 19:22:34,701 - src.modeling.rankers.lgbm_ranker - INFO -   density_window_0: 194.00
2025-10-29 19:22:34,701 - src.modeling.rankers.lgbm_ranker - INFO - ✓ Training completed in 76.19 seconds
2025-10-29 19:22:34,701 - src.modeling.rankers.lgbm_ranker - INFO - ✓ LGBMRanker training successful
2025-10-29 19:22:34,721 - src.modeling.rankers.lgbm_ranker - INFO - Predicting top-20 for 1 test events...
/usr/local/lib/python3.10/dist-packages/lightgbm/sklearn.py:861: UserWarning: Found 'ndcg_eval_at' in params. Will use it instead of 'eval_at' argument
  _log_warning(f"Found '{alias}' in params. Will use it instead of 'eval_at' argument")
2025-10-29 19:22:34,730 - src.modeling.rankers.lgbm_ranker - INFO - ✓ Predictions generated for 1 events
2025-10-29 19:22:39,589 - src.modeling.rankers.lgbm_ranker - INFO - Transformed to ranking format: 450216 samples (11544 groups of 39 positions each)
2025-10-29 19:22:39,589 - src.modeling.rankers.lgbm_ranker - INFO - Training LightGBM model...
/usr/local/lib/python3.10/dist-packages/lightgbm/sklearn.py:861: UserWarning: Found 'ndcg_eval_at' in params. Will use it instead of 'eval_at' argument
  _log_warning(f"Found '{alias}' in params. Will use it instead of 'eval_at' argument")
2025-10-29 19:22:41,861 - src.modeling.rankers.lgbm_ranker - INFO - Transformed to ranking format: 450216 samples (11544 groups of 39 positions each)
2025-10-29 19:22:41,861 - src.modeling.rankers.lgbm_ranker - INFO - Training LightGBM model...
/usr/local/lib/python3.10/dist-packages/lightgbm/sklearn.py:861: UserWarning: Found 'ndcg_eval_at' in params. Will use it instead of 'eval_at' argument
  _log_warning(f"Found '{alias}' in params. Will use it instead of 'eval_at' argument")
2025-10-29 19:22:42,541 - src.modeling.rankers.lgbm_ranker - INFO - Top-5 most important features:
2025-10-29 19:22:42,541 - src.modeling.rankers.lgbm_ranker - INFO -   tunneling: 421.00
2025-10-29 19:22:42,541 - src.modeling.rankers.lgbm_ranker - INFO -   min_distance: 270.00
2025-10-29 19:22:42,541 - src.modeling.rankers.lgbm_ranker - INFO -   position_id: 251.00
2025-10-29 19:22:42,541 - src.modeling.rankers.lgbm_ranker - INFO -   density_window_0: 208.00
2025-10-29 19:22:42,541 - src.modeling.rankers.lgbm_ranker - INFO -   dft_45: 199.00
2025-10-29 19:22:42,541 - src.modeling.rankers.lgbm_ranker - INFO - ✓ Training completed in 83.73 seconds
2025-10-29 19:22:42,541 - src.modeling.rankers.lgbm_ranker - INFO - ✓ LGBMRanker training successful
2025-10-29 19:22:42,588 - src.modeling.rankers.lgbm_ranker - INFO - Predicting top-20 for 1 test events...
/usr/local/lib/python3.10/dist-packages/lightgbm/sklearn.py:861: UserWarning: Found 'ndcg_eval_at' in params. Will use it instead of 'eval_at' argument
  _log_warning(f"Found '{alias}' in params. Will use it instead of 'eval_at' argument")
2025-10-29 19:22:42,597 - src.modeling.rankers.lgbm_ranker - INFO - ✓ Predictions generated for 1 events
2025-10-29 19:22:42,944 - src.modeling.rankers.lgbm_ranker - INFO - Top-5 most important features:
2025-10-29 19:22:42,944 - src.modeling.rankers.lgbm_ranker - INFO -   position_frequency: 289.00
2025-10-29 19:22:42,944 - src.modeling.rankers.lgbm_ranker - INFO -   position_id: 242.00
2025-10-29 19:22:42,944 - src.modeling.rankers.lgbm_ranker - INFO -   tunneling: 222.00
2025-10-29 19:22:42,944 - src.modeling.rankers.lgbm_ranker - INFO -   min_distance: 193.00
2025-10-29 19:22:42,944 - src.modeling.rankers.lgbm_ranker - INFO -   density_window_0: 136.00
2025-10-29 19:22:42,944 - src.modeling.rankers.lgbm_ranker - INFO - ✓ Training completed in 84.22 seconds
2025-10-29 19:22:42,944 - src.modeling.rankers.lgbm_ranker - INFO - ✓ LGBMRanker training successful
2025-10-29 19:22:42,949 - src.modeling.rankers.lgbm_ranker - INFO - Predicting top-20 for 1 test events...
/usr/local/lib/python3.10/dist-packages/lightgbm/sklearn.py:861: UserWarning: Found 'ndcg_eval_at' in params. Will use it instead of 'eval_at' argument
  _log_warning(f"Found '{alias}' in params. Will use it instead of 'eval_at' argument")
2025-10-29 19:22:42,957 - src.modeling.rankers.lgbm_ranker - INFO - ✓ Predictions generated for 1 events

  Event Duration: 98.5s
  Parallel Exec:  98.5s
  Model Training Times:
    amplitude: train=84.2s, total=98.3s
    angle_encoding: train=75.5s, total=89.4s
    graph_cycle: train=83.8s, total=98.0s
    density_matrix: train=76.2s, total=90.1s
  Memory Peak: 1.59 GB
  Recalls: amplitude: 100%, angle_encoding: 100%, graph_cycle: 100%, density_matrix: 100%, ensemble: 100%
  [CHECKPOINT] Saved

================================================================================
Event 11546 (57/100)
================================================================================
2025-10-29 19:22:43,135 - src.imputation.base_imputer - INFO - Fitting graph_cycle_encoding imputer on 11545 samples
2025-10-29 19:22:43,135 - src.imputation.base_imputer - INFO - Fitting density_matrix_optimized imputer on 11545 samples
2025-10-29 19:22:43,136 - src.imputation.base_imputer - INFO - Fitting amplitude_embedding imputer on 11545 samples
2025-10-29 19:22:43,136 - src.imputation.base_imputer - INFO - Fitting angle_encoding imputer on 11545 samples
2025-10-29 19:22:43,138 - src.imputation.density_matrix - INFO - Density matrix uses fixed quantum mechanical construction (no learning from 11545 training samples)
2025-10-29 19:22:43,138 - src.imputation.graph_cycle_encoding - INFO - Graph/Cycle encoding uses fixed DFT basis and geometric distances (no learning from 11545 training samples)
2025-10-29 19:22:43,138 - src.imputation.base_imputer - INFO - density_matrix_optimized imputer fitted successfully
2025-10-29 19:22:43,138 - src.imputation.base_imputer - INFO - graph_cycle_encoding imputer fitted successfully
2025-10-29 19:22:43,138 - src.imputation.base_imputer - INFO - Transforming 11545 samples with density_matrix_optimized imputer
2025-10-29 19:22:43,138 - src.imputation.base_imputer - INFO - Transforming 11545 samples with graph_cycle_encoding imputer
2025-10-29 19:22:43,139 - src.imputation.angle_encoding - INFO - Angle encoding uses fixed angular mapping (no learning from 11545 training samples)
2025-10-29 19:22:43,139 - src.imputation.base_imputer - INFO - angle_encoding imputer fitted successfully
2025-10-29 19:22:43,139 - src.imputation.base_imputer - INFO - Transforming 11545 samples with angle_encoding imputer
2025-10-29 19:22:43,139 - src.imputation.amplitude_embedding - INFO - Learned position frequencies from 11545 samples. Normalization mode: uniform
2025-10-29 19:22:43,139 - src.imputation.base_imputer - INFO - amplitude_embedding imputer fitted successfully
2025-10-29 19:22:43,139 - src.imputation.base_imputer - INFO - Transforming 11545 samples with amplitude_embedding imputer
2025-10-29 19:22:51,146 - src.imputation.base_imputer - INFO - Transformation complete: output shape (11545, 322)
2025-10-29 19:22:51,146 - src.imputation.base_imputer - INFO - Transforming 1 samples with angle_encoding imputer
2025-10-29 19:22:51,148 - src.imputation.base_imputer - INFO - Transformation complete: output shape (1, 322)
2025-10-29 19:22:51,175 - src.imputation.base_imputer - INFO - Transformation complete: output shape (11545, 259)
2025-10-29 19:22:51,175 - src.imputation.base_imputer - INFO - Transforming 1 samples with density_matrix_optimized imputer
2025-10-29 19:22:51,177 - src.imputation.base_imputer - INFO - Transformation complete: output shape (1, 259)
2025-10-29 19:22:51,204 - src.imputation.base_imputer - INFO - Transformation complete: output shape (11545, 377)
2025-10-29 19:22:51,205 - src.imputation.base_imputer - INFO - Transforming 1 samples with amplitude_embedding imputer
2025-10-29 19:22:51,207 - src.imputation.base_imputer - INFO - Transformation complete: output shape (1, 377)
2025-10-29 19:22:51,544 - src.imputation.base_imputer - INFO - Transformation complete: output shape (11545, 277)
2025-10-29 19:22:51,544 - src.imputation.base_imputer - INFO - Transforming 1 samples with graph_cycle_encoding imputer
2025-10-29 19:22:51,547 - src.imputation.base_imputer - INFO - Transformation complete: output shape (1, 277)
2025-10-29 19:22:56,822 - src.modeling.rankers.lgbm_ranker - INFO - Training LGBMRanker on 11545 events...
2025-10-29 19:22:56,964 - src.modeling.rankers.lgbm_ranker - INFO - Computed position frequencies: 39 positions
2025-10-29 19:22:56,996 - src.modeling.rankers.lgbm_ranker - INFO - Training LGBMRanker on 11545 events...
2025-10-29 19:22:57,056 - src.modeling.rankers.lgbm_ranker - INFO - Training LGBMRanker on 11545 events...
2025-10-29 19:22:57,141 - src.modeling.rankers.lgbm_ranker - INFO - Computed position frequencies: 39 positions
2025-10-29 19:22:57,201 - src.modeling.rankers.lgbm_ranker - INFO - Computed position frequencies: 39 positions
2025-10-29 19:22:57,261 - src.modeling.rankers.lgbm_ranker - INFO - Training LGBMRanker on 11545 events...
2025-10-29 19:22:57,403 - src.modeling.rankers.lgbm_ranker - INFO - Computed position frequencies: 39 positions
2025-10-29 19:24:11,085 - src.modeling.rankers.lgbm_ranker - INFO - Transformed to ranking format: 450255 samples (11545 groups of 39 positions each)
2025-10-29 19:24:11,085 - src.modeling.rankers.lgbm_ranker - INFO - Training LightGBM model...
/usr/local/lib/python3.10/dist-packages/lightgbm/sklearn.py:861: UserWarning: Found 'ndcg_eval_at' in params. Will use it instead of 'eval_at' argument
  _log_warning(f"Found '{alias}' in params. Will use it instead of 'eval_at' argument")
2025-10-29 19:24:11,483 - src.modeling.rankers.lgbm_ranker - INFO - Transformed to ranking format: 450255 samples (11545 groups of 39 positions each)
2025-10-29 19:24:11,483 - src.modeling.rankers.lgbm_ranker - INFO - Training LightGBM model...
/usr/local/lib/python3.10/dist-packages/lightgbm/sklearn.py:861: UserWarning: Found 'ndcg_eval_at' in params. Will use it instead of 'eval_at' argument
  _log_warning(f"Found '{alias}' in params. Will use it instead of 'eval_at' argument")
2025-10-29 19:24:12,207 - src.modeling.rankers.lgbm_ranker - INFO - Top-5 most important features:
2025-10-29 19:24:12,207 - src.modeling.rankers.lgbm_ranker - INFO -   position_frequency: 296.00
2025-10-29 19:24:12,207 - src.modeling.rankers.lgbm_ranker - INFO -   aggregate_0: 221.00
2025-10-29 19:24:12,207 - src.modeling.rankers.lgbm_ranker - INFO -   position_id: 192.00
2025-10-29 19:24:12,207 - src.modeling.rankers.lgbm_ranker - INFO -   aggregate_1: 133.00
2025-10-29 19:24:12,207 - src.modeling.rankers.lgbm_ranker - INFO -   density_window_0: 99.00
2025-10-29 19:24:12,207 - src.modeling.rankers.lgbm_ranker - INFO - ✓ Training completed in 75.21 seconds
2025-10-29 19:24:12,207 - src.modeling.rankers.lgbm_ranker - INFO - ✓ LGBMRanker training successful
2025-10-29 19:24:12,217 - src.modeling.rankers.lgbm_ranker - INFO - Predicting top-20 for 1 test events...
/usr/local/lib/python3.10/dist-packages/lightgbm/sklearn.py:861: UserWarning: Found 'ndcg_eval_at' in params. Will use it instead of 'eval_at' argument
  _log_warning(f"Found '{alias}' in params. Will use it instead of 'eval_at' argument")
2025-10-29 19:24:12,225 - src.modeling.rankers.lgbm_ranker - INFO - ✓ Predictions generated for 1 events
2025-10-29 19:24:13,118 - src.modeling.rankers.lgbm_ranker - INFO - Top-5 most important features:
2025-10-29 19:24:13,118 - src.modeling.rankers.lgbm_ranker - INFO -   position_frequency: 427.00
2025-10-29 19:24:13,118 - src.modeling.rankers.lgbm_ranker - INFO -   position_id: 328.00
2025-10-29 19:24:13,118 - src.modeling.rankers.lgbm_ranker - INFO -   tunneling: 284.00
2025-10-29 19:24:13,118 - src.modeling.rankers.lgbm_ranker - INFO -   min_distance: 235.00
2025-10-29 19:24:13,118 - src.modeling.rankers.lgbm_ranker - INFO -   density_window_0: 184.00
2025-10-29 19:24:13,118 - src.modeling.rankers.lgbm_ranker - INFO - ✓ Training completed in 76.30 seconds
2025-10-29 19:24:13,118 - src.modeling.rankers.lgbm_ranker - INFO - ✓ LGBMRanker training successful
2025-10-29 19:24:13,139 - src.modeling.rankers.lgbm_ranker - INFO - Predicting top-20 for 1 test events...
/usr/local/lib/python3.10/dist-packages/lightgbm/sklearn.py:861: UserWarning: Found 'ndcg_eval_at' in params. Will use it instead of 'eval_at' argument
  _log_warning(f"Found '{alias}' in params. Will use it instead of 'eval_at' argument")
2025-10-29 19:24:13,147 - src.modeling.rankers.lgbm_ranker - INFO - ✓ Predictions generated for 1 events
2025-10-29 19:24:18,412 - src.modeling.rankers.lgbm_ranker - INFO - Transformed to ranking format: 450255 samples (11545 groups of 39 positions each)
2025-10-29 19:24:18,413 - src.modeling.rankers.lgbm_ranker - INFO - Training LightGBM model...
/usr/local/lib/python3.10/dist-packages/lightgbm/sklearn.py:861: UserWarning: Found 'ndcg_eval_at' in params. Will use it instead of 'eval_at' argument
  _log_warning(f"Found '{alias}' in params. Will use it instead of 'eval_at' argument")
2025-10-29 19:24:19,939 - src.modeling.rankers.lgbm_ranker - INFO - Transformed to ranking format: 450255 samples (11545 groups of 39 positions each)
2025-10-29 19:24:19,940 - src.modeling.rankers.lgbm_ranker - INFO - Training LightGBM model...
/usr/local/lib/python3.10/dist-packages/lightgbm/sklearn.py:861: UserWarning: Found 'ndcg_eval_at' in params. Will use it instead of 'eval_at' argument
  _log_warning(f"Found '{alias}' in params. Will use it instead of 'eval_at' argument")
2025-10-29 19:24:20,941 - src.modeling.rankers.lgbm_ranker - INFO - Top-5 most important features:
2025-10-29 19:24:20,941 - src.modeling.rankers.lgbm_ranker - INFO -   position_frequency: 305.00
2025-10-29 19:24:20,941 - src.modeling.rankers.lgbm_ranker - INFO -   position_id: 251.00
2025-10-29 19:24:20,941 - src.modeling.rankers.lgbm_ranker - INFO -   tunneling: 236.00
2025-10-29 19:24:20,941 - src.modeling.rankers.lgbm_ranker - INFO -   min_distance: 176.00
2025-10-29 19:24:20,941 - src.modeling.rankers.lgbm_ranker - INFO -   density_window_0: 117.00
2025-10-29 19:24:20,941 - src.modeling.rankers.lgbm_ranker - INFO - ✓ Training completed in 83.89 seconds
2025-10-29 19:24:20,942 - src.modeling.rankers.lgbm_ranker - INFO - ✓ LGBMRanker training successful
2025-10-29 19:24:20,945 - src.modeling.rankers.lgbm_ranker - INFO - Predicting top-20 for 1 test events...
/usr/local/lib/python3.10/dist-packages/lightgbm/sklearn.py:861: UserWarning: Found 'ndcg_eval_at' in params. Will use it instead of 'eval_at' argument
  _log_warning(f"Found '{alias}' in params. Will use it instead of 'eval_at' argument")
2025-10-29 19:24:20,954 - src.modeling.rankers.lgbm_ranker - INFO - ✓ Predictions generated for 1 events
2025-10-29 19:24:21,474 - src.modeling.rankers.lgbm_ranker - INFO - Top-5 most important features:
2025-10-29 19:24:21,474 - src.modeling.rankers.lgbm_ranker - INFO -   tunneling: 403.00
2025-10-29 19:24:21,474 - src.modeling.rankers.lgbm_ranker - INFO -   min_distance: 257.00
2025-10-29 19:24:21,474 - src.modeling.rankers.lgbm_ranker - INFO -   position_id: 245.00
2025-10-29 19:24:21,474 - src.modeling.rankers.lgbm_ranker - INFO -   dft_45: 195.00
2025-10-29 19:24:21,474 - src.modeling.rankers.lgbm_ranker - INFO -   density_window_0: 193.00
2025-10-29 19:24:21,474 - src.modeling.rankers.lgbm_ranker - INFO - ✓ Training completed in 84.21 seconds
2025-10-29 19:24:21,474 - src.modeling.rankers.lgbm_ranker - INFO - ✓ LGBMRanker training successful
2025-10-29 19:24:21,521 - src.modeling.rankers.lgbm_ranker - INFO - Predicting top-20 for 1 test events...
/usr/local/lib/python3.10/dist-packages/lightgbm/sklearn.py:861: UserWarning: Found 'ndcg_eval_at' in params. Will use it instead of 'eval_at' argument
  _log_warning(f"Found '{alias}' in params. Will use it instead of 'eval_at' argument")
2025-10-29 19:24:21,529 - src.modeling.rankers.lgbm_ranker - INFO - ✓ Predictions generated for 1 events

  Event Duration: 98.6s
  Parallel Exec:  98.6s
  Model Training Times:
    amplitude: train=83.9s, total=97.8s
    angle_encoding: train=75.2s, total=89.1s
    graph_cycle: train=84.3s, total=98.4s
    density_matrix: train=76.3s, total=90.0s
  Memory Peak: 1.59 GB
  Recalls: amplitude: 100%, angle_encoding: 100%, graph_cycle: 100%, density_matrix: 100%, ensemble: 100%
  [CHECKPOINT] Saved

================================================================================
Event 11547 (58/100)
================================================================================
2025-10-29 19:24:21,711 - src.imputation.base_imputer - INFO - Fitting amplitude_embedding imputer on 11546 samples
2025-10-29 19:24:21,713 - src.imputation.base_imputer - INFO - Fitting density_matrix_optimized imputer on 11546 samples
2025-10-29 19:24:21,713 - src.imputation.base_imputer - INFO - Fitting angle_encoding imputer on 11546 samples
2025-10-29 19:24:21,713 - src.imputation.base_imputer - INFO - Fitting graph_cycle_encoding imputer on 11546 samples
2025-10-29 19:24:21,715 - src.imputation.amplitude_embedding - INFO - Learned position frequencies from 11546 samples. Normalization mode: uniform
2025-10-29 19:24:21,715 - src.imputation.base_imputer - INFO - amplitude_embedding imputer fitted successfully
2025-10-29 19:24:21,715 - src.imputation.base_imputer - INFO - Transforming 11546 samples with amplitude_embedding imputer
2025-10-29 19:24:21,717 - src.imputation.density_matrix - INFO - Density matrix uses fixed quantum mechanical construction (no learning from 11546 training samples)
2025-10-29 19:24:21,717 - src.imputation.base_imputer - INFO - density_matrix_optimized imputer fitted successfully
2025-10-29 19:24:21,717 - src.imputation.base_imputer - INFO - Transforming 11546 samples with density_matrix_optimized imputer
2025-10-29 19:24:21,717 - src.imputation.graph_cycle_encoding - INFO - Graph/Cycle encoding uses fixed DFT basis and geometric distances (no learning from 11546 training samples)
2025-10-29 19:24:21,717 - src.imputation.angle_encoding - INFO - Angle encoding uses fixed angular mapping (no learning from 11546 training samples)
2025-10-29 19:24:21,717 - src.imputation.base_imputer - INFO - graph_cycle_encoding imputer fitted successfully
2025-10-29 19:24:21,717 - src.imputation.base_imputer - INFO - angle_encoding imputer fitted successfully
2025-10-29 19:24:21,717 - src.imputation.base_imputer - INFO - Transforming 11546 samples with graph_cycle_encoding imputer
2025-10-29 19:24:21,717 - src.imputation.base_imputer - INFO - Transforming 11546 samples with angle_encoding imputer
2025-10-29 19:24:29,335 - src.imputation.base_imputer - INFO - Transformation complete: output shape (11546, 322)
2025-10-29 19:24:29,335 - src.imputation.base_imputer - INFO - Transforming 1 samples with angle_encoding imputer
2025-10-29 19:24:29,337 - src.imputation.base_imputer - INFO - Transformation complete: output shape (1, 322)
2025-10-29 19:24:29,539 - src.imputation.base_imputer - INFO - Transformation complete: output shape (11546, 377)
2025-10-29 19:24:29,539 - src.imputation.base_imputer - INFO - Transforming 1 samples with amplitude_embedding imputer
2025-10-29 19:24:29,541 - src.imputation.base_imputer - INFO - Transformation complete: output shape (1, 377)
2025-10-29 19:24:30,139 - src.imputation.base_imputer - INFO - Transformation complete: output shape (11546, 259)
2025-10-29 19:24:30,139 - src.imputation.base_imputer - INFO - Transforming 1 samples with density_matrix_optimized imputer
2025-10-29 19:24:30,141 - src.imputation.base_imputer - INFO - Transformation complete: output shape (1, 259)
2025-10-29 19:24:30,473 - src.imputation.base_imputer - INFO - Transformation complete: output shape (11546, 277)
2025-10-29 19:24:30,473 - src.imputation.base_imputer - INFO - Transforming 1 samples with graph_cycle_encoding imputer
2025-10-29 19:24:30,475 - src.imputation.base_imputer - INFO - Transformation complete: output shape (1, 277)
2025-10-29 19:24:34,952 - src.modeling.rankers.lgbm_ranker - INFO - Training LGBMRanker on 11546 events...
2025-10-29 19:24:35,093 - src.modeling.rankers.lgbm_ranker - INFO - Computed position frequencies: 39 positions
2025-10-29 19:24:35,185 - src.modeling.rankers.lgbm_ranker - INFO - Training LGBMRanker on 11546 events...
2025-10-29 19:24:35,326 - src.modeling.rankers.lgbm_ranker - INFO - Computed position frequencies: 39 positions
2025-10-29 19:24:35,996 - src.modeling.rankers.lgbm_ranker - INFO - Training LGBMRanker on 11546 events...
2025-10-29 19:24:36,141 - src.modeling.rankers.lgbm_ranker - INFO - Computed position frequencies: 39 positions
2025-10-29 19:24:36,356 - src.modeling.rankers.lgbm_ranker - INFO - Training LGBMRanker on 11546 events...
2025-10-29 19:24:36,502 - src.modeling.rankers.lgbm_ranker - INFO - Computed position frequencies: 39 positions
2025-10-29 19:25:47,283 - src.modeling.rankers.lgbm_ranker - INFO - Transformed to ranking format: 450294 samples (11546 groups of 39 positions each)
2025-10-29 19:25:47,283 - src.modeling.rankers.lgbm_ranker - INFO - Training LightGBM model...
/usr/local/lib/python3.10/dist-packages/lightgbm/sklearn.py:861: UserWarning: Found 'ndcg_eval_at' in params. Will use it instead of 'eval_at' argument
  _log_warning(f"Found '{alias}' in params. Will use it instead of 'eval_at' argument")
2025-10-29 19:25:48,423 - src.modeling.rankers.lgbm_ranker - INFO - Top-5 most important features:
2025-10-29 19:25:48,424 - src.modeling.rankers.lgbm_ranker - INFO -   aggregate_0: 353.00
2025-10-29 19:25:48,424 - src.modeling.rankers.lgbm_ranker - INFO -   position_frequency: 250.00
2025-10-29 19:25:48,424 - src.modeling.rankers.lgbm_ranker - INFO -   position_id: 213.00
2025-10-29 19:25:48,424 - src.modeling.rankers.lgbm_ranker - INFO -   tunneling: 113.00
2025-10-29 19:25:48,424 - src.modeling.rankers.lgbm_ranker - INFO -   aggregate_1: 96.00
2025-10-29 19:25:48,424 - src.modeling.rankers.lgbm_ranker - INFO - ✓ Training completed in 73.47 seconds
2025-10-29 19:25:48,424 - src.modeling.rankers.lgbm_ranker - INFO - ✓ LGBMRanker training successful
2025-10-29 19:25:48,436 - src.modeling.rankers.lgbm_ranker - INFO - Predicting top-20 for 1 test events...
/usr/local/lib/python3.10/dist-packages/lightgbm/sklearn.py:861: UserWarning: Found 'ndcg_eval_at' in params. Will use it instead of 'eval_at' argument
  _log_warning(f"Found '{alias}' in params. Will use it instead of 'eval_at' argument")
2025-10-29 19:25:48,443 - src.modeling.rankers.lgbm_ranker - INFO - ✓ Predictions generated for 1 events
2025-10-29 19:25:52,329 - src.modeling.rankers.lgbm_ranker - INFO - Transformed to ranking format: 450294 samples (11546 groups of 39 positions each)
2025-10-29 19:25:52,329 - src.modeling.rankers.lgbm_ranker - INFO - Training LightGBM model...
/usr/local/lib/python3.10/dist-packages/lightgbm/sklearn.py:861: UserWarning: Found 'ndcg_eval_at' in params. Will use it instead of 'eval_at' argument
  _log_warning(f"Found '{alias}' in params. Will use it instead of 'eval_at' argument")
2025-10-29 19:25:53,948 - src.modeling.rankers.lgbm_ranker - INFO - Top-5 most important features:
2025-10-29 19:25:53,948 - src.modeling.rankers.lgbm_ranker - INFO -   position_id: 393.00
2025-10-29 19:25:53,948 - src.modeling.rankers.lgbm_ranker - INFO -   tunneling: 362.00
2025-10-29 19:25:53,948 - src.modeling.rankers.lgbm_ranker - INFO -   min_distance: 267.00
2025-10-29 19:25:53,948 - src.modeling.rankers.lgbm_ranker - INFO -   density_window_0: 267.00
2025-10-29 19:25:53,949 - src.modeling.rankers.lgbm_ranker - INFO -   position_frequency: 228.00
2025-10-29 19:25:53,949 - src.modeling.rankers.lgbm_ranker - INFO - ✓ Training completed in 77.95 seconds
2025-10-29 19:25:53,949 - src.modeling.rankers.lgbm_ranker - INFO - ✓ LGBMRanker training successful
2025-10-29 19:25:53,961 - src.modeling.rankers.lgbm_ranker - INFO - Predicting top-20 for 1 test events...
/usr/local/lib/python3.10/dist-packages/lightgbm/sklearn.py:861: UserWarning: Found 'ndcg_eval_at' in params. Will use it instead of 'eval_at' argument
  _log_warning(f"Found '{alias}' in params. Will use it instead of 'eval_at' argument")
2025-10-29 19:25:53,969 - src.modeling.rankers.lgbm_ranker - INFO - ✓ Predictions generated for 1 events
2025-10-29 19:25:55,173 - src.modeling.rankers.lgbm_ranker - INFO - Transformed to ranking format: 450294 samples (11546 groups of 39 positions each)
2025-10-29 19:25:55,173 - src.modeling.rankers.lgbm_ranker - INFO - Training LightGBM model...
/usr/local/lib/python3.10/dist-packages/lightgbm/sklearn.py:861: UserWarning: Found 'ndcg_eval_at' in params. Will use it instead of 'eval_at' argument
  _log_warning(f"Found '{alias}' in params. Will use it instead of 'eval_at' argument")
2025-10-29 19:25:56,215 - src.modeling.rankers.lgbm_ranker - INFO - Top-5 most important features:
2025-10-29 19:25:56,215 - src.modeling.rankers.lgbm_ranker - INFO -   position_id: 302.00
2025-10-29 19:25:56,215 - src.modeling.rankers.lgbm_ranker - INFO -   position_frequency: 294.00
2025-10-29 19:25:56,215 - src.modeling.rankers.lgbm_ranker - INFO -   tunneling: 208.00
2025-10-29 19:25:56,216 - src.modeling.rankers.lgbm_ranker - INFO -   min_distance: 146.00
2025-10-29 19:25:56,216 - src.modeling.rankers.lgbm_ranker - INFO -   density_window_0: 131.00
2025-10-29 19:25:56,216 - src.modeling.rankers.lgbm_ranker - INFO - ✓ Training completed in 81.03 seconds
2025-10-29 19:25:56,216 - src.modeling.rankers.lgbm_ranker - INFO - ✓ LGBMRanker training successful
2025-10-29 19:25:56,219 - src.modeling.rankers.lgbm_ranker - INFO - Predicting top-20 for 1 test events...
/usr/local/lib/python3.10/dist-packages/lightgbm/sklearn.py:861: UserWarning: Found 'ndcg_eval_at' in params. Will use it instead of 'eval_at' argument
  _log_warning(f"Found '{alias}' in params. Will use it instead of 'eval_at' argument")
2025-10-29 19:25:56,228 - src.modeling.rankers.lgbm_ranker - INFO - ✓ Predictions generated for 1 events
2025-10-29 19:25:58,508 - src.modeling.rankers.lgbm_ranker - INFO - Transformed to ranking format: 450294 samples (11546 groups of 39 positions each)
2025-10-29 19:25:58,508 - src.modeling.rankers.lgbm_ranker - INFO - Training LightGBM model...
/usr/local/lib/python3.10/dist-packages/lightgbm/sklearn.py:861: UserWarning: Found 'ndcg_eval_at' in params. Will use it instead of 'eval_at' argument
  _log_warning(f"Found '{alias}' in params. Will use it instead of 'eval_at' argument")
2025-10-29 19:26:01,454 - src.modeling.rankers.lgbm_ranker - INFO - Top-5 most important features:
2025-10-29 19:26:01,454 - src.modeling.rankers.lgbm_ranker - INFO -   tunneling: 375.00
2025-10-29 19:26:01,454 - src.modeling.rankers.lgbm_ranker - INFO -   position_id: 230.00
2025-10-29 19:26:01,454 - src.modeling.rankers.lgbm_ranker - INFO -   min_distance: 216.00
2025-10-29 19:26:01,454 - src.modeling.rankers.lgbm_ranker - INFO -   density_window_0: 188.00
2025-10-29 19:26:01,454 - src.modeling.rankers.lgbm_ranker - INFO -   dft_45: 169.00
2025-10-29 19:26:01,454 - src.modeling.rankers.lgbm_ranker - INFO - ✓ Training completed in 85.10 seconds
2025-10-29 19:26:01,454 - src.modeling.rankers.lgbm_ranker - INFO - ✓ LGBMRanker training successful
2025-10-29 19:26:01,503 - src.modeling.rankers.lgbm_ranker - INFO - Predicting top-20 for 1 test events...
/usr/local/lib/python3.10/dist-packages/lightgbm/sklearn.py:861: UserWarning: Found 'ndcg_eval_at' in params. Will use it instead of 'eval_at' argument
  _log_warning(f"Found '{alias}' in params. Will use it instead of 'eval_at' argument")
2025-10-29 19:26:01,512 - src.modeling.rankers.lgbm_ranker - INFO - ✓ Predictions generated for 1 events

  Event Duration: 100.0s
  Parallel Exec:  100.0s
  Model Training Times:
    amplitude: train=81.0s, total=94.5s
    angle_encoding: train=73.5s, total=86.8s
    graph_cycle: train=85.1s, total=99.8s
    density_matrix: train=78.0s, total=92.3s
  Memory Peak: 1.59 GB
  Recalls: amplitude: 100%, angle_encoding: 100%, graph_cycle: 100%, density_matrix: 100%, ensemble: 100%
  [CHECKPOINT] Saved

================================================================================
Event 11548 (59/100)
================================================================================
2025-10-29 19:26:01,693 - src.imputation.base_imputer - INFO - Fitting density_matrix_optimized imputer on 11547 samples
2025-10-29 19:26:01,693 - src.imputation.base_imputer - INFO - Fitting angle_encoding imputer on 11547 samples
2025-10-29 19:26:01,693 - src.imputation.base_imputer - INFO - Fitting graph_cycle_encoding imputer on 11547 samples
2025-10-29 19:26:01,693 - src.imputation.base_imputer - INFO - Fitting amplitude_embedding imputer on 11547 samples
2025-10-29 19:26:01,696 - src.imputation.angle_encoding - INFO - Angle encoding uses fixed angular mapping (no learning from 11547 training samples)
2025-10-29 19:26:01,696 - src.imputation.density_matrix - INFO - Density matrix uses fixed quantum mechanical construction (no learning from 11547 training samples)
2025-10-29 19:26:01,696 - src.imputation.base_imputer - INFO - angle_encoding imputer fitted successfully
2025-10-29 19:26:01,696 - src.imputation.base_imputer - INFO - density_matrix_optimized imputer fitted successfully
2025-10-29 19:26:01,696 - src.imputation.graph_cycle_encoding - INFO - Graph/Cycle encoding uses fixed DFT basis and geometric distances (no learning from 11547 training samples)
2025-10-29 19:26:01,696 - src.imputation.base_imputer - INFO - Transforming 11547 samples with angle_encoding imputer
2025-10-29 19:26:01,696 - src.imputation.base_imputer - INFO - Transforming 11547 samples with density_matrix_optimized imputer
2025-10-29 19:26:01,696 - src.imputation.base_imputer - INFO - graph_cycle_encoding imputer fitted successfully
2025-10-29 19:26:01,696 - src.imputation.base_imputer - INFO - Transforming 11547 samples with graph_cycle_encoding imputer
2025-10-29 19:26:01,696 - src.imputation.amplitude_embedding - INFO - Learned position frequencies from 11547 samples. Normalization mode: uniform
2025-10-29 19:26:01,696 - src.imputation.base_imputer - INFO - amplitude_embedding imputer fitted successfully
2025-10-29 19:26:01,696 - src.imputation.base_imputer - INFO - Transforming 11547 samples with amplitude_embedding imputer
2025-10-29 19:26:09,570 - src.imputation.base_imputer - INFO - Transformation complete: output shape (11547, 322)
2025-10-29 19:26:09,570 - src.imputation.base_imputer - INFO - Transforming 1 samples with angle_encoding imputer
2025-10-29 19:26:09,572 - src.imputation.base_imputer - INFO - Transformation complete: output shape (1, 322)
2025-10-29 19:26:09,642 - src.imputation.base_imputer - INFO - Transformation complete: output shape (11547, 377)
2025-10-29 19:26:09,642 - src.imputation.base_imputer - INFO - Transforming 1 samples with amplitude_embedding imputer
2025-10-29 19:26:09,644 - src.imputation.base_imputer - INFO - Transformation complete: output shape (1, 377)
2025-10-29 19:26:09,769 - src.imputation.base_imputer - INFO - Transformation complete: output shape (11547, 259)
2025-10-29 19:26:09,769 - src.imputation.base_imputer - INFO - Transforming 1 samples with density_matrix_optimized imputer
2025-10-29 19:26:09,771 - src.imputation.base_imputer - INFO - Transformation complete: output shape (1, 259)
2025-10-29 19:26:10,032 - src.imputation.base_imputer - INFO - Transformation complete: output shape (11547, 277)
2025-10-29 19:26:10,032 - src.imputation.base_imputer - INFO - Transforming 1 samples with graph_cycle_encoding imputer
2025-10-29 19:26:10,034 - src.imputation.base_imputer - INFO - Transformation complete: output shape (1, 277)
2025-10-29 19:26:15,339 - src.modeling.rankers.lgbm_ranker - INFO - Training LGBMRanker on 11547 events...
2025-10-29 19:26:15,398 - src.modeling.rankers.lgbm_ranker - INFO - Training LGBMRanker on 11547 events...
2025-10-29 19:26:15,452 - src.modeling.rankers.lgbm_ranker - INFO - Training LGBMRanker on 11547 events...
2025-10-29 19:26:15,484 - src.modeling.rankers.lgbm_ranker - INFO - Computed position frequencies: 39 positions
2025-10-29 19:26:15,538 - src.modeling.rankers.lgbm_ranker - INFO - Computed position frequencies: 39 positions
2025-10-29 19:26:15,597 - src.modeling.rankers.lgbm_ranker - INFO - Computed position frequencies: 39 positions
2025-10-29 19:26:15,631 - src.modeling.rankers.lgbm_ranker - INFO - Training LGBMRanker on 11547 events...
2025-10-29 19:26:15,770 - src.modeling.rankers.lgbm_ranker - INFO - Computed position frequencies: 39 positions
2025-10-29 19:27:29,271 - src.modeling.rankers.lgbm_ranker - INFO - Transformed to ranking format: 450333 samples (11547 groups of 39 positions each)
2025-10-29 19:27:29,271 - src.modeling.rankers.lgbm_ranker - INFO - Training LightGBM model...
/usr/local/lib/python3.10/dist-packages/lightgbm/sklearn.py:861: UserWarning: Found 'ndcg_eval_at' in params. Will use it instead of 'eval_at' argument
  _log_warning(f"Found '{alias}' in params. Will use it instead of 'eval_at' argument")
2025-10-29 19:27:29,779 - src.modeling.rankers.lgbm_ranker - INFO - Transformed to ranking format: 450333 samples (11547 groups of 39 positions each)
2025-10-29 19:27:29,779 - src.modeling.rankers.lgbm_ranker - INFO - Training LightGBM model...
/usr/local/lib/python3.10/dist-packages/lightgbm/sklearn.py:861: UserWarning: Found 'ndcg_eval_at' in params. Will use it instead of 'eval_at' argument
  _log_warning(f"Found '{alias}' in params. Will use it instead of 'eval_at' argument")
2025-10-29 19:27:30,902 - src.modeling.rankers.lgbm_ranker - INFO - Top-5 most important features:
2025-10-29 19:27:30,902 - src.modeling.rankers.lgbm_ranker - INFO -   aggregate_0: 299.00
2025-10-29 19:27:30,902 - src.modeling.rankers.lgbm_ranker - INFO -   position_id: 267.00
2025-10-29 19:27:30,902 - src.modeling.rankers.lgbm_ranker - INFO -   position_frequency: 260.00
2025-10-29 19:27:30,902 - src.modeling.rankers.lgbm_ranker - INFO -   aggregate_1: 103.00
2025-10-29 19:27:30,902 - src.modeling.rankers.lgbm_ranker - INFO -   tunneling: 97.00
2025-10-29 19:27:30,902 - src.modeling.rankers.lgbm_ranker - INFO - ✓ Training completed in 75.56 seconds
2025-10-29 19:27:30,902 - src.modeling.rankers.lgbm_ranker - INFO - ✓ LGBMRanker training successful
2025-10-29 19:27:30,914 - src.modeling.rankers.lgbm_ranker - INFO - Predicting top-20 for 1 test events...
/usr/local/lib/python3.10/dist-packages/lightgbm/sklearn.py:861: UserWarning: Found 'ndcg_eval_at' in params. Will use it instead of 'eval_at' argument
  _log_warning(f"Found '{alias}' in params. Will use it instead of 'eval_at' argument")
2025-10-29 19:27:30,922 - src.modeling.rankers.lgbm_ranker - INFO - ✓ Predictions generated for 1 events
2025-10-29 19:27:30,972 - src.modeling.rankers.lgbm_ranker - INFO - Top-5 most important features:
2025-10-29 19:27:30,972 - src.modeling.rankers.lgbm_ranker - INFO -   position_id: 379.00
2025-10-29 19:27:30,972 - src.modeling.rankers.lgbm_ranker - INFO -   position_frequency: 351.00
2025-10-29 19:27:30,972 - src.modeling.rankers.lgbm_ranker - INFO -   tunneling: 292.00
2025-10-29 19:27:30,972 - src.modeling.rankers.lgbm_ranker - INFO -   min_distance: 223.00
2025-10-29 19:27:30,972 - src.modeling.rankers.lgbm_ranker - INFO -   density_window_0: 177.00
2025-10-29 19:27:30,972 - src.modeling.rankers.lgbm_ranker - INFO - ✓ Training completed in 75.57 seconds
2025-10-29 19:27:30,972 - src.modeling.rankers.lgbm_ranker - INFO - ✓ LGBMRanker training successful
2025-10-29 19:27:30,993 - src.modeling.rankers.lgbm_ranker - INFO - Predicting top-20 for 1 test events...
/usr/local/lib/python3.10/dist-packages/lightgbm/sklearn.py:861: UserWarning: Found 'ndcg_eval_at' in params. Will use it instead of 'eval_at' argument
  _log_warning(f"Found '{alias}' in params. Will use it instead of 'eval_at' argument")
2025-10-29 19:27:31,001 - src.modeling.rankers.lgbm_ranker - INFO - ✓ Predictions generated for 1 events
2025-10-29 19:27:35,525 - src.modeling.rankers.lgbm_ranker - INFO - Transformed to ranking format: 450333 samples (11547 groups of 39 positions each)
2025-10-29 19:27:35,525 - src.modeling.rankers.lgbm_ranker - INFO - Training LightGBM model...
/usr/local/lib/python3.10/dist-packages/lightgbm/sklearn.py:861: UserWarning: Found 'ndcg_eval_at' in params. Will use it instead of 'eval_at' argument
  _log_warning(f"Found '{alias}' in params. Will use it instead of 'eval_at' argument")
2025-10-29 19:27:38,415 - src.modeling.rankers.lgbm_ranker - INFO - Transformed to ranking format: 450333 samples (11547 groups of 39 positions each)
2025-10-29 19:27:38,415 - src.modeling.rankers.lgbm_ranker - INFO - Training LightGBM model...
/usr/local/lib/python3.10/dist-packages/lightgbm/sklearn.py:861: UserWarning: Found 'ndcg_eval_at' in params. Will use it instead of 'eval_at' argument
  _log_warning(f"Found '{alias}' in params. Will use it instead of 'eval_at' argument")
2025-10-29 19:27:38,483 - src.modeling.rankers.lgbm_ranker - INFO - Top-5 most important features:
2025-10-29 19:27:38,483 - src.modeling.rankers.lgbm_ranker - INFO -   tunneling: 409.00
2025-10-29 19:27:38,483 - src.modeling.rankers.lgbm_ranker - INFO -   min_distance: 244.00
2025-10-29 19:27:38,483 - src.modeling.rankers.lgbm_ranker - INFO -   position_id: 226.00
2025-10-29 19:27:38,483 - src.modeling.rankers.lgbm_ranker - INFO -   dft_45: 207.00
2025-10-29 19:27:38,483 - src.modeling.rankers.lgbm_ranker - INFO -   density_window_0: 202.00
2025-10-29 19:27:38,483 - src.modeling.rankers.lgbm_ranker - INFO - ✓ Training completed in 82.85 seconds
2025-10-29 19:27:38,483 - src.modeling.rankers.lgbm_ranker - INFO - ✓ LGBMRanker training successful
2025-10-29 19:27:38,555 - src.modeling.rankers.lgbm_ranker - INFO - Predicting top-20 for 1 test events...
/usr/local/lib/python3.10/dist-packages/lightgbm/sklearn.py:861: UserWarning: Found 'ndcg_eval_at' in params. Will use it instead of 'eval_at' argument
  _log_warning(f"Found '{alias}' in params. Will use it instead of 'eval_at' argument")
2025-10-29 19:27:38,563 - src.modeling.rankers.lgbm_ranker - INFO - ✓ Predictions generated for 1 events
2025-10-29 19:27:39,459 - src.modeling.rankers.lgbm_ranker - INFO - Top-5 most important features:
2025-10-29 19:27:39,459 - src.modeling.rankers.lgbm_ranker - INFO -   position_frequency: 356.00
2025-10-29 19:27:39,459 - src.modeling.rankers.lgbm_ranker - INFO -   position_id: 230.00
2025-10-29 19:27:39,459 - src.modeling.rankers.lgbm_ranker - INFO -   tunneling: 228.00
2025-10-29 19:27:39,459 - src.modeling.rankers.lgbm_ranker - INFO -   min_distance: 202.00
2025-10-29 19:27:39,459 - src.modeling.rankers.lgbm_ranker - INFO -   density_window_0: 126.00
2025-10-29 19:27:39,459 - src.modeling.rankers.lgbm_ranker - INFO - ✓ Training completed in 84.01 seconds
2025-10-29 19:27:39,459 - src.modeling.rankers.lgbm_ranker - INFO - ✓ LGBMRanker training successful
2025-10-29 19:27:39,462 - src.modeling.rankers.lgbm_ranker - INFO - Predicting top-20 for 1 test events...
/usr/local/lib/python3.10/dist-packages/lightgbm/sklearn.py:861: UserWarning: Found 'ndcg_eval_at' in params. Will use it instead of 'eval_at' argument
  _log_warning(f"Found '{alias}' in params. Will use it instead of 'eval_at' argument")
2025-10-29 19:27:39,471 - src.modeling.rankers.lgbm_ranker - INFO - ✓ Predictions generated for 1 events

  Event Duration: 97.9s
  Parallel Exec:  97.9s
  Model Training Times:
    amplitude: train=84.0s, total=97.8s
    angle_encoding: train=75.6s, total=89.2s
    graph_cycle: train=82.9s, total=96.9s
    density_matrix: train=75.6s, total=89.3s
  Memory Peak: 1.28 GB
  Recalls: amplitude: 100%, angle_encoding: 100%, graph_cycle: 100%, density_matrix: 100%, ensemble: 100%
  [CHECKPOINT] Saved

================================================================================
Event 11549 (60/100)
================================================================================
2025-10-29 19:27:39,633 - src.imputation.base_imputer - INFO - Fitting angle_encoding imputer on 11548 samples
2025-10-29 19:27:39,633 - src.imputation.base_imputer - INFO - Fitting graph_cycle_encoding imputer on 11548 samples
2025-10-29 19:27:39,633 - src.imputation.base_imputer - INFO - Fitting density_matrix_optimized imputer on 11548 samples
2025-10-29 19:27:39,633 - src.imputation.base_imputer - INFO - Fitting amplitude_embedding imputer on 11548 samples
2025-10-29 19:27:39,637 - src.imputation.density_matrix - INFO - Density matrix uses fixed quantum mechanical construction (no learning from 11548 training samples)
2025-10-29 19:27:39,637 - src.imputation.angle_encoding - INFO - Angle encoding uses fixed angular mapping (no learning from 11548 training samples)
2025-10-29 19:27:39,637 - src.imputation.base_imputer - INFO - density_matrix_optimized imputer fitted successfully
2025-10-29 19:27:39,637 - src.imputation.base_imputer - INFO - angle_encoding imputer fitted successfully
2025-10-29 19:27:39,637 - src.imputation.base_imputer - INFO - Transforming 11548 samples with density_matrix_optimized imputer
2025-10-29 19:27:39,637 - src.imputation.base_imputer - INFO - Transforming 11548 samples with angle_encoding imputer
2025-10-29 19:27:39,637 - src.imputation.graph_cycle_encoding - INFO - Graph/Cycle encoding uses fixed DFT basis and geometric distances (no learning from 11548 training samples)
2025-10-29 19:27:39,637 - src.imputation.base_imputer - INFO - graph_cycle_encoding imputer fitted successfully
2025-10-29 19:27:39,637 - src.imputation.base_imputer - INFO - Transforming 11548 samples with graph_cycle_encoding imputer
2025-10-29 19:27:39,637 - src.imputation.amplitude_embedding - INFO - Learned position frequencies from 11548 samples. Normalization mode: uniform
2025-10-29 19:27:39,637 - src.imputation.base_imputer - INFO - amplitude_embedding imputer fitted successfully
2025-10-29 19:27:39,637 - src.imputation.base_imputer - INFO - Transforming 11548 samples with amplitude_embedding imputer
2025-10-29 19:27:47,531 - src.imputation.base_imputer - INFO - Transformation complete: output shape (11548, 322)
2025-10-29 19:27:47,531 - src.imputation.base_imputer - INFO - Transforming 1 samples with angle_encoding imputer
2025-10-29 19:27:47,533 - src.imputation.base_imputer - INFO - Transformation complete: output shape (1, 322)
2025-10-29 19:27:47,653 - src.imputation.base_imputer - INFO - Transformation complete: output shape (11548, 259)
2025-10-29 19:27:47,653 - src.imputation.base_imputer - INFO - Transforming 1 samples with density_matrix_optimized imputer
2025-10-29 19:27:47,655 - src.imputation.base_imputer - INFO - Transformation complete: output shape (1, 259)
2025-10-29 19:27:47,732 - src.imputation.base_imputer - INFO - Transformation complete: output shape (11548, 377)
2025-10-29 19:27:47,732 - src.imputation.base_imputer - INFO - Transforming 1 samples with amplitude_embedding imputer
2025-10-29 19:27:47,735 - src.imputation.base_imputer - INFO - Transformation complete: output shape (1, 377)
2025-10-29 19:27:48,079 - src.imputation.base_imputer - INFO - Transformation complete: output shape (11548, 277)
2025-10-29 19:27:48,079 - src.imputation.base_imputer - INFO - Transforming 1 samples with graph_cycle_encoding imputer
2025-10-29 19:27:48,081 - src.imputation.base_imputer - INFO - Transformation complete: output shape (1, 277)
2025-10-29 19:27:53,319 - src.modeling.rankers.lgbm_ranker - INFO - Training LGBMRanker on 11548 events...
2025-10-29 19:27:53,333 - src.modeling.rankers.lgbm_ranker - INFO - Training LGBMRanker on 11548 events...
2025-10-29 19:27:53,460 - src.modeling.rankers.lgbm_ranker - INFO - Computed position frequencies: 39 positions
2025-10-29 19:27:53,479 - src.modeling.rankers.lgbm_ranker - INFO - Computed position frequencies: 39 positions
2025-10-29 19:27:53,543 - src.modeling.rankers.lgbm_ranker - INFO - Training LGBMRanker on 11548 events...
2025-10-29 19:27:53,649 - src.modeling.rankers.lgbm_ranker - INFO - Training LGBMRanker on 11548 events...
2025-10-29 19:27:53,693 - src.modeling.rankers.lgbm_ranker - INFO - Computed position frequencies: 39 positions
2025-10-29 19:27:53,791 - src.modeling.rankers.lgbm_ranker - INFO - Computed position frequencies: 39 positions
2025-10-29 19:29:07,750 - src.modeling.rankers.lgbm_ranker - INFO - Transformed to ranking format: 450372 samples (11548 groups of 39 positions each)
2025-10-29 19:29:07,751 - src.modeling.rankers.lgbm_ranker - INFO - Training LightGBM model...
/usr/local/lib/python3.10/dist-packages/lightgbm/sklearn.py:861: UserWarning: Found 'ndcg_eval_at' in params. Will use it instead of 'eval_at' argument
  _log_warning(f"Found '{alias}' in params. Will use it instead of 'eval_at' argument")
2025-10-29 19:29:08,637 - src.modeling.rankers.lgbm_ranker - INFO - Transformed to ranking format: 450372 samples (11548 groups of 39 positions each)
2025-10-29 19:29:08,637 - src.modeling.rankers.lgbm_ranker - INFO - Training LightGBM model...
/usr/local/lib/python3.10/dist-packages/lightgbm/sklearn.py:861: UserWarning: Found 'ndcg_eval_at' in params. Will use it instead of 'eval_at' argument
  _log_warning(f"Found '{alias}' in params. Will use it instead of 'eval_at' argument")
2025-10-29 19:29:08,863 - src.modeling.rankers.lgbm_ranker - INFO - Top-5 most important features:
2025-10-29 19:29:08,863 - src.modeling.rankers.lgbm_ranker - INFO -   aggregate_0: 334.00
2025-10-29 19:29:08,863 - src.modeling.rankers.lgbm_ranker - INFO -   position_frequency: 254.00
2025-10-29 19:29:08,863 - src.modeling.rankers.lgbm_ranker - INFO -   position_id: 223.00
2025-10-29 19:29:08,863 - src.modeling.rankers.lgbm_ranker - INFO -   aggregate_1: 137.00
2025-10-29 19:29:08,863 - src.modeling.rankers.lgbm_ranker - INFO -   angle: 81.00
2025-10-29 19:29:08,863 - src.modeling.rankers.lgbm_ranker - INFO - ✓ Training completed in 75.53 seconds
2025-10-29 19:29:08,863 - src.modeling.rankers.lgbm_ranker - INFO - ✓ LGBMRanker training successful
2025-10-29 19:29:08,875 - src.modeling.rankers.lgbm_ranker - INFO - Predicting top-20 for 1 test events...
/usr/local/lib/python3.10/dist-packages/lightgbm/sklearn.py:861: UserWarning: Found 'ndcg_eval_at' in params. Will use it instead of 'eval_at' argument
  _log_warning(f"Found '{alias}' in params. Will use it instead of 'eval_at' argument")
2025-10-29 19:29:08,883 - src.modeling.rankers.lgbm_ranker - INFO - ✓ Predictions generated for 1 events
2025-10-29 19:29:10,246 - src.modeling.rankers.lgbm_ranker - INFO - Top-5 most important features:
2025-10-29 19:29:10,246 - src.modeling.rankers.lgbm_ranker - INFO -   position_id: 392.00
2025-10-29 19:29:10,246 - src.modeling.rankers.lgbm_ranker - INFO -   tunneling: 312.00
2025-10-29 19:29:10,246 - src.modeling.rankers.lgbm_ranker - INFO -   position_frequency: 307.00
2025-10-29 19:29:10,246 - src.modeling.rankers.lgbm_ranker - INFO -   min_distance: 246.00
2025-10-29 19:29:10,246 - src.modeling.rankers.lgbm_ranker - INFO -   density_window_0: 198.00
2025-10-29 19:29:10,246 - src.modeling.rankers.lgbm_ranker - INFO - ✓ Training completed in 76.93 seconds
2025-10-29 19:29:10,246 - src.modeling.rankers.lgbm_ranker - INFO - ✓ LGBMRanker training successful
2025-10-29 19:29:10,267 - src.modeling.rankers.lgbm_ranker - INFO - Predicting top-20 for 1 test events...
/usr/local/lib/python3.10/dist-packages/lightgbm/sklearn.py:861: UserWarning: Found 'ndcg_eval_at' in params. Will use it instead of 'eval_at' argument
  _log_warning(f"Found '{alias}' in params. Will use it instead of 'eval_at' argument")
2025-10-29 19:29:10,275 - src.modeling.rankers.lgbm_ranker - INFO - ✓ Predictions generated for 1 events
2025-10-29 19:29:13,432 - src.modeling.rankers.lgbm_ranker - INFO - Transformed to ranking format: 450372 samples (11548 groups of 39 positions each)
2025-10-29 19:29:13,432 - src.modeling.rankers.lgbm_ranker - INFO - Training LightGBM model...
/usr/local/lib/python3.10/dist-packages/lightgbm/sklearn.py:861: UserWarning: Found 'ndcg_eval_at' in params. Will use it instead of 'eval_at' argument
  _log_warning(f"Found '{alias}' in params. Will use it instead of 'eval_at' argument")
2025-10-29 19:29:15,787 - src.modeling.rankers.lgbm_ranker - INFO - Transformed to ranking format: 450372 samples (11548 groups of 39 positions each)
2025-10-29 19:29:15,787 - src.modeling.rankers.lgbm_ranker - INFO - Training LightGBM model...
/usr/local/lib/python3.10/dist-packages/lightgbm/sklearn.py:861: UserWarning: Found 'ndcg_eval_at' in params. Will use it instead of 'eval_at' argument
  _log_warning(f"Found '{alias}' in params. Will use it instead of 'eval_at' argument")
2025-10-29 19:29:16,477 - src.modeling.rankers.lgbm_ranker - INFO - Top-5 most important features:
2025-10-29 19:29:16,477 - src.modeling.rankers.lgbm_ranker - INFO -   tunneling: 451.00
2025-10-29 19:29:16,477 - src.modeling.rankers.lgbm_ranker - INFO -   min_distance: 279.00
2025-10-29 19:29:16,477 - src.modeling.rankers.lgbm_ranker - INFO -   position_id: 243.00
2025-10-29 19:29:16,477 - src.modeling.rankers.lgbm_ranker - INFO -   dft_45: 212.00
2025-10-29 19:29:16,477 - src.modeling.rankers.lgbm_ranker - INFO -   density_window_0: 212.00
2025-10-29 19:29:16,477 - src.modeling.rankers.lgbm_ranker - INFO - ✓ Training completed in 82.83 seconds
2025-10-29 19:29:16,477 - src.modeling.rankers.lgbm_ranker - INFO - ✓ LGBMRanker training successful
2025-10-29 19:29:16,526 - src.modeling.rankers.lgbm_ranker - INFO - Predicting top-20 for 1 test events...
/usr/local/lib/python3.10/dist-packages/lightgbm/sklearn.py:861: UserWarning: Found 'ndcg_eval_at' in params. Will use it instead of 'eval_at' argument
  _log_warning(f"Found '{alias}' in params. Will use it instead of 'eval_at' argument")
2025-10-29 19:29:16,535 - src.modeling.rankers.lgbm_ranker - INFO - ✓ Predictions generated for 1 events
2025-10-29 19:29:16,811 - src.modeling.rankers.lgbm_ranker - INFO - Top-5 most important features:
2025-10-29 19:29:16,811 - src.modeling.rankers.lgbm_ranker - INFO -   position_frequency: 289.00
2025-10-29 19:29:16,812 - src.modeling.rankers.lgbm_ranker - INFO -   min_distance: 250.00
2025-10-29 19:29:16,812 - src.modeling.rankers.lgbm_ranker - INFO -   tunneling: 245.00
2025-10-29 19:29:16,812 - src.modeling.rankers.lgbm_ranker - INFO -   position_id: 242.00
2025-10-29 19:29:16,812 - src.modeling.rankers.lgbm_ranker - INFO -   amplitude: 81.00
2025-10-29 19:29:16,812 - src.modeling.rankers.lgbm_ranker - INFO - ✓ Training completed in 83.27 seconds
2025-10-29 19:29:16,812 - src.modeling.rankers.lgbm_ranker - INFO - ✓ LGBMRanker training successful
2025-10-29 19:29:16,816 - src.modeling.rankers.lgbm_ranker - INFO - Predicting top-20 for 1 test events...
/usr/local/lib/python3.10/dist-packages/lightgbm/sklearn.py:861: UserWarning: Found 'ndcg_eval_at' in params. Will use it instead of 'eval_at' argument
  _log_warning(f"Found '{alias}' in params. Will use it instead of 'eval_at' argument")
2025-10-29 19:29:16,824 - src.modeling.rankers.lgbm_ranker - INFO - ✓ Predictions generated for 1 events

  Event Duration: 97.4s
  Parallel Exec:  97.4s
  Model Training Times:
    amplitude: train=83.3s, total=97.2s
    angle_encoding: train=75.5s, total=89.3s
    graph_cycle: train=82.9s, total=96.9s
    density_matrix: train=76.9s, total=90.7s
  Memory Peak: 1.59 GB
  Recalls: amplitude: 100%, angle_encoding: 100%, graph_cycle: 100%, density_matrix: 100%, ensemble: 100%
  [CHECKPOINT] Saved

================================================================================
Event 11550 (61/100)
================================================================================
2025-10-29 19:29:17,003 - src.imputation.base_imputer - INFO - Fitting amplitude_embedding imputer on 11549 samples
2025-10-29 19:29:17,004 - src.imputation.base_imputer - INFO - Fitting graph_cycle_encoding imputer on 11549 samples
2025-10-29 19:29:17,004 - src.imputation.base_imputer - INFO - Fitting angle_encoding imputer on 11549 samples
2025-10-29 19:29:17,005 - src.imputation.base_imputer - INFO - Fitting density_matrix_optimized imputer on 11549 samples
2025-10-29 19:29:17,007 - src.imputation.amplitude_embedding - INFO - Learned position frequencies from 11549 samples. Normalization mode: uniform
2025-10-29 19:29:17,007 - src.imputation.base_imputer - INFO - amplitude_embedding imputer fitted successfully
2025-10-29 19:29:17,007 - src.imputation.base_imputer - INFO - Transforming 11549 samples with amplitude_embedding imputer
2025-10-29 19:29:17,007 - src.imputation.graph_cycle_encoding - INFO - Graph/Cycle encoding uses fixed DFT basis and geometric distances (no learning from 11549 training samples)
2025-10-29 19:29:17,007 - src.imputation.base_imputer - INFO - graph_cycle_encoding imputer fitted successfully
2025-10-29 19:29:17,007 - src.imputation.base_imputer - INFO - Transforming 11549 samples with graph_cycle_encoding imputer
2025-10-29 19:29:17,007 - src.imputation.angle_encoding - INFO - Angle encoding uses fixed angular mapping (no learning from 11549 training samples)
2025-10-29 19:29:17,007 - src.imputation.base_imputer - INFO - angle_encoding imputer fitted successfully
2025-10-29 19:29:17,007 - src.imputation.base_imputer - INFO - Transforming 11549 samples with angle_encoding imputer
2025-10-29 19:29:17,008 - src.imputation.density_matrix - INFO - Density matrix uses fixed quantum mechanical construction (no learning from 11549 training samples)
2025-10-29 19:29:17,008 - src.imputation.base_imputer - INFO - density_matrix_optimized imputer fitted successfully
2025-10-29 19:29:17,008 - src.imputation.base_imputer - INFO - Transforming 11549 samples with density_matrix_optimized imputer
2025-10-29 19:29:24,795 - src.imputation.base_imputer - INFO - Transformation complete: output shape (11549, 322)
2025-10-29 19:29:24,795 - src.imputation.base_imputer - INFO - Transforming 1 samples with angle_encoding imputer
2025-10-29 19:29:24,797 - src.imputation.base_imputer - INFO - Transformation complete: output shape (1, 322)
2025-10-29 19:29:25,199 - src.imputation.base_imputer - INFO - Transformation complete: output shape (11549, 259)
2025-10-29 19:29:25,199 - src.imputation.base_imputer - INFO - Transforming 1 samples with density_matrix_optimized imputer
2025-10-29 19:29:25,201 - src.imputation.base_imputer - INFO - Transformation complete: output shape (1, 259)
2025-10-29 19:29:25,224 - src.imputation.base_imputer - INFO - Transformation complete: output shape (11549, 377)
2025-10-29 19:29:25,224 - src.imputation.base_imputer - INFO - Transforming 1 samples with amplitude_embedding imputer
2025-10-29 19:29:25,226 - src.imputation.base_imputer - INFO - Transformation complete: output shape (1, 377)
2025-10-29 19:29:25,694 - src.imputation.base_imputer - INFO - Transformation complete: output shape (11549, 277)
2025-10-29 19:29:25,694 - src.imputation.base_imputer - INFO - Transforming 1 samples with graph_cycle_encoding imputer
2025-10-29 19:29:25,697 - src.imputation.base_imputer - INFO - Transformation complete: output shape (1, 277)
2025-10-29 19:29:30,478 - src.modeling.rankers.lgbm_ranker - INFO - Training LGBMRanker on 11549 events...
2025-10-29 19:29:30,620 - src.modeling.rankers.lgbm_ranker - INFO - Computed position frequencies: 39 positions
2025-10-29 19:29:30,847 - src.modeling.rankers.lgbm_ranker - INFO - Training LGBMRanker on 11549 events...
2025-10-29 19:29:30,989 - src.modeling.rankers.lgbm_ranker - INFO - Computed position frequencies: 39 positions
2025-10-29 19:29:31,044 - src.modeling.rankers.lgbm_ranker - INFO - Training LGBMRanker on 11549 events...
2025-10-29 19:29:31,190 - src.modeling.rankers.lgbm_ranker - INFO - Computed position frequencies: 39 positions
2025-10-29 19:29:31,622 - src.modeling.rankers.lgbm_ranker - INFO - Training LGBMRanker on 11549 events...
2025-10-29 19:29:31,771 - src.modeling.rankers.lgbm_ranker - INFO - Computed position frequencies: 39 positions
2025-10-29 19:30:44,356 - src.modeling.rankers.lgbm_ranker - INFO - Transformed to ranking format: 450411 samples (11549 groups of 39 positions each)
2025-10-29 19:30:44,356 - src.modeling.rankers.lgbm_ranker - INFO - Training LightGBM model...
/usr/local/lib/python3.10/dist-packages/lightgbm/sklearn.py:861: UserWarning: Found 'ndcg_eval_at' in params. Will use it instead of 'eval_at' argument
  _log_warning(f"Found '{alias}' in params. Will use it instead of 'eval_at' argument")
2025-10-29 19:30:45,516 - src.modeling.rankers.lgbm_ranker - INFO - Top-5 most important features:
2025-10-29 19:30:45,516 - src.modeling.rankers.lgbm_ranker - INFO -   aggregate_0: 252.00
2025-10-29 19:30:45,516 - src.modeling.rankers.lgbm_ranker - INFO -   position_frequency: 242.00
2025-10-29 19:30:45,516 - src.modeling.rankers.lgbm_ranker - INFO -   position_id: 207.00
2025-10-29 19:30:45,516 - src.modeling.rankers.lgbm_ranker - INFO -   aggregate_1: 138.00
2025-10-29 19:30:45,516 - src.modeling.rankers.lgbm_ranker - INFO -   tunneling: 123.00
2025-10-29 19:30:45,516 - src.modeling.rankers.lgbm_ranker - INFO - ✓ Training completed in 75.04 seconds
2025-10-29 19:30:45,516 - src.modeling.rankers.lgbm_ranker - INFO - ✓ LGBMRanker training successful
2025-10-29 19:30:45,520 - src.modeling.rankers.lgbm_ranker - INFO - Predicting top-20 for 1 test events...
/usr/local/lib/python3.10/dist-packages/lightgbm/sklearn.py:861: UserWarning: Found 'ndcg_eval_at' in params. Will use it instead of 'eval_at' argument
  _log_warning(f"Found '{alias}' in params. Will use it instead of 'eval_at' argument")
2025-10-29 19:30:45,528 - src.modeling.rankers.lgbm_ranker - INFO - ✓ Predictions generated for 1 events
2025-10-29 19:30:46,246 - src.modeling.rankers.lgbm_ranker - INFO - Transformed to ranking format: 450411 samples (11549 groups of 39 positions each)
2025-10-29 19:30:46,246 - src.modeling.rankers.lgbm_ranker - INFO - Training LightGBM model...
/usr/local/lib/python3.10/dist-packages/lightgbm/sklearn.py:861: UserWarning: Found 'ndcg_eval_at' in params. Will use it instead of 'eval_at' argument
  _log_warning(f"Found '{alias}' in params. Will use it instead of 'eval_at' argument")
2025-10-29 19:30:47,850 - src.modeling.rankers.lgbm_ranker - INFO - Top-5 most important features:
2025-10-29 19:30:47,850 - src.modeling.rankers.lgbm_ranker - INFO -   position_id: 351.00
2025-10-29 19:30:47,850 - src.modeling.rankers.lgbm_ranker - INFO -   min_distance: 328.00
2025-10-29 19:30:47,850 - src.modeling.rankers.lgbm_ranker - INFO -   tunneling: 292.00
2025-10-29 19:30:47,850 - src.modeling.rankers.lgbm_ranker - INFO -   position_frequency: 268.00
2025-10-29 19:30:47,850 - src.modeling.rankers.lgbm_ranker - INFO -   density_window_0: 201.00
2025-10-29 19:30:47,850 - src.modeling.rankers.lgbm_ranker - INFO - ✓ Training completed in 77.00 seconds
2025-10-29 19:30:47,850 - src.modeling.rankers.lgbm_ranker - INFO - ✓ LGBMRanker training successful
2025-10-29 19:30:47,869 - src.modeling.rankers.lgbm_ranker - INFO - Predicting top-20 for 1 test events...
/usr/local/lib/python3.10/dist-packages/lightgbm/sklearn.py:861: UserWarning: Found 'ndcg_eval_at' in params. Will use it instead of 'eval_at' argument
  _log_warning(f"Found '{alias}' in params. Will use it instead of 'eval_at' argument")
2025-10-29 19:30:47,877 - src.modeling.rankers.lgbm_ranker - INFO - ✓ Predictions generated for 1 events
2025-10-29 19:30:52,696 - src.modeling.rankers.lgbm_ranker - INFO - Transformed to ranking format: 450411 samples (11549 groups of 39 positions each)
2025-10-29 19:30:52,696 - src.modeling.rankers.lgbm_ranker - INFO - Training LightGBM model...
/usr/local/lib/python3.10/dist-packages/lightgbm/sklearn.py:861: UserWarning: Found 'ndcg_eval_at' in params. Will use it instead of 'eval_at' argument
  _log_warning(f"Found '{alias}' in params. Will use it instead of 'eval_at' argument")
2025-10-29 19:30:53,735 - src.modeling.rankers.lgbm_ranker - INFO - Top-5 most important features:
2025-10-29 19:30:53,735 - src.modeling.rankers.lgbm_ranker - INFO -   position_frequency: 303.00
2025-10-29 19:30:53,735 - src.modeling.rankers.lgbm_ranker - INFO -   position_id: 268.00
2025-10-29 19:30:53,735 - src.modeling.rankers.lgbm_ranker - INFO -   min_distance: 263.00
2025-10-29 19:30:53,735 - src.modeling.rankers.lgbm_ranker - INFO -   tunneling: 200.00
2025-10-29 19:30:53,735 - src.modeling.rankers.lgbm_ranker - INFO -   density_window_0: 134.00
2025-10-29 19:30:53,735 - src.modeling.rankers.lgbm_ranker - INFO - ✓ Training completed in 82.69 seconds
2025-10-29 19:30:53,735 - src.modeling.rankers.lgbm_ranker - INFO - ✓ LGBMRanker training successful
2025-10-29 19:30:53,739 - src.modeling.rankers.lgbm_ranker - INFO - Predicting top-20 for 1 test events...
/usr/local/lib/python3.10/dist-packages/lightgbm/sklearn.py:861: UserWarning: Found 'ndcg_eval_at' in params. Will use it instead of 'eval_at' argument
  _log_warning(f"Found '{alias}' in params. Will use it instead of 'eval_at' argument")
2025-10-29 19:30:53,747 - src.modeling.rankers.lgbm_ranker - INFO - ✓ Predictions generated for 1 events
2025-10-29 19:30:54,580 - src.modeling.rankers.lgbm_ranker - INFO - Transformed to ranking format: 450411 samples (11549 groups of 39 positions each)
2025-10-29 19:30:54,581 - src.modeling.rankers.lgbm_ranker - INFO - Training LightGBM model...
/usr/local/lib/python3.10/dist-packages/lightgbm/sklearn.py:861: UserWarning: Found 'ndcg_eval_at' in params. Will use it instead of 'eval_at' argument
  _log_warning(f"Found '{alias}' in params. Will use it instead of 'eval_at' argument")
2025-10-29 19:30:57,475 - src.modeling.rankers.lgbm_ranker - INFO - Top-5 most important features:
2025-10-29 19:30:57,475 - src.modeling.rankers.lgbm_ranker - INFO -   tunneling: 443.00
2025-10-29 19:30:57,475 - src.modeling.rankers.lgbm_ranker - INFO -   min_distance: 270.00
2025-10-29 19:30:57,475 - src.modeling.rankers.lgbm_ranker - INFO -   position_id: 231.00
2025-10-29 19:30:57,475 - src.modeling.rankers.lgbm_ranker - INFO -   dft_45: 213.00
2025-10-29 19:30:57,475 - src.modeling.rankers.lgbm_ranker - INFO -   density_window_0: 211.00
2025-10-29 19:30:57,475 - src.modeling.rankers.lgbm_ranker - INFO - ✓ Training completed in 85.85 seconds
2025-10-29 19:30:57,475 - src.modeling.rankers.lgbm_ranker - INFO - ✓ LGBMRanker training successful
2025-10-29 19:30:57,536 - src.modeling.rankers.lgbm_ranker - INFO - Predicting top-20 for 1 test events...
/usr/local/lib/python3.10/dist-packages/lightgbm/sklearn.py:861: UserWarning: Found 'ndcg_eval_at' in params. Will use it instead of 'eval_at' argument
  _log_warning(f"Found '{alias}' in params. Will use it instead of 'eval_at' argument")
2025-10-29 19:30:57,545 - src.modeling.rankers.lgbm_ranker - INFO - ✓ Predictions generated for 1 events

  Event Duration: 100.7s
  Parallel Exec:  100.7s
  Model Training Times:
    amplitude: train=82.7s, total=96.8s
    angle_encoding: train=75.0s, total=88.5s
    graph_cycle: train=85.9s, total=100.6s
    density_matrix: train=77.0s, total=90.9s
  Memory Peak: 1.44 GB
  Recalls: amplitude: 100%, angle_encoding: 100%, graph_cycle: 100%, density_matrix: 100%, ensemble: 100%
  [CHECKPOINT] Saved

================================================================================
Event 11551 (62/100)
================================================================================
2025-10-29 19:30:57,718 - src.imputation.base_imputer - INFO - Fitting graph_cycle_encoding imputer on 11550 samples
2025-10-29 19:30:57,718 - src.imputation.base_imputer - INFO - Fitting density_matrix_optimized imputer on 11550 samples
2025-10-29 19:30:57,718 - src.imputation.base_imputer - INFO - Fitting amplitude_embedding imputer on 11550 samples
2025-10-29 19:30:57,718 - src.imputation.base_imputer - INFO - Fitting angle_encoding imputer on 11550 samples
2025-10-29 19:30:57,721 - src.imputation.density_matrix - INFO - Density matrix uses fixed quantum mechanical construction (no learning from 11550 training samples)
2025-10-29 19:30:57,721 - src.imputation.graph_cycle_encoding - INFO - Graph/Cycle encoding uses fixed DFT basis and geometric distances (no learning from 11550 training samples)
2025-10-29 19:30:57,721 - src.imputation.base_imputer - INFO - density_matrix_optimized imputer fitted successfully
2025-10-29 19:30:57,721 - src.imputation.base_imputer - INFO - graph_cycle_encoding imputer fitted successfully
2025-10-29 19:30:57,721 - src.imputation.base_imputer - INFO - Transforming 11550 samples with density_matrix_optimized imputer
2025-10-29 19:30:57,721 - src.imputation.base_imputer - INFO - Transforming 11550 samples with graph_cycle_encoding imputer
2025-10-29 19:30:57,721 - src.imputation.angle_encoding - INFO - Angle encoding uses fixed angular mapping (no learning from 11550 training samples)
2025-10-29 19:30:57,721 - src.imputation.base_imputer - INFO - angle_encoding imputer fitted successfully
2025-10-29 19:30:57,721 - src.imputation.base_imputer - INFO - Transforming 11550 samples with angle_encoding imputer
2025-10-29 19:30:57,722 - src.imputation.amplitude_embedding - INFO - Learned position frequencies from 11550 samples. Normalization mode: uniform
2025-10-29 19:30:57,722 - src.imputation.base_imputer - INFO - amplitude_embedding imputer fitted successfully
2025-10-29 19:30:57,722 - src.imputation.base_imputer - INFO - Transforming 11550 samples with amplitude_embedding imputer
2025-10-29 19:31:05,682 - src.imputation.base_imputer - INFO - Transformation complete: output shape (11550, 322)
2025-10-29 19:31:05,682 - src.imputation.base_imputer - INFO - Transforming 1 samples with angle_encoding imputer
2025-10-29 19:31:05,684 - src.imputation.base_imputer - INFO - Transformation complete: output shape (1, 322)
2025-10-29 19:31:05,748 - src.imputation.base_imputer - INFO - Transformation complete: output shape (11550, 377)
2025-10-29 19:31:05,748 - src.imputation.base_imputer - INFO - Transforming 1 samples with amplitude_embedding imputer
2025-10-29 19:31:05,750 - src.imputation.base_imputer - INFO - Transformation complete: output shape (1, 377)
2025-10-29 19:31:05,802 - src.imputation.base_imputer - INFO - Transformation complete: output shape (11550, 259)
2025-10-29 19:31:05,802 - src.imputation.base_imputer - INFO - Transforming 1 samples with density_matrix_optimized imputer
2025-10-29 19:31:05,804 - src.imputation.base_imputer - INFO - Transformation complete: output shape (1, 259)
2025-10-29 19:31:06,132 - src.imputation.base_imputer - INFO - Transformation complete: output shape (11550, 277)
2025-10-29 19:31:06,132 - src.imputation.base_imputer - INFO - Transforming 1 samples with graph_cycle_encoding imputer
2025-10-29 19:31:06,134 - src.imputation.base_imputer - INFO - Transformation complete: output shape (1, 277)
2025-10-29 19:31:11,507 - src.modeling.rankers.lgbm_ranker - INFO - Training LGBMRanker on 11550 events...
2025-10-29 19:31:11,534 - src.modeling.rankers.lgbm_ranker - INFO - Training LGBMRanker on 11550 events...
2025-10-29 19:31:11,590 - src.modeling.rankers.lgbm_ranker - INFO - Training LGBMRanker on 11550 events...
2025-10-29 19:31:11,653 - src.modeling.rankers.lgbm_ranker - INFO - Computed position frequencies: 39 positions
2025-10-29 19:31:11,678 - src.modeling.rankers.lgbm_ranker - INFO - Computed position frequencies: 39 positions
2025-10-29 19:31:11,722 - src.modeling.rankers.lgbm_ranker - INFO - Training LGBMRanker on 11550 events...
2025-10-29 19:31:11,737 - src.modeling.rankers.lgbm_ranker - INFO - Computed position frequencies: 39 positions
2025-10-29 19:31:11,863 - src.modeling.rankers.lgbm_ranker - INFO - Computed position frequencies: 39 positions
2025-10-29 19:32:26,688 - src.modeling.rankers.lgbm_ranker - INFO - Transformed to ranking format: 450450 samples (11550 groups of 39 positions each)
2025-10-29 19:32:26,688 - src.modeling.rankers.lgbm_ranker - INFO - Training LightGBM model...
/usr/local/lib/python3.10/dist-packages/lightgbm/sklearn.py:861: UserWarning: Found 'ndcg_eval_at' in params. Will use it instead of 'eval_at' argument
  _log_warning(f"Found '{alias}' in params. Will use it instead of 'eval_at' argument")
2025-10-29 19:32:27,266 - src.modeling.rankers.lgbm_ranker - INFO - Transformed to ranking format: 450450 samples (11550 groups of 39 positions each)
2025-10-29 19:32:27,266 - src.modeling.rankers.lgbm_ranker - INFO - Training LightGBM model...
/usr/local/lib/python3.10/dist-packages/lightgbm/sklearn.py:861: UserWarning: Found 'ndcg_eval_at' in params. Will use it instead of 'eval_at' argument
  _log_warning(f"Found '{alias}' in params. Will use it instead of 'eval_at' argument")
2025-10-29 19:32:28,421 - src.modeling.rankers.lgbm_ranker - INFO - Top-5 most important features:
2025-10-29 19:32:28,421 - src.modeling.rankers.lgbm_ranker - INFO -   position_id: 470.00
2025-10-29 19:32:28,421 - src.modeling.rankers.lgbm_ranker - INFO -   tunneling: 331.00
2025-10-29 19:32:28,421 - src.modeling.rankers.lgbm_ranker - INFO -   position_frequency: 230.00
2025-10-29 19:32:28,421 - src.modeling.rankers.lgbm_ranker - INFO -   min_distance: 229.00
2025-10-29 19:32:28,421 - src.modeling.rankers.lgbm_ranker - INFO -   density_window_0: 208.00
2025-10-29 19:32:28,421 - src.modeling.rankers.lgbm_ranker - INFO - ✓ Training completed in 76.89 seconds
2025-10-29 19:32:28,421 - src.modeling.rankers.lgbm_ranker - INFO - ✓ LGBMRanker training successful
2025-10-29 19:32:28,432 - src.modeling.rankers.lgbm_ranker - INFO - Top-5 most important features:
2025-10-29 19:32:28,433 - src.modeling.rankers.lgbm_ranker - INFO -   aggregate_0: 306.00
2025-10-29 19:32:28,433 - src.modeling.rankers.lgbm_ranker - INFO -   position_frequency: 245.00
2025-10-29 19:32:28,433 - src.modeling.rankers.lgbm_ranker - INFO -   position_id: 222.00
2025-10-29 19:32:28,433 - src.modeling.rankers.lgbm_ranker - INFO -   min_distance: 90.00
2025-10-29 19:32:28,433 - src.modeling.rankers.lgbm_ranker - INFO -   aggregate_1: 86.00
2025-10-29 19:32:28,433 - src.modeling.rankers.lgbm_ranker - INFO - ✓ Training completed in 76.93 seconds
2025-10-29 19:32:28,433 - src.modeling.rankers.lgbm_ranker - INFO - ✓ LGBMRanker training successful
2025-10-29 19:32:28,443 - src.modeling.rankers.lgbm_ranker - INFO - Predicting top-20 for 1 test events...
2025-10-29 19:32:28,446 - src.modeling.rankers.lgbm_ranker - INFO - Predicting top-20 for 1 test events...
/usr/local/lib/python3.10/dist-packages/lightgbm/sklearn.py:861: UserWarning: Found 'ndcg_eval_at' in params. Will use it instead of 'eval_at' argument
  _log_warning(f"Found '{alias}' in params. Will use it instead of 'eval_at' argument")
2025-10-29 19:32:28,452 - src.modeling.rankers.lgbm_ranker - INFO - ✓ Predictions generated for 1 events
/usr/local/lib/python3.10/dist-packages/lightgbm/sklearn.py:861: UserWarning: Found 'ndcg_eval_at' in params. Will use it instead of 'eval_at' argument
  _log_warning(f"Found '{alias}' in params. Will use it instead of 'eval_at' argument")
2025-10-29 19:32:28,454 - src.modeling.rankers.lgbm_ranker - INFO - ✓ Predictions generated for 1 events
2025-10-29 19:32:31,892 - src.modeling.rankers.lgbm_ranker - INFO - Transformed to ranking format: 450450 samples (11550 groups of 39 positions each)
2025-10-29 19:32:31,892 - src.modeling.rankers.lgbm_ranker - INFO - Training LightGBM model...
/usr/local/lib/python3.10/dist-packages/lightgbm/sklearn.py:861: UserWarning: Found 'ndcg_eval_at' in params. Will use it instead of 'eval_at' argument
  _log_warning(f"Found '{alias}' in params. Will use it instead of 'eval_at' argument")
2025-10-29 19:32:34,744 - src.modeling.rankers.lgbm_ranker - INFO - Transformed to ranking format: 450450 samples (11550 groups of 39 positions each)
2025-10-29 19:32:34,745 - src.modeling.rankers.lgbm_ranker - INFO - Training LightGBM model...
/usr/local/lib/python3.10/dist-packages/lightgbm/sklearn.py:861: UserWarning: Found 'ndcg_eval_at' in params. Will use it instead of 'eval_at' argument
  _log_warning(f"Found '{alias}' in params. Will use it instead of 'eval_at' argument")
2025-10-29 19:32:34,940 - src.modeling.rankers.lgbm_ranker - INFO - Top-5 most important features:
2025-10-29 19:32:34,940 - src.modeling.rankers.lgbm_ranker - INFO -   tunneling: 410.00
2025-10-29 19:32:34,940 - src.modeling.rankers.lgbm_ranker - INFO -   position_id: 272.00
2025-10-29 19:32:34,940 - src.modeling.rankers.lgbm_ranker - INFO -   min_distance: 269.00
2025-10-29 19:32:34,940 - src.modeling.rankers.lgbm_ranker - INFO -   density_window_0: 187.00
2025-10-29 19:32:34,940 - src.modeling.rankers.lgbm_ranker - INFO -   dft_45: 158.00
2025-10-29 19:32:34,940 - src.modeling.rankers.lgbm_ranker - INFO - ✓ Training completed in 83.22 seconds
2025-10-29 19:32:34,940 - src.modeling.rankers.lgbm_ranker - INFO - ✓ LGBMRanker training successful
2025-10-29 19:32:34,988 - src.modeling.rankers.lgbm_ranker - INFO - Predicting top-20 for 1 test events...
/usr/local/lib/python3.10/dist-packages/lightgbm/sklearn.py:861: UserWarning: Found 'ndcg_eval_at' in params. Will use it instead of 'eval_at' argument
  _log_warning(f"Found '{alias}' in params. Will use it instead of 'eval_at' argument")
2025-10-29 19:32:34,997 - src.modeling.rankers.lgbm_ranker - INFO - ✓ Predictions generated for 1 events
2025-10-29 19:32:35,848 - src.modeling.rankers.lgbm_ranker - INFO - Top-5 most important features:
2025-10-29 19:32:35,848 - src.modeling.rankers.lgbm_ranker - INFO -   position_frequency: 323.00
2025-10-29 19:32:35,848 - src.modeling.rankers.lgbm_ranker - INFO -   position_id: 270.00
2025-10-29 19:32:35,848 - src.modeling.rankers.lgbm_ranker - INFO -   tunneling: 216.00
2025-10-29 19:32:35,848 - src.modeling.rankers.lgbm_ranker - INFO -   min_distance: 189.00
2025-10-29 19:32:35,848 - src.modeling.rankers.lgbm_ranker - INFO -   density_window_0: 123.00
2025-10-29 19:32:35,848 - src.modeling.rankers.lgbm_ranker - INFO - ✓ Training completed in 84.26 seconds
2025-10-29 19:32:35,848 - src.modeling.rankers.lgbm_ranker - INFO - ✓ LGBMRanker training successful
2025-10-29 19:32:35,851 - src.modeling.rankers.lgbm_ranker - INFO - Predicting top-20 for 1 test events...
/usr/local/lib/python3.10/dist-packages/lightgbm/sklearn.py:861: UserWarning: Found 'ndcg_eval_at' in params. Will use it instead of 'eval_at' argument
  _log_warning(f"Found '{alias}' in params. Will use it instead of 'eval_at' argument")
2025-10-29 19:32:35,860 - src.modeling.rankers.lgbm_ranker - INFO - ✓ Predictions generated for 1 events

  Event Duration: 98.3s
  Parallel Exec:  98.3s
  Model Training Times:
    amplitude: train=84.3s, total=98.2s
    angle_encoding: train=76.9s, total=90.8s
    graph_cycle: train=83.3s, total=97.3s
    density_matrix: train=76.9s, total=90.8s
  Memory Peak: 1.59 GB
  Recalls: amplitude: 100%, angle_encoding: 100%, graph_cycle: 100%, density_matrix: 100%, ensemble: 100%
  [CHECKPOINT] Saved

================================================================================
Event 11552 (63/100)
================================================================================
2025-10-29 19:32:36,041 - src.imputation.base_imputer - INFO - Fitting density_matrix_optimized imputer on 11551 samples
2025-10-29 19:32:36,041 - src.imputation.base_imputer - INFO - Fitting graph_cycle_encoding imputer on 11551 samples
2025-10-29 19:32:36,041 - src.imputation.base_imputer - INFO - Fitting amplitude_embedding imputer on 11551 samples
2025-10-29 19:32:36,041 - src.imputation.base_imputer - INFO - Fitting angle_encoding imputer on 11551 samples
2025-10-29 19:32:36,044 - src.imputation.density_matrix - INFO - Density matrix uses fixed quantum mechanical construction (no learning from 11551 training samples)
2025-10-29 19:32:36,044 - src.imputation.base_imputer - INFO - density_matrix_optimized imputer fitted successfully
2025-10-29 19:32:36,044 - src.imputation.base_imputer - INFO - Transforming 11551 samples with density_matrix_optimized imputer
2025-10-29 19:32:36,044 - src.imputation.graph_cycle_encoding - INFO - Graph/Cycle encoding uses fixed DFT basis and geometric distances (no learning from 11551 training samples)
2025-10-29 19:32:36,044 - src.imputation.base_imputer - INFO - graph_cycle_encoding imputer fitted successfully
2025-10-29 19:32:36,044 - src.imputation.base_imputer - INFO - Transforming 11551 samples with graph_cycle_encoding imputer
2025-10-29 19:32:36,044 - src.imputation.angle_encoding - INFO - Angle encoding uses fixed angular mapping (no learning from 11551 training samples)
2025-10-29 19:32:36,044 - src.imputation.base_imputer - INFO - angle_encoding imputer fitted successfully
2025-10-29 19:32:36,044 - src.imputation.base_imputer - INFO - Transforming 11551 samples with angle_encoding imputer
2025-10-29 19:32:36,044 - src.imputation.amplitude_embedding - INFO - Learned position frequencies from 11551 samples. Normalization mode: uniform
2025-10-29 19:32:36,045 - src.imputation.base_imputer - INFO - amplitude_embedding imputer fitted successfully
2025-10-29 19:32:36,045 - src.imputation.base_imputer - INFO - Transforming 11551 samples with amplitude_embedding imputer
2025-10-29 19:32:44,100 - src.imputation.base_imputer - INFO - Transformation complete: output shape (11551, 322)
2025-10-29 19:32:44,100 - src.imputation.base_imputer - INFO - Transforming 1 samples with angle_encoding imputer
2025-10-29 19:32:44,103 - src.imputation.base_imputer - INFO - Transformation complete: output shape (1, 322)
2025-10-29 19:32:44,106 - src.imputation.base_imputer - INFO - Transformation complete: output shape (11551, 377)
2025-10-29 19:32:44,106 - src.imputation.base_imputer - INFO - Transforming 1 samples with amplitude_embedding imputer
2025-10-29 19:32:44,108 - src.imputation.base_imputer - INFO - Transformation complete: output shape (1, 377)
2025-10-29 19:32:44,180 - src.imputation.base_imputer - INFO - Transformation complete: output shape (11551, 259)
2025-10-29 19:32:44,180 - src.imputation.base_imputer - INFO - Transforming 1 samples with density_matrix_optimized imputer
2025-10-29 19:32:44,182 - src.imputation.base_imputer - INFO - Transformation complete: output shape (1, 259)
2025-10-29 19:32:44,556 - src.imputation.base_imputer - INFO - Transformation complete: output shape (11551, 277)
2025-10-29 19:32:44,556 - src.imputation.base_imputer - INFO - Transforming 1 samples with graph_cycle_encoding imputer
2025-10-29 19:32:44,558 - src.imputation.base_imputer - INFO - Transformation complete: output shape (1, 277)
2025-10-29 19:32:49,795 - src.modeling.rankers.lgbm_ranker - INFO - Training LGBMRanker on 11551 events...
2025-10-29 19:32:49,936 - src.modeling.rankers.lgbm_ranker - INFO - Computed position frequencies: 39 positions
2025-10-29 19:32:49,941 - src.modeling.rankers.lgbm_ranker - INFO - Training LGBMRanker on 11551 events...
2025-10-29 19:32:50,001 - src.modeling.rankers.lgbm_ranker - INFO - Training LGBMRanker on 11551 events...
2025-10-29 19:32:50,088 - src.modeling.rankers.lgbm_ranker - INFO - Computed position frequencies: 39 positions
2025-10-29 19:32:50,148 - src.modeling.rankers.lgbm_ranker - INFO - Computed position frequencies: 39 positions
2025-10-29 19:32:50,188 - src.modeling.rankers.lgbm_ranker - INFO - Training LGBMRanker on 11551 events...
2025-10-29 19:32:50,329 - src.modeling.rankers.lgbm_ranker - INFO - Computed position frequencies: 39 positions
2025-10-29 19:34:04,192 - src.modeling.rankers.lgbm_ranker - INFO - Transformed to ranking format: 450489 samples (11551 groups of 39 positions each)
2025-10-29 19:34:04,193 - src.modeling.rankers.lgbm_ranker - INFO - Training LightGBM model...
/usr/local/lib/python3.10/dist-packages/lightgbm/sklearn.py:861: UserWarning: Found 'ndcg_eval_at' in params. Will use it instead of 'eval_at' argument
  _log_warning(f"Found '{alias}' in params. Will use it instead of 'eval_at' argument")
2025-10-29 19:34:04,703 - src.modeling.rankers.lgbm_ranker - INFO - Transformed to ranking format: 450489 samples (11551 groups of 39 positions each)
2025-10-29 19:34:04,703 - src.modeling.rankers.lgbm_ranker - INFO - Training LightGBM model...
/usr/local/lib/python3.10/dist-packages/lightgbm/sklearn.py:861: UserWarning: Found 'ndcg_eval_at' in params. Will use it instead of 'eval_at' argument
  _log_warning(f"Found '{alias}' in params. Will use it instead of 'eval_at' argument")
2025-10-29 19:34:05,856 - src.modeling.rankers.lgbm_ranker - INFO - Top-5 most important features:
2025-10-29 19:34:05,856 - src.modeling.rankers.lgbm_ranker - INFO -   aggregate_0: 288.00
2025-10-29 19:34:05,856 - src.modeling.rankers.lgbm_ranker - INFO -   position_frequency: 250.00
2025-10-29 19:34:05,856 - src.modeling.rankers.lgbm_ranker - INFO -   position_id: 191.00
2025-10-29 19:34:05,856 - src.modeling.rankers.lgbm_ranker - INFO -   aggregate_1: 109.00
2025-10-29 19:34:05,856 - src.modeling.rankers.lgbm_ranker - INFO -   aggregate_5: 102.00
2025-10-29 19:34:05,856 - src.modeling.rankers.lgbm_ranker - INFO - ✓ Training completed in 75.92 seconds
2025-10-29 19:34:05,856 - src.modeling.rankers.lgbm_ranker - INFO - ✓ LGBMRanker training successful
2025-10-29 19:34:05,868 - src.modeling.rankers.lgbm_ranker - INFO - Predicting top-20 for 1 test events...
2025-10-29 19:34:05,871 - src.modeling.rankers.lgbm_ranker - INFO - Top-5 most important features:
2025-10-29 19:34:05,872 - src.modeling.rankers.lgbm_ranker - INFO -   position_id: 447.00
2025-10-29 19:34:05,872 - src.modeling.rankers.lgbm_ranker - INFO -   tunneling: 334.00
2025-10-29 19:34:05,872 - src.modeling.rankers.lgbm_ranker - INFO -   position_frequency: 265.00
2025-10-29 19:34:05,872 - src.modeling.rankers.lgbm_ranker - INFO -   min_distance: 245.00
2025-10-29 19:34:05,872 - src.modeling.rankers.lgbm_ranker - INFO -   density_window_0: 194.00
2025-10-29 19:34:05,872 - src.modeling.rankers.lgbm_ranker - INFO - ✓ Training completed in 76.08 seconds
2025-10-29 19:34:05,872 - src.modeling.rankers.lgbm_ranker - INFO - ✓ LGBMRanker training successful
/usr/local/lib/python3.10/dist-packages/lightgbm/sklearn.py:861: UserWarning: Found 'ndcg_eval_at' in params. Will use it instead of 'eval_at' argument
  _log_warning(f"Found '{alias}' in params. Will use it instead of 'eval_at' argument")
2025-10-29 19:34:05,876 - src.modeling.rankers.lgbm_ranker - INFO - ✓ Predictions generated for 1 events
2025-10-29 19:34:05,893 - src.modeling.rankers.lgbm_ranker - INFO - Predicting top-20 for 1 test events...
/usr/local/lib/python3.10/dist-packages/lightgbm/sklearn.py:861: UserWarning: Found 'ndcg_eval_at' in params. Will use it instead of 'eval_at' argument
  _log_warning(f"Found '{alias}' in params. Will use it instead of 'eval_at' argument")
2025-10-29 19:34:05,902 - src.modeling.rankers.lgbm_ranker - INFO - ✓ Predictions generated for 1 events
2025-10-29 19:34:10,392 - src.modeling.rankers.lgbm_ranker - INFO - Transformed to ranking format: 450489 samples (11551 groups of 39 positions each)
2025-10-29 19:34:10,393 - src.modeling.rankers.lgbm_ranker - INFO - Training LightGBM model...
/usr/local/lib/python3.10/dist-packages/lightgbm/sklearn.py:861: UserWarning: Found 'ndcg_eval_at' in params. Will use it instead of 'eval_at' argument
  _log_warning(f"Found '{alias}' in params. Will use it instead of 'eval_at' argument")
2025-10-29 19:34:13,245 - src.modeling.rankers.lgbm_ranker - INFO - Transformed to ranking format: 450489 samples (11551 groups of 39 positions each)
2025-10-29 19:34:13,245 - src.modeling.rankers.lgbm_ranker - INFO - Training LightGBM model...
/usr/local/lib/python3.10/dist-packages/lightgbm/sklearn.py:861: UserWarning: Found 'ndcg_eval_at' in params. Will use it instead of 'eval_at' argument
  _log_warning(f"Found '{alias}' in params. Will use it instead of 'eval_at' argument")
2025-10-29 19:34:13,424 - src.modeling.rankers.lgbm_ranker - INFO - Top-5 most important features:
2025-10-29 19:34:13,424 - src.modeling.rankers.lgbm_ranker - INFO -   tunneling: 421.00
2025-10-29 19:34:13,424 - src.modeling.rankers.lgbm_ranker - INFO -   position_id: 268.00
2025-10-29 19:34:13,424 - src.modeling.rankers.lgbm_ranker - INFO -   min_distance: 250.00
2025-10-29 19:34:13,424 - src.modeling.rankers.lgbm_ranker - INFO -   density_window_0: 197.00
2025-10-29 19:34:13,424 - src.modeling.rankers.lgbm_ranker - INFO -   dft_45: 176.00
2025-10-29 19:34:13,424 - src.modeling.rankers.lgbm_ranker - INFO - ✓ Training completed in 83.24 seconds
2025-10-29 19:34:13,424 - src.modeling.rankers.lgbm_ranker - INFO - ✓ LGBMRanker training successful
2025-10-29 19:34:13,471 - src.modeling.rankers.lgbm_ranker - INFO - Predicting top-20 for 1 test events...
/usr/local/lib/python3.10/dist-packages/lightgbm/sklearn.py:861: UserWarning: Found 'ndcg_eval_at' in params. Will use it instead of 'eval_at' argument
  _log_warning(f"Found '{alias}' in params. Will use it instead of 'eval_at' argument")
2025-10-29 19:34:13,480 - src.modeling.rankers.lgbm_ranker - INFO - ✓ Predictions generated for 1 events
2025-10-29 19:34:14,274 - src.modeling.rankers.lgbm_ranker - INFO - Top-5 most important features:
2025-10-29 19:34:14,274 - src.modeling.rankers.lgbm_ranker - INFO -   position_frequency: 387.00
2025-10-29 19:34:14,274 - src.modeling.rankers.lgbm_ranker - INFO -   position_id: 254.00
2025-10-29 19:34:14,274 - src.modeling.rankers.lgbm_ranker - INFO -   tunneling: 199.00
2025-10-29 19:34:14,274 - src.modeling.rankers.lgbm_ranker - INFO -   min_distance: 163.00
2025-10-29 19:34:14,274 - src.modeling.rankers.lgbm_ranker - INFO -   density_window_0: 151.00
2025-10-29 19:34:14,275 - src.modeling.rankers.lgbm_ranker - INFO - ✓ Training completed in 84.27 seconds
2025-10-29 19:34:14,275 - src.modeling.rankers.lgbm_ranker - INFO - ✓ LGBMRanker training successful
2025-10-29 19:34:14,279 - src.modeling.rankers.lgbm_ranker - INFO - Predicting top-20 for 1 test events...
/usr/local/lib/python3.10/dist-packages/lightgbm/sklearn.py:861: UserWarning: Found 'ndcg_eval_at' in params. Will use it instead of 'eval_at' argument
  _log_warning(f"Found '{alias}' in params. Will use it instead of 'eval_at' argument")
2025-10-29 19:34:14,287 - src.modeling.rankers.lgbm_ranker - INFO - ✓ Predictions generated for 1 events

  Event Duration: 98.4s
  Parallel Exec:  98.4s
  Model Training Times:
    amplitude: train=84.3s, total=98.3s
    angle_encoding: train=75.9s, total=89.9s
    graph_cycle: train=83.3s, total=97.5s
    density_matrix: train=76.1s, total=89.9s
  Memory Peak: 1.59 GB
  Recalls: amplitude: 100%, angle_encoding: 100%, graph_cycle: 100%, density_matrix: 100%, ensemble: 100%
  [CHECKPOINT] Saved

================================================================================
Event 11553 (64/100)
================================================================================
2025-10-29 19:34:14,467 - src.imputation.base_imputer - INFO - Fitting amplitude_embedding imputer on 11552 samples
2025-10-29 19:34:14,467 - src.imputation.base_imputer - INFO - Fitting angle_encoding imputer on 11552 samples
2025-10-29 19:34:14,468 - src.imputation.base_imputer - INFO - Fitting graph_cycle_encoding imputer on 11552 samples
2025-10-29 19:34:14,469 - src.imputation.base_imputer - INFO - Fitting density_matrix_optimized imputer on 11552 samples
2025-10-29 19:34:14,471 - src.imputation.angle_encoding - INFO - Angle encoding uses fixed angular mapping (no learning from 11552 training samples)
2025-10-29 19:34:14,471 - src.imputation.base_imputer - INFO - angle_encoding imputer fitted successfully
2025-10-29 19:34:14,471 - src.imputation.graph_cycle_encoding - INFO - Graph/Cycle encoding uses fixed DFT basis and geometric distances (no learning from 11552 training samples)
2025-10-29 19:34:14,471 - src.imputation.base_imputer - INFO - Transforming 11552 samples with angle_encoding imputer
2025-10-29 19:34:14,471 - src.imputation.base_imputer - INFO - graph_cycle_encoding imputer fitted successfully
2025-10-29 19:34:14,471 - src.imputation.base_imputer - INFO - Transforming 11552 samples with graph_cycle_encoding imputer
2025-10-29 19:34:14,472 - src.imputation.amplitude_embedding - INFO - Learned position frequencies from 11552 samples. Normalization mode: uniform
2025-10-29 19:34:14,472 - src.imputation.base_imputer - INFO - amplitude_embedding imputer fitted successfully
2025-10-29 19:34:14,472 - src.imputation.base_imputer - INFO - Transforming 11552 samples with amplitude_embedding imputer
2025-10-29 19:34:14,473 - src.imputation.density_matrix - INFO - Density matrix uses fixed quantum mechanical construction (no learning from 11552 training samples)
2025-10-29 19:34:14,473 - src.imputation.base_imputer - INFO - density_matrix_optimized imputer fitted successfully
2025-10-29 19:34:14,473 - src.imputation.base_imputer - INFO - Transforming 11552 samples with density_matrix_optimized imputer
2025-10-29 19:34:22,340 - src.imputation.base_imputer - INFO - Transformation complete: output shape (11552, 377)
2025-10-29 19:34:22,340 - src.imputation.base_imputer - INFO - Transforming 1 samples with amplitude_embedding imputer
2025-10-29 19:34:22,342 - src.imputation.base_imputer - INFO - Transformation complete: output shape (1, 377)
2025-10-29 19:34:22,531 - src.imputation.base_imputer - INFO - Transformation complete: output shape (11552, 322)
2025-10-29 19:34:22,531 - src.imputation.base_imputer - INFO - Transforming 1 samples with angle_encoding imputer
2025-10-29 19:34:22,533 - src.imputation.base_imputer - INFO - Transformation complete: output shape (1, 322)
2025-10-29 19:34:22,627 - src.imputation.base_imputer - INFO - Transformation complete: output shape (11552, 259)
2025-10-29 19:34:22,627 - src.imputation.base_imputer - INFO - Transforming 1 samples with density_matrix_optimized imputer
2025-10-29 19:34:22,629 - src.imputation.base_imputer - INFO - Transformation complete: output shape (1, 259)
2025-10-29 19:34:23,207 - src.imputation.base_imputer - INFO - Transformation complete: output shape (11552, 277)
2025-10-29 19:34:23,207 - src.imputation.base_imputer - INFO - Transforming 1 samples with graph_cycle_encoding imputer
2025-10-29 19:34:23,209 - src.imputation.base_imputer - INFO - Transformation complete: output shape (1, 277)
2025-10-29 19:34:28,067 - src.modeling.rankers.lgbm_ranker - INFO - Training LGBMRanker on 11552 events...
2025-10-29 19:34:28,210 - src.modeling.rankers.lgbm_ranker - INFO - Computed position frequencies: 39 positions
2025-10-29 19:34:28,250 - src.modeling.rankers.lgbm_ranker - INFO - Training LGBMRanker on 11552 events...
2025-10-29 19:34:28,386 - src.modeling.rankers.lgbm_ranker - INFO - Training LGBMRanker on 11552 events...
2025-10-29 19:34:28,391 - src.modeling.rankers.lgbm_ranker - INFO - Computed position frequencies: 39 positions
2025-10-29 19:34:28,533 - src.modeling.rankers.lgbm_ranker - INFO - Computed position frequencies: 39 positions
2025-10-29 19:34:29,062 - src.modeling.rankers.lgbm_ranker - INFO - Training LGBMRanker on 11552 events...
2025-10-29 19:34:29,209 - src.modeling.rankers.lgbm_ranker - INFO - Computed position frequencies: 39 positions
2025-10-29 19:35:42,910 - src.modeling.rankers.lgbm_ranker - INFO - Transformed to ranking format: 450528 samples (11552 groups of 39 positions each)
2025-10-29 19:35:42,910 - src.modeling.rankers.lgbm_ranker - INFO - Training LightGBM model...
/usr/local/lib/python3.10/dist-packages/lightgbm/sklearn.py:861: UserWarning: Found 'ndcg_eval_at' in params. Will use it instead of 'eval_at' argument
  _log_warning(f"Found '{alias}' in params. Will use it instead of 'eval_at' argument")
2025-10-29 19:35:43,340 - src.modeling.rankers.lgbm_ranker - INFO - Transformed to ranking format: 450528 samples (11552 groups of 39 positions each)
2025-10-29 19:35:43,340 - src.modeling.rankers.lgbm_ranker - INFO - Training LightGBM model...
/usr/local/lib/python3.10/dist-packages/lightgbm/sklearn.py:861: UserWarning: Found 'ndcg_eval_at' in params. Will use it instead of 'eval_at' argument
  _log_warning(f"Found '{alias}' in params. Will use it instead of 'eval_at' argument")
2025-10-29 19:35:44,469 - src.modeling.rankers.lgbm_ranker - INFO - Top-5 most important features:
2025-10-29 19:35:44,469 - src.modeling.rankers.lgbm_ranker - INFO -   aggregate_0: 286.00
2025-10-29 19:35:44,469 - src.modeling.rankers.lgbm_ranker - INFO -   position_frequency: 284.00
2025-10-29 19:35:44,469 - src.modeling.rankers.lgbm_ranker - INFO -   aggregate_1: 170.00
2025-10-29 19:35:44,469 - src.modeling.rankers.lgbm_ranker - INFO -   position_id: 152.00
2025-10-29 19:35:44,469 - src.modeling.rankers.lgbm_ranker - INFO -   tunneling: 88.00
2025-10-29 19:35:44,469 - src.modeling.rankers.lgbm_ranker - INFO - ✓ Training completed in 76.08 seconds
2025-10-29 19:35:44,470 - src.modeling.rankers.lgbm_ranker - INFO - ✓ LGBMRanker training successful
2025-10-29 19:35:44,481 - src.modeling.rankers.lgbm_ranker - INFO - Predicting top-20 for 1 test events...
/usr/local/lib/python3.10/dist-packages/lightgbm/sklearn.py:861: UserWarning: Found 'ndcg_eval_at' in params. Will use it instead of 'eval_at' argument
  _log_warning(f"Found '{alias}' in params. Will use it instead of 'eval_at' argument")
2025-10-29 19:35:44,489 - src.modeling.rankers.lgbm_ranker - INFO - ✓ Predictions generated for 1 events
2025-10-29 19:35:44,586 - src.modeling.rankers.lgbm_ranker - INFO - Top-5 most important features:
2025-10-29 19:35:44,586 - src.modeling.rankers.lgbm_ranker - INFO -   position_id: 481.00
2025-10-29 19:35:44,586 - src.modeling.rankers.lgbm_ranker - INFO -   tunneling: 351.00
2025-10-29 19:35:44,586 - src.modeling.rankers.lgbm_ranker - INFO -   min_distance: 249.00
2025-10-29 19:35:44,586 - src.modeling.rankers.lgbm_ranker - INFO -   position_frequency: 218.00
2025-10-29 19:35:44,586 - src.modeling.rankers.lgbm_ranker - INFO -   density_window_0: 190.00
2025-10-29 19:35:44,587 - src.modeling.rankers.lgbm_ranker - INFO - ✓ Training completed in 76.34 seconds
2025-10-29 19:35:44,587 - src.modeling.rankers.lgbm_ranker - INFO - ✓ LGBMRanker training successful
2025-10-29 19:35:44,605 - src.modeling.rankers.lgbm_ranker - INFO - Predicting top-20 for 1 test events...
/usr/local/lib/python3.10/dist-packages/lightgbm/sklearn.py:861: UserWarning: Found 'ndcg_eval_at' in params. Will use it instead of 'eval_at' argument
  _log_warning(f"Found '{alias}' in params. Will use it instead of 'eval_at' argument")
2025-10-29 19:35:44,613 - src.modeling.rankers.lgbm_ranker - INFO - ✓ Predictions generated for 1 events
2025-10-29 19:35:48,961 - src.modeling.rankers.lgbm_ranker - INFO - Transformed to ranking format: 450528 samples (11552 groups of 39 positions each)
2025-10-29 19:35:48,962 - src.modeling.rankers.lgbm_ranker - INFO - Training LightGBM model...
/usr/local/lib/python3.10/dist-packages/lightgbm/sklearn.py:861: UserWarning: Found 'ndcg_eval_at' in params. Will use it instead of 'eval_at' argument
  _log_warning(f"Found '{alias}' in params. Will use it instead of 'eval_at' argument")
2025-10-29 19:35:49,974 - src.modeling.rankers.lgbm_ranker - INFO - Top-5 most important features:
2025-10-29 19:35:49,974 - src.modeling.rankers.lgbm_ranker - INFO -   tunneling: 308.00
2025-10-29 19:35:49,974 - src.modeling.rankers.lgbm_ranker - INFO -   position_frequency: 302.00
2025-10-29 19:35:49,974 - src.modeling.rankers.lgbm_ranker - INFO -   position_id: 268.00
2025-10-29 19:35:49,974 - src.modeling.rankers.lgbm_ranker - INFO -   min_distance: 186.00
2025-10-29 19:35:49,974 - src.modeling.rankers.lgbm_ranker - INFO -   density_window_0: 115.00
2025-10-29 19:35:49,974 - src.modeling.rankers.lgbm_ranker - INFO - ✓ Training completed in 81.91 seconds
2025-10-29 19:35:49,974 - src.modeling.rankers.lgbm_ranker - INFO - ✓ LGBMRanker training successful
2025-10-29 19:35:49,978 - src.modeling.rankers.lgbm_ranker - INFO - Predicting top-20 for 1 test events...
/usr/local/lib/python3.10/dist-packages/lightgbm/sklearn.py:861: UserWarning: Found 'ndcg_eval_at' in params. Will use it instead of 'eval_at' argument
  _log_warning(f"Found '{alias}' in params. Will use it instead of 'eval_at' argument")
2025-10-29 19:35:49,986 - src.modeling.rankers.lgbm_ranker - INFO - ✓ Predictions generated for 1 events
2025-10-29 19:35:51,643 - src.modeling.rankers.lgbm_ranker - INFO - Transformed to ranking format: 450528 samples (11552 groups of 39 positions each)
2025-10-29 19:35:51,643 - src.modeling.rankers.lgbm_ranker - INFO - Training LightGBM model...
/usr/local/lib/python3.10/dist-packages/lightgbm/sklearn.py:861: UserWarning: Found 'ndcg_eval_at' in params. Will use it instead of 'eval_at' argument
  _log_warning(f"Found '{alias}' in params. Will use it instead of 'eval_at' argument")
2025-10-29 19:35:54,561 - src.modeling.rankers.lgbm_ranker - INFO - Top-5 most important features:
2025-10-29 19:35:54,562 - src.modeling.rankers.lgbm_ranker - INFO -   tunneling: 395.00
2025-10-29 19:35:54,562 - src.modeling.rankers.lgbm_ranker - INFO -   position_id: 272.00
2025-10-29 19:35:54,562 - src.modeling.rankers.lgbm_ranker - INFO -   min_distance: 223.00
2025-10-29 19:35:54,562 - src.modeling.rankers.lgbm_ranker - INFO -   density_window_0: 211.00
2025-10-29 19:35:54,562 - src.modeling.rankers.lgbm_ranker - INFO -   dft_45: 201.00
2025-10-29 19:35:54,562 - src.modeling.rankers.lgbm_ranker - INFO - ✓ Training completed in 85.50 seconds
2025-10-29 19:35:54,562 - src.modeling.rankers.lgbm_ranker - INFO - ✓ LGBMRanker training successful
2025-10-29 19:35:54,610 - src.modeling.rankers.lgbm_ranker - INFO - Predicting top-20 for 1 test events...
/usr/local/lib/python3.10/dist-packages/lightgbm/sklearn.py:861: UserWarning: Found 'ndcg_eval_at' in params. Will use it instead of 'eval_at' argument
  _log_warning(f"Found '{alias}' in params. Will use it instead of 'eval_at' argument")
2025-10-29 19:35:54,619 - src.modeling.rankers.lgbm_ranker - INFO - ✓ Predictions generated for 1 events

  Event Duration: 100.3s
  Parallel Exec:  100.3s
  Model Training Times:
    amplitude: train=81.9s, total=95.5s
    angle_encoding: train=76.1s, total=90.0s
    graph_cycle: train=85.5s, total=100.2s
    density_matrix: train=76.4s, total=90.2s
  Memory Peak: 1.59 GB
  Recalls: amplitude: 100%, angle_encoding: 100%, graph_cycle: 100%, density_matrix: 100%, ensemble: 100%
  [CHECKPOINT] Saved

================================================================================
Event 11554 (65/100)
================================================================================
2025-10-29 19:35:54,806 - src.imputation.base_imputer - INFO - Fitting graph_cycle_encoding imputer on 11553 samples
2025-10-29 19:35:54,807 - src.imputation.base_imputer - INFO - Fitting density_matrix_optimized imputer on 11553 samples
2025-10-29 19:35:54,807 - src.imputation.base_imputer - INFO - Fitting angle_encoding imputer on 11553 samples
2025-10-29 19:35:54,807 - src.imputation.base_imputer - INFO - Fitting amplitude_embedding imputer on 11553 samples
2025-10-29 19:35:54,810 - src.imputation.graph_cycle_encoding - INFO - Graph/Cycle encoding uses fixed DFT basis and geometric distances (no learning from 11553 training samples)
2025-10-29 19:35:54,810 - src.imputation.density_matrix - INFO - Density matrix uses fixed quantum mechanical construction (no learning from 11553 training samples)
2025-10-29 19:35:54,810 - src.imputation.base_imputer - INFO - graph_cycle_encoding imputer fitted successfully
2025-10-29 19:35:54,810 - src.imputation.base_imputer - INFO - density_matrix_optimized imputer fitted successfully
2025-10-29 19:35:54,810 - src.imputation.base_imputer - INFO - Transforming 11553 samples with graph_cycle_encoding imputer
2025-10-29 19:35:54,810 - src.imputation.base_imputer - INFO - Transforming 11553 samples with density_matrix_optimized imputer
2025-10-29 19:35:54,810 - src.imputation.angle_encoding - INFO - Angle encoding uses fixed angular mapping (no learning from 11553 training samples)
2025-10-29 19:35:54,810 - src.imputation.base_imputer - INFO - angle_encoding imputer fitted successfully
2025-10-29 19:35:54,810 - src.imputation.base_imputer - INFO - Transforming 11553 samples with angle_encoding imputer
2025-10-29 19:35:54,810 - src.imputation.amplitude_embedding - INFO - Learned position frequencies from 11553 samples. Normalization mode: uniform
2025-10-29 19:35:54,810 - src.imputation.base_imputer - INFO - amplitude_embedding imputer fitted successfully
2025-10-29 19:35:54,810 - src.imputation.base_imputer - INFO - Transforming 11553 samples with amplitude_embedding imputer
2025-10-29 19:36:02,737 - src.imputation.base_imputer - INFO - Transformation complete: output shape (11553, 322)
2025-10-29 19:36:02,737 - src.imputation.base_imputer - INFO - Transforming 1 samples with angle_encoding imputer
2025-10-29 19:36:02,739 - src.imputation.base_imputer - INFO - Transformation complete: output shape (1, 322)
2025-10-29 19:36:02,888 - src.imputation.base_imputer - INFO - Transformation complete: output shape (11553, 377)
2025-10-29 19:36:02,889 - src.imputation.base_imputer - INFO - Transforming 1 samples with amplitude_embedding imputer
2025-10-29 19:36:02,891 - src.imputation.base_imputer - INFO - Transformation complete: output shape (1, 377)
2025-10-29 19:36:02,960 - src.imputation.base_imputer - INFO - Transformation complete: output shape (11553, 259)
2025-10-29 19:36:02,960 - src.imputation.base_imputer - INFO - Transforming 1 samples with density_matrix_optimized imputer
2025-10-29 19:36:02,962 - src.imputation.base_imputer - INFO - Transformation complete: output shape (1, 259)
2025-10-29 19:36:03,231 - src.imputation.base_imputer - INFO - Transformation complete: output shape (11553, 277)
2025-10-29 19:36:03,231 - src.imputation.base_imputer - INFO - Transforming 1 samples with graph_cycle_encoding imputer
2025-10-29 19:36:03,233 - src.imputation.base_imputer - INFO - Transformation complete: output shape (1, 277)
2025-10-29 19:36:08,529 - src.modeling.rankers.lgbm_ranker - INFO - Training LGBMRanker on 11553 events...
2025-10-29 19:36:08,620 - src.modeling.rankers.lgbm_ranker - INFO - Training LGBMRanker on 11553 events...
2025-10-29 19:36:08,675 - src.modeling.rankers.lgbm_ranker - INFO - Computed position frequencies: 39 positions
2025-10-29 19:36:08,703 - src.modeling.rankers.lgbm_ranker - INFO - Training LGBMRanker on 11553 events...
2025-10-29 19:36:08,761 - src.modeling.rankers.lgbm_ranker - INFO - Computed position frequencies: 39 positions
2025-10-29 19:36:08,851 - src.modeling.rankers.lgbm_ranker - INFO - Computed position frequencies: 39 positions
2025-10-29 19:36:08,892 - src.modeling.rankers.lgbm_ranker - INFO - Training LGBMRanker on 11553 events...
2025-10-29 19:36:09,033 - src.modeling.rankers.lgbm_ranker - INFO - Computed position frequencies: 39 positions
2025-10-29 19:37:23,211 - src.modeling.rankers.lgbm_ranker - INFO - Transformed to ranking format: 450567 samples (11553 groups of 39 positions each)
2025-10-29 19:37:23,211 - src.modeling.rankers.lgbm_ranker - INFO - Training LightGBM model...
/usr/local/lib/python3.10/dist-packages/lightgbm/sklearn.py:861: UserWarning: Found 'ndcg_eval_at' in params. Will use it instead of 'eval_at' argument
  _log_warning(f"Found '{alias}' in params. Will use it instead of 'eval_at' argument")
2025-10-29 19:37:23,550 - src.modeling.rankers.lgbm_ranker - INFO - Transformed to ranking format: 450567 samples (11553 groups of 39 positions each)
2025-10-29 19:37:23,551 - src.modeling.rankers.lgbm_ranker - INFO - Training LightGBM model...
/usr/local/lib/python3.10/dist-packages/lightgbm/sklearn.py:861: UserWarning: Found 'ndcg_eval_at' in params. Will use it instead of 'eval_at' argument
  _log_warning(f"Found '{alias}' in params. Will use it instead of 'eval_at' argument")
2025-10-29 19:37:24,708 - src.modeling.rankers.lgbm_ranker - INFO - Top-5 most important features:
2025-10-29 19:37:24,708 - src.modeling.rankers.lgbm_ranker - INFO -   aggregate_0: 259.00
2025-10-29 19:37:24,708 - src.modeling.rankers.lgbm_ranker - INFO -   position_frequency: 218.00
2025-10-29 19:37:24,708 - src.modeling.rankers.lgbm_ranker - INFO -   position_id: 204.00
2025-10-29 19:37:24,708 - src.modeling.rankers.lgbm_ranker - INFO -   tunneling: 135.00
2025-10-29 19:37:24,708 - src.modeling.rankers.lgbm_ranker - INFO -   aggregate_1: 102.00
2025-10-29 19:37:24,708 - src.modeling.rankers.lgbm_ranker - INFO - ✓ Training completed in 76.18 seconds
2025-10-29 19:37:24,708 - src.modeling.rankers.lgbm_ranker - INFO - ✓ LGBMRanker training successful
2025-10-29 19:37:24,721 - src.modeling.rankers.lgbm_ranker - INFO - Predicting top-20 for 1 test events...
/usr/local/lib/python3.10/dist-packages/lightgbm/sklearn.py:861: UserWarning: Found 'ndcg_eval_at' in params. Will use it instead of 'eval_at' argument
  _log_warning(f"Found '{alias}' in params. Will use it instead of 'eval_at' argument")
2025-10-29 19:37:24,729 - src.modeling.rankers.lgbm_ranker - INFO - ✓ Predictions generated for 1 events
2025-10-29 19:37:24,905 - src.modeling.rankers.lgbm_ranker - INFO - Top-5 most important features:
2025-10-29 19:37:24,905 - src.modeling.rankers.lgbm_ranker - INFO -   position_id: 422.00
2025-10-29 19:37:24,905 - src.modeling.rankers.lgbm_ranker - INFO -   tunneling: 350.00
2025-10-29 19:37:24,905 - src.modeling.rankers.lgbm_ranker - INFO -   position_frequency: 262.00
2025-10-29 19:37:24,905 - src.modeling.rankers.lgbm_ranker - INFO -   min_distance: 236.00
2025-10-29 19:37:24,905 - src.modeling.rankers.lgbm_ranker - INFO -   density_window_0: 224.00
2025-10-29 19:37:24,905 - src.modeling.rankers.lgbm_ranker - INFO - ✓ Training completed in 76.29 seconds
2025-10-29 19:37:24,905 - src.modeling.rankers.lgbm_ranker - INFO - ✓ LGBMRanker training successful
2025-10-29 19:37:24,926 - src.modeling.rankers.lgbm_ranker - INFO - Predicting top-20 for 1 test events...
/usr/local/lib/python3.10/dist-packages/lightgbm/sklearn.py:861: UserWarning: Found 'ndcg_eval_at' in params. Will use it instead of 'eval_at' argument
  _log_warning(f"Found '{alias}' in params. Will use it instead of 'eval_at' argument")
2025-10-29 19:37:24,934 - src.modeling.rankers.lgbm_ranker - INFO - ✓ Predictions generated for 1 events
2025-10-29 19:37:28,999 - src.modeling.rankers.lgbm_ranker - INFO - Transformed to ranking format: 450567 samples (11553 groups of 39 positions each)
2025-10-29 19:37:28,999 - src.modeling.rankers.lgbm_ranker - INFO - Training LightGBM model...
/usr/local/lib/python3.10/dist-packages/lightgbm/sklearn.py:861: UserWarning: Found 'ndcg_eval_at' in params. Will use it instead of 'eval_at' argument
  _log_warning(f"Found '{alias}' in params. Will use it instead of 'eval_at' argument")
2025-10-29 19:37:30,941 - src.modeling.rankers.lgbm_ranker - INFO - Transformed to ranking format: 450567 samples (11553 groups of 39 positions each)
2025-10-29 19:37:30,941 - src.modeling.rankers.lgbm_ranker - INFO - Training LightGBM model...
/usr/local/lib/python3.10/dist-packages/lightgbm/sklearn.py:861: UserWarning: Found 'ndcg_eval_at' in params. Will use it instead of 'eval_at' argument
  _log_warning(f"Found '{alias}' in params. Will use it instead of 'eval_at' argument")
2025-10-29 19:37:31,964 - src.modeling.rankers.lgbm_ranker - INFO - Top-5 most important features:
2025-10-29 19:37:31,964 - src.modeling.rankers.lgbm_ranker - INFO -   position_frequency: 283.00
2025-10-29 19:37:31,964 - src.modeling.rankers.lgbm_ranker - INFO -   tunneling: 242.00
2025-10-29 19:37:31,964 - src.modeling.rankers.lgbm_ranker - INFO -   position_id: 228.00
2025-10-29 19:37:31,964 - src.modeling.rankers.lgbm_ranker - INFO -   min_distance: 194.00
2025-10-29 19:37:31,964 - src.modeling.rankers.lgbm_ranker - INFO -   density_window_0: 112.00
2025-10-29 19:37:31,964 - src.modeling.rankers.lgbm_ranker - INFO - ✓ Training completed in 83.26 seconds
2025-10-29 19:37:31,964 - src.modeling.rankers.lgbm_ranker - INFO - ✓ LGBMRanker training successful
2025-10-29 19:37:31,968 - src.modeling.rankers.lgbm_ranker - INFO - Predicting top-20 for 1 test events...
/usr/local/lib/python3.10/dist-packages/lightgbm/sklearn.py:861: UserWarning: Found 'ndcg_eval_at' in params. Will use it instead of 'eval_at' argument
  _log_warning(f"Found '{alias}' in params. Will use it instead of 'eval_at' argument")
2025-10-29 19:37:31,977 - src.modeling.rankers.lgbm_ranker - INFO - ✓ Predictions generated for 1 events
2025-10-29 19:37:32,010 - src.modeling.rankers.lgbm_ranker - INFO - Top-5 most important features:
2025-10-29 19:37:32,011 - src.modeling.rankers.lgbm_ranker - INFO -   tunneling: 406.00
2025-10-29 19:37:32,011 - src.modeling.rankers.lgbm_ranker - INFO -   position_id: 250.00
2025-10-29 19:37:32,011 - src.modeling.rankers.lgbm_ranker - INFO -   min_distance: 250.00
2025-10-29 19:37:32,011 - src.modeling.rankers.lgbm_ranker - INFO -   dft_45: 191.00
2025-10-29 19:37:32,011 - src.modeling.rankers.lgbm_ranker - INFO -   density_window_0: 186.00
2025-10-29 19:37:32,011 - src.modeling.rankers.lgbm_ranker - INFO - ✓ Training completed in 83.12 seconds
2025-10-29 19:37:32,011 - src.modeling.rankers.lgbm_ranker - INFO - ✓ LGBMRanker training successful
2025-10-29 19:37:32,082 - src.modeling.rankers.lgbm_ranker - INFO - Predicting top-20 for 1 test events...
/usr/local/lib/python3.10/dist-packages/lightgbm/sklearn.py:861: UserWarning: Found 'ndcg_eval_at' in params. Will use it instead of 'eval_at' argument
  _log_warning(f"Found '{alias}' in params. Will use it instead of 'eval_at' argument")
2025-10-29 19:37:32,090 - src.modeling.rankers.lgbm_ranker - INFO - ✓ Predictions generated for 1 events

  Event Duration: 97.4s
  Parallel Exec:  97.4s
  Model Training Times:
    amplitude: train=83.3s, total=97.2s
    angle_encoding: train=76.2s, total=89.9s
    graph_cycle: train=83.2s, total=97.3s
    density_matrix: train=76.3s, total=90.1s
  Memory Peak: 1.27 GB
  Recalls: amplitude: 100%, angle_encoding: 100%, graph_cycle: 100%, density_matrix: 100%, ensemble: 100%
  [CHECKPOINT] Saved

================================================================================
Event 11555 (66/100)
================================================================================
2025-10-29 19:37:32,247 - src.imputation.base_imputer - INFO - Fitting amplitude_embedding imputer on 11554 samples
2025-10-29 19:37:32,248 - src.imputation.base_imputer - INFO - Fitting graph_cycle_encoding imputer on 11554 samples
2025-10-29 19:37:32,248 - src.imputation.base_imputer - INFO - Fitting density_matrix_optimized imputer on 11554 samples
2025-10-29 19:37:32,248 - src.imputation.base_imputer - INFO - Fitting angle_encoding imputer on 11554 samples
2025-10-29 19:37:32,251 - src.imputation.amplitude_embedding - INFO - Learned position frequencies from 11554 samples. Normalization mode: uniform
2025-10-29 19:37:32,251 - src.imputation.base_imputer - INFO - amplitude_embedding imputer fitted successfully
2025-10-29 19:37:32,251 - src.imputation.base_imputer - INFO - Transforming 11554 samples with amplitude_embedding imputer
2025-10-29 19:37:32,251 - src.imputation.density_matrix - INFO - Density matrix uses fixed quantum mechanical construction (no learning from 11554 training samples)
2025-10-29 19:37:32,251 - src.imputation.graph_cycle_encoding - INFO - Graph/Cycle encoding uses fixed DFT basis and geometric distances (no learning from 11554 training samples)
2025-10-29 19:37:32,251 - src.imputation.angle_encoding - INFO - Angle encoding uses fixed angular mapping (no learning from 11554 training samples)
2025-10-29 19:37:32,251 - src.imputation.base_imputer - INFO - density_matrix_optimized imputer fitted successfully
2025-10-29 19:37:32,251 - src.imputation.base_imputer - INFO - graph_cycle_encoding imputer fitted successfully
2025-10-29 19:37:32,251 - src.imputation.base_imputer - INFO - angle_encoding imputer fitted successfully
2025-10-29 19:37:32,251 - src.imputation.base_imputer - INFO - Transforming 11554 samples with density_matrix_optimized imputer
2025-10-29 19:37:32,251 - src.imputation.base_imputer - INFO - Transforming 11554 samples with graph_cycle_encoding imputer
2025-10-29 19:37:32,251 - src.imputation.base_imputer - INFO - Transforming 11554 samples with angle_encoding imputer
2025-10-29 19:37:40,130 - src.imputation.base_imputer - INFO - Transformation complete: output shape (11554, 322)
2025-10-29 19:37:40,130 - src.imputation.base_imputer - INFO - Transforming 1 samples with angle_encoding imputer
2025-10-29 19:37:40,132 - src.imputation.base_imputer - INFO - Transformation complete: output shape (1, 322)
2025-10-29 19:37:40,248 - src.imputation.base_imputer - INFO - Transformation complete: output shape (11554, 377)
2025-10-29 19:37:40,248 - src.imputation.base_imputer - INFO - Transforming 1 samples with amplitude_embedding imputer
2025-10-29 19:37:40,250 - src.imputation.base_imputer - INFO - Transformation complete: output shape (1, 377)
2025-10-29 19:37:40,330 - src.imputation.base_imputer - INFO - Transformation complete: output shape (11554, 259)
2025-10-29 19:37:40,330 - src.imputation.base_imputer - INFO - Transforming 1 samples with density_matrix_optimized imputer
2025-10-29 19:37:40,332 - src.imputation.base_imputer - INFO - Transformation complete: output shape (1, 259)
2025-10-29 19:37:40,645 - src.imputation.base_imputer - INFO - Transformation complete: output shape (11554, 277)
2025-10-29 19:37:40,645 - src.imputation.base_imputer - INFO - Transforming 1 samples with graph_cycle_encoding imputer
2025-10-29 19:37:40,647 - src.imputation.base_imputer - INFO - Transformation complete: output shape (1, 277)
2025-10-29 19:37:45,962 - src.modeling.rankers.lgbm_ranker - INFO - Training LGBMRanker on 11554 events...
2025-10-29 19:37:45,996 - src.modeling.rankers.lgbm_ranker - INFO - Training LGBMRanker on 11554 events...
2025-10-29 19:37:46,102 - src.modeling.rankers.lgbm_ranker - INFO - Training LGBMRanker on 11554 events...
2025-10-29 19:37:46,106 - src.modeling.rankers.lgbm_ranker - INFO - Computed position frequencies: 39 positions
2025-10-29 19:37:46,135 - src.modeling.rankers.lgbm_ranker - INFO - Computed position frequencies: 39 positions
2025-10-29 19:37:46,247 - src.modeling.rankers.lgbm_ranker - INFO - Computed position frequencies: 39 positions
2025-10-29 19:37:46,309 - src.modeling.rankers.lgbm_ranker - INFO - Training LGBMRanker on 11554 events...
2025-10-29 19:37:46,448 - src.modeling.rankers.lgbm_ranker - INFO - Computed position frequencies: 39 positions
2025-10-29 19:39:00,108 - src.modeling.rankers.lgbm_ranker - INFO - Transformed to ranking format: 450606 samples (11554 groups of 39 positions each)
2025-10-29 19:39:00,108 - src.modeling.rankers.lgbm_ranker - INFO - Training LightGBM model...
/usr/local/lib/python3.10/dist-packages/lightgbm/sklearn.py:861: UserWarning: Found 'ndcg_eval_at' in params. Will use it instead of 'eval_at' argument
  _log_warning(f"Found '{alias}' in params. Will use it instead of 'eval_at' argument")
2025-10-29 19:39:00,260 - src.modeling.rankers.lgbm_ranker - INFO - Transformed to ranking format: 450606 samples (11554 groups of 39 positions each)
2025-10-29 19:39:00,260 - src.modeling.rankers.lgbm_ranker - INFO - Training LightGBM model...
/usr/local/lib/python3.10/dist-packages/lightgbm/sklearn.py:861: UserWarning: Found 'ndcg_eval_at' in params. Will use it instead of 'eval_at' argument
  _log_warning(f"Found '{alias}' in params. Will use it instead of 'eval_at' argument")
2025-10-29 19:39:01,387 - src.modeling.rankers.lgbm_ranker - INFO - Top-5 most important features:
2025-10-29 19:39:01,387 - src.modeling.rankers.lgbm_ranker - INFO -   aggregate_0: 320.00
2025-10-29 19:39:01,387 - src.modeling.rankers.lgbm_ranker - INFO -   position_id: 310.00
2025-10-29 19:39:01,387 - src.modeling.rankers.lgbm_ranker - INFO -   position_frequency: 239.00
2025-10-29 19:39:01,387 - src.modeling.rankers.lgbm_ranker - INFO -   aggregate_1: 110.00
2025-10-29 19:39:01,387 - src.modeling.rankers.lgbm_ranker - INFO -   tunneling: 85.00
2025-10-29 19:39:01,387 - src.modeling.rankers.lgbm_ranker - INFO - ✓ Training completed in 75.43 seconds
2025-10-29 19:39:01,387 - src.modeling.rankers.lgbm_ranker - INFO - ✓ LGBMRanker training successful
2025-10-29 19:39:01,391 - src.modeling.rankers.lgbm_ranker - INFO - Predicting top-20 for 1 test events...
/usr/local/lib/python3.10/dist-packages/lightgbm/sklearn.py:861: UserWarning: Found 'ndcg_eval_at' in params. Will use it instead of 'eval_at' argument
  _log_warning(f"Found '{alias}' in params. Will use it instead of 'eval_at' argument")
2025-10-29 19:39:01,400 - src.modeling.rankers.lgbm_ranker - INFO - ✓ Predictions generated for 1 events
2025-10-29 19:39:02,055 - src.modeling.rankers.lgbm_ranker - INFO - Top-5 most important features:
2025-10-29 19:39:02,055 - src.modeling.rankers.lgbm_ranker - INFO -   position_frequency: 379.00
2025-10-29 19:39:02,055 - src.modeling.rankers.lgbm_ranker - INFO -   position_id: 361.00
2025-10-29 19:39:02,055 - src.modeling.rankers.lgbm_ranker - INFO -   tunneling: 279.00
2025-10-29 19:39:02,055 - src.modeling.rankers.lgbm_ranker - INFO -   min_distance: 226.00
2025-10-29 19:39:02,055 - src.modeling.rankers.lgbm_ranker - INFO -   density_window_0: 176.00
2025-10-29 19:39:02,055 - src.modeling.rankers.lgbm_ranker - INFO - ✓ Training completed in 76.06 seconds
2025-10-29 19:39:02,055 - src.modeling.rankers.lgbm_ranker - INFO - ✓ LGBMRanker training successful
2025-10-29 19:39:02,074 - src.modeling.rankers.lgbm_ranker - INFO - Predicting top-20 for 1 test events...
/usr/local/lib/python3.10/dist-packages/lightgbm/sklearn.py:861: UserWarning: Found 'ndcg_eval_at' in params. Will use it instead of 'eval_at' argument
  _log_warning(f"Found '{alias}' in params. Will use it instead of 'eval_at' argument")
2025-10-29 19:39:02,083 - src.modeling.rankers.lgbm_ranker - INFO - ✓ Predictions generated for 1 events
2025-10-29 19:39:05,509 - src.modeling.rankers.lgbm_ranker - INFO - Transformed to ranking format: 450606 samples (11554 groups of 39 positions each)
2025-10-29 19:39:05,509 - src.modeling.rankers.lgbm_ranker - INFO - Training LightGBM model...
/usr/local/lib/python3.10/dist-packages/lightgbm/sklearn.py:861: UserWarning: Found 'ndcg_eval_at' in params. Will use it instead of 'eval_at' argument
  _log_warning(f"Found '{alias}' in params. Will use it instead of 'eval_at' argument")
2025-10-29 19:39:08,501 - src.modeling.rankers.lgbm_ranker - INFO - Top-5 most important features:
2025-10-29 19:39:08,501 - src.modeling.rankers.lgbm_ranker - INFO -   tunneling: 412.00
2025-10-29 19:39:08,501 - src.modeling.rankers.lgbm_ranker - INFO -   position_id: 263.00
2025-10-29 19:39:08,501 - src.modeling.rankers.lgbm_ranker - INFO -   min_distance: 261.00
2025-10-29 19:39:08,501 - src.modeling.rankers.lgbm_ranker - INFO -   density_window_0: 196.00
2025-10-29 19:39:08,501 - src.modeling.rankers.lgbm_ranker - INFO -   dft_45: 194.00
2025-10-29 19:39:08,501 - src.modeling.rankers.lgbm_ranker - INFO - ✓ Training completed in 82.19 seconds
2025-10-29 19:39:08,502 - src.modeling.rankers.lgbm_ranker - INFO - ✓ LGBMRanker training successful
2025-10-29 19:39:08,575 - src.modeling.rankers.lgbm_ranker - INFO - Predicting top-20 for 1 test events...
/usr/local/lib/python3.10/dist-packages/lightgbm/sklearn.py:861: UserWarning: Found 'ndcg_eval_at' in params. Will use it instead of 'eval_at' argument
  _log_warning(f"Found '{alias}' in params. Will use it instead of 'eval_at' argument")
2025-10-29 19:39:08,583 - src.modeling.rankers.lgbm_ranker - INFO - ✓ Predictions generated for 1 events
2025-10-29 19:39:09,162 - src.modeling.rankers.lgbm_ranker - INFO - Transformed to ranking format: 450606 samples (11554 groups of 39 positions each)
2025-10-29 19:39:09,163 - src.modeling.rankers.lgbm_ranker - INFO - Training LightGBM model...
/usr/local/lib/python3.10/dist-packages/lightgbm/sklearn.py:861: UserWarning: Found 'ndcg_eval_at' in params. Will use it instead of 'eval_at' argument
  _log_warning(f"Found '{alias}' in params. Will use it instead of 'eval_at' argument")
2025-10-29 19:39:10,197 - src.modeling.rankers.lgbm_ranker - INFO - Top-5 most important features:
2025-10-29 19:39:10,197 - src.modeling.rankers.lgbm_ranker - INFO -   position_frequency: 305.00
2025-10-29 19:39:10,197 - src.modeling.rankers.lgbm_ranker - INFO -   position_id: 237.00
2025-10-29 19:39:10,197 - src.modeling.rankers.lgbm_ranker - INFO -   min_distance: 198.00
2025-10-29 19:39:10,197 - src.modeling.rankers.lgbm_ranker - INFO -   tunneling: 179.00
2025-10-29 19:39:10,197 - src.modeling.rankers.lgbm_ranker - INFO -   density_window_0: 104.00
2025-10-29 19:39:10,197 - src.modeling.rankers.lgbm_ranker - INFO - ✓ Training completed in 84.09 seconds
2025-10-29 19:39:10,197 - src.modeling.rankers.lgbm_ranker - INFO - ✓ LGBMRanker training successful
2025-10-29 19:39:10,201 - src.modeling.rankers.lgbm_ranker - INFO - Predicting top-20 for 1 test events...
/usr/local/lib/python3.10/dist-packages/lightgbm/sklearn.py:861: UserWarning: Found 'ndcg_eval_at' in params. Will use it instead of 'eval_at' argument
  _log_warning(f"Found '{alias}' in params. Will use it instead of 'eval_at' argument")
2025-10-29 19:39:10,210 - src.modeling.rankers.lgbm_ranker - INFO - ✓ Predictions generated for 1 events

  Event Duration: 98.1s
  Parallel Exec:  98.1s
  Model Training Times:
    amplitude: train=84.1s, total=98.0s
    angle_encoding: train=75.4s, total=89.2s
    graph_cycle: train=82.3s, total=96.4s
    density_matrix: train=76.1s, total=89.9s
  Memory Peak: 1.27 GB
  Recalls: amplitude: 100%, angle_encoding: 100%, graph_cycle: 100%, density_matrix: 100%, ensemble: 100%
  [CHECKPOINT] Saved

================================================================================
Event 11556 (67/100)
================================================================================
2025-10-29 19:39:10,368 - src.imputation.base_imputer - INFO - Fitting amplitude_embedding imputer on 11555 samples
2025-10-29 19:39:10,368 - src.imputation.base_imputer - INFO - Fitting angle_encoding imputer on 11555 samples
2025-10-29 19:39:10,368 - src.imputation.base_imputer - INFO - Fitting density_matrix_optimized imputer on 11555 samples
2025-10-29 19:39:10,369 - src.imputation.base_imputer - INFO - Fitting graph_cycle_encoding imputer on 11555 samples
2025-10-29 19:39:10,371 - src.imputation.amplitude_embedding - INFO - Learned position frequencies from 11555 samples. Normalization mode: uniform
2025-10-29 19:39:10,371 - src.imputation.base_imputer - INFO - amplitude_embedding imputer fitted successfully
2025-10-29 19:39:10,371 - src.imputation.base_imputer - INFO - Transforming 11555 samples with amplitude_embedding imputer
2025-10-29 19:39:10,371 - src.imputation.density_matrix - INFO - Density matrix uses fixed quantum mechanical construction (no learning from 11555 training samples)
2025-10-29 19:39:10,371 - src.imputation.angle_encoding - INFO - Angle encoding uses fixed angular mapping (no learning from 11555 training samples)
2025-10-29 19:39:10,372 - src.imputation.base_imputer - INFO - density_matrix_optimized imputer fitted successfully
2025-10-29 19:39:10,372 - src.imputation.base_imputer - INFO - angle_encoding imputer fitted successfully
2025-10-29 19:39:10,372 - src.imputation.base_imputer - INFO - Transforming 11555 samples with density_matrix_optimized imputer
2025-10-29 19:39:10,372 - src.imputation.base_imputer - INFO - Transforming 11555 samples with angle_encoding imputer
2025-10-29 19:39:10,372 - src.imputation.graph_cycle_encoding - INFO - Graph/Cycle encoding uses fixed DFT basis and geometric distances (no learning from 11555 training samples)
2025-10-29 19:39:10,372 - src.imputation.base_imputer - INFO - graph_cycle_encoding imputer fitted successfully
2025-10-29 19:39:10,372 - src.imputation.base_imputer - INFO - Transforming 11555 samples with graph_cycle_encoding imputer
2025-10-29 19:39:18,244 - src.imputation.base_imputer - INFO - Transformation complete: output shape (11555, 322)
2025-10-29 19:39:18,244 - src.imputation.base_imputer - INFO - Transforming 1 samples with angle_encoding imputer
2025-10-29 19:39:18,246 - src.imputation.base_imputer - INFO - Transformation complete: output shape (1, 322)
2025-10-29 19:39:18,380 - src.imputation.base_imputer - INFO - Transformation complete: output shape (11555, 377)
2025-10-29 19:39:18,380 - src.imputation.base_imputer - INFO - Transforming 1 samples with amplitude_embedding imputer
2025-10-29 19:39:18,382 - src.imputation.base_imputer - INFO - Transformation complete: output shape (1, 377)
2025-10-29 19:39:18,400 - src.imputation.base_imputer - INFO - Transformation complete: output shape (11555, 259)
2025-10-29 19:39:18,400 - src.imputation.base_imputer - INFO - Transforming 1 samples with density_matrix_optimized imputer
2025-10-29 19:39:18,402 - src.imputation.base_imputer - INFO - Transformation complete: output shape (1, 259)
2025-10-29 19:39:18,785 - src.imputation.base_imputer - INFO - Transformation complete: output shape (11555, 277)
2025-10-29 19:39:18,785 - src.imputation.base_imputer - INFO - Transforming 1 samples with graph_cycle_encoding imputer
2025-10-29 19:39:18,787 - src.imputation.base_imputer - INFO - Transformation complete: output shape (1, 277)
2025-10-29 19:39:23,941 - src.modeling.rankers.lgbm_ranker - INFO - Training LGBMRanker on 11555 events...
2025-10-29 19:39:24,087 - src.modeling.rankers.lgbm_ranker - INFO - Computed position frequencies: 39 positions
2025-10-29 19:39:24,094 - src.modeling.rankers.lgbm_ranker - INFO - Training LGBMRanker on 11555 events...
2025-10-29 19:39:24,231 - src.modeling.rankers.lgbm_ranker - INFO - Training LGBMRanker on 11555 events...
2025-10-29 19:39:24,239 - src.modeling.rankers.lgbm_ranker - INFO - Computed position frequencies: 39 positions
2025-10-29 19:39:24,376 - src.modeling.rankers.lgbm_ranker - INFO - Computed position frequencies: 39 positions
2025-10-29 19:39:24,418 - src.modeling.rankers.lgbm_ranker - INFO - Training LGBMRanker on 11555 events...
2025-10-29 19:39:24,559 - src.modeling.rankers.lgbm_ranker - INFO - Computed position frequencies: 39 positions
2025-10-29 19:40:38,251 - src.modeling.rankers.lgbm_ranker - INFO - Transformed to ranking format: 450645 samples (11555 groups of 39 positions each)
2025-10-29 19:40:38,251 - src.modeling.rankers.lgbm_ranker - INFO - Training LightGBM model...
/usr/local/lib/python3.10/dist-packages/lightgbm/sklearn.py:861: UserWarning: Found 'ndcg_eval_at' in params. Will use it instead of 'eval_at' argument
  _log_warning(f"Found '{alias}' in params. Will use it instead of 'eval_at' argument")
2025-10-29 19:40:38,898 - src.modeling.rankers.lgbm_ranker - INFO - Transformed to ranking format: 450645 samples (11555 groups of 39 positions each)
2025-10-29 19:40:38,898 - src.modeling.rankers.lgbm_ranker - INFO - Training LightGBM model...
/usr/local/lib/python3.10/dist-packages/lightgbm/sklearn.py:861: UserWarning: Found 'ndcg_eval_at' in params. Will use it instead of 'eval_at' argument
  _log_warning(f"Found '{alias}' in params. Will use it instead of 'eval_at' argument")
2025-10-29 19:40:39,932 - src.modeling.rankers.lgbm_ranker - INFO - Top-5 most important features:
2025-10-29 19:40:39,932 - src.modeling.rankers.lgbm_ranker - INFO -   position_id: 440.00
2025-10-29 19:40:39,932 - src.modeling.rankers.lgbm_ranker - INFO -   position_frequency: 321.00
2025-10-29 19:40:39,932 - src.modeling.rankers.lgbm_ranker - INFO -   tunneling: 321.00
2025-10-29 19:40:39,932 - src.modeling.rankers.lgbm_ranker - INFO -   min_distance: 223.00
2025-10-29 19:40:39,932 - src.modeling.rankers.lgbm_ranker - INFO -   density_window_0: 214.00
2025-10-29 19:40:39,932 - src.modeling.rankers.lgbm_ranker - INFO - ✓ Training completed in 75.84 seconds
2025-10-29 19:40:39,932 - src.modeling.rankers.lgbm_ranker - INFO - ✓ LGBMRanker training successful
2025-10-29 19:40:39,947 - src.modeling.rankers.lgbm_ranker - INFO - Predicting top-20 for 1 test events...
/usr/local/lib/python3.10/dist-packages/lightgbm/sklearn.py:861: UserWarning: Found 'ndcg_eval_at' in params. Will use it instead of 'eval_at' argument
  _log_warning(f"Found '{alias}' in params. Will use it instead of 'eval_at' argument")
2025-10-29 19:40:39,956 - src.modeling.rankers.lgbm_ranker - INFO - ✓ Predictions generated for 1 events
2025-10-29 19:40:40,055 - src.modeling.rankers.lgbm_ranker - INFO - Top-5 most important features:
2025-10-29 19:40:40,055 - src.modeling.rankers.lgbm_ranker - INFO -   aggregate_0: 320.00
2025-10-29 19:40:40,056 - src.modeling.rankers.lgbm_ranker - INFO -   position_frequency: 266.00
2025-10-29 19:40:40,056 - src.modeling.rankers.lgbm_ranker - INFO -   position_id: 221.00
2025-10-29 19:40:40,056 - src.modeling.rankers.lgbm_ranker - INFO -   aggregate_1: 108.00
2025-10-29 19:40:40,056 - src.modeling.rankers.lgbm_ranker - INFO -   angle: 81.00
2025-10-29 19:40:40,056 - src.modeling.rankers.lgbm_ranker - INFO - ✓ Training completed in 76.11 seconds
2025-10-29 19:40:40,056 - src.modeling.rankers.lgbm_ranker - INFO - ✓ LGBMRanker training successful
2025-10-29 19:40:40,066 - src.modeling.rankers.lgbm_ranker - INFO - Predicting top-20 for 1 test events...
/usr/local/lib/python3.10/dist-packages/lightgbm/sklearn.py:861: UserWarning: Found 'ndcg_eval_at' in params. Will use it instead of 'eval_at' argument
  _log_warning(f"Found '{alias}' in params. Will use it instead of 'eval_at' argument")
2025-10-29 19:40:40,074 - src.modeling.rankers.lgbm_ranker - INFO - ✓ Predictions generated for 1 events
2025-10-29 19:40:44,355 - src.modeling.rankers.lgbm_ranker - INFO - Transformed to ranking format: 450645 samples (11555 groups of 39 positions each)
2025-10-29 19:40:44,355 - src.modeling.rankers.lgbm_ranker - INFO - Training LightGBM model...
/usr/local/lib/python3.10/dist-packages/lightgbm/sklearn.py:861: UserWarning: Found 'ndcg_eval_at' in params. Will use it instead of 'eval_at' argument
  _log_warning(f"Found '{alias}' in params. Will use it instead of 'eval_at' argument")
2025-10-29 19:40:46,793 - src.modeling.rankers.lgbm_ranker - INFO - Transformed to ranking format: 450645 samples (11555 groups of 39 positions each)
2025-10-29 19:40:46,793 - src.modeling.rankers.lgbm_ranker - INFO - Training LightGBM model...
/usr/local/lib/python3.10/dist-packages/lightgbm/sklearn.py:861: UserWarning: Found 'ndcg_eval_at' in params. Will use it instead of 'eval_at' argument
  _log_warning(f"Found '{alias}' in params. Will use it instead of 'eval_at' argument")
2025-10-29 19:40:47,317 - src.modeling.rankers.lgbm_ranker - INFO - Top-5 most important features:
2025-10-29 19:40:47,317 - src.modeling.rankers.lgbm_ranker - INFO -   tunneling: 412.00
2025-10-29 19:40:47,317 - src.modeling.rankers.lgbm_ranker - INFO -   position_id: 260.00
2025-10-29 19:40:47,317 - src.modeling.rankers.lgbm_ranker - INFO -   min_distance: 240.00
2025-10-29 19:40:47,317 - src.modeling.rankers.lgbm_ranker - INFO -   dft_45: 207.00
2025-10-29 19:40:47,317 - src.modeling.rankers.lgbm_ranker - INFO -   density_window_0: 203.00
2025-10-29 19:40:47,317 - src.modeling.rankers.lgbm_ranker - INFO - ✓ Training completed in 82.90 seconds
2025-10-29 19:40:47,317 - src.modeling.rankers.lgbm_ranker - INFO - ✓ LGBMRanker training successful
2025-10-29 19:40:47,366 - src.modeling.rankers.lgbm_ranker - INFO - Predicting top-20 for 1 test events...
/usr/local/lib/python3.10/dist-packages/lightgbm/sklearn.py:861: UserWarning: Found 'ndcg_eval_at' in params. Will use it instead of 'eval_at' argument
  _log_warning(f"Found '{alias}' in params. Will use it instead of 'eval_at' argument")
2025-10-29 19:40:47,375 - src.modeling.rankers.lgbm_ranker - INFO - ✓ Predictions generated for 1 events
2025-10-29 19:40:47,829 - src.modeling.rankers.lgbm_ranker - INFO - Top-5 most important features:
2025-10-29 19:40:47,829 - src.modeling.rankers.lgbm_ranker - INFO -   position_frequency: 308.00
2025-10-29 19:40:47,829 - src.modeling.rankers.lgbm_ranker - INFO -   min_distance: 260.00
2025-10-29 19:40:47,829 - src.modeling.rankers.lgbm_ranker - INFO -   position_id: 236.00
2025-10-29 19:40:47,829 - src.modeling.rankers.lgbm_ranker - INFO -   tunneling: 228.00
2025-10-29 19:40:47,829 - src.modeling.rankers.lgbm_ranker - INFO -   density_window_0: 83.00
2025-10-29 19:40:47,829 - src.modeling.rankers.lgbm_ranker - INFO - ✓ Training completed in 83.60 seconds
2025-10-29 19:40:47,829 - src.modeling.rankers.lgbm_ranker - INFO - ✓ LGBMRanker training successful
2025-10-29 19:40:47,833 - src.modeling.rankers.lgbm_ranker - INFO - Predicting top-20 for 1 test events...
/usr/local/lib/python3.10/dist-packages/lightgbm/sklearn.py:861: UserWarning: Found 'ndcg_eval_at' in params. Will use it instead of 'eval_at' argument
  _log_warning(f"Found '{alias}' in params. Will use it instead of 'eval_at' argument")
2025-10-29 19:40:47,841 - src.modeling.rankers.lgbm_ranker - INFO - ✓ Predictions generated for 1 events

  Event Duration: 97.6s
  Parallel Exec:  97.6s
  Model Training Times:
    amplitude: train=83.6s, total=97.5s
    angle_encoding: train=76.1s, total=89.7s
    graph_cycle: train=82.9s, total=97.0s
    density_matrix: train=75.8s, total=89.6s
  Memory Peak: 1.59 GB
  Recalls: amplitude: 100%, angle_encoding: 100%, graph_cycle: 100%, density_matrix: 100%, ensemble: 100%
  [CHECKPOINT] Saved

================================================================================
Event 11557 (68/100)
================================================================================
2025-10-29 19:40:48,014 - src.imputation.base_imputer - INFO - Fitting graph_cycle_encoding imputer on 11556 samples
2025-10-29 19:40:48,014 - src.imputation.base_imputer - INFO - Fitting density_matrix_optimized imputer on 11556 samples
2025-10-29 19:40:48,014 - src.imputation.base_imputer - INFO - Fitting amplitude_embedding imputer on 11556 samples
2025-10-29 19:40:48,014 - src.imputation.base_imputer - INFO - Fitting angle_encoding imputer on 11556 samples
2025-10-29 19:40:48,017 - src.imputation.density_matrix - INFO - Density matrix uses fixed quantum mechanical construction (no learning from 11556 training samples)
2025-10-29 19:40:48,017 - src.imputation.graph_cycle_encoding - INFO - Graph/Cycle encoding uses fixed DFT basis and geometric distances (no learning from 11556 training samples)
2025-10-29 19:40:48,017 - src.imputation.base_imputer - INFO - density_matrix_optimized imputer fitted successfully
2025-10-29 19:40:48,017 - src.imputation.base_imputer - INFO - graph_cycle_encoding imputer fitted successfully
2025-10-29 19:40:48,017 - src.imputation.base_imputer - INFO - Transforming 11556 samples with density_matrix_optimized imputer
2025-10-29 19:40:48,017 - src.imputation.base_imputer - INFO - Transforming 11556 samples with graph_cycle_encoding imputer
2025-10-29 19:40:48,018 - src.imputation.angle_encoding - INFO - Angle encoding uses fixed angular mapping (no learning from 11556 training samples)
2025-10-29 19:40:48,018 - src.imputation.base_imputer - INFO - angle_encoding imputer fitted successfully
2025-10-29 19:40:48,018 - src.imputation.base_imputer - INFO - Transforming 11556 samples with angle_encoding imputer
2025-10-29 19:40:48,018 - src.imputation.amplitude_embedding - INFO - Learned position frequencies from 11556 samples. Normalization mode: uniform
2025-10-29 19:40:48,018 - src.imputation.base_imputer - INFO - amplitude_embedding imputer fitted successfully
2025-10-29 19:40:48,018 - src.imputation.base_imputer - INFO - Transforming 11556 samples with amplitude_embedding imputer
2025-10-29 19:40:56,004 - src.imputation.base_imputer - INFO - Transformation complete: output shape (11556, 377)
2025-10-29 19:40:56,004 - src.imputation.base_imputer - INFO - Transforming 1 samples with amplitude_embedding imputer
2025-10-29 19:40:56,007 - src.imputation.base_imputer - INFO - Transformation complete: output shape (1, 377)
2025-10-29 19:40:56,054 - src.imputation.base_imputer - INFO - Transformation complete: output shape (11556, 322)
2025-10-29 19:40:56,054 - src.imputation.base_imputer - INFO - Transforming 1 samples with angle_encoding imputer
2025-10-29 19:40:56,057 - src.imputation.base_imputer - INFO - Transformation complete: output shape (1, 322)
2025-10-29 19:40:56,102 - src.imputation.base_imputer - INFO - Transformation complete: output shape (11556, 259)
2025-10-29 19:40:56,102 - src.imputation.base_imputer - INFO - Transforming 1 samples with density_matrix_optimized imputer
2025-10-29 19:40:56,104 - src.imputation.base_imputer - INFO - Transformation complete: output shape (1, 259)
2025-10-29 19:40:56,429 - src.imputation.base_imputer - INFO - Transformation complete: output shape (11556, 277)
2025-10-29 19:40:56,429 - src.imputation.base_imputer - INFO - Transforming 1 samples with graph_cycle_encoding imputer
2025-10-29 19:40:56,431 - src.imputation.base_imputer - INFO - Transformation complete: output shape (1, 277)
2025-10-29 19:41:01,748 - src.modeling.rankers.lgbm_ranker - INFO - Training LGBMRanker on 11556 events...
2025-10-29 19:41:01,851 - src.modeling.rankers.lgbm_ranker - INFO - Training LGBMRanker on 11556 events...
2025-10-29 19:41:01,869 - src.modeling.rankers.lgbm_ranker - INFO - Training LGBMRanker on 11556 events...
2025-10-29 19:41:01,889 - src.modeling.rankers.lgbm_ranker - INFO - Computed position frequencies: 39 positions
2025-10-29 19:41:01,997 - src.modeling.rankers.lgbm_ranker - INFO - Computed position frequencies: 39 positions
2025-10-29 19:41:02,016 - src.modeling.rankers.lgbm_ranker - INFO - Computed position frequencies: 39 positions
2025-10-29 19:41:02,103 - src.modeling.rankers.lgbm_ranker - INFO - Training LGBMRanker on 11556 events...
2025-10-29 19:41:02,244 - src.modeling.rankers.lgbm_ranker - INFO - Computed position frequencies: 39 positions
2025-10-29 19:42:16,136 - src.modeling.rankers.lgbm_ranker - INFO - Transformed to ranking format: 450684 samples (11556 groups of 39 positions each)
2025-10-29 19:42:16,136 - src.modeling.rankers.lgbm_ranker - INFO - Training LightGBM model...
/usr/local/lib/python3.10/dist-packages/lightgbm/sklearn.py:861: UserWarning: Found 'ndcg_eval_at' in params. Will use it instead of 'eval_at' argument
  _log_warning(f"Found '{alias}' in params. Will use it instead of 'eval_at' argument")
2025-10-29 19:42:16,975 - src.modeling.rankers.lgbm_ranker - INFO - Transformed to ranking format: 450684 samples (11556 groups of 39 positions each)
2025-10-29 19:42:16,975 - src.modeling.rankers.lgbm_ranker - INFO - Training LightGBM model...
/usr/local/lib/python3.10/dist-packages/lightgbm/sklearn.py:861: UserWarning: Found 'ndcg_eval_at' in params. Will use it instead of 'eval_at' argument
  _log_warning(f"Found '{alias}' in params. Will use it instead of 'eval_at' argument")
2025-10-29 19:42:17,860 - src.modeling.rankers.lgbm_ranker - INFO - Top-5 most important features:
2025-10-29 19:42:17,860 - src.modeling.rankers.lgbm_ranker - INFO -   position_id: 362.00
2025-10-29 19:42:17,860 - src.modeling.rankers.lgbm_ranker - INFO -   tunneling: 313.00
2025-10-29 19:42:17,860 - src.modeling.rankers.lgbm_ranker - INFO -   min_distance: 282.00
2025-10-29 19:42:17,860 - src.modeling.rankers.lgbm_ranker - INFO -   position_frequency: 265.00
2025-10-29 19:42:17,860 - src.modeling.rankers.lgbm_ranker - INFO -   density_window_0: 246.00
2025-10-29 19:42:17,860 - src.modeling.rankers.lgbm_ranker - INFO - ✓ Training completed in 76.11 seconds
2025-10-29 19:42:17,860 - src.modeling.rankers.lgbm_ranker - INFO - ✓ LGBMRanker training successful
2025-10-29 19:42:17,881 - src.modeling.rankers.lgbm_ranker - INFO - Predicting top-20 for 1 test events...
/usr/local/lib/python3.10/dist-packages/lightgbm/sklearn.py:861: UserWarning: Found 'ndcg_eval_at' in params. Will use it instead of 'eval_at' argument
  _log_warning(f"Found '{alias}' in params. Will use it instead of 'eval_at' argument")
2025-10-29 19:42:17,890 - src.modeling.rankers.lgbm_ranker - INFO - ✓ Predictions generated for 1 events
2025-10-29 19:42:18,143 - src.modeling.rankers.lgbm_ranker - INFO - Top-5 most important features:
2025-10-29 19:42:18,143 - src.modeling.rankers.lgbm_ranker - INFO -   aggregate_0: 377.00
2025-10-29 19:42:18,143 - src.modeling.rankers.lgbm_ranker - INFO -   position_frequency: 223.00
2025-10-29 19:42:18,144 - src.modeling.rankers.lgbm_ranker - INFO -   position_id: 222.00
2025-10-29 19:42:18,144 - src.modeling.rankers.lgbm_ranker - INFO -   aggregate_1: 97.00
2025-10-29 19:42:18,144 - src.modeling.rankers.lgbm_ranker - INFO -   angle: 81.00
2025-10-29 19:42:18,144 - src.modeling.rankers.lgbm_ranker - INFO - ✓ Training completed in 76.29 seconds
2025-10-29 19:42:18,144 - src.modeling.rankers.lgbm_ranker - INFO - ✓ LGBMRanker training successful
2025-10-29 19:42:18,148 - src.modeling.rankers.lgbm_ranker - INFO - Predicting top-20 for 1 test events...
/usr/local/lib/python3.10/dist-packages/lightgbm/sklearn.py:861: UserWarning: Found 'ndcg_eval_at' in params. Will use it instead of 'eval_at' argument
  _log_warning(f"Found '{alias}' in params. Will use it instead of 'eval_at' argument")
2025-10-29 19:42:18,155 - src.modeling.rankers.lgbm_ranker - INFO - ✓ Predictions generated for 1 events
2025-10-29 19:42:21,695 - src.modeling.rankers.lgbm_ranker - INFO - Transformed to ranking format: 450684 samples (11556 groups of 39 positions each)
2025-10-29 19:42:21,695 - src.modeling.rankers.lgbm_ranker - INFO - Training LightGBM model...
/usr/local/lib/python3.10/dist-packages/lightgbm/sklearn.py:861: UserWarning: Found 'ndcg_eval_at' in params. Will use it instead of 'eval_at' argument
  _log_warning(f"Found '{alias}' in params. Will use it instead of 'eval_at' argument")
2025-10-29 19:42:24,647 - src.modeling.rankers.lgbm_ranker - INFO - Top-5 most important features:
2025-10-29 19:42:24,647 - src.modeling.rankers.lgbm_ranker - INFO -   tunneling: 394.00
2025-10-29 19:42:24,647 - src.modeling.rankers.lgbm_ranker - INFO -   min_distance: 227.00
2025-10-29 19:42:24,647 - src.modeling.rankers.lgbm_ranker - INFO -   position_id: 223.00
2025-10-29 19:42:24,647 - src.modeling.rankers.lgbm_ranker - INFO -   density_window_0: 181.00
2025-10-29 19:42:24,647 - src.modeling.rankers.lgbm_ranker - INFO -   dft_45: 170.00
2025-10-29 19:42:24,647 - src.modeling.rankers.lgbm_ranker - INFO - ✓ Training completed in 82.54 seconds
2025-10-29 19:42:24,647 - src.modeling.rankers.lgbm_ranker - INFO - ✓ LGBMRanker training successful
2025-10-29 19:42:24,715 - src.modeling.rankers.lgbm_ranker - INFO - Predicting top-20 for 1 test events...
/usr/local/lib/python3.10/dist-packages/lightgbm/sklearn.py:861: UserWarning: Found 'ndcg_eval_at' in params. Will use it instead of 'eval_at' argument
  _log_warning(f"Found '{alias}' in params. Will use it instead of 'eval_at' argument")
2025-10-29 19:42:24,723 - src.modeling.rankers.lgbm_ranker - INFO - ✓ Predictions generated for 1 events
2025-10-29 19:42:24,819 - src.modeling.rankers.lgbm_ranker - INFO - Transformed to ranking format: 450684 samples (11556 groups of 39 positions each)
2025-10-29 19:42:24,819 - src.modeling.rankers.lgbm_ranker - INFO - Training LightGBM model...
/usr/local/lib/python3.10/dist-packages/lightgbm/sklearn.py:861: UserWarning: Found 'ndcg_eval_at' in params. Will use it instead of 'eval_at' argument
  _log_warning(f"Found '{alias}' in params. Will use it instead of 'eval_at' argument")
2025-10-29 19:42:25,849 - src.modeling.rankers.lgbm_ranker - INFO - Top-5 most important features:
2025-10-29 19:42:25,849 - src.modeling.rankers.lgbm_ranker - INFO -   position_frequency: 326.00
2025-10-29 19:42:25,849 - src.modeling.rankers.lgbm_ranker - INFO -   position_id: 271.00
2025-10-29 19:42:25,849 - src.modeling.rankers.lgbm_ranker - INFO -   tunneling: 222.00
2025-10-29 19:42:25,849 - src.modeling.rankers.lgbm_ranker - INFO -   density_window_0: 185.00
2025-10-29 19:42:25,849 - src.modeling.rankers.lgbm_ranker - INFO -   min_distance: 159.00
2025-10-29 19:42:25,849 - src.modeling.rankers.lgbm_ranker - INFO - ✓ Training completed in 83.98 seconds
2025-10-29 19:42:25,849 - src.modeling.rankers.lgbm_ranker - INFO - ✓ LGBMRanker training successful
2025-10-29 19:42:25,853 - src.modeling.rankers.lgbm_ranker - INFO - Predicting top-20 for 1 test events...
/usr/local/lib/python3.10/dist-packages/lightgbm/sklearn.py:861: UserWarning: Found 'ndcg_eval_at' in params. Will use it instead of 'eval_at' argument
  _log_warning(f"Found '{alias}' in params. Will use it instead of 'eval_at' argument")
2025-10-29 19:42:25,862 - src.modeling.rankers.lgbm_ranker - INFO - ✓ Predictions generated for 1 events

  Event Duration: 98.0s
  Parallel Exec:  98.0s
  Model Training Times:
    amplitude: train=84.0s, total=97.9s
    angle_encoding: train=76.3s, total=90.2s
    graph_cycle: train=82.6s, total=96.7s
    density_matrix: train=76.1s, total=89.9s
  Memory Peak: 1.27 GB
  Recalls: amplitude: 100%, angle_encoding: 100%, graph_cycle: 100%, density_matrix: 100%, ensemble: 100%
  [CHECKPOINT] Saved

================================================================================
Event 11558 (69/100)
================================================================================
2025-10-29 19:42:26,019 - src.imputation.base_imputer - INFO - Fitting amplitude_embedding imputer on 11557 samples
2025-10-29 19:42:26,020 - src.imputation.base_imputer - INFO - Fitting graph_cycle_encoding imputer on 11557 samples
2025-10-29 19:42:26,020 - src.imputation.base_imputer - INFO - Fitting angle_encoding imputer on 11557 samples
2025-10-29 19:42:26,020 - src.imputation.base_imputer - INFO - Fitting density_matrix_optimized imputer on 11557 samples
2025-10-29 19:42:26,023 - src.imputation.graph_cycle_encoding - INFO - Graph/Cycle encoding uses fixed DFT basis and geometric distances (no learning from 11557 training samples)
2025-10-29 19:42:26,023 - src.imputation.base_imputer - INFO - graph_cycle_encoding imputer fitted successfully
2025-10-29 19:42:26,023 - src.imputation.base_imputer - INFO - Transforming 11557 samples with graph_cycle_encoding imputer
2025-10-29 19:42:26,023 - src.imputation.angle_encoding - INFO - Angle encoding uses fixed angular mapping (no learning from 11557 training samples)
2025-10-29 19:42:26,023 - src.imputation.base_imputer - INFO - angle_encoding imputer fitted successfully
2025-10-29 19:42:26,023 - src.imputation.base_imputer - INFO - Transforming 11557 samples with angle_encoding imputer
2025-10-29 19:42:26,023 - src.imputation.density_matrix - INFO - Density matrix uses fixed quantum mechanical construction (no learning from 11557 training samples)
2025-10-29 19:42:26,023 - src.imputation.base_imputer - INFO - density_matrix_optimized imputer fitted successfully
2025-10-29 19:42:26,023 - src.imputation.base_imputer - INFO - Transforming 11557 samples with density_matrix_optimized imputer
2025-10-29 19:42:26,023 - src.imputation.amplitude_embedding - INFO - Learned position frequencies from 11557 samples. Normalization mode: uniform
2025-10-29 19:42:26,023 - src.imputation.base_imputer - INFO - amplitude_embedding imputer fitted successfully
2025-10-29 19:42:26,023 - src.imputation.base_imputer - INFO - Transforming 11557 samples with amplitude_embedding imputer
2025-10-29 19:42:33,942 - src.imputation.base_imputer - INFO - Transformation complete: output shape (11557, 322)
2025-10-29 19:42:33,942 - src.imputation.base_imputer - INFO - Transforming 1 samples with angle_encoding imputer
2025-10-29 19:42:33,944 - src.imputation.base_imputer - INFO - Transformation complete: output shape (1, 322)
2025-10-29 19:42:34,114 - src.imputation.base_imputer - INFO - Transformation complete: output shape (11557, 377)
2025-10-29 19:42:34,114 - src.imputation.base_imputer - INFO - Transforming 1 samples with amplitude_embedding imputer
2025-10-29 19:42:34,116 - src.imputation.base_imputer - INFO - Transformation complete: output shape (1, 377)
2025-10-29 19:42:34,122 - src.imputation.base_imputer - INFO - Transformation complete: output shape (11557, 259)
2025-10-29 19:42:34,122 - src.imputation.base_imputer - INFO - Transforming 1 samples with density_matrix_optimized imputer
2025-10-29 19:42:34,124 - src.imputation.base_imputer - INFO - Transformation complete: output shape (1, 259)
2025-10-29 19:42:34,505 - src.imputation.base_imputer - INFO - Transformation complete: output shape (11557, 277)
2025-10-29 19:42:34,505 - src.imputation.base_imputer - INFO - Transforming 1 samples with graph_cycle_encoding imputer
2025-10-29 19:42:34,507 - src.imputation.base_imputer - INFO - Transformation complete: output shape (1, 277)
2025-10-29 19:42:39,728 - src.modeling.rankers.lgbm_ranker - INFO - Training LGBMRanker on 11557 events...
2025-10-29 19:42:39,746 - src.modeling.rankers.lgbm_ranker - INFO - Training LGBMRanker on 11557 events...
2025-10-29 19:42:39,871 - src.modeling.rankers.lgbm_ranker - INFO - Computed position frequencies: 39 positions
2025-10-29 19:42:39,892 - src.modeling.rankers.lgbm_ranker - INFO - Computed position frequencies: 39 positions
2025-10-29 19:42:40,021 - src.modeling.rankers.lgbm_ranker - INFO - Training LGBMRanker on 11557 events...
2025-10-29 19:42:40,163 - src.modeling.rankers.lgbm_ranker - INFO - Training LGBMRanker on 11557 events...
2025-10-29 19:42:40,169 - src.modeling.rankers.lgbm_ranker - INFO - Computed position frequencies: 39 positions
2025-10-29 19:42:40,306 - src.modeling.rankers.lgbm_ranker - INFO - Computed position frequencies: 39 positions
2025-10-29 19:43:54,936 - src.modeling.rankers.lgbm_ranker - INFO - Transformed to ranking format: 450723 samples (11557 groups of 39 positions each)
2025-10-29 19:43:54,936 - src.modeling.rankers.lgbm_ranker - INFO - Training LightGBM model...
/usr/local/lib/python3.10/dist-packages/lightgbm/sklearn.py:861: UserWarning: Found 'ndcg_eval_at' in params. Will use it instead of 'eval_at' argument
  _log_warning(f"Found '{alias}' in params. Will use it instead of 'eval_at' argument")
2025-10-29 19:43:55,574 - src.modeling.rankers.lgbm_ranker - INFO - Transformed to ranking format: 450723 samples (11557 groups of 39 positions each)
2025-10-29 19:43:55,574 - src.modeling.rankers.lgbm_ranker - INFO - Training LightGBM model...
/usr/local/lib/python3.10/dist-packages/lightgbm/sklearn.py:861: UserWarning: Found 'ndcg_eval_at' in params. Will use it instead of 'eval_at' argument
  _log_warning(f"Found '{alias}' in params. Will use it instead of 'eval_at' argument")
2025-10-29 19:43:56,636 - src.modeling.rankers.lgbm_ranker - INFO - Top-5 most important features:
2025-10-29 19:43:56,636 - src.modeling.rankers.lgbm_ranker - INFO -   position_id: 451.00
2025-10-29 19:43:56,636 - src.modeling.rankers.lgbm_ranker - INFO -   tunneling: 336.00
2025-10-29 19:43:56,636 - src.modeling.rankers.lgbm_ranker - INFO -   position_frequency: 264.00
2025-10-29 19:43:56,636 - src.modeling.rankers.lgbm_ranker - INFO -   min_distance: 236.00
2025-10-29 19:43:56,636 - src.modeling.rankers.lgbm_ranker - INFO -   density_window_0: 194.00
2025-10-29 19:43:56,636 - src.modeling.rankers.lgbm_ranker - INFO - ✓ Training completed in 76.91 seconds
2025-10-29 19:43:56,636 - src.modeling.rankers.lgbm_ranker - INFO - ✓ LGBMRanker training successful
2025-10-29 19:43:56,656 - src.modeling.rankers.lgbm_ranker - INFO - Predicting top-20 for 1 test events...
/usr/local/lib/python3.10/dist-packages/lightgbm/sklearn.py:861: UserWarning: Found 'ndcg_eval_at' in params. Will use it instead of 'eval_at' argument
  _log_warning(f"Found '{alias}' in params. Will use it instead of 'eval_at' argument")
2025-10-29 19:43:56,664 - src.modeling.rankers.lgbm_ranker - INFO - ✓ Predictions generated for 1 events
2025-10-29 19:43:56,723 - src.modeling.rankers.lgbm_ranker - INFO - Top-5 most important features:
2025-10-29 19:43:56,723 - src.modeling.rankers.lgbm_ranker - INFO -   aggregate_0: 281.00
2025-10-29 19:43:56,723 - src.modeling.rankers.lgbm_ranker - INFO -   position_id: 264.00
2025-10-29 19:43:56,723 - src.modeling.rankers.lgbm_ranker - INFO -   position_frequency: 249.00
2025-10-29 19:43:56,723 - src.modeling.rankers.lgbm_ranker - INFO -   aggregate_1: 107.00
2025-10-29 19:43:56,723 - src.modeling.rankers.lgbm_ranker - INFO -   density_window_0: 83.00
2025-10-29 19:43:56,723 - src.modeling.rankers.lgbm_ranker - INFO - ✓ Training completed in 76.98 seconds
2025-10-29 19:43:56,723 - src.modeling.rankers.lgbm_ranker - INFO - ✓ LGBMRanker training successful
2025-10-29 19:43:56,734 - src.modeling.rankers.lgbm_ranker - INFO - Predicting top-20 for 1 test events...
/usr/local/lib/python3.10/dist-packages/lightgbm/sklearn.py:861: UserWarning: Found 'ndcg_eval_at' in params. Will use it instead of 'eval_at' argument
  _log_warning(f"Found '{alias}' in params. Will use it instead of 'eval_at' argument")
2025-10-29 19:43:56,743 - src.modeling.rankers.lgbm_ranker - INFO - ✓ Predictions generated for 1 events
2025-10-29 19:44:00,640 - src.modeling.rankers.lgbm_ranker - INFO - Transformed to ranking format: 450723 samples (11557 groups of 39 positions each)
2025-10-29 19:44:00,640 - src.modeling.rankers.lgbm_ranker - INFO - Training LightGBM model...
/usr/local/lib/python3.10/dist-packages/lightgbm/sklearn.py:861: UserWarning: Found 'ndcg_eval_at' in params. Will use it instead of 'eval_at' argument
  _log_warning(f"Found '{alias}' in params. Will use it instead of 'eval_at' argument")
2025-10-29 19:44:03,669 - src.modeling.rankers.lgbm_ranker - INFO - Top-5 most important features:
2025-10-29 19:44:03,669 - src.modeling.rankers.lgbm_ranker - INFO -   tunneling: 431.00
2025-10-29 19:44:03,669 - src.modeling.rankers.lgbm_ranker - INFO -   min_distance: 280.00
2025-10-29 19:44:03,669 - src.modeling.rankers.lgbm_ranker - INFO -   position_id: 238.00
2025-10-29 19:44:03,669 - src.modeling.rankers.lgbm_ranker - INFO -   density_window_0: 183.00
2025-10-29 19:44:03,669 - src.modeling.rankers.lgbm_ranker - INFO -   dft_45: 172.00
2025-10-29 19:44:03,670 - src.modeling.rankers.lgbm_ranker - INFO - ✓ Training completed in 83.51 seconds
2025-10-29 19:44:03,670 - src.modeling.rankers.lgbm_ranker - INFO - ✓ LGBMRanker training successful
2025-10-29 19:44:03,711 - src.modeling.rankers.lgbm_ranker - INFO - Predicting top-20 for 1 test events...
/usr/local/lib/python3.10/dist-packages/lightgbm/sklearn.py:861: UserWarning: Found 'ndcg_eval_at' in params. Will use it instead of 'eval_at' argument
  _log_warning(f"Found '{alias}' in params. Will use it instead of 'eval_at' argument")
2025-10-29 19:44:03,719 - src.modeling.rankers.lgbm_ranker - INFO - ✓ Predictions generated for 1 events
2025-10-29 19:44:03,942 - src.modeling.rankers.lgbm_ranker - INFO - Transformed to ranking format: 450723 samples (11557 groups of 39 positions each)
2025-10-29 19:44:03,942 - src.modeling.rankers.lgbm_ranker - INFO - Training LightGBM model...
/usr/local/lib/python3.10/dist-packages/lightgbm/sklearn.py:861: UserWarning: Found 'ndcg_eval_at' in params. Will use it instead of 'eval_at' argument
  _log_warning(f"Found '{alias}' in params. Will use it instead of 'eval_at' argument")
2025-10-29 19:44:04,977 - src.modeling.rankers.lgbm_ranker - INFO - Top-5 most important features:
2025-10-29 19:44:04,978 - src.modeling.rankers.lgbm_ranker - INFO -   position_frequency: 347.00
2025-10-29 19:44:04,978 - src.modeling.rankers.lgbm_ranker - INFO -   position_id: 260.00
2025-10-29 19:44:04,978 - src.modeling.rankers.lgbm_ranker - INFO -   tunneling: 206.00
2025-10-29 19:44:04,978 - src.modeling.rankers.lgbm_ranker - INFO -   min_distance: 199.00
2025-10-29 19:44:04,978 - src.modeling.rankers.lgbm_ranker - INFO -   density_window_0: 137.00
2025-10-29 19:44:04,978 - src.modeling.rankers.lgbm_ranker - INFO - ✓ Training completed in 84.96 seconds
2025-10-29 19:44:04,978 - src.modeling.rankers.lgbm_ranker - INFO - ✓ LGBMRanker training successful
2025-10-29 19:44:04,982 - src.modeling.rankers.lgbm_ranker - INFO - Predicting top-20 for 1 test events...
/usr/local/lib/python3.10/dist-packages/lightgbm/sklearn.py:861: UserWarning: Found 'ndcg_eval_at' in params. Will use it instead of 'eval_at' argument
  _log_warning(f"Found '{alias}' in params. Will use it instead of 'eval_at' argument")
2025-10-29 19:44:04,990 - src.modeling.rankers.lgbm_ranker - INFO - ✓ Predictions generated for 1 events

  Event Duration: 99.1s
  Parallel Exec:  99.1s
  Model Training Times:
    amplitude: train=85.0s, total=99.0s
    angle_encoding: train=77.0s, total=90.7s
    graph_cycle: train=83.5s, total=97.7s
    density_matrix: train=76.9s, total=90.7s
  Memory Peak: 1.59 GB
  Recalls: amplitude: 100%, angle_encoding: 100%, graph_cycle: 100%, density_matrix: 100%, ensemble: 100%
  [CHECKPOINT] Saved

================================================================================
Event 11559 (70/100)
================================================================================
2025-10-29 19:44:05,171 - src.imputation.base_imputer - INFO - Fitting graph_cycle_encoding imputer on 11558 samples
2025-10-29 19:44:05,171 - src.imputation.base_imputer - INFO - Fitting density_matrix_optimized imputer on 11558 samples
2025-10-29 19:44:05,171 - src.imputation.base_imputer - INFO - Fitting angle_encoding imputer on 11558 samples
2025-10-29 19:44:05,171 - src.imputation.base_imputer - INFO - Fitting amplitude_embedding imputer on 11558 samples
2025-10-29 19:44:05,175 - src.imputation.angle_encoding - INFO - Angle encoding uses fixed angular mapping (no learning from 11558 training samples)
2025-10-29 19:44:05,175 - src.imputation.graph_cycle_encoding - INFO - Graph/Cycle encoding uses fixed DFT basis and geometric distances (no learning from 11558 training samples)
2025-10-29 19:44:05,175 - src.imputation.density_matrix - INFO - Density matrix uses fixed quantum mechanical construction (no learning from 11558 training samples)
2025-10-29 19:44:05,175 - src.imputation.base_imputer - INFO - angle_encoding imputer fitted successfully
2025-10-29 19:44:05,175 - src.imputation.base_imputer - INFO - graph_cycle_encoding imputer fitted successfully
2025-10-29 19:44:05,175 - src.imputation.base_imputer - INFO - density_matrix_optimized imputer fitted successfully
2025-10-29 19:44:05,175 - src.imputation.base_imputer - INFO - Transforming 11558 samples with angle_encoding imputer
2025-10-29 19:44:05,175 - src.imputation.base_imputer - INFO - Transforming 11558 samples with graph_cycle_encoding imputer
2025-10-29 19:44:05,175 - src.imputation.base_imputer - INFO - Transforming 11558 samples with density_matrix_optimized imputer
2025-10-29 19:44:05,175 - src.imputation.amplitude_embedding - INFO - Learned position frequencies from 11558 samples. Normalization mode: uniform
2025-10-29 19:44:05,175 - src.imputation.base_imputer - INFO - amplitude_embedding imputer fitted successfully
2025-10-29 19:44:05,175 - src.imputation.base_imputer - INFO - Transforming 11558 samples with amplitude_embedding imputer
2025-10-29 19:44:13,150 - src.imputation.base_imputer - INFO - Transformation complete: output shape (11558, 377)
2025-10-29 19:44:13,150 - src.imputation.base_imputer - INFO - Transforming 1 samples with amplitude_embedding imputer
2025-10-29 19:44:13,152 - src.imputation.base_imputer - INFO - Transformation complete: output shape (1, 377)
2025-10-29 19:44:13,164 - src.imputation.base_imputer - INFO - Transformation complete: output shape (11558, 322)
2025-10-29 19:44:13,164 - src.imputation.base_imputer - INFO - Transforming 1 samples with angle_encoding imputer
2025-10-29 19:44:13,166 - src.imputation.base_imputer - INFO - Transformation complete: output shape (1, 322)
2025-10-29 19:44:13,324 - src.imputation.base_imputer - INFO - Transformation complete: output shape (11558, 259)
2025-10-29 19:44:13,324 - src.imputation.base_imputer - INFO - Transforming 1 samples with density_matrix_optimized imputer
2025-10-29 19:44:13,326 - src.imputation.base_imputer - INFO - Transformation complete: output shape (1, 259)
2025-10-29 19:44:13,590 - src.imputation.base_imputer - INFO - Transformation complete: output shape (11558, 277)
2025-10-29 19:44:13,590 - src.imputation.base_imputer - INFO - Transforming 1 samples with graph_cycle_encoding imputer
2025-10-29 19:44:13,592 - src.imputation.base_imputer - INFO - Transformation complete: output shape (1, 277)
2025-10-29 19:44:18,992 - src.modeling.rankers.lgbm_ranker - INFO - Training LGBMRanker on 11558 events...
2025-10-29 19:44:19,030 - src.modeling.rankers.lgbm_ranker - INFO - Training LGBMRanker on 11558 events...
2025-10-29 19:44:19,096 - src.modeling.rankers.lgbm_ranker - INFO - Training LGBMRanker on 11558 events...
2025-10-29 19:44:19,138 - src.modeling.rankers.lgbm_ranker - INFO - Computed position frequencies: 39 positions
2025-10-29 19:44:19,178 - src.modeling.rankers.lgbm_ranker - INFO - Computed position frequencies: 39 positions
2025-10-29 19:44:19,233 - src.modeling.rankers.lgbm_ranker - INFO - Training LGBMRanker on 11558 events...
2025-10-29 19:44:19,243 - src.modeling.rankers.lgbm_ranker - INFO - Computed position frequencies: 39 positions
2025-10-29 19:44:19,375 - src.modeling.rankers.lgbm_ranker - INFO - Computed position frequencies: 39 positions
2025-10-29 19:45:33,754 - src.modeling.rankers.lgbm_ranker - INFO - Transformed to ranking format: 450762 samples (11558 groups of 39 positions each)
2025-10-29 19:45:33,754 - src.modeling.rankers.lgbm_ranker - INFO - Training LightGBM model...
/usr/local/lib/python3.10/dist-packages/lightgbm/sklearn.py:861: UserWarning: Found 'ndcg_eval_at' in params. Will use it instead of 'eval_at' argument
  _log_warning(f"Found '{alias}' in params. Will use it instead of 'eval_at' argument")
2025-10-29 19:45:34,843 - src.modeling.rankers.lgbm_ranker - INFO - Transformed to ranking format: 450762 samples (11558 groups of 39 positions each)
2025-10-29 19:45:34,843 - src.modeling.rankers.lgbm_ranker - INFO - Training LightGBM model...
/usr/local/lib/python3.10/dist-packages/lightgbm/sklearn.py:861: UserWarning: Found 'ndcg_eval_at' in params. Will use it instead of 'eval_at' argument
  _log_warning(f"Found '{alias}' in params. Will use it instead of 'eval_at' argument")
2025-10-29 19:45:35,429 - src.modeling.rankers.lgbm_ranker - INFO - Top-5 most important features:
2025-10-29 19:45:35,429 - src.modeling.rankers.lgbm_ranker - INFO -   position_id: 392.00
2025-10-29 19:45:35,429 - src.modeling.rankers.lgbm_ranker - INFO -   tunneling: 305.00
2025-10-29 19:45:35,429 - src.modeling.rankers.lgbm_ranker - INFO -   position_frequency: 288.00
2025-10-29 19:45:35,429 - src.modeling.rankers.lgbm_ranker - INFO -   min_distance: 255.00
2025-10-29 19:45:35,429 - src.modeling.rankers.lgbm_ranker - INFO -   density_window_0: 227.00
2025-10-29 19:45:35,429 - src.modeling.rankers.lgbm_ranker - INFO - ✓ Training completed in 76.44 seconds
2025-10-29 19:45:35,429 - src.modeling.rankers.lgbm_ranker - INFO - ✓ LGBMRanker training successful
2025-10-29 19:45:35,447 - src.modeling.rankers.lgbm_ranker - INFO - Predicting top-20 for 1 test events...
/usr/local/lib/python3.10/dist-packages/lightgbm/sklearn.py:861: UserWarning: Found 'ndcg_eval_at' in params. Will use it instead of 'eval_at' argument
  _log_warning(f"Found '{alias}' in params. Will use it instead of 'eval_at' argument")
2025-10-29 19:45:35,455 - src.modeling.rankers.lgbm_ranker - INFO - ✓ Predictions generated for 1 events
2025-10-29 19:45:36,038 - src.modeling.rankers.lgbm_ranker - INFO - Top-5 most important features:
2025-10-29 19:45:36,039 - src.modeling.rankers.lgbm_ranker - INFO -   aggregate_0: 285.00
2025-10-29 19:45:36,039 - src.modeling.rankers.lgbm_ranker - INFO -   position_frequency: 274.00
2025-10-29 19:45:36,039 - src.modeling.rankers.lgbm_ranker - INFO -   position_id: 212.00
2025-10-29 19:45:36,039 - src.modeling.rankers.lgbm_ranker - INFO -   tunneling: 107.00
2025-10-29 19:45:36,039 - src.modeling.rankers.lgbm_ranker - INFO -   aggregate_1: 106.00
2025-10-29 19:45:36,039 - src.modeling.rankers.lgbm_ranker - INFO - ✓ Training completed in 76.94 seconds
2025-10-29 19:45:36,039 - src.modeling.rankers.lgbm_ranker - INFO - ✓ LGBMRanker training successful
2025-10-29 19:45:36,049 - src.modeling.rankers.lgbm_ranker - INFO - Predicting top-20 for 1 test events...
/usr/local/lib/python3.10/dist-packages/lightgbm/sklearn.py:861: UserWarning: Found 'ndcg_eval_at' in params. Will use it instead of 'eval_at' argument
  _log_warning(f"Found '{alias}' in params. Will use it instead of 'eval_at' argument")
2025-10-29 19:45:36,057 - src.modeling.rankers.lgbm_ranker - INFO - ✓ Predictions generated for 1 events
2025-10-29 19:45:39,744 - src.modeling.rankers.lgbm_ranker - INFO - Transformed to ranking format: 450762 samples (11558 groups of 39 positions each)
2025-10-29 19:45:39,744 - src.modeling.rankers.lgbm_ranker - INFO - Training LightGBM model...
/usr/local/lib/python3.10/dist-packages/lightgbm/sklearn.py:861: UserWarning: Found 'ndcg_eval_at' in params. Will use it instead of 'eval_at' argument
  _log_warning(f"Found '{alias}' in params. Will use it instead of 'eval_at' argument")
2025-10-29 19:45:42,760 - src.modeling.rankers.lgbm_ranker - INFO - Top-5 most important features:
2025-10-29 19:45:42,760 - src.modeling.rankers.lgbm_ranker - INFO -   tunneling: 434.00
2025-10-29 19:45:42,760 - src.modeling.rankers.lgbm_ranker - INFO -   min_distance: 262.00
2025-10-29 19:45:42,760 - src.modeling.rankers.lgbm_ranker - INFO -   position_id: 261.00
2025-10-29 19:45:42,760 - src.modeling.rankers.lgbm_ranker - INFO -   dft_45: 209.00
2025-10-29 19:45:42,760 - src.modeling.rankers.lgbm_ranker - INFO -   density_window_0: 208.00
2025-10-29 19:45:42,760 - src.modeling.rankers.lgbm_ranker - INFO - ✓ Training completed in 83.53 seconds
2025-10-29 19:45:42,760 - src.modeling.rankers.lgbm_ranker - INFO - ✓ LGBMRanker training successful
2025-10-29 19:45:42,800 - src.modeling.rankers.lgbm_ranker - INFO - Predicting top-20 for 1 test events...
/usr/local/lib/python3.10/dist-packages/lightgbm/sklearn.py:861: UserWarning: Found 'ndcg_eval_at' in params. Will use it instead of 'eval_at' argument
  _log_warning(f"Found '{alias}' in params. Will use it instead of 'eval_at' argument")
2025-10-29 19:45:42,808 - src.modeling.rankers.lgbm_ranker - INFO - ✓ Predictions generated for 1 events
2025-10-29 19:45:43,177 - src.modeling.rankers.lgbm_ranker - INFO - Transformed to ranking format: 450762 samples (11558 groups of 39 positions each)
2025-10-29 19:45:43,177 - src.modeling.rankers.lgbm_ranker - INFO - Training LightGBM model...
/usr/local/lib/python3.10/dist-packages/lightgbm/sklearn.py:861: UserWarning: Found 'ndcg_eval_at' in params. Will use it instead of 'eval_at' argument
  _log_warning(f"Found '{alias}' in params. Will use it instead of 'eval_at' argument")
2025-10-29 19:45:44,287 - src.modeling.rankers.lgbm_ranker - INFO - Top-5 most important features:
2025-10-29 19:45:44,288 - src.modeling.rankers.lgbm_ranker - INFO -   position_frequency: 301.00
2025-10-29 19:45:44,288 - src.modeling.rankers.lgbm_ranker - INFO -   tunneling: 270.00
2025-10-29 19:45:44,288 - src.modeling.rankers.lgbm_ranker - INFO -   position_id: 190.00
2025-10-29 19:45:44,288 - src.modeling.rankers.lgbm_ranker - INFO -   min_distance: 174.00
2025-10-29 19:45:44,288 - src.modeling.rankers.lgbm_ranker - INFO -   density_window_0: 143.00
2025-10-29 19:45:44,288 - src.modeling.rankers.lgbm_ranker - INFO - ✓ Training completed in 85.26 seconds
2025-10-29 19:45:44,288 - src.modeling.rankers.lgbm_ranker - INFO - ✓ LGBMRanker training successful
2025-10-29 19:45:44,292 - src.modeling.rankers.lgbm_ranker - INFO - Predicting top-20 for 1 test events...
/usr/local/lib/python3.10/dist-packages/lightgbm/sklearn.py:861: UserWarning: Found 'ndcg_eval_at' in params. Will use it instead of 'eval_at' argument
  _log_warning(f"Found '{alias}' in params. Will use it instead of 'eval_at' argument")
2025-10-29 19:45:44,301 - src.modeling.rankers.lgbm_ranker - INFO - ✓ Predictions generated for 1 events

  Event Duration: 99.3s
  Parallel Exec:  99.3s
  Model Training Times:
    amplitude: train=85.3s, total=99.2s
    angle_encoding: train=77.0s, total=90.9s
    graph_cycle: train=83.6s, total=97.7s
    density_matrix: train=76.5s, total=90.3s
  Memory Peak: 1.59 GB
  Recalls: amplitude: 100%, angle_encoding: 100%, graph_cycle: 100%, density_matrix: 100%, ensemble: 100%
  [CHECKPOINT] Saved

================================================================================
Event 11560 (71/100)
================================================================================
2025-10-29 19:45:44,464 - src.imputation.base_imputer - INFO - Fitting density_matrix_optimized imputer on 11559 samples
2025-10-29 19:45:44,465 - src.imputation.base_imputer - INFO - Fitting graph_cycle_encoding imputer on 11559 samples
2025-10-29 19:45:44,465 - src.imputation.base_imputer - INFO - Fitting amplitude_embedding imputer on 11559 samples
2025-10-29 19:45:44,465 - src.imputation.base_imputer - INFO - Fitting angle_encoding imputer on 11559 samples
2025-10-29 19:45:44,467 - src.imputation.density_matrix - INFO - Density matrix uses fixed quantum mechanical construction (no learning from 11559 training samples)
2025-10-29 19:45:44,467 - src.imputation.base_imputer - INFO - density_matrix_optimized imputer fitted successfully
2025-10-29 19:45:44,467 - src.imputation.base_imputer - INFO - Transforming 11559 samples with density_matrix_optimized imputer
2025-10-29 19:45:44,468 - src.imputation.angle_encoding - INFO - Angle encoding uses fixed angular mapping (no learning from 11559 training samples)
2025-10-29 19:45:44,468 - src.imputation.base_imputer - INFO - angle_encoding imputer fitted successfully
2025-10-29 19:45:44,468 - src.imputation.base_imputer - INFO - Transforming 11559 samples with angle_encoding imputer
2025-10-29 19:45:44,468 - src.imputation.graph_cycle_encoding - INFO - Graph/Cycle encoding uses fixed DFT basis and geometric distances (no learning from 11559 training samples)
2025-10-29 19:45:44,468 - src.imputation.base_imputer - INFO - graph_cycle_encoding imputer fitted successfully
2025-10-29 19:45:44,468 - src.imputation.base_imputer - INFO - Transforming 11559 samples with graph_cycle_encoding imputer
2025-10-29 19:45:44,468 - src.imputation.amplitude_embedding - INFO - Learned position frequencies from 11559 samples. Normalization mode: uniform
2025-10-29 19:45:44,469 - src.imputation.base_imputer - INFO - amplitude_embedding imputer fitted successfully
2025-10-29 19:45:44,469 - src.imputation.base_imputer - INFO - Transforming 11559 samples with amplitude_embedding imputer
2025-10-29 19:45:52,235 - src.imputation.base_imputer - INFO - Transformation complete: output shape (11559, 322)
2025-10-29 19:45:52,235 - src.imputation.base_imputer - INFO - Transforming 1 samples with angle_encoding imputer
2025-10-29 19:45:52,237 - src.imputation.base_imputer - INFO - Transformation complete: output shape (1, 322)
2025-10-29 19:45:52,358 - src.imputation.base_imputer - INFO - Transformation complete: output shape (11559, 377)
2025-10-29 19:45:52,358 - src.imputation.base_imputer - INFO - Transforming 1 samples with amplitude_embedding imputer
2025-10-29 19:45:52,360 - src.imputation.base_imputer - INFO - Transformation complete: output shape (1, 377)
2025-10-29 19:45:52,850 - src.imputation.base_imputer - INFO - Transformation complete: output shape (11559, 259)
2025-10-29 19:45:52,850 - src.imputation.base_imputer - INFO - Transforming 1 samples with density_matrix_optimized imputer
2025-10-29 19:45:52,852 - src.imputation.base_imputer - INFO - Transformation complete: output shape (1, 259)
2025-10-29 19:45:53,163 - src.imputation.base_imputer - INFO - Transformation complete: output shape (11559, 277)
2025-10-29 19:45:53,163 - src.imputation.base_imputer - INFO - Transforming 1 samples with graph_cycle_encoding imputer
2025-10-29 19:45:53,165 - src.imputation.base_imputer - INFO - Transformation complete: output shape (1, 277)
2025-10-29 19:45:57,904 - src.modeling.rankers.lgbm_ranker - INFO - Training LGBMRanker on 11559 events...
2025-10-29 19:45:58,046 - src.modeling.rankers.lgbm_ranker - INFO - Computed position frequencies: 39 positions
2025-10-29 19:45:58,054 - src.modeling.rankers.lgbm_ranker - INFO - Training LGBMRanker on 11559 events...
2025-10-29 19:45:58,196 - src.modeling.rankers.lgbm_ranker - INFO - Computed position frequencies: 39 positions
2025-10-29 19:45:58,708 - src.modeling.rankers.lgbm_ranker - INFO - Training LGBMRanker on 11559 events...
2025-10-29 19:45:58,855 - src.modeling.rankers.lgbm_ranker - INFO - Computed position frequencies: 39 positions
2025-10-29 19:45:58,974 - src.modeling.rankers.lgbm_ranker - INFO - Training LGBMRanker on 11559 events...
2025-10-29 19:45:59,120 - src.modeling.rankers.lgbm_ranker - INFO - Computed position frequencies: 39 positions
2025-10-29 19:47:11,506 - src.modeling.rankers.lgbm_ranker - INFO - Transformed to ranking format: 450801 samples (11559 groups of 39 positions each)
2025-10-29 19:47:11,506 - src.modeling.rankers.lgbm_ranker - INFO - Training LightGBM model...
/usr/local/lib/python3.10/dist-packages/lightgbm/sklearn.py:861: UserWarning: Found 'ndcg_eval_at' in params. Will use it instead of 'eval_at' argument
  _log_warning(f"Found '{alias}' in params. Will use it instead of 'eval_at' argument")
2025-10-29 19:47:12,612 - src.modeling.rankers.lgbm_ranker - INFO - Top-5 most important features:
2025-10-29 19:47:12,612 - src.modeling.rankers.lgbm_ranker - INFO -   position_frequency: 320.00
2025-10-29 19:47:12,612 - src.modeling.rankers.lgbm_ranker - INFO -   aggregate_0: 291.00
2025-10-29 19:47:12,612 - src.modeling.rankers.lgbm_ranker - INFO -   position_id: 252.00
2025-10-29 19:47:12,612 - src.modeling.rankers.lgbm_ranker - INFO -   aggregate_1: 106.00
2025-10-29 19:47:12,612 - src.modeling.rankers.lgbm_ranker - INFO -   min_distance: 93.00
2025-10-29 19:47:12,612 - src.modeling.rankers.lgbm_ranker - INFO - ✓ Training completed in 74.71 seconds
2025-10-29 19:47:12,612 - src.modeling.rankers.lgbm_ranker - INFO - ✓ LGBMRanker training successful
2025-10-29 19:47:12,622 - src.modeling.rankers.lgbm_ranker - INFO - Predicting top-20 for 1 test events...
/usr/local/lib/python3.10/dist-packages/lightgbm/sklearn.py:861: UserWarning: Found 'ndcg_eval_at' in params. Will use it instead of 'eval_at' argument
  _log_warning(f"Found '{alias}' in params. Will use it instead of 'eval_at' argument")
2025-10-29 19:47:12,630 - src.modeling.rankers.lgbm_ranker - INFO - ✓ Predictions generated for 1 events
2025-10-29 19:47:16,152 - src.modeling.rankers.lgbm_ranker - INFO - Transformed to ranking format: 450801 samples (11559 groups of 39 positions each)
2025-10-29 19:47:16,152 - src.modeling.rankers.lgbm_ranker - INFO - Training LightGBM model...
/usr/local/lib/python3.10/dist-packages/lightgbm/sklearn.py:861: UserWarning: Found 'ndcg_eval_at' in params. Will use it instead of 'eval_at' argument
  _log_warning(f"Found '{alias}' in params. Will use it instead of 'eval_at' argument")
2025-10-29 19:47:17,817 - src.modeling.rankers.lgbm_ranker - INFO - Top-5 most important features:
2025-10-29 19:47:17,817 - src.modeling.rankers.lgbm_ranker - INFO -   position_frequency: 354.00
2025-10-29 19:47:17,817 - src.modeling.rankers.lgbm_ranker - INFO -   position_id: 351.00
2025-10-29 19:47:17,817 - src.modeling.rankers.lgbm_ranker - INFO -   tunneling: 290.00
2025-10-29 19:47:17,817 - src.modeling.rankers.lgbm_ranker - INFO -   min_distance: 222.00
2025-10-29 19:47:17,817 - src.modeling.rankers.lgbm_ranker - INFO -   density_window_0: 181.00
2025-10-29 19:47:17,817 - src.modeling.rankers.lgbm_ranker - INFO - ✓ Training completed in 79.11 seconds
2025-10-29 19:47:17,817 - src.modeling.rankers.lgbm_ranker - INFO - ✓ LGBMRanker training successful
2025-10-29 19:47:17,828 - src.modeling.rankers.lgbm_ranker - INFO - Predicting top-20 for 1 test events...
/usr/local/lib/python3.10/dist-packages/lightgbm/sklearn.py:861: UserWarning: Found 'ndcg_eval_at' in params. Will use it instead of 'eval_at' argument
  _log_warning(f"Found '{alias}' in params. Will use it instead of 'eval_at' argument")
2025-10-29 19:47:17,837 - src.modeling.rankers.lgbm_ranker - INFO - ✓ Predictions generated for 1 events
2025-10-29 19:47:19,689 - src.modeling.rankers.lgbm_ranker - INFO - Transformed to ranking format: 450801 samples (11559 groups of 39 positions each)
2025-10-29 19:47:19,689 - src.modeling.rankers.lgbm_ranker - INFO - Training LightGBM model...
/usr/local/lib/python3.10/dist-packages/lightgbm/sklearn.py:861: UserWarning: Found 'ndcg_eval_at' in params. Will use it instead of 'eval_at' argument
  _log_warning(f"Found '{alias}' in params. Will use it instead of 'eval_at' argument")
2025-10-29 19:47:20,695 - src.modeling.rankers.lgbm_ranker - INFO - Top-5 most important features:
2025-10-29 19:47:20,696 - src.modeling.rankers.lgbm_ranker - INFO -   position_frequency: 295.00
2025-10-29 19:47:20,696 - src.modeling.rankers.lgbm_ranker - INFO -   position_id: 271.00
2025-10-29 19:47:20,696 - src.modeling.rankers.lgbm_ranker - INFO -   min_distance: 231.00
2025-10-29 19:47:20,696 - src.modeling.rankers.lgbm_ranker - INFO -   tunneling: 204.00
2025-10-29 19:47:20,696 - src.modeling.rankers.lgbm_ranker - INFO -   density_window_0: 109.00
2025-10-29 19:47:20,696 - src.modeling.rankers.lgbm_ranker - INFO - ✓ Training completed in 82.64 seconds
2025-10-29 19:47:20,696 - src.modeling.rankers.lgbm_ranker - INFO - ✓ LGBMRanker training successful
2025-10-29 19:47:20,701 - src.modeling.rankers.lgbm_ranker - INFO - Predicting top-20 for 1 test events...
/usr/local/lib/python3.10/dist-packages/lightgbm/sklearn.py:861: UserWarning: Found 'ndcg_eval_at' in params. Will use it instead of 'eval_at' argument
  _log_warning(f"Found '{alias}' in params. Will use it instead of 'eval_at' argument")
2025-10-29 19:47:20,710 - src.modeling.rankers.lgbm_ranker - INFO - ✓ Predictions generated for 1 events
2025-10-29 19:47:21,997 - src.modeling.rankers.lgbm_ranker - INFO - Transformed to ranking format: 450801 samples (11559 groups of 39 positions each)
2025-10-29 19:47:21,997 - src.modeling.rankers.lgbm_ranker - INFO - Training LightGBM model...
/usr/local/lib/python3.10/dist-packages/lightgbm/sklearn.py:861: UserWarning: Found 'ndcg_eval_at' in params. Will use it instead of 'eval_at' argument
  _log_warning(f"Found '{alias}' in params. Will use it instead of 'eval_at' argument")
2025-10-29 19:47:25,009 - src.modeling.rankers.lgbm_ranker - INFO - Top-5 most important features:
2025-10-29 19:47:25,009 - src.modeling.rankers.lgbm_ranker - INFO -   tunneling: 391.00
2025-10-29 19:47:25,009 - src.modeling.rankers.lgbm_ranker - INFO -   min_distance: 255.00
2025-10-29 19:47:25,009 - src.modeling.rankers.lgbm_ranker - INFO -   position_id: 242.00
2025-10-29 19:47:25,009 - src.modeling.rankers.lgbm_ranker - INFO -   density_window_0: 192.00
2025-10-29 19:47:25,009 - src.modeling.rankers.lgbm_ranker - INFO -   dft_45: 186.00
2025-10-29 19:47:25,009 - src.modeling.rankers.lgbm_ranker - INFO - ✓ Training completed in 86.04 seconds
2025-10-29 19:47:25,009 - src.modeling.rankers.lgbm_ranker - INFO - ✓ LGBMRanker training successful
2025-10-29 19:47:25,060 - src.modeling.rankers.lgbm_ranker - INFO - Predicting top-20 for 1 test events...
/usr/local/lib/python3.10/dist-packages/lightgbm/sklearn.py:861: UserWarning: Found 'ndcg_eval_at' in params. Will use it instead of 'eval_at' argument
  _log_warning(f"Found '{alias}' in params. Will use it instead of 'eval_at' argument")
2025-10-29 19:47:25,069 - src.modeling.rankers.lgbm_ranker - INFO - ✓ Predictions generated for 1 events

  Event Duration: 100.8s
  Parallel Exec:  100.8s
  Model Training Times:
    amplitude: train=82.6s, total=96.3s
    angle_encoding: train=74.7s, total=88.2s
    graph_cycle: train=86.1s, total=100.6s
    density_matrix: train=79.1s, total=93.4s
  Memory Peak: 1.59 GB
  Recalls: amplitude: 100%, angle_encoding: 100%, graph_cycle: 100%, density_matrix: 100%, ensemble: 100%
  [CHECKPOINT] Saved

================================================================================
Event 11561 (72/100)
================================================================================
2025-10-29 19:47:25,259 - src.imputation.base_imputer - INFO - Fitting amplitude_embedding imputer on 11560 samples
2025-10-29 19:47:25,260 - src.imputation.base_imputer - INFO - Fitting graph_cycle_encoding imputer on 11560 samples
2025-10-29 19:47:25,260 - src.imputation.base_imputer - INFO - Fitting density_matrix_optimized imputer on 11560 samples
2025-10-29 19:47:25,260 - src.imputation.base_imputer - INFO - Fitting angle_encoding imputer on 11560 samples
2025-10-29 19:47:25,263 - src.imputation.amplitude_embedding - INFO - Learned position frequencies from 11560 samples. Normalization mode: uniform
2025-10-29 19:47:25,263 - src.imputation.base_imputer - INFO - amplitude_embedding imputer fitted successfully
2025-10-29 19:47:25,263 - src.imputation.base_imputer - INFO - Transforming 11560 samples with amplitude_embedding imputer
2025-10-29 19:47:25,263 - src.imputation.density_matrix - INFO - Density matrix uses fixed quantum mechanical construction (no learning from 11560 training samples)
2025-10-29 19:47:25,263 - src.imputation.graph_cycle_encoding - INFO - Graph/Cycle encoding uses fixed DFT basis and geometric distances (no learning from 11560 training samples)
2025-10-29 19:47:25,264 - src.imputation.base_imputer - INFO - density_matrix_optimized imputer fitted successfully
2025-10-29 19:47:25,264 - src.imputation.base_imputer - INFO - graph_cycle_encoding imputer fitted successfully
2025-10-29 19:47:25,264 - src.imputation.base_imputer - INFO - Transforming 11560 samples with density_matrix_optimized imputer
2025-10-29 19:47:25,264 - src.imputation.base_imputer - INFO - Transforming 11560 samples with graph_cycle_encoding imputer
2025-10-29 19:47:25,264 - src.imputation.angle_encoding - INFO - Angle encoding uses fixed angular mapping (no learning from 11560 training samples)
2025-10-29 19:47:25,264 - src.imputation.base_imputer - INFO - angle_encoding imputer fitted successfully
2025-10-29 19:47:25,264 - src.imputation.base_imputer - INFO - Transforming 11560 samples with angle_encoding imputer
2025-10-29 19:47:33,089 - src.imputation.base_imputer - INFO - Transformation complete: output shape (11560, 322)
2025-10-29 19:47:33,089 - src.imputation.base_imputer - INFO - Transforming 1 samples with angle_encoding imputer
2025-10-29 19:47:33,091 - src.imputation.base_imputer - INFO - Transformation complete: output shape (1, 322)
2025-10-29 19:47:33,294 - src.imputation.base_imputer - INFO - Transformation complete: output shape (11560, 377)
2025-10-29 19:47:33,294 - src.imputation.base_imputer - INFO - Transforming 1 samples with amplitude_embedding imputer
2025-10-29 19:47:33,296 - src.imputation.base_imputer - INFO - Transformation complete: output shape (1, 377)
2025-10-29 19:47:33,528 - src.imputation.base_imputer - INFO - Transformation complete: output shape (11560, 259)
2025-10-29 19:47:33,528 - src.imputation.base_imputer - INFO - Transforming 1 samples with density_matrix_optimized imputer
2025-10-29 19:47:33,530 - src.imputation.base_imputer - INFO - Transformation complete: output shape (1, 259)
2025-10-29 19:47:33,775 - src.imputation.base_imputer - INFO - Transformation complete: output shape (11560, 277)
2025-10-29 19:47:33,775 - src.imputation.base_imputer - INFO - Transforming 1 samples with graph_cycle_encoding imputer
2025-10-29 19:47:33,777 - src.imputation.base_imputer - INFO - Transformation complete: output shape (1, 277)
2025-10-29 19:47:38,774 - src.modeling.rankers.lgbm_ranker - INFO - Training LGBMRanker on 11560 events...
2025-10-29 19:47:38,916 - src.modeling.rankers.lgbm_ranker - INFO - Computed position frequencies: 39 positions
2025-10-29 19:47:39,198 - src.modeling.rankers.lgbm_ranker - INFO - Training LGBMRanker on 11560 events...
2025-10-29 19:47:39,346 - src.modeling.rankers.lgbm_ranker - INFO - Computed position frequencies: 39 positions
2025-10-29 19:47:39,422 - src.modeling.rankers.lgbm_ranker - INFO - Training LGBMRanker on 11560 events...
2025-10-29 19:47:39,448 - src.modeling.rankers.lgbm_ranker - INFO - Training LGBMRanker on 11560 events...
2025-10-29 19:47:39,563 - src.modeling.rankers.lgbm_ranker - INFO - Computed position frequencies: 39 positions
2025-10-29 19:47:39,596 - src.modeling.rankers.lgbm_ranker - INFO - Computed position frequencies: 39 positions
2025-10-29 19:48:51,556 - src.modeling.rankers.lgbm_ranker - INFO - Transformed to ranking format: 450840 samples (11560 groups of 39 positions each)
2025-10-29 19:48:51,557 - src.modeling.rankers.lgbm_ranker - INFO - Training LightGBM model...
/usr/local/lib/python3.10/dist-packages/lightgbm/sklearn.py:861: UserWarning: Found 'ndcg_eval_at' in params. Will use it instead of 'eval_at' argument
  _log_warning(f"Found '{alias}' in params. Will use it instead of 'eval_at' argument")
2025-10-29 19:48:52,661 - src.modeling.rankers.lgbm_ranker - INFO - Top-5 most important features:
2025-10-29 19:48:52,661 - src.modeling.rankers.lgbm_ranker - INFO -   aggregate_0: 330.00
2025-10-29 19:48:52,661 - src.modeling.rankers.lgbm_ranker - INFO -   position_frequency: 253.00
2025-10-29 19:48:52,661 - src.modeling.rankers.lgbm_ranker - INFO -   position_id: 151.00
2025-10-29 19:48:52,661 - src.modeling.rankers.lgbm_ranker - INFO -   aggregate_1: 109.00
2025-10-29 19:48:52,661 - src.modeling.rankers.lgbm_ranker - INFO -   angle: 81.00
2025-10-29 19:48:52,661 - src.modeling.rankers.lgbm_ranker - INFO - ✓ Training completed in 73.89 seconds
2025-10-29 19:48:52,661 - src.modeling.rankers.lgbm_ranker - INFO - ✓ LGBMRanker training successful
2025-10-29 19:48:52,665 - src.modeling.rankers.lgbm_ranker - INFO - Predicting top-20 for 1 test events...
/usr/local/lib/python3.10/dist-packages/lightgbm/sklearn.py:861: UserWarning: Found 'ndcg_eval_at' in params. Will use it instead of 'eval_at' argument
  _log_warning(f"Found '{alias}' in params. Will use it instead of 'eval_at' argument")
2025-10-29 19:48:52,672 - src.modeling.rankers.lgbm_ranker - INFO - ✓ Predictions generated for 1 events
2025-10-29 19:48:56,382 - src.modeling.rankers.lgbm_ranker - INFO - Transformed to ranking format: 450840 samples (11560 groups of 39 positions each)
2025-10-29 19:48:56,382 - src.modeling.rankers.lgbm_ranker - INFO - Training LightGBM model...
/usr/local/lib/python3.10/dist-packages/lightgbm/sklearn.py:861: UserWarning: Found 'ndcg_eval_at' in params. Will use it instead of 'eval_at' argument
  _log_warning(f"Found '{alias}' in params. Will use it instead of 'eval_at' argument")
2025-10-29 19:48:58,053 - src.modeling.rankers.lgbm_ranker - INFO - Top-5 most important features:
2025-10-29 19:48:58,053 - src.modeling.rankers.lgbm_ranker - INFO -   position_id: 402.00
2025-10-29 19:48:58,053 - src.modeling.rankers.lgbm_ranker - INFO -   tunneling: 355.00
2025-10-29 19:48:58,053 - src.modeling.rankers.lgbm_ranker - INFO -   position_frequency: 278.00
2025-10-29 19:48:58,053 - src.modeling.rankers.lgbm_ranker - INFO -   min_distance: 236.00
2025-10-29 19:48:58,053 - src.modeling.rankers.lgbm_ranker - INFO -   density_window_0: 184.00
2025-10-29 19:48:58,053 - src.modeling.rankers.lgbm_ranker - INFO - ✓ Training completed in 78.60 seconds
2025-10-29 19:48:58,053 - src.modeling.rankers.lgbm_ranker - INFO - ✓ LGBMRanker training successful
2025-10-29 19:48:58,074 - src.modeling.rankers.lgbm_ranker - INFO - Predicting top-20 for 1 test events...
/usr/local/lib/python3.10/dist-packages/lightgbm/sklearn.py:861: UserWarning: Found 'ndcg_eval_at' in params. Will use it instead of 'eval_at' argument
  _log_warning(f"Found '{alias}' in params. Will use it instead of 'eval_at' argument")
2025-10-29 19:48:58,083 - src.modeling.rankers.lgbm_ranker - INFO - ✓ Predictions generated for 1 events
2025-10-29 19:48:59,032 - src.modeling.rankers.lgbm_ranker - INFO - Transformed to ranking format: 450840 samples (11560 groups of 39 positions each)
2025-10-29 19:48:59,032 - src.modeling.rankers.lgbm_ranker - INFO - Training LightGBM model...
/usr/local/lib/python3.10/dist-packages/lightgbm/sklearn.py:861: UserWarning: Found 'ndcg_eval_at' in params. Will use it instead of 'eval_at' argument
  _log_warning(f"Found '{alias}' in params. Will use it instead of 'eval_at' argument")
2025-10-29 19:49:02,068 - src.modeling.rankers.lgbm_ranker - INFO - Top-5 most important features:
2025-10-29 19:49:02,069 - src.modeling.rankers.lgbm_ranker - INFO -   tunneling: 386.00
2025-10-29 19:49:02,069 - src.modeling.rankers.lgbm_ranker - INFO -   position_id: 299.00
2025-10-29 19:49:02,069 - src.modeling.rankers.lgbm_ranker - INFO -   min_distance: 233.00
2025-10-29 19:49:02,069 - src.modeling.rankers.lgbm_ranker - INFO -   density_window_0: 191.00
2025-10-29 19:49:02,069 - src.modeling.rankers.lgbm_ranker - INFO -   dft_45: 179.00
2025-10-29 19:49:02,069 - src.modeling.rankers.lgbm_ranker - INFO - ✓ Training completed in 82.65 seconds
2025-10-29 19:49:02,069 - src.modeling.rankers.lgbm_ranker - INFO - ✓ LGBMRanker training successful
2025-10-29 19:49:02,118 - src.modeling.rankers.lgbm_ranker - INFO - Predicting top-20 for 1 test events...
/usr/local/lib/python3.10/dist-packages/lightgbm/sklearn.py:861: UserWarning: Found 'ndcg_eval_at' in params. Will use it instead of 'eval_at' argument
  _log_warning(f"Found '{alias}' in params. Will use it instead of 'eval_at' argument")
2025-10-29 19:49:02,126 - src.modeling.rankers.lgbm_ranker - INFO - ✓ Predictions generated for 1 events
2025-10-29 19:49:02,193 - src.modeling.rankers.lgbm_ranker - INFO - Transformed to ranking format: 450840 samples (11560 groups of 39 positions each)
2025-10-29 19:49:02,194 - src.modeling.rankers.lgbm_ranker - INFO - Training LightGBM model...
/usr/local/lib/python3.10/dist-packages/lightgbm/sklearn.py:861: UserWarning: Found 'ndcg_eval_at' in params. Will use it instead of 'eval_at' argument
  _log_warning(f"Found '{alias}' in params. Will use it instead of 'eval_at' argument")
2025-10-29 19:49:03,222 - src.modeling.rankers.lgbm_ranker - INFO - Top-5 most important features:
2025-10-29 19:49:03,222 - src.modeling.rankers.lgbm_ranker - INFO -   position_frequency: 292.00
2025-10-29 19:49:03,222 - src.modeling.rankers.lgbm_ranker - INFO -   tunneling: 278.00
2025-10-29 19:49:03,222 - src.modeling.rankers.lgbm_ranker - INFO -   min_distance: 237.00
2025-10-29 19:49:03,222 - src.modeling.rankers.lgbm_ranker - INFO -   density_window_0: 160.00
2025-10-29 19:49:03,222 - src.modeling.rankers.lgbm_ranker - INFO -   position_id: 152.00
2025-10-29 19:49:03,222 - src.modeling.rankers.lgbm_ranker - INFO - ✓ Training completed in 84.02 seconds
2025-10-29 19:49:03,222 - src.modeling.rankers.lgbm_ranker - INFO - ✓ LGBMRanker training successful
2025-10-29 19:49:03,226 - src.modeling.rankers.lgbm_ranker - INFO - Predicting top-20 for 1 test events...
/usr/local/lib/python3.10/dist-packages/lightgbm/sklearn.py:861: UserWarning: Found 'ndcg_eval_at' in params. Will use it instead of 'eval_at' argument
  _log_warning(f"Found '{alias}' in params. Will use it instead of 'eval_at' argument")
2025-10-29 19:49:03,234 - src.modeling.rankers.lgbm_ranker - INFO - ✓ Predictions generated for 1 events

  Event Duration: 98.1s
  Parallel Exec:  98.1s
  Model Training Times:
    amplitude: train=84.0s, total=98.0s
    angle_encoding: train=73.9s, total=87.4s
    graph_cycle: train=82.7s, total=96.9s
    density_matrix: train=78.6s, total=92.8s
  Memory Peak: 1.59 GB
  Recalls: amplitude: 100%, angle_encoding: 100%, graph_cycle: 100%, density_matrix: 100%, ensemble: 100%
  [CHECKPOINT] Saved

================================================================================
Event 11562 (73/100)
================================================================================
2025-10-29 19:49:03,396 - src.imputation.base_imputer - INFO - Fitting amplitude_embedding imputer on 11561 samples
2025-10-29 19:49:03,396 - src.imputation.base_imputer - INFO - Fitting graph_cycle_encoding imputer on 11561 samples
2025-10-29 19:49:03,396 - src.imputation.base_imputer - INFO - Fitting angle_encoding imputer on 11561 samples
2025-10-29 19:49:03,397 - src.imputation.base_imputer - INFO - Fitting density_matrix_optimized imputer on 11561 samples
2025-10-29 19:49:03,400 - src.imputation.graph_cycle_encoding - INFO - Graph/Cycle encoding uses fixed DFT basis and geometric distances (no learning from 11561 training samples)
2025-10-29 19:49:03,400 - src.imputation.angle_encoding - INFO - Angle encoding uses fixed angular mapping (no learning from 11561 training samples)
2025-10-29 19:49:03,400 - src.imputation.density_matrix - INFO - Density matrix uses fixed quantum mechanical construction (no learning from 11561 training samples)
2025-10-29 19:49:03,400 - src.imputation.base_imputer - INFO - graph_cycle_encoding imputer fitted successfully
2025-10-29 19:49:03,400 - src.imputation.base_imputer - INFO - angle_encoding imputer fitted successfully
2025-10-29 19:49:03,400 - src.imputation.base_imputer - INFO - density_matrix_optimized imputer fitted successfully
2025-10-29 19:49:03,400 - src.imputation.base_imputer - INFO - Transforming 11561 samples with graph_cycle_encoding imputer
2025-10-29 19:49:03,400 - src.imputation.base_imputer - INFO - Transforming 11561 samples with angle_encoding imputer
2025-10-29 19:49:03,400 - src.imputation.amplitude_embedding - INFO - Learned position frequencies from 11561 samples. Normalization mode: uniform
2025-10-29 19:49:03,400 - src.imputation.base_imputer - INFO - Transforming 11561 samples with density_matrix_optimized imputer
2025-10-29 19:49:03,400 - src.imputation.base_imputer - INFO - amplitude_embedding imputer fitted successfully
2025-10-29 19:49:03,400 - src.imputation.base_imputer - INFO - Transforming 11561 samples with amplitude_embedding imputer
2025-10-29 19:49:11,248 - src.imputation.base_imputer - INFO - Transformation complete: output shape (11561, 322)
2025-10-29 19:49:11,249 - src.imputation.base_imputer - INFO - Transforming 1 samples with angle_encoding imputer
2025-10-29 19:49:11,251 - src.imputation.base_imputer - INFO - Transformation complete: output shape (1, 322)
2025-10-29 19:49:11,384 - src.imputation.base_imputer - INFO - Transformation complete: output shape (11561, 377)
2025-10-29 19:49:11,384 - src.imputation.base_imputer - INFO - Transforming 1 samples with amplitude_embedding imputer
2025-10-29 19:49:11,387 - src.imputation.base_imputer - INFO - Transformation complete: output shape (1, 377)
2025-10-29 19:49:11,479 - src.imputation.base_imputer - INFO - Transformation complete: output shape (11561, 259)
2025-10-29 19:49:11,479 - src.imputation.base_imputer - INFO - Transforming 1 samples with density_matrix_optimized imputer
2025-10-29 19:49:11,481 - src.imputation.base_imputer - INFO - Transformation complete: output shape (1, 259)
2025-10-29 19:49:11,808 - src.imputation.base_imputer - INFO - Transformation complete: output shape (11561, 277)
2025-10-29 19:49:11,808 - src.imputation.base_imputer - INFO - Transforming 1 samples with graph_cycle_encoding imputer
2025-10-29 19:49:11,810 - src.imputation.base_imputer - INFO - Transformation complete: output shape (1, 277)
2025-10-29 19:49:17,088 - src.modeling.rankers.lgbm_ranker - INFO - Training LGBMRanker on 11561 events...
2025-10-29 19:49:17,172 - src.modeling.rankers.lgbm_ranker - INFO - Training LGBMRanker on 11561 events...
2025-10-29 19:49:17,187 - src.modeling.rankers.lgbm_ranker - INFO - Training LGBMRanker on 11561 events...
2025-10-29 19:49:17,262 - src.modeling.rankers.lgbm_ranker - INFO - Computed position frequencies: 39 positions
2025-10-29 19:49:17,350 - src.modeling.rankers.lgbm_ranker - INFO - Computed position frequencies: 39 positions
2025-10-29 19:49:17,361 - src.modeling.rankers.lgbm_ranker - INFO - Computed position frequencies: 39 positions
2025-10-29 19:49:17,454 - src.modeling.rankers.lgbm_ranker - INFO - Training LGBMRanker on 11561 events...
2025-10-29 19:49:17,624 - src.modeling.rankers.lgbm_ranker - INFO - Computed position frequencies: 39 positions
2025-10-29 19:50:31,049 - src.modeling.rankers.lgbm_ranker - INFO - Transformed to ranking format: 450879 samples (11561 groups of 39 positions each)
2025-10-29 19:50:31,049 - src.modeling.rankers.lgbm_ranker - INFO - Training LightGBM model...
/usr/local/lib/python3.10/dist-packages/lightgbm/sklearn.py:861: UserWarning: Found 'ndcg_eval_at' in params. Will use it instead of 'eval_at' argument
  _log_warning(f"Found '{alias}' in params. Will use it instead of 'eval_at' argument")
2025-10-29 19:50:31,578 - src.modeling.rankers.lgbm_ranker - INFO - Transformed to ranking format: 450879 samples (11561 groups of 39 positions each)
2025-10-29 19:50:31,578 - src.modeling.rankers.lgbm_ranker - INFO - Training LightGBM model...
/usr/local/lib/python3.10/dist-packages/lightgbm/sklearn.py:861: UserWarning: Found 'ndcg_eval_at' in params. Will use it instead of 'eval_at' argument
  _log_warning(f"Found '{alias}' in params. Will use it instead of 'eval_at' argument")
2025-10-29 19:50:32,724 - src.modeling.rankers.lgbm_ranker - INFO - Top-5 most important features:
2025-10-29 19:50:32,724 - src.modeling.rankers.lgbm_ranker - INFO -   position_id: 391.00
2025-10-29 19:50:32,724 - src.modeling.rankers.lgbm_ranker - INFO -   position_frequency: 373.00
2025-10-29 19:50:32,724 - src.modeling.rankers.lgbm_ranker - INFO -   tunneling: 296.00
2025-10-29 19:50:32,724 - src.modeling.rankers.lgbm_ranker - INFO -   min_distance: 219.00
2025-10-29 19:50:32,724 - src.modeling.rankers.lgbm_ranker - INFO -   density_window_0: 179.00
2025-10-29 19:50:32,724 - src.modeling.rankers.lgbm_ranker - INFO - ✓ Training completed in 75.54 seconds
2025-10-29 19:50:32,724 - src.modeling.rankers.lgbm_ranker - INFO - ✓ LGBMRanker training successful
2025-10-29 19:50:32,745 - src.modeling.rankers.lgbm_ranker - INFO - Predicting top-20 for 1 test events...
/usr/local/lib/python3.10/dist-packages/lightgbm/sklearn.py:861: UserWarning: Found 'ndcg_eval_at' in params. Will use it instead of 'eval_at' argument
  _log_warning(f"Found '{alias}' in params. Will use it instead of 'eval_at' argument")
2025-10-29 19:50:32,753 - src.modeling.rankers.lgbm_ranker - INFO - ✓ Predictions generated for 1 events
2025-10-29 19:50:32,756 - src.modeling.rankers.lgbm_ranker - INFO - Top-5 most important features:
2025-10-29 19:50:32,756 - src.modeling.rankers.lgbm_ranker - INFO -   aggregate_0: 364.00
2025-10-29 19:50:32,756 - src.modeling.rankers.lgbm_ranker - INFO -   position_frequency: 305.00
2025-10-29 19:50:32,756 - src.modeling.rankers.lgbm_ranker - INFO -   position_id: 239.00
2025-10-29 19:50:32,757 - src.modeling.rankers.lgbm_ranker - INFO -   density_window_0: 84.00
2025-10-29 19:50:32,757 - src.modeling.rankers.lgbm_ranker - INFO -   angle: 81.00
2025-10-29 19:50:32,757 - src.modeling.rankers.lgbm_ranker - INFO - ✓ Training completed in 75.67 seconds
2025-10-29 19:50:32,757 - src.modeling.rankers.lgbm_ranker - INFO - ✓ LGBMRanker training successful
2025-10-29 19:50:32,768 - src.modeling.rankers.lgbm_ranker - INFO - Predicting top-20 for 1 test events...
/usr/local/lib/python3.10/dist-packages/lightgbm/sklearn.py:861: UserWarning: Found 'ndcg_eval_at' in params. Will use it instead of 'eval_at' argument
  _log_warning(f"Found '{alias}' in params. Will use it instead of 'eval_at' argument")
2025-10-29 19:50:32,776 - src.modeling.rankers.lgbm_ranker - INFO - ✓ Predictions generated for 1 events
2025-10-29 19:50:37,556 - src.modeling.rankers.lgbm_ranker - INFO - Transformed to ranking format: 450879 samples (11561 groups of 39 positions each)
2025-10-29 19:50:37,556 - src.modeling.rankers.lgbm_ranker - INFO - Training LightGBM model...
/usr/local/lib/python3.10/dist-packages/lightgbm/sklearn.py:861: UserWarning: Found 'ndcg_eval_at' in params. Will use it instead of 'eval_at' argument
  _log_warning(f"Found '{alias}' in params. Will use it instead of 'eval_at' argument")
2025-10-29 19:50:39,235 - src.modeling.rankers.lgbm_ranker - INFO - Transformed to ranking format: 450879 samples (11561 groups of 39 positions each)
2025-10-29 19:50:39,235 - src.modeling.rankers.lgbm_ranker - INFO - Training LightGBM model...
/usr/local/lib/python3.10/dist-packages/lightgbm/sklearn.py:861: UserWarning: Found 'ndcg_eval_at' in params. Will use it instead of 'eval_at' argument
  _log_warning(f"Found '{alias}' in params. Will use it instead of 'eval_at' argument")
2025-10-29 19:50:40,267 - src.modeling.rankers.lgbm_ranker - INFO - Top-5 most important features:
2025-10-29 19:50:40,267 - src.modeling.rankers.lgbm_ranker - INFO -   position_frequency: 315.00
2025-10-29 19:50:40,267 - src.modeling.rankers.lgbm_ranker - INFO -   min_distance: 286.00
2025-10-29 19:50:40,267 - src.modeling.rankers.lgbm_ranker - INFO -   tunneling: 234.00
2025-10-29 19:50:40,268 - src.modeling.rankers.lgbm_ranker - INFO -   position_id: 191.00
2025-10-29 19:50:40,268 - src.modeling.rankers.lgbm_ranker - INFO -   density_window_0: 139.00
2025-10-29 19:50:40,268 - src.modeling.rankers.lgbm_ranker - INFO - ✓ Training completed in 83.10 seconds
2025-10-29 19:50:40,268 - src.modeling.rankers.lgbm_ranker - INFO - ✓ LGBMRanker training successful
2025-10-29 19:50:40,272 - src.modeling.rankers.lgbm_ranker - INFO - Predicting top-20 for 1 test events...
/usr/local/lib/python3.10/dist-packages/lightgbm/sklearn.py:861: UserWarning: Found 'ndcg_eval_at' in params. Will use it instead of 'eval_at' argument
  _log_warning(f"Found '{alias}' in params. Will use it instead of 'eval_at' argument")
2025-10-29 19:50:40,281 - src.modeling.rankers.lgbm_ranker - INFO - ✓ Predictions generated for 1 events
2025-10-29 19:50:40,549 - src.modeling.rankers.lgbm_ranker - INFO - Top-5 most important features:
2025-10-29 19:50:40,549 - src.modeling.rankers.lgbm_ranker - INFO -   tunneling: 451.00
2025-10-29 19:50:40,549 - src.modeling.rankers.lgbm_ranker - INFO -   position_id: 255.00
2025-10-29 19:50:40,549 - src.modeling.rankers.lgbm_ranker - INFO -   min_distance: 239.00
2025-10-29 19:50:40,549 - src.modeling.rankers.lgbm_ranker - INFO -   dft_45: 211.00
2025-10-29 19:50:40,549 - src.modeling.rankers.lgbm_ranker - INFO -   density_window_0: 207.00
2025-10-29 19:50:40,549 - src.modeling.rankers.lgbm_ranker - INFO - ✓ Training completed in 83.10 seconds
2025-10-29 19:50:40,549 - src.modeling.rankers.lgbm_ranker - INFO - ✓ LGBMRanker training successful
2025-10-29 19:50:40,598 - src.modeling.rankers.lgbm_ranker - INFO - Predicting top-20 for 1 test events...
/usr/local/lib/python3.10/dist-packages/lightgbm/sklearn.py:861: UserWarning: Found 'ndcg_eval_at' in params. Will use it instead of 'eval_at' argument
  _log_warning(f"Found '{alias}' in params. Will use it instead of 'eval_at' argument")
2025-10-29 19:50:40,607 - src.modeling.rankers.lgbm_ranker - INFO - ✓ Predictions generated for 1 events

  Event Duration: 97.4s
  Parallel Exec:  97.4s
  Model Training Times:
    amplitude: train=83.1s, total=96.9s
    angle_encoding: train=75.7s, total=89.4s
    graph_cycle: train=83.1s, total=97.2s
    density_matrix: train=75.6s, total=89.4s
  Memory Peak: 1.59 GB
  Recalls: amplitude: 100%, angle_encoding: 100%, graph_cycle: 100%, density_matrix: 100%, ensemble: 100%
  [CHECKPOINT] Saved

================================================================================
Event 11563 (74/100)
================================================================================
2025-10-29 19:50:40,798 - src.imputation.base_imputer - INFO - Fitting density_matrix_optimized imputer on 11562 samples
2025-10-29 19:50:40,798 - src.imputation.base_imputer - INFO - Fitting angle_encoding imputer on 11562 samples
2025-10-29 19:50:40,798 - src.imputation.base_imputer - INFO - Fitting graph_cycle_encoding imputer on 11562 samples
2025-10-29 19:50:40,798 - src.imputation.base_imputer - INFO - Fitting amplitude_embedding imputer on 11562 samples
2025-10-29 19:50:40,801 - src.imputation.density_matrix - INFO - Density matrix uses fixed quantum mechanical construction (no learning from 11562 training samples)
2025-10-29 19:50:40,801 - src.imputation.base_imputer - INFO - density_matrix_optimized imputer fitted successfully
2025-10-29 19:50:40,801 - src.imputation.base_imputer - INFO - Transforming 11562 samples with density_matrix_optimized imputer
2025-10-29 19:50:40,801 - src.imputation.angle_encoding - INFO - Angle encoding uses fixed angular mapping (no learning from 11562 training samples)
2025-10-29 19:50:40,801 - src.imputation.base_imputer - INFO - angle_encoding imputer fitted successfully
2025-10-29 19:50:40,801 - src.imputation.graph_cycle_encoding - INFO - Graph/Cycle encoding uses fixed DFT basis and geometric distances (no learning from 11562 training samples)
2025-10-29 19:50:40,801 - src.imputation.base_imputer - INFO - Transforming 11562 samples with angle_encoding imputer
2025-10-29 19:50:40,801 - src.imputation.base_imputer - INFO - graph_cycle_encoding imputer fitted successfully
2025-10-29 19:50:40,801 - src.imputation.base_imputer - INFO - Transforming 11562 samples with graph_cycle_encoding imputer
2025-10-29 19:50:40,802 - src.imputation.amplitude_embedding - INFO - Learned position frequencies from 11562 samples. Normalization mode: uniform
2025-10-29 19:50:40,802 - src.imputation.base_imputer - INFO - amplitude_embedding imputer fitted successfully
2025-10-29 19:50:40,802 - src.imputation.base_imputer - INFO - Transforming 11562 samples with amplitude_embedding imputer
2025-10-29 19:50:48,451 - src.imputation.base_imputer - INFO - Transformation complete: output shape (11562, 322)
2025-10-29 19:50:48,451 - src.imputation.base_imputer - INFO - Transforming 1 samples with angle_encoding imputer
2025-10-29 19:50:48,453 - src.imputation.base_imputer - INFO - Transformation complete: output shape (1, 322)
2025-10-29 19:50:48,791 - src.imputation.base_imputer - INFO - Transformation complete: output shape (11562, 377)
2025-10-29 19:50:48,792 - src.imputation.base_imputer - INFO - Transforming 1 samples with amplitude_embedding imputer
2025-10-29 19:50:48,794 - src.imputation.base_imputer - INFO - Transformation complete: output shape (1, 377)
2025-10-29 19:50:48,869 - src.imputation.base_imputer - INFO - Transformation complete: output shape (11562, 259)
2025-10-29 19:50:48,869 - src.imputation.base_imputer - INFO - Transforming 1 samples with density_matrix_optimized imputer
2025-10-29 19:50:48,871 - src.imputation.base_imputer - INFO - Transformation complete: output shape (1, 259)
2025-10-29 19:50:49,404 - src.imputation.base_imputer - INFO - Transformation complete: output shape (11562, 277)
2025-10-29 19:50:49,404 - src.imputation.base_imputer - INFO - Transforming 1 samples with graph_cycle_encoding imputer
2025-10-29 19:50:49,406 - src.imputation.base_imputer - INFO - Transformation complete: output shape (1, 277)
2025-10-29 19:50:54,071 - src.modeling.rankers.lgbm_ranker - INFO - Training LGBMRanker on 11562 events...
2025-10-29 19:50:54,239 - src.modeling.rankers.lgbm_ranker - INFO - Computed position frequencies: 39 positions
2025-10-29 19:50:54,470 - src.modeling.rankers.lgbm_ranker - INFO - Training LGBMRanker on 11562 events...
2025-10-29 19:50:54,642 - src.modeling.rankers.lgbm_ranker - INFO - Computed position frequencies: 39 positions
2025-10-29 19:50:54,690 - src.modeling.rankers.lgbm_ranker - INFO - Training LGBMRanker on 11562 events...
2025-10-29 19:50:54,865 - src.modeling.rankers.lgbm_ranker - INFO - Computed position frequencies: 39 positions
2025-10-29 19:50:55,177 - src.modeling.rankers.lgbm_ranker - INFO - Training LGBMRanker on 11562 events...
2025-10-29 19:50:55,352 - src.modeling.rankers.lgbm_ranker - INFO - Computed position frequencies: 39 positions
2025-10-29 19:52:06,244 - src.modeling.rankers.lgbm_ranker - INFO - Transformed to ranking format: 450918 samples (11562 groups of 39 positions each)
2025-10-29 19:52:06,244 - src.modeling.rankers.lgbm_ranker - INFO - Training LightGBM model...
/usr/local/lib/python3.10/dist-packages/lightgbm/sklearn.py:861: UserWarning: Found 'ndcg_eval_at' in params. Will use it instead of 'eval_at' argument
  _log_warning(f"Found '{alias}' in params. Will use it instead of 'eval_at' argument")
2025-10-29 19:52:07,396 - src.modeling.rankers.lgbm_ranker - INFO - Top-5 most important features:
2025-10-29 19:52:07,396 - src.modeling.rankers.lgbm_ranker - INFO -   aggregate_0: 281.00
2025-10-29 19:52:07,396 - src.modeling.rankers.lgbm_ranker - INFO -   position_frequency: 269.00
2025-10-29 19:52:07,396 - src.modeling.rankers.lgbm_ranker - INFO -   position_id: 202.00
2025-10-29 19:52:07,396 - src.modeling.rankers.lgbm_ranker - INFO -   tunneling: 130.00
2025-10-29 19:52:07,396 - src.modeling.rankers.lgbm_ranker - INFO -   aggregate_1: 119.00
2025-10-29 19:52:07,396 - src.modeling.rankers.lgbm_ranker - INFO - ✓ Training completed in 73.32 seconds
2025-10-29 19:52:07,396 - src.modeling.rankers.lgbm_ranker - INFO - ✓ LGBMRanker training successful
2025-10-29 19:52:07,410 - src.modeling.rankers.lgbm_ranker - INFO - Predicting top-20 for 1 test events...
/usr/local/lib/python3.10/dist-packages/lightgbm/sklearn.py:861: UserWarning: Found 'ndcg_eval_at' in params. Will use it instead of 'eval_at' argument
  _log_warning(f"Found '{alias}' in params. Will use it instead of 'eval_at' argument")
2025-10-29 19:52:07,417 - src.modeling.rankers.lgbm_ranker - INFO - ✓ Predictions generated for 1 events
2025-10-29 19:52:08,236 - src.modeling.rankers.lgbm_ranker - INFO - Transformed to ranking format: 450918 samples (11562 groups of 39 positions each)
2025-10-29 19:52:08,236 - src.modeling.rankers.lgbm_ranker - INFO - Training LightGBM model...
/usr/local/lib/python3.10/dist-packages/lightgbm/sklearn.py:861: UserWarning: Found 'ndcg_eval_at' in params. Will use it instead of 'eval_at' argument
  _log_warning(f"Found '{alias}' in params. Will use it instead of 'eval_at' argument")
2025-10-29 19:52:09,799 - src.modeling.rankers.lgbm_ranker - INFO - Top-5 most important features:
2025-10-29 19:52:09,799 - src.modeling.rankers.lgbm_ranker - INFO -   position_id: 392.00
2025-10-29 19:52:09,799 - src.modeling.rankers.lgbm_ranker - INFO -   tunneling: 315.00
2025-10-29 19:52:09,799 - src.modeling.rankers.lgbm_ranker - INFO -   min_distance: 255.00
2025-10-29 19:52:09,799 - src.modeling.rankers.lgbm_ranker - INFO -   position_frequency: 232.00
2025-10-29 19:52:09,799 - src.modeling.rankers.lgbm_ranker - INFO -   density_window_0: 186.00
2025-10-29 19:52:09,799 - src.modeling.rankers.lgbm_ranker - INFO - ✓ Training completed in 75.33 seconds
2025-10-29 19:52:09,799 - src.modeling.rankers.lgbm_ranker - INFO - ✓ LGBMRanker training successful
2025-10-29 19:52:09,819 - src.modeling.rankers.lgbm_ranker - INFO - Predicting top-20 for 1 test events...
/usr/local/lib/python3.10/dist-packages/lightgbm/sklearn.py:861: UserWarning: Found 'ndcg_eval_at' in params. Will use it instead of 'eval_at' argument
  _log_warning(f"Found '{alias}' in params. Will use it instead of 'eval_at' argument")
2025-10-29 19:52:09,828 - src.modeling.rankers.lgbm_ranker - INFO - ✓ Predictions generated for 1 events
2025-10-29 19:52:16,615 - src.modeling.rankers.lgbm_ranker - INFO - Transformed to ranking format: 450918 samples (11562 groups of 39 positions each)
2025-10-29 19:52:16,615 - src.modeling.rankers.lgbm_ranker - INFO - Training LightGBM model...
/usr/local/lib/python3.10/dist-packages/lightgbm/sklearn.py:861: UserWarning: Found 'ndcg_eval_at' in params. Will use it instead of 'eval_at' argument
  _log_warning(f"Found '{alias}' in params. Will use it instead of 'eval_at' argument")
2025-10-29 19:52:17,506 - src.modeling.rankers.lgbm_ranker - INFO - Transformed to ranking format: 450918 samples (11562 groups of 39 positions each)
2025-10-29 19:52:17,506 - src.modeling.rankers.lgbm_ranker - INFO - Training LightGBM model...
/usr/local/lib/python3.10/dist-packages/lightgbm/sklearn.py:861: UserWarning: Found 'ndcg_eval_at' in params. Will use it instead of 'eval_at' argument
  _log_warning(f"Found '{alias}' in params. Will use it instead of 'eval_at' argument")
2025-10-29 19:52:18,653 - src.modeling.rankers.lgbm_ranker - INFO - Top-5 most important features:
2025-10-29 19:52:18,653 - src.modeling.rankers.lgbm_ranker - INFO -   position_frequency: 279.00
2025-10-29 19:52:18,653 - src.modeling.rankers.lgbm_ranker - INFO -   position_id: 269.00
2025-10-29 19:52:18,653 - src.modeling.rankers.lgbm_ranker - INFO -   tunneling: 215.00
2025-10-29 19:52:18,653 - src.modeling.rankers.lgbm_ranker - INFO -   min_distance: 203.00
2025-10-29 19:52:18,653 - src.modeling.rankers.lgbm_ranker - INFO -   density_window_0: 128.00
2025-10-29 19:52:18,653 - src.modeling.rankers.lgbm_ranker - INFO - ✓ Training completed in 83.96 seconds
2025-10-29 19:52:18,653 - src.modeling.rankers.lgbm_ranker - INFO - ✓ LGBMRanker training successful
2025-10-29 19:52:18,658 - src.modeling.rankers.lgbm_ranker - INFO - Predicting top-20 for 1 test events...
/usr/local/lib/python3.10/dist-packages/lightgbm/sklearn.py:861: UserWarning: Found 'ndcg_eval_at' in params. Will use it instead of 'eval_at' argument
  _log_warning(f"Found '{alias}' in params. Will use it instead of 'eval_at' argument")
2025-10-29 19:52:18,667 - src.modeling.rankers.lgbm_ranker - INFO - ✓ Predictions generated for 1 events
2025-10-29 19:52:19,582 - src.modeling.rankers.lgbm_ranker - INFO - Top-5 most important features:
2025-10-29 19:52:19,582 - src.modeling.rankers.lgbm_ranker - INFO -   tunneling: 376.00
2025-10-29 19:52:19,582 - src.modeling.rankers.lgbm_ranker - INFO -   position_id: 227.00
2025-10-29 19:52:19,582 - src.modeling.rankers.lgbm_ranker - INFO -   min_distance: 222.00
2025-10-29 19:52:19,582 - src.modeling.rankers.lgbm_ranker - INFO -   density_window_0: 184.00
2025-10-29 19:52:19,582 - src.modeling.rankers.lgbm_ranker - INFO -   dft_45: 182.00
2025-10-29 19:52:19,582 - src.modeling.rankers.lgbm_ranker - INFO - ✓ Training completed in 84.41 seconds
2025-10-29 19:52:19,582 - src.modeling.rankers.lgbm_ranker - INFO - ✓ LGBMRanker training successful
2025-10-29 19:52:19,628 - src.modeling.rankers.lgbm_ranker - INFO - Predicting top-20 for 1 test events...
/usr/local/lib/python3.10/dist-packages/lightgbm/sklearn.py:861: UserWarning: Found 'ndcg_eval_at' in params. Will use it instead of 'eval_at' argument
  _log_warning(f"Found '{alias}' in params. Will use it instead of 'eval_at' argument")
2025-10-29 19:52:19,637 - src.modeling.rankers.lgbm_ranker - INFO - ✓ Predictions generated for 1 events

  Event Duration: 99.0s
  Parallel Exec:  99.0s
  Model Training Times:
    amplitude: train=84.0s, total=97.9s
    angle_encoding: train=73.3s, total=86.6s
    graph_cycle: train=84.4s, total=98.9s
    density_matrix: train=75.3s, total=89.1s
  Memory Peak: 1.58 GB
  Recalls: amplitude: 100%, angle_encoding: 100%, graph_cycle: 100%, density_matrix: 100%, ensemble: 100%
  [CHECKPOINT] Saved

================================================================================
Event 11564 (75/100)
================================================================================
2025-10-29 19:52:19,815 - src.imputation.base_imputer - INFO - Fitting amplitude_embedding imputer on 11563 samples
2025-10-29 19:52:19,816 - src.imputation.base_imputer - INFO - Fitting density_matrix_optimized imputer on 11563 samples
2025-10-29 19:52:19,816 - src.imputation.base_imputer - INFO - Fitting graph_cycle_encoding imputer on 11563 samples
2025-10-29 19:52:19,816 - src.imputation.base_imputer - INFO - Fitting angle_encoding imputer on 11563 samples
2025-10-29 19:52:19,819 - src.imputation.amplitude_embedding - INFO - Learned position frequencies from 11563 samples. Normalization mode: uniform
2025-10-29 19:52:19,819 - src.imputation.base_imputer - INFO - amplitude_embedding imputer fitted successfully
2025-10-29 19:52:19,819 - src.imputation.base_imputer - INFO - Transforming 11563 samples with amplitude_embedding imputer
2025-10-29 19:52:19,819 - src.imputation.density_matrix - INFO - Density matrix uses fixed quantum mechanical construction (no learning from 11563 training samples)
2025-10-29 19:52:19,819 - src.imputation.graph_cycle_encoding - INFO - Graph/Cycle encoding uses fixed DFT basis and geometric distances (no learning from 11563 training samples)
2025-10-29 19:52:19,819 - src.imputation.base_imputer - INFO - density_matrix_optimized imputer fitted successfully
2025-10-29 19:52:19,819 - src.imputation.base_imputer - INFO - graph_cycle_encoding imputer fitted successfully
2025-10-29 19:52:19,819 - src.imputation.base_imputer - INFO - Transforming 11563 samples with density_matrix_optimized imputer
2025-10-29 19:52:19,819 - src.imputation.base_imputer - INFO - Transforming 11563 samples with graph_cycle_encoding imputer
2025-10-29 19:52:19,820 - src.imputation.angle_encoding - INFO - Angle encoding uses fixed angular mapping (no learning from 11563 training samples)
2025-10-29 19:52:19,820 - src.imputation.base_imputer - INFO - angle_encoding imputer fitted successfully
2025-10-29 19:52:19,820 - src.imputation.base_imputer - INFO - Transforming 11563 samples with angle_encoding imputer
2025-10-29 19:52:27,682 - src.imputation.base_imputer - INFO - Transformation complete: output shape (11563, 322)
2025-10-29 19:52:27,682 - src.imputation.base_imputer - INFO - Transforming 1 samples with angle_encoding imputer
2025-10-29 19:52:27,685 - src.imputation.base_imputer - INFO - Transformation complete: output shape (1, 322)
2025-10-29 19:52:27,907 - src.imputation.base_imputer - INFO - Transformation complete: output shape (11563, 259)
2025-10-29 19:52:27,907 - src.imputation.base_imputer - INFO - Transforming 1 samples with density_matrix_optimized imputer
2025-10-29 19:52:27,909 - src.imputation.base_imputer - INFO - Transformation complete: output shape (1, 259)
2025-10-29 19:52:27,923 - src.imputation.base_imputer - INFO - Transformation complete: output shape (11563, 377)
2025-10-29 19:52:27,923 - src.imputation.base_imputer - INFO - Transforming 1 samples with amplitude_embedding imputer
2025-10-29 19:52:27,925 - src.imputation.base_imputer - INFO - Transformation complete: output shape (1, 377)
2025-10-29 19:52:28,252 - src.imputation.base_imputer - INFO - Transformation complete: output shape (11563, 277)
2025-10-29 19:52:28,253 - src.imputation.base_imputer - INFO - Transforming 1 samples with graph_cycle_encoding imputer
2025-10-29 19:52:28,255 - src.imputation.base_imputer - INFO - Transformation complete: output shape (1, 277)
2025-10-29 19:52:33,487 - src.modeling.rankers.lgbm_ranker - INFO - Training LGBMRanker on 11563 events...
2025-10-29 19:52:33,545 - src.modeling.rankers.lgbm_ranker - INFO - Training LGBMRanker on 11563 events...
2025-10-29 19:52:33,666 - src.modeling.rankers.lgbm_ranker - INFO - Computed position frequencies: 39 positions
2025-10-29 19:52:33,678 - src.modeling.rankers.lgbm_ranker - INFO - Training LGBMRanker on 11563 events...
2025-10-29 19:52:33,718 - src.modeling.rankers.lgbm_ranker - INFO - Computed position frequencies: 39 positions
2025-10-29 19:52:33,834 - src.modeling.rankers.lgbm_ranker - INFO - Training LGBMRanker on 11563 events...
2025-10-29 19:52:33,854 - src.modeling.rankers.lgbm_ranker - INFO - Computed position frequencies: 39 positions
2025-10-29 19:52:33,999 - src.modeling.rankers.lgbm_ranker - INFO - Computed position frequencies: 39 positions
2025-10-29 19:53:50,362 - src.modeling.rankers.lgbm_ranker - INFO - Transformed to ranking format: 450957 samples (11563 groups of 39 positions each)
2025-10-29 19:53:50,362 - src.modeling.rankers.lgbm_ranker - INFO - Training LightGBM model...
/usr/local/lib/python3.10/dist-packages/lightgbm/sklearn.py:861: UserWarning: Found 'ndcg_eval_at' in params. Will use it instead of 'eval_at' argument
  _log_warning(f"Found '{alias}' in params. Will use it instead of 'eval_at' argument")
2025-10-29 19:53:51,415 - src.modeling.rankers.lgbm_ranker - INFO - Transformed to ranking format: 450957 samples (11563 groups of 39 positions each)
2025-10-29 19:53:51,415 - src.modeling.rankers.lgbm_ranker - INFO - Training LightGBM model...
/usr/local/lib/python3.10/dist-packages/lightgbm/sklearn.py:861: UserWarning: Found 'ndcg_eval_at' in params. Will use it instead of 'eval_at' argument
  _log_warning(f"Found '{alias}' in params. Will use it instead of 'eval_at' argument")
2025-10-29 19:53:51,702 - src.modeling.rankers.lgbm_ranker - INFO - Top-5 most important features:
2025-10-29 19:53:51,702 - src.modeling.rankers.lgbm_ranker - INFO -   aggregate_0: 264.00
2025-10-29 19:53:51,702 - src.modeling.rankers.lgbm_ranker - INFO -   position_id: 261.00
2025-10-29 19:53:51,702 - src.modeling.rankers.lgbm_ranker - INFO -   position_frequency: 214.00
2025-10-29 19:53:51,702 - src.modeling.rankers.lgbm_ranker - INFO -   aggregate_1: 120.00
2025-10-29 19:53:51,702 - src.modeling.rankers.lgbm_ranker - INFO -   angle: 81.00
2025-10-29 19:53:51,702 - src.modeling.rankers.lgbm_ranker - INFO - ✓ Training completed in 78.21 seconds
2025-10-29 19:53:51,702 - src.modeling.rankers.lgbm_ranker - INFO - ✓ LGBMRanker training successful
2025-10-29 19:53:51,716 - src.modeling.rankers.lgbm_ranker - INFO - Predicting top-20 for 1 test events...
/usr/local/lib/python3.10/dist-packages/lightgbm/sklearn.py:861: UserWarning: Found 'ndcg_eval_at' in params. Will use it instead of 'eval_at' argument
  _log_warning(f"Found '{alias}' in params. Will use it instead of 'eval_at' argument")
2025-10-29 19:53:51,728 - src.modeling.rankers.lgbm_ranker - INFO - ✓ Predictions generated for 1 events
2025-10-29 19:53:53,426 - src.modeling.rankers.lgbm_ranker - INFO - Top-5 most important features:
2025-10-29 19:53:53,426 - src.modeling.rankers.lgbm_ranker - INFO -   position_id: 459.00
2025-10-29 19:53:53,426 - src.modeling.rankers.lgbm_ranker - INFO -   tunneling: 307.00
2025-10-29 19:53:53,426 - src.modeling.rankers.lgbm_ranker - INFO -   position_frequency: 242.00
2025-10-29 19:53:53,426 - src.modeling.rankers.lgbm_ranker - INFO -   min_distance: 236.00
2025-10-29 19:53:53,426 - src.modeling.rankers.lgbm_ranker - INFO -   density_window_0: 191.00
2025-10-29 19:53:53,426 - src.modeling.rankers.lgbm_ranker - INFO - ✓ Training completed in 79.88 seconds
2025-10-29 19:53:53,426 - src.modeling.rankers.lgbm_ranker - INFO - ✓ LGBMRanker training successful
2025-10-29 19:53:53,448 - src.modeling.rankers.lgbm_ranker - INFO - Predicting top-20 for 1 test events...
/usr/local/lib/python3.10/dist-packages/lightgbm/sklearn.py:861: UserWarning: Found 'ndcg_eval_at' in params. Will use it instead of 'eval_at' argument
  _log_warning(f"Found '{alias}' in params. Will use it instead of 'eval_at' argument")
2025-10-29 19:53:53,457 - src.modeling.rankers.lgbm_ranker - INFO - ✓ Predictions generated for 1 events
2025-10-29 19:53:57,773 - src.modeling.rankers.lgbm_ranker - INFO - Transformed to ranking format: 450957 samples (11563 groups of 39 positions each)
2025-10-29 19:53:57,773 - src.modeling.rankers.lgbm_ranker - INFO - Training LightGBM model...
/usr/local/lib/python3.10/dist-packages/lightgbm/sklearn.py:861: UserWarning: Found 'ndcg_eval_at' in params. Will use it instead of 'eval_at' argument
  _log_warning(f"Found '{alias}' in params. Will use it instead of 'eval_at' argument")
2025-10-29 19:53:59,661 - src.modeling.rankers.lgbm_ranker - INFO - Transformed to ranking format: 450957 samples (11563 groups of 39 positions each)
2025-10-29 19:53:59,662 - src.modeling.rankers.lgbm_ranker - INFO - Training LightGBM model...
/usr/local/lib/python3.10/dist-packages/lightgbm/sklearn.py:861: UserWarning: Found 'ndcg_eval_at' in params. Will use it instead of 'eval_at' argument
  _log_warning(f"Found '{alias}' in params. Will use it instead of 'eval_at' argument")
2025-10-29 19:54:00,787 - src.modeling.rankers.lgbm_ranker - INFO - Top-5 most important features:
2025-10-29 19:54:00,787 - src.modeling.rankers.lgbm_ranker - INFO -   position_frequency: 324.00
2025-10-29 19:54:00,787 - src.modeling.rankers.lgbm_ranker - INFO -   tunneling: 262.00
2025-10-29 19:54:00,787 - src.modeling.rankers.lgbm_ranker - INFO -   position_id: 226.00
2025-10-29 19:54:00,787 - src.modeling.rankers.lgbm_ranker - INFO -   min_distance: 226.00
2025-10-29 19:54:00,787 - src.modeling.rankers.lgbm_ranker - INFO -   density_window_0: 108.00
2025-10-29 19:54:00,787 - src.modeling.rankers.lgbm_ranker - INFO - ✓ Training completed in 87.11 seconds
2025-10-29 19:54:00,787 - src.modeling.rankers.lgbm_ranker - INFO - ✓ LGBMRanker training successful
2025-10-29 19:54:00,792 - src.modeling.rankers.lgbm_ranker - INFO - Predicting top-20 for 1 test events...
/usr/local/lib/python3.10/dist-packages/lightgbm/sklearn.py:861: UserWarning: Found 'ndcg_eval_at' in params. Will use it instead of 'eval_at' argument
  _log_warning(f"Found '{alias}' in params. Will use it instead of 'eval_at' argument")
2025-10-29 19:54:00,801 - src.modeling.rankers.lgbm_ranker - INFO - ✓ Predictions generated for 1 events
2025-10-29 19:54:01,263 - src.modeling.rankers.lgbm_ranker - INFO - Top-5 most important features:
2025-10-29 19:54:01,263 - src.modeling.rankers.lgbm_ranker - INFO -   tunneling: 423.00
2025-10-29 19:54:01,263 - src.modeling.rankers.lgbm_ranker - INFO -   position_id: 251.00
2025-10-29 19:54:01,263 - src.modeling.rankers.lgbm_ranker - INFO -   min_distance: 247.00
2025-10-29 19:54:01,263 - src.modeling.rankers.lgbm_ranker - INFO -   dft_45: 182.00
2025-10-29 19:54:01,263 - src.modeling.rankers.lgbm_ranker - INFO -   density_window_0: 181.00
2025-10-29 19:54:01,263 - src.modeling.rankers.lgbm_ranker - INFO - ✓ Training completed in 87.43 seconds
2025-10-29 19:54:01,263 - src.modeling.rankers.lgbm_ranker - INFO - ✓ LGBMRanker training successful
2025-10-29 19:54:01,326 - src.modeling.rankers.lgbm_ranker - INFO - Predicting top-20 for 1 test events...
/usr/local/lib/python3.10/dist-packages/lightgbm/sklearn.py:861: UserWarning: Found 'ndcg_eval_at' in params. Will use it instead of 'eval_at' argument
  _log_warning(f"Found '{alias}' in params. Will use it instead of 'eval_at' argument")
2025-10-29 19:54:01,341 - src.modeling.rankers.lgbm_ranker - INFO - ✓ Predictions generated for 1 events

  Event Duration: 101.8s
  Parallel Exec:  101.8s
  Model Training Times:
    amplitude: train=87.1s, total=101.0s
    angle_encoding: train=78.2s, total=91.9s
    graph_cycle: train=87.5s, total=101.5s
    density_matrix: train=79.9s, total=93.7s
  Memory Peak: 1.58 GB
  Recalls: amplitude: 100%, angle_encoding: 100%, graph_cycle: 100%, density_matrix: 100%, ensemble: 100%
  [CHECKPOINT] Saved

================================================================================
Event 11565 (76/100)
================================================================================
2025-10-29 19:54:01,612 - src.imputation.base_imputer - INFO - Fitting density_matrix_optimized imputer on 11564 samples
2025-10-29 19:54:01,613 - src.imputation.base_imputer - INFO - Fitting graph_cycle_encoding imputer on 11564 samples
2025-10-29 19:54:01,613 - src.imputation.base_imputer - INFO - Fitting amplitude_embedding imputer on 11564 samples
2025-10-29 19:54:01,614 - src.imputation.base_imputer - INFO - Fitting angle_encoding imputer on 11564 samples
2025-10-29 19:54:01,617 - src.imputation.graph_cycle_encoding - INFO - Graph/Cycle encoding uses fixed DFT basis and geometric distances (no learning from 11564 training samples)
2025-10-29 19:54:01,617 - src.imputation.base_imputer - INFO - graph_cycle_encoding imputer fitted successfully
2025-10-29 19:54:01,617 - src.imputation.base_imputer - INFO - Transforming 11564 samples with graph_cycle_encoding imputer
2025-10-29 19:54:01,618 - src.imputation.density_matrix - INFO - Density matrix uses fixed quantum mechanical construction (no learning from 11564 training samples)
2025-10-29 19:54:01,618 - src.imputation.base_imputer - INFO - density_matrix_optimized imputer fitted successfully
2025-10-29 19:54:01,618 - src.imputation.base_imputer - INFO - Transforming 11564 samples with density_matrix_optimized imputer
2025-10-29 19:54:01,619 - src.imputation.amplitude_embedding - INFO - Learned position frequencies from 11564 samples. Normalization mode: uniform
2025-10-29 19:54:01,619 - src.imputation.base_imputer - INFO - amplitude_embedding imputer fitted successfully
2025-10-29 19:54:01,619 - src.imputation.base_imputer - INFO - Transforming 11564 samples with amplitude_embedding imputer
2025-10-29 19:54:01,619 - src.imputation.angle_encoding - INFO - Angle encoding uses fixed angular mapping (no learning from 11564 training samples)
2025-10-29 19:54:01,619 - src.imputation.base_imputer - INFO - angle_encoding imputer fitted successfully
2025-10-29 19:54:01,619 - src.imputation.base_imputer - INFO - Transforming 11564 samples with angle_encoding imputer
2025-10-29 19:54:10,531 - src.imputation.base_imputer - INFO - Transformation complete: output shape (11564, 322)
2025-10-29 19:54:10,531 - src.imputation.base_imputer - INFO - Transforming 1 samples with angle_encoding imputer
2025-10-29 19:54:10,533 - src.imputation.base_imputer - INFO - Transformation complete: output shape (1, 322)
2025-10-29 19:54:10,545 - src.imputation.base_imputer - INFO - Transformation complete: output shape (11564, 377)
2025-10-29 19:54:10,545 - src.imputation.base_imputer - INFO - Transforming 1 samples with amplitude_embedding imputer
2025-10-29 19:54:10,547 - src.imputation.base_imputer - INFO - Transformation complete: output shape (1, 377)
2025-10-29 19:54:11,031 - src.imputation.base_imputer - INFO - Transformation complete: output shape (11564, 259)
2025-10-29 19:54:11,031 - src.imputation.base_imputer - INFO - Transforming 1 samples with density_matrix_optimized imputer
2025-10-29 19:54:11,033 - src.imputation.base_imputer - INFO - Transformation complete: output shape (1, 259)
2025-10-29 19:54:11,362 - src.imputation.base_imputer - INFO - Transformation complete: output shape (11564, 277)
2025-10-29 19:54:11,362 - src.imputation.base_imputer - INFO - Transforming 1 samples with graph_cycle_encoding imputer
2025-10-29 19:54:11,364 - src.imputation.base_imputer - INFO - Transformation complete: output shape (1, 277)
2025-10-29 19:54:16,183 - src.modeling.rankers.lgbm_ranker - INFO - Training LGBMRanker on 11564 events...
2025-10-29 19:54:16,337 - src.modeling.rankers.lgbm_ranker - INFO - Training LGBMRanker on 11564 events...
2025-10-29 19:54:16,360 - src.modeling.rankers.lgbm_ranker - INFO - Computed position frequencies: 39 positions
2025-10-29 19:54:16,513 - src.modeling.rankers.lgbm_ranker - INFO - Computed position frequencies: 39 positions
2025-10-29 19:54:16,942 - src.modeling.rankers.lgbm_ranker - INFO - Training LGBMRanker on 11564 events...
2025-10-29 19:54:17,120 - src.modeling.rankers.lgbm_ranker - INFO - Computed position frequencies: 39 positions
2025-10-29 19:54:17,257 - src.modeling.rankers.lgbm_ranker - INFO - Training LGBMRanker on 11564 events...
2025-10-29 19:54:17,439 - src.modeling.rankers.lgbm_ranker - INFO - Computed position frequencies: 39 positions
2025-10-29 19:55:31,354 - src.modeling.rankers.lgbm_ranker - INFO - Transformed to ranking format: 450996 samples (11564 groups of 39 positions each)
2025-10-29 19:55:31,354 - src.modeling.rankers.lgbm_ranker - INFO - Training LightGBM model...
/usr/local/lib/python3.10/dist-packages/lightgbm/sklearn.py:861: UserWarning: Found 'ndcg_eval_at' in params. Will use it instead of 'eval_at' argument
  _log_warning(f"Found '{alias}' in params. Will use it instead of 'eval_at' argument")
2025-10-29 19:55:32,446 - src.modeling.rankers.lgbm_ranker - INFO - Top-5 most important features:
2025-10-29 19:55:32,446 - src.modeling.rankers.lgbm_ranker - INFO -   aggregate_0: 382.00
2025-10-29 19:55:32,446 - src.modeling.rankers.lgbm_ranker - INFO -   position_frequency: 311.00
2025-10-29 19:55:32,446 - src.modeling.rankers.lgbm_ranker - INFO -   position_id: 190.00
2025-10-29 19:55:32,446 - src.modeling.rankers.lgbm_ranker - INFO -   aggregate_1: 145.00
2025-10-29 19:55:32,446 - src.modeling.rankers.lgbm_ranker - INFO -   angle: 82.00
2025-10-29 19:55:32,446 - src.modeling.rankers.lgbm_ranker - INFO - ✓ Training completed in 76.26 seconds
2025-10-29 19:55:32,446 - src.modeling.rankers.lgbm_ranker - INFO - ✓ LGBMRanker training successful
2025-10-29 19:55:32,451 - src.modeling.rankers.lgbm_ranker - INFO - Predicting top-20 for 1 test events...
/usr/local/lib/python3.10/dist-packages/lightgbm/sklearn.py:861: UserWarning: Found 'ndcg_eval_at' in params. Will use it instead of 'eval_at' argument
  _log_warning(f"Found '{alias}' in params. Will use it instead of 'eval_at' argument")
2025-10-29 19:55:32,458 - src.modeling.rankers.lgbm_ranker - INFO - ✓ Predictions generated for 1 events
2025-10-29 19:55:34,232 - src.modeling.rankers.lgbm_ranker - INFO - Transformed to ranking format: 450996 samples (11564 groups of 39 positions each)
2025-10-29 19:55:34,232 - src.modeling.rankers.lgbm_ranker - INFO - Training LightGBM model...
/usr/local/lib/python3.10/dist-packages/lightgbm/sklearn.py:861: UserWarning: Found 'ndcg_eval_at' in params. Will use it instead of 'eval_at' argument
  _log_warning(f"Found '{alias}' in params. Will use it instead of 'eval_at' argument")
2025-10-29 19:55:35,796 - src.modeling.rankers.lgbm_ranker - INFO - Top-5 most important features:
2025-10-29 19:55:35,796 - src.modeling.rankers.lgbm_ranker - INFO -   position_frequency: 375.00
2025-10-29 19:55:35,796 - src.modeling.rankers.lgbm_ranker - INFO -   position_id: 363.00
2025-10-29 19:55:35,796 - src.modeling.rankers.lgbm_ranker - INFO -   tunneling: 294.00
2025-10-29 19:55:35,796 - src.modeling.rankers.lgbm_ranker - INFO -   min_distance: 222.00
2025-10-29 19:55:35,796 - src.modeling.rankers.lgbm_ranker - INFO -   density_window_0: 183.00
2025-10-29 19:55:35,796 - src.modeling.rankers.lgbm_ranker - INFO - ✓ Training completed in 78.85 seconds
2025-10-29 19:55:35,796 - src.modeling.rankers.lgbm_ranker - INFO - ✓ LGBMRanker training successful
2025-10-29 19:55:35,817 - src.modeling.rankers.lgbm_ranker - INFO - Predicting top-20 for 1 test events...
/usr/local/lib/python3.10/dist-packages/lightgbm/sklearn.py:861: UserWarning: Found 'ndcg_eval_at' in params. Will use it instead of 'eval_at' argument
  _log_warning(f"Found '{alias}' in params. Will use it instead of 'eval_at' argument")
2025-10-29 19:55:35,825 - src.modeling.rankers.lgbm_ranker - INFO - ✓ Predictions generated for 1 events
2025-10-29 19:55:37,535 - src.modeling.rankers.lgbm_ranker - INFO - Transformed to ranking format: 450996 samples (11564 groups of 39 positions each)
2025-10-29 19:55:37,535 - src.modeling.rankers.lgbm_ranker - INFO - Training LightGBM model...
/usr/local/lib/python3.10/dist-packages/lightgbm/sklearn.py:861: UserWarning: Found 'ndcg_eval_at' in params. Will use it instead of 'eval_at' argument
  _log_warning(f"Found '{alias}' in params. Will use it instead of 'eval_at' argument")
2025-10-29 19:55:38,574 - src.modeling.rankers.lgbm_ranker - INFO - Top-5 most important features:
2025-10-29 19:55:38,574 - src.modeling.rankers.lgbm_ranker - INFO -   position_frequency: 351.00
2025-10-29 19:55:38,574 - src.modeling.rankers.lgbm_ranker - INFO -   position_id: 251.00
2025-10-29 19:55:38,574 - src.modeling.rankers.lgbm_ranker - INFO -   tunneling: 220.00
2025-10-29 19:55:38,574 - src.modeling.rankers.lgbm_ranker - INFO -   min_distance: 202.00
2025-10-29 19:55:38,574 - src.modeling.rankers.lgbm_ranker - INFO -   density_window_0: 104.00
2025-10-29 19:55:38,574 - src.modeling.rankers.lgbm_ranker - INFO - ✓ Training completed in 82.24 seconds
2025-10-29 19:55:38,574 - src.modeling.rankers.lgbm_ranker - INFO - ✓ LGBMRanker training successful
2025-10-29 19:55:38,578 - src.modeling.rankers.lgbm_ranker - INFO - Predicting top-20 for 1 test events...
/usr/local/lib/python3.10/dist-packages/lightgbm/sklearn.py:861: UserWarning: Found 'ndcg_eval_at' in params. Will use it instead of 'eval_at' argument
  _log_warning(f"Found '{alias}' in params. Will use it instead of 'eval_at' argument")
2025-10-29 19:55:38,587 - src.modeling.rankers.lgbm_ranker - INFO - ✓ Predictions generated for 1 events
2025-10-29 19:55:39,272 - src.modeling.rankers.lgbm_ranker - INFO - Transformed to ranking format: 450996 samples (11564 groups of 39 positions each)
2025-10-29 19:55:39,272 - src.modeling.rankers.lgbm_ranker - INFO - Training LightGBM model...
/usr/local/lib/python3.10/dist-packages/lightgbm/sklearn.py:861: UserWarning: Found 'ndcg_eval_at' in params. Will use it instead of 'eval_at' argument
  _log_warning(f"Found '{alias}' in params. Will use it instead of 'eval_at' argument")
2025-10-29 19:55:42,311 - src.modeling.rankers.lgbm_ranker - INFO - Top-5 most important features:
2025-10-29 19:55:42,311 - src.modeling.rankers.lgbm_ranker - INFO -   tunneling: 403.00
2025-10-29 19:55:42,311 - src.modeling.rankers.lgbm_ranker - INFO -   position_id: 264.00
2025-10-29 19:55:42,311 - src.modeling.rankers.lgbm_ranker - INFO -   min_distance: 229.00
2025-10-29 19:55:42,311 - src.modeling.rankers.lgbm_ranker - INFO -   density_window_0: 200.00
2025-10-29 19:55:42,311 - src.modeling.rankers.lgbm_ranker - INFO -   dft_45: 182.00
2025-10-29 19:55:42,311 - src.modeling.rankers.lgbm_ranker - INFO - ✓ Training completed in 85.05 seconds
2025-10-29 19:55:42,311 - src.modeling.rankers.lgbm_ranker - INFO - ✓ LGBMRanker training successful
2025-10-29 19:55:42,361 - src.modeling.rankers.lgbm_ranker - INFO - Predicting top-20 for 1 test events...
/usr/local/lib/python3.10/dist-packages/lightgbm/sklearn.py:861: UserWarning: Found 'ndcg_eval_at' in params. Will use it instead of 'eval_at' argument
  _log_warning(f"Found '{alias}' in params. Will use it instead of 'eval_at' argument")
2025-10-29 19:55:42,369 - src.modeling.rankers.lgbm_ranker - INFO - ✓ Predictions generated for 1 events

  Event Duration: 100.9s
  Parallel Exec:  100.9s
  Model Training Times:
    amplitude: train=82.2s, total=97.0s
    angle_encoding: train=76.3s, total=90.9s
    graph_cycle: train=85.1s, total=100.8s
    density_matrix: train=78.9s, total=94.2s
  Memory Peak: 1.43 GB
  Recalls: amplitude: 100%, angle_encoding: 100%, graph_cycle: 100%, density_matrix: 100%, ensemble: 100%
  [CHECKPOINT] Saved

================================================================================
Event 11566 (77/100)
================================================================================
2025-10-29 19:55:42,522 - src.imputation.base_imputer - INFO - Fitting amplitude_embedding imputer on 11565 samples
2025-10-29 19:55:42,523 - src.imputation.base_imputer - INFO - Fitting angle_encoding imputer on 11565 samples
2025-10-29 19:55:42,523 - src.imputation.base_imputer - INFO - Fitting graph_cycle_encoding imputer on 11565 samples
2025-10-29 19:55:42,523 - src.imputation.base_imputer - INFO - Fitting density_matrix_optimized imputer on 11565 samples
2025-10-29 19:55:42,525 - src.imputation.amplitude_embedding - INFO - Learned position frequencies from 11565 samples. Normalization mode: uniform
2025-10-29 19:55:42,525 - src.imputation.base_imputer - INFO - amplitude_embedding imputer fitted successfully
2025-10-29 19:55:42,525 - src.imputation.base_imputer - INFO - Transforming 11565 samples with amplitude_embedding imputer
2025-10-29 19:55:42,526 - src.imputation.angle_encoding - INFO - Angle encoding uses fixed angular mapping (no learning from 11565 training samples)
2025-10-29 19:55:42,526 - src.imputation.graph_cycle_encoding - INFO - Graph/Cycle encoding uses fixed DFT basis and geometric distances (no learning from 11565 training samples)
2025-10-29 19:55:42,526 - src.imputation.base_imputer - INFO - angle_encoding imputer fitted successfully
2025-10-29 19:55:42,526 - src.imputation.base_imputer - INFO - graph_cycle_encoding imputer fitted successfully
2025-10-29 19:55:42,526 - src.imputation.base_imputer - INFO - Transforming 11565 samples with angle_encoding imputer
2025-10-29 19:55:42,526 - src.imputation.base_imputer - INFO - Transforming 11565 samples with graph_cycle_encoding imputer
2025-10-29 19:55:42,526 - src.imputation.density_matrix - INFO - Density matrix uses fixed quantum mechanical construction (no learning from 11565 training samples)
2025-10-29 19:55:42,526 - src.imputation.base_imputer - INFO - density_matrix_optimized imputer fitted successfully
2025-10-29 19:55:42,526 - src.imputation.base_imputer - INFO - Transforming 11565 samples with density_matrix_optimized imputer
2025-10-29 19:55:50,375 - src.imputation.base_imputer - INFO - Transformation complete: output shape (11565, 322)
2025-10-29 19:55:50,375 - src.imputation.base_imputer - INFO - Transforming 1 samples with angle_encoding imputer
2025-10-29 19:55:50,377 - src.imputation.base_imputer - INFO - Transformation complete: output shape (1, 322)
2025-10-29 19:55:50,616 - src.imputation.base_imputer - INFO - Transformation complete: output shape (11565, 377)
2025-10-29 19:55:50,616 - src.imputation.base_imputer - INFO - Transforming 1 samples with amplitude_embedding imputer
2025-10-29 19:55:50,618 - src.imputation.base_imputer - INFO - Transformation complete: output shape (1, 377)
2025-10-29 19:55:50,621 - src.imputation.base_imputer - INFO - Transformation complete: output shape (11565, 259)
2025-10-29 19:55:50,621 - src.imputation.base_imputer - INFO - Transforming 1 samples with density_matrix_optimized imputer
2025-10-29 19:55:50,623 - src.imputation.base_imputer - INFO - Transformation complete: output shape (1, 259)
2025-10-29 19:55:51,239 - src.imputation.base_imputer - INFO - Transformation complete: output shape (11565, 277)
2025-10-29 19:55:51,239 - src.imputation.base_imputer - INFO - Transforming 1 samples with graph_cycle_encoding imputer
2025-10-29 19:55:51,241 - src.imputation.base_imputer - INFO - Transformation complete: output shape (1, 277)
2025-10-29 19:55:56,080 - src.modeling.rankers.lgbm_ranker - INFO - Training LGBMRanker on 11565 events...
2025-10-29 19:55:56,252 - src.modeling.rankers.lgbm_ranker - INFO - Computed position frequencies: 39 positions
2025-10-29 19:55:56,304 - src.modeling.rankers.lgbm_ranker - INFO - Training LGBMRanker on 11565 events...
2025-10-29 19:55:56,481 - src.modeling.rankers.lgbm_ranker - INFO - Computed position frequencies: 39 positions
2025-10-29 19:55:56,484 - src.modeling.rankers.lgbm_ranker - INFO - Training LGBMRanker on 11565 events...
2025-10-29 19:55:56,660 - src.modeling.rankers.lgbm_ranker - INFO - Computed position frequencies: 39 positions
2025-10-29 19:55:57,142 - src.modeling.rankers.lgbm_ranker - INFO - Training LGBMRanker on 11565 events...
2025-10-29 19:55:57,317 - src.modeling.rankers.lgbm_ranker - INFO - Computed position frequencies: 39 positions
2025-10-29 19:57:09,333 - src.modeling.rankers.lgbm_ranker - INFO - Transformed to ranking format: 451035 samples (11565 groups of 39 positions each)
2025-10-29 19:57:09,333 - src.modeling.rankers.lgbm_ranker - INFO - Training LightGBM model...
/usr/local/lib/python3.10/dist-packages/lightgbm/sklearn.py:861: UserWarning: Found 'ndcg_eval_at' in params. Will use it instead of 'eval_at' argument
  _log_warning(f"Found '{alias}' in params. Will use it instead of 'eval_at' argument")
2025-10-29 19:57:10,500 - src.modeling.rankers.lgbm_ranker - INFO - Top-5 most important features:
2025-10-29 19:57:10,500 - src.modeling.rankers.lgbm_ranker - INFO -   aggregate_0: 345.00
2025-10-29 19:57:10,500 - src.modeling.rankers.lgbm_ranker - INFO -   position_frequency: 228.00
2025-10-29 19:57:10,500 - src.modeling.rankers.lgbm_ranker - INFO -   position_id: 168.00
2025-10-29 19:57:10,500 - src.modeling.rankers.lgbm_ranker - INFO -   aggregate_1: 156.00
2025-10-29 19:57:10,501 - src.modeling.rankers.lgbm_ranker - INFO -   min_distance: 100.00
2025-10-29 19:57:10,501 - src.modeling.rankers.lgbm_ranker - INFO - ✓ Training completed in 74.42 seconds
2025-10-29 19:57:10,501 - src.modeling.rankers.lgbm_ranker - INFO - ✓ LGBMRanker training successful
2025-10-29 19:57:10,505 - src.modeling.rankers.lgbm_ranker - INFO - Predicting top-20 for 1 test events...
/usr/local/lib/python3.10/dist-packages/lightgbm/sklearn.py:861: UserWarning: Found 'ndcg_eval_at' in params. Will use it instead of 'eval_at' argument
  _log_warning(f"Found '{alias}' in params. Will use it instead of 'eval_at' argument")
2025-10-29 19:57:10,513 - src.modeling.rankers.lgbm_ranker - INFO - ✓ Predictions generated for 1 events
2025-10-29 19:57:10,805 - src.modeling.rankers.lgbm_ranker - INFO - Transformed to ranking format: 451035 samples (11565 groups of 39 positions each)
2025-10-29 19:57:10,805 - src.modeling.rankers.lgbm_ranker - INFO - Training LightGBM model...
/usr/local/lib/python3.10/dist-packages/lightgbm/sklearn.py:861: UserWarning: Found 'ndcg_eval_at' in params. Will use it instead of 'eval_at' argument
  _log_warning(f"Found '{alias}' in params. Will use it instead of 'eval_at' argument")
2025-10-29 19:57:12,389 - src.modeling.rankers.lgbm_ranker - INFO - Top-5 most important features:
2025-10-29 19:57:12,389 - src.modeling.rankers.lgbm_ranker - INFO -   position_id: 415.00
2025-10-29 19:57:12,389 - src.modeling.rankers.lgbm_ranker - INFO -   position_frequency: 319.00
2025-10-29 19:57:12,389 - src.modeling.rankers.lgbm_ranker - INFO -   tunneling: 310.00
2025-10-29 19:57:12,389 - src.modeling.rankers.lgbm_ranker - INFO -   min_distance: 235.00
2025-10-29 19:57:12,389 - src.modeling.rankers.lgbm_ranker - INFO -   density_window_0: 184.00
2025-10-29 19:57:12,389 - src.modeling.rankers.lgbm_ranker - INFO - ✓ Training completed in 76.09 seconds
2025-10-29 19:57:12,389 - src.modeling.rankers.lgbm_ranker - INFO - ✓ LGBMRanker training successful
2025-10-29 19:57:12,407 - src.modeling.rankers.lgbm_ranker - INFO - Predicting top-20 for 1 test events...
/usr/local/lib/python3.10/dist-packages/lightgbm/sklearn.py:861: UserWarning: Found 'ndcg_eval_at' in params. Will use it instead of 'eval_at' argument
  _log_warning(f"Found '{alias}' in params. Will use it instead of 'eval_at' argument")
2025-10-29 19:57:12,415 - src.modeling.rankers.lgbm_ranker - INFO - ✓ Predictions generated for 1 events
2025-10-29 19:57:18,965 - src.modeling.rankers.lgbm_ranker - INFO - Transformed to ranking format: 451035 samples (11565 groups of 39 positions each)
2025-10-29 19:57:18,966 - src.modeling.rankers.lgbm_ranker - INFO - Training LightGBM model...
/usr/local/lib/python3.10/dist-packages/lightgbm/sklearn.py:861: UserWarning: Found 'ndcg_eval_at' in params. Will use it instead of 'eval_at' argument
  _log_warning(f"Found '{alias}' in params. Will use it instead of 'eval_at' argument")
2025-10-29 19:57:19,743 - src.modeling.rankers.lgbm_ranker - INFO - Transformed to ranking format: 451035 samples (11565 groups of 39 positions each)
2025-10-29 19:57:19,744 - src.modeling.rankers.lgbm_ranker - INFO - Training LightGBM model...
/usr/local/lib/python3.10/dist-packages/lightgbm/sklearn.py:861: UserWarning: Found 'ndcg_eval_at' in params. Will use it instead of 'eval_at' argument
  _log_warning(f"Found '{alias}' in params. Will use it instead of 'eval_at' argument")
2025-10-29 19:57:20,800 - src.modeling.rankers.lgbm_ranker - INFO - Top-5 most important features:
2025-10-29 19:57:20,800 - src.modeling.rankers.lgbm_ranker - INFO -   position_frequency: 354.00
2025-10-29 19:57:20,800 - src.modeling.rankers.lgbm_ranker - INFO -   position_id: 271.00
2025-10-29 19:57:20,800 - src.modeling.rankers.lgbm_ranker - INFO -   min_distance: 228.00
2025-10-29 19:57:20,800 - src.modeling.rankers.lgbm_ranker - INFO -   tunneling: 204.00
2025-10-29 19:57:20,800 - src.modeling.rankers.lgbm_ranker - INFO -   density_window_0: 91.00
2025-10-29 19:57:20,800 - src.modeling.rankers.lgbm_ranker - INFO - ✓ Training completed in 84.32 seconds
2025-10-29 19:57:20,800 - src.modeling.rankers.lgbm_ranker - INFO - ✓ LGBMRanker training successful
2025-10-29 19:57:20,805 - src.modeling.rankers.lgbm_ranker - INFO - Predicting top-20 for 1 test events...
/usr/local/lib/python3.10/dist-packages/lightgbm/sklearn.py:861: UserWarning: Found 'ndcg_eval_at' in params. Will use it instead of 'eval_at' argument
  _log_warning(f"Found '{alias}' in params. Will use it instead of 'eval_at' argument")
2025-10-29 19:57:20,814 - src.modeling.rankers.lgbm_ranker - INFO - ✓ Predictions generated for 1 events
2025-10-29 19:57:22,024 - src.modeling.rankers.lgbm_ranker - INFO - Top-5 most important features:
2025-10-29 19:57:22,024 - src.modeling.rankers.lgbm_ranker - INFO -   tunneling: 388.00
2025-10-29 19:57:22,024 - src.modeling.rankers.lgbm_ranker - INFO -   min_distance: 252.00
2025-10-29 19:57:22,024 - src.modeling.rankers.lgbm_ranker - INFO -   position_id: 248.00
2025-10-29 19:57:22,024 - src.modeling.rankers.lgbm_ranker - INFO -   density_window_0: 206.00
2025-10-29 19:57:22,024 - src.modeling.rankers.lgbm_ranker - INFO -   dft_45: 197.00
2025-10-29 19:57:22,024 - src.modeling.rankers.lgbm_ranker - INFO - ✓ Training completed in 84.88 seconds
2025-10-29 19:57:22,024 - src.modeling.rankers.lgbm_ranker - INFO - ✓ LGBMRanker training successful
2025-10-29 19:57:22,068 - src.modeling.rankers.lgbm_ranker - INFO - Predicting top-20 for 1 test events...
/usr/local/lib/python3.10/dist-packages/lightgbm/sklearn.py:861: UserWarning: Found 'ndcg_eval_at' in params. Will use it instead of 'eval_at' argument
  _log_warning(f"Found '{alias}' in params. Will use it instead of 'eval_at' argument")
2025-10-29 19:57:22,077 - src.modeling.rankers.lgbm_ranker - INFO - ✓ Predictions generated for 1 events

  Event Duration: 99.7s
  Parallel Exec:  99.7s
  Model Training Times:
    amplitude: train=84.3s, total=98.3s
    angle_encoding: train=74.4s, total=88.0s
    graph_cycle: train=84.9s, total=99.6s
    density_matrix: train=76.1s, total=89.9s
  Memory Peak: 1.59 GB
  Recalls: amplitude: 100%, angle_encoding: 100%, graph_cycle: 100%, density_matrix: 100%, ensemble: 100%
  [CHECKPOINT] Saved

================================================================================
Event 11567 (78/100)
================================================================================
2025-10-29 19:57:22,250 - src.imputation.base_imputer - INFO - Fitting amplitude_embedding imputer on 11566 samples
2025-10-29 19:57:22,251 - src.imputation.base_imputer - INFO - Fitting density_matrix_optimized imputer on 11566 samples
2025-10-29 19:57:22,251 - src.imputation.base_imputer - INFO - Fitting graph_cycle_encoding imputer on 11566 samples
2025-10-29 19:57:22,251 - src.imputation.base_imputer - INFO - Fitting angle_encoding imputer on 11566 samples
2025-10-29 19:57:22,253 - src.imputation.amplitude_embedding - INFO - Learned position frequencies from 11566 samples. Normalization mode: uniform
2025-10-29 19:57:22,253 - src.imputation.base_imputer - INFO - amplitude_embedding imputer fitted successfully
2025-10-29 19:57:22,253 - src.imputation.base_imputer - INFO - Transforming 11566 samples with amplitude_embedding imputer
2025-10-29 19:57:22,254 - src.imputation.density_matrix - INFO - Density matrix uses fixed quantum mechanical construction (no learning from 11566 training samples)
2025-10-29 19:57:22,254 - src.imputation.angle_encoding - INFO - Angle encoding uses fixed angular mapping (no learning from 11566 training samples)
2025-10-29 19:57:22,254 - src.imputation.graph_cycle_encoding - INFO - Graph/Cycle encoding uses fixed DFT basis and geometric distances (no learning from 11566 training samples)
2025-10-29 19:57:22,254 - src.imputation.base_imputer - INFO - density_matrix_optimized imputer fitted successfully
2025-10-29 19:57:22,254 - src.imputation.base_imputer - INFO - angle_encoding imputer fitted successfully
2025-10-29 19:57:22,254 - src.imputation.base_imputer - INFO - graph_cycle_encoding imputer fitted successfully
2025-10-29 19:57:22,254 - src.imputation.base_imputer - INFO - Transforming 11566 samples with density_matrix_optimized imputer
2025-10-29 19:57:22,254 - src.imputation.base_imputer - INFO - Transforming 11566 samples with angle_encoding imputer
2025-10-29 19:57:22,254 - src.imputation.base_imputer - INFO - Transforming 11566 samples with graph_cycle_encoding imputer
2025-10-29 19:57:30,053 - src.imputation.base_imputer - INFO - Transformation complete: output shape (11566, 322)
2025-10-29 19:57:30,053 - src.imputation.base_imputer - INFO - Transforming 1 samples with angle_encoding imputer
2025-10-29 19:57:30,055 - src.imputation.base_imputer - INFO - Transformation complete: output shape (1, 322)
2025-10-29 19:57:30,371 - src.imputation.base_imputer - INFO - Transformation complete: output shape (11566, 377)
2025-10-29 19:57:30,371 - src.imputation.base_imputer - INFO - Transforming 1 samples with amplitude_embedding imputer
2025-10-29 19:57:30,374 - src.imputation.base_imputer - INFO - Transformation complete: output shape (1, 377)
2025-10-29 19:57:30,500 - src.imputation.base_imputer - INFO - Transformation complete: output shape (11566, 259)
2025-10-29 19:57:30,500 - src.imputation.base_imputer - INFO - Transforming 1 samples with density_matrix_optimized imputer
2025-10-29 19:57:30,502 - src.imputation.base_imputer - INFO - Transformation complete: output shape (1, 259)
2025-10-29 19:57:30,916 - src.imputation.base_imputer - INFO - Transformation complete: output shape (11566, 277)
2025-10-29 19:57:30,916 - src.imputation.base_imputer - INFO - Transforming 1 samples with graph_cycle_encoding imputer
2025-10-29 19:57:30,918 - src.imputation.base_imputer - INFO - Transformation complete: output shape (1, 277)
2025-10-29 19:57:35,736 - src.modeling.rankers.lgbm_ranker - INFO - Training LGBMRanker on 11566 events...
2025-10-29 19:57:35,911 - src.modeling.rankers.lgbm_ranker - INFO - Computed position frequencies: 39 positions
2025-10-29 19:57:36,153 - src.modeling.rankers.lgbm_ranker - INFO - Training LGBMRanker on 11566 events...
2025-10-29 19:57:36,219 - src.modeling.rankers.lgbm_ranker - INFO - Training LGBMRanker on 11566 events...
2025-10-29 19:57:36,324 - src.modeling.rankers.lgbm_ranker - INFO - Computed position frequencies: 39 positions
2025-10-29 19:57:36,397 - src.modeling.rankers.lgbm_ranker - INFO - Computed position frequencies: 39 positions
2025-10-29 19:57:36,783 - src.modeling.rankers.lgbm_ranker - INFO - Training LGBMRanker on 11566 events...
2025-10-29 19:57:36,959 - src.modeling.rankers.lgbm_ranker - INFO - Computed position frequencies: 39 positions
2025-10-29 19:58:49,056 - src.modeling.rankers.lgbm_ranker - INFO - Transformed to ranking format: 451074 samples (11566 groups of 39 positions each)
2025-10-29 19:58:49,056 - src.modeling.rankers.lgbm_ranker - INFO - Training LightGBM model...
/usr/local/lib/python3.10/dist-packages/lightgbm/sklearn.py:861: UserWarning: Found 'ndcg_eval_at' in params. Will use it instead of 'eval_at' argument
  _log_warning(f"Found '{alias}' in params. Will use it instead of 'eval_at' argument")
2025-10-29 19:58:50,204 - src.modeling.rankers.lgbm_ranker - INFO - Top-5 most important features:
2025-10-29 19:58:50,204 - src.modeling.rankers.lgbm_ranker - INFO -   aggregate_0: 311.00
2025-10-29 19:58:50,204 - src.modeling.rankers.lgbm_ranker - INFO -   position_frequency: 231.00
2025-10-29 19:58:50,204 - src.modeling.rankers.lgbm_ranker - INFO -   position_id: 207.00
2025-10-29 19:58:50,204 - src.modeling.rankers.lgbm_ranker - INFO -   aggregate_1: 153.00
2025-10-29 19:58:50,205 - src.modeling.rankers.lgbm_ranker - INFO -   tunneling: 104.00
2025-10-29 19:58:50,205 - src.modeling.rankers.lgbm_ranker - INFO - ✓ Training completed in 74.47 seconds
2025-10-29 19:58:50,205 - src.modeling.rankers.lgbm_ranker - INFO - ✓ LGBMRanker training successful
2025-10-29 19:58:50,217 - src.modeling.rankers.lgbm_ranker - INFO - Predicting top-20 for 1 test events...
/usr/local/lib/python3.10/dist-packages/lightgbm/sklearn.py:861: UserWarning: Found 'ndcg_eval_at' in params. Will use it instead of 'eval_at' argument
  _log_warning(f"Found '{alias}' in params. Will use it instead of 'eval_at' argument")
2025-10-29 19:58:50,225 - src.modeling.rankers.lgbm_ranker - INFO - ✓ Predictions generated for 1 events
2025-10-29 19:58:51,484 - src.modeling.rankers.lgbm_ranker - INFO - Transformed to ranking format: 451074 samples (11566 groups of 39 positions each)
2025-10-29 19:58:51,485 - src.modeling.rankers.lgbm_ranker - INFO - Training LightGBM model...
/usr/local/lib/python3.10/dist-packages/lightgbm/sklearn.py:861: UserWarning: Found 'ndcg_eval_at' in params. Will use it instead of 'eval_at' argument
  _log_warning(f"Found '{alias}' in params. Will use it instead of 'eval_at' argument")
2025-10-29 19:58:53,075 - src.modeling.rankers.lgbm_ranker - INFO - Top-5 most important features:
2025-10-29 19:58:53,075 - src.modeling.rankers.lgbm_ranker - INFO -   position_id: 364.00
2025-10-29 19:58:53,075 - src.modeling.rankers.lgbm_ranker - INFO -   tunneling: 325.00
2025-10-29 19:58:53,075 - src.modeling.rankers.lgbm_ranker - INFO -   position_frequency: 322.00
2025-10-29 19:58:53,075 - src.modeling.rankers.lgbm_ranker - INFO -   min_distance: 234.00
2025-10-29 19:58:53,075 - src.modeling.rankers.lgbm_ranker - INFO -   density_window_0: 182.00
2025-10-29 19:58:53,075 - src.modeling.rankers.lgbm_ranker - INFO - ✓ Training completed in 76.92 seconds
2025-10-29 19:58:53,075 - src.modeling.rankers.lgbm_ranker - INFO - ✓ LGBMRanker training successful
2025-10-29 19:58:53,095 - src.modeling.rankers.lgbm_ranker - INFO - Predicting top-20 for 1 test events...
/usr/local/lib/python3.10/dist-packages/lightgbm/sklearn.py:861: UserWarning: Found 'ndcg_eval_at' in params. Will use it instead of 'eval_at' argument
  _log_warning(f"Found '{alias}' in params. Will use it instead of 'eval_at' argument")
2025-10-29 19:58:53,103 - src.modeling.rankers.lgbm_ranker - INFO - ✓ Predictions generated for 1 events
2025-10-29 19:58:59,549 - src.modeling.rankers.lgbm_ranker - INFO - Transformed to ranking format: 451074 samples (11566 groups of 39 positions each)
2025-10-29 19:58:59,549 - src.modeling.rankers.lgbm_ranker - INFO - Training LightGBM model...
/usr/local/lib/python3.10/dist-packages/lightgbm/sklearn.py:861: UserWarning: Found 'ndcg_eval_at' in params. Will use it instead of 'eval_at' argument
  _log_warning(f"Found '{alias}' in params. Will use it instead of 'eval_at' argument")
2025-10-29 19:58:59,880 - src.modeling.rankers.lgbm_ranker - INFO - Transformed to ranking format: 451074 samples (11566 groups of 39 positions each)
2025-10-29 19:58:59,880 - src.modeling.rankers.lgbm_ranker - INFO - Training LightGBM model...
/usr/local/lib/python3.10/dist-packages/lightgbm/sklearn.py:861: UserWarning: Found 'ndcg_eval_at' in params. Will use it instead of 'eval_at' argument
  _log_warning(f"Found '{alias}' in params. Will use it instead of 'eval_at' argument")
2025-10-29 19:59:00,584 - src.modeling.rankers.lgbm_ranker - INFO - Top-5 most important features:
2025-10-29 19:59:00,584 - src.modeling.rankers.lgbm_ranker - INFO -   position_frequency: 285.00
2025-10-29 19:59:00,584 - src.modeling.rankers.lgbm_ranker - INFO -   tunneling: 256.00
2025-10-29 19:59:00,584 - src.modeling.rankers.lgbm_ranker - INFO -   position_id: 235.00
2025-10-29 19:59:00,584 - src.modeling.rankers.lgbm_ranker - INFO -   min_distance: 205.00
2025-10-29 19:59:00,584 - src.modeling.rankers.lgbm_ranker - INFO -   density_window_0: 134.00
2025-10-29 19:59:00,584 - src.modeling.rankers.lgbm_ranker - INFO - ✓ Training completed in 84.36 seconds
2025-10-29 19:59:00,584 - src.modeling.rankers.lgbm_ranker - INFO - ✓ LGBMRanker training successful
2025-10-29 19:59:00,589 - src.modeling.rankers.lgbm_ranker - INFO - Predicting top-20 for 1 test events...
/usr/local/lib/python3.10/dist-packages/lightgbm/sklearn.py:861: UserWarning: Found 'ndcg_eval_at' in params. Will use it instead of 'eval_at' argument
  _log_warning(f"Found '{alias}' in params. Will use it instead of 'eval_at' argument")
2025-10-29 19:59:00,598 - src.modeling.rankers.lgbm_ranker - INFO - ✓ Predictions generated for 1 events
2025-10-29 19:59:02,910 - src.modeling.rankers.lgbm_ranker - INFO - Top-5 most important features:
2025-10-29 19:59:02,910 - src.modeling.rankers.lgbm_ranker - INFO -   tunneling: 387.00
2025-10-29 19:59:02,910 - src.modeling.rankers.lgbm_ranker - INFO -   position_id: 251.00
2025-10-29 19:59:02,910 - src.modeling.rankers.lgbm_ranker - INFO -   min_distance: 245.00
2025-10-29 19:59:02,910 - src.modeling.rankers.lgbm_ranker - INFO -   dft_45: 204.00
2025-10-29 19:59:02,910 - src.modeling.rankers.lgbm_ranker - INFO -   density_window_0: 202.00
2025-10-29 19:59:02,910 - src.modeling.rankers.lgbm_ranker - INFO - ✓ Training completed in 86.13 seconds
2025-10-29 19:59:02,910 - src.modeling.rankers.lgbm_ranker - INFO - ✓ LGBMRanker training successful
2025-10-29 19:59:02,968 - src.modeling.rankers.lgbm_ranker - INFO - Predicting top-20 for 1 test events...
/usr/local/lib/python3.10/dist-packages/lightgbm/sklearn.py:861: UserWarning: Found 'ndcg_eval_at' in params. Will use it instead of 'eval_at' argument
  _log_warning(f"Found '{alias}' in params. Will use it instead of 'eval_at' argument")
2025-10-29 19:59:02,976 - src.modeling.rankers.lgbm_ranker - INFO - ✓ Predictions generated for 1 events

  Event Duration: 100.9s
  Parallel Exec:  100.9s
  Model Training Times:
    amplitude: train=84.4s, total=98.4s
    angle_encoding: train=74.5s, total=88.0s
    graph_cycle: train=86.2s, total=100.7s
    density_matrix: train=76.9s, total=90.9s
  Memory Peak: 1.27 GB
  Recalls: amplitude: 100%, angle_encoding: 100%, graph_cycle: 100%, density_matrix: 100%, ensemble: 100%
  [CHECKPOINT] Saved

================================================================================
Event 11568 (79/100)
================================================================================
2025-10-29 19:59:03,134 - src.imputation.base_imputer - INFO - Fitting angle_encoding imputer on 11567 samples
2025-10-29 19:59:03,134 - src.imputation.base_imputer - INFO - Fitting amplitude_embedding imputer on 11567 samples
2025-10-29 19:59:03,134 - src.imputation.base_imputer - INFO - Fitting density_matrix_optimized imputer on 11567 samples
2025-10-29 19:59:03,134 - src.imputation.base_imputer - INFO - Fitting graph_cycle_encoding imputer on 11567 samples
2025-10-29 19:59:03,137 - src.imputation.density_matrix - INFO - Density matrix uses fixed quantum mechanical construction (no learning from 11567 training samples)
2025-10-29 19:59:03,137 - src.imputation.graph_cycle_encoding - INFO - Graph/Cycle encoding uses fixed DFT basis and geometric distances (no learning from 11567 training samples)
2025-10-29 19:59:03,137 - src.imputation.base_imputer - INFO - density_matrix_optimized imputer fitted successfully
2025-10-29 19:59:03,137 - src.imputation.base_imputer - INFO - graph_cycle_encoding imputer fitted successfully
2025-10-29 19:59:03,137 - src.imputation.angle_encoding - INFO - Angle encoding uses fixed angular mapping (no learning from 11567 training samples)
2025-10-29 19:59:03,137 - src.imputation.base_imputer - INFO - Transforming 11567 samples with density_matrix_optimized imputer
2025-10-29 19:59:03,137 - src.imputation.base_imputer - INFO - Transforming 11567 samples with graph_cycle_encoding imputer
2025-10-29 19:59:03,137 - src.imputation.base_imputer - INFO - angle_encoding imputer fitted successfully
2025-10-29 19:59:03,137 - src.imputation.base_imputer - INFO - Transforming 11567 samples with angle_encoding imputer
2025-10-29 19:59:03,138 - src.imputation.amplitude_embedding - INFO - Learned position frequencies from 11567 samples. Normalization mode: uniform
2025-10-29 19:59:03,138 - src.imputation.base_imputer - INFO - amplitude_embedding imputer fitted successfully
2025-10-29 19:59:03,138 - src.imputation.base_imputer - INFO - Transforming 11567 samples with amplitude_embedding imputer
2025-10-29 19:59:11,178 - src.imputation.base_imputer - INFO - Transformation complete: output shape (11567, 322)
2025-10-29 19:59:11,178 - src.imputation.base_imputer - INFO - Transforming 1 samples with angle_encoding imputer
2025-10-29 19:59:11,180 - src.imputation.base_imputer - INFO - Transformation complete: output shape (1, 322)
2025-10-29 19:59:11,239 - src.imputation.base_imputer - INFO - Transformation complete: output shape (11567, 377)
2025-10-29 19:59:11,239 - src.imputation.base_imputer - INFO - Transforming 1 samples with amplitude_embedding imputer
2025-10-29 19:59:11,245 - src.imputation.base_imputer - INFO - Transformation complete: output shape (1, 377)
2025-10-29 19:59:11,266 - src.imputation.base_imputer - INFO - Transformation complete: output shape (11567, 259)
2025-10-29 19:59:11,266 - src.imputation.base_imputer - INFO - Transforming 1 samples with density_matrix_optimized imputer
2025-10-29 19:59:11,268 - src.imputation.base_imputer - INFO - Transformation complete: output shape (1, 259)
2025-10-29 19:59:11,617 - src.imputation.base_imputer - INFO - Transformation complete: output shape (11567, 277)
2025-10-29 19:59:11,617 - src.imputation.base_imputer - INFO - Transforming 1 samples with graph_cycle_encoding imputer
2025-10-29 19:59:11,619 - src.imputation.base_imputer - INFO - Transformation complete: output shape (1, 277)
2025-10-29 19:59:16,901 - src.modeling.rankers.lgbm_ranker - INFO - Training LGBMRanker on 11567 events...
2025-10-29 19:59:17,042 - src.modeling.rankers.lgbm_ranker - INFO - Training LGBMRanker on 11567 events...
2025-10-29 19:59:17,072 - src.modeling.rankers.lgbm_ranker - INFO - Computed position frequencies: 39 positions
2025-10-29 19:59:17,193 - src.modeling.rankers.lgbm_ranker - INFO - Training LGBMRanker on 11567 events...
2025-10-29 19:59:17,220 - src.modeling.rankers.lgbm_ranker - INFO - Computed position frequencies: 39 positions
2025-10-29 19:59:17,259 - src.modeling.rankers.lgbm_ranker - INFO - Training LGBMRanker on 11567 events...
2025-10-29 19:59:17,372 - src.modeling.rankers.lgbm_ranker - INFO - Computed position frequencies: 39 positions
2025-10-29 19:59:17,435 - src.modeling.rankers.lgbm_ranker - INFO - Computed position frequencies: 39 positions
2025-10-29 20:00:32,597 - src.modeling.rankers.lgbm_ranker - INFO - Transformed to ranking format: 451113 samples (11567 groups of 39 positions each)
2025-10-29 20:00:32,597 - src.modeling.rankers.lgbm_ranker - INFO - Training LightGBM model...
/usr/local/lib/python3.10/dist-packages/lightgbm/sklearn.py:861: UserWarning: Found 'ndcg_eval_at' in params. Will use it instead of 'eval_at' argument
  _log_warning(f"Found '{alias}' in params. Will use it instead of 'eval_at' argument")
2025-10-29 20:00:33,799 - src.modeling.rankers.lgbm_ranker - INFO - Top-5 most important features:
2025-10-29 20:00:33,799 - src.modeling.rankers.lgbm_ranker - INFO -   aggregate_0: 353.00
2025-10-29 20:00:33,799 - src.modeling.rankers.lgbm_ranker - INFO -   position_frequency: 292.00
2025-10-29 20:00:33,799 - src.modeling.rankers.lgbm_ranker - INFO -   position_id: 213.00
2025-10-29 20:00:33,799 - src.modeling.rankers.lgbm_ranker - INFO -   aggregate_1: 96.00
2025-10-29 20:00:33,799 - src.modeling.rankers.lgbm_ranker - INFO -   angle: 81.00
2025-10-29 20:00:33,799 - src.modeling.rankers.lgbm_ranker - INFO - ✓ Training completed in 76.76 seconds
2025-10-29 20:00:33,799 - src.modeling.rankers.lgbm_ranker - INFO - ✓ LGBMRanker training successful
2025-10-29 20:00:33,811 - src.modeling.rankers.lgbm_ranker - INFO - Predicting top-20 for 1 test events...
/usr/local/lib/python3.10/dist-packages/lightgbm/sklearn.py:861: UserWarning: Found 'ndcg_eval_at' in params. Will use it instead of 'eval_at' argument
  _log_warning(f"Found '{alias}' in params. Will use it instead of 'eval_at' argument")
2025-10-29 20:00:33,819 - src.modeling.rankers.lgbm_ranker - INFO - ✓ Predictions generated for 1 events
2025-10-29 20:00:34,094 - src.modeling.rankers.lgbm_ranker - INFO - Transformed to ranking format: 451113 samples (11567 groups of 39 positions each)
2025-10-29 20:00:34,094 - src.modeling.rankers.lgbm_ranker - INFO - Training LightGBM model...
/usr/local/lib/python3.10/dist-packages/lightgbm/sklearn.py:861: UserWarning: Found 'ndcg_eval_at' in params. Will use it instead of 'eval_at' argument
  _log_warning(f"Found '{alias}' in params. Will use it instead of 'eval_at' argument")
2025-10-29 20:00:35,700 - src.modeling.rankers.lgbm_ranker - INFO - Top-5 most important features:
2025-10-29 20:00:35,700 - src.modeling.rankers.lgbm_ranker - INFO -   position_id: 414.00
2025-10-29 20:00:35,700 - src.modeling.rankers.lgbm_ranker - INFO -   tunneling: 311.00
2025-10-29 20:00:35,700 - src.modeling.rankers.lgbm_ranker - INFO -   position_frequency: 254.00
2025-10-29 20:00:35,700 - src.modeling.rankers.lgbm_ranker - INFO -   min_distance: 243.00
2025-10-29 20:00:35,700 - src.modeling.rankers.lgbm_ranker - INFO -   density_window_0: 197.00
2025-10-29 20:00:35,700 - src.modeling.rankers.lgbm_ranker - INFO - ✓ Training completed in 78.80 seconds
2025-10-29 20:00:35,700 - src.modeling.rankers.lgbm_ranker - INFO - ✓ LGBMRanker training successful
2025-10-29 20:00:35,710 - src.modeling.rankers.lgbm_ranker - INFO - Predicting top-20 for 1 test events...
/usr/local/lib/python3.10/dist-packages/lightgbm/sklearn.py:861: UserWarning: Found 'ndcg_eval_at' in params. Will use it instead of 'eval_at' argument
  _log_warning(f"Found '{alias}' in params. Will use it instead of 'eval_at' argument")
2025-10-29 20:00:35,718 - src.modeling.rankers.lgbm_ranker - INFO - ✓ Predictions generated for 1 events
2025-10-29 20:00:37,911 - src.modeling.rankers.lgbm_ranker - INFO - Transformed to ranking format: 451113 samples (11567 groups of 39 positions each)
2025-10-29 20:00:37,911 - src.modeling.rankers.lgbm_ranker - INFO - Training LightGBM model...
/usr/local/lib/python3.10/dist-packages/lightgbm/sklearn.py:861: UserWarning: Found 'ndcg_eval_at' in params. Will use it instead of 'eval_at' argument
  _log_warning(f"Found '{alias}' in params. Will use it instead of 'eval_at' argument")
2025-10-29 20:00:38,021 - src.modeling.rankers.lgbm_ranker - INFO - Transformed to ranking format: 451113 samples (11567 groups of 39 positions each)
2025-10-29 20:00:38,022 - src.modeling.rankers.lgbm_ranker - INFO - Training LightGBM model...
/usr/local/lib/python3.10/dist-packages/lightgbm/sklearn.py:861: UserWarning: Found 'ndcg_eval_at' in params. Will use it instead of 'eval_at' argument
  _log_warning(f"Found '{alias}' in params. Will use it instead of 'eval_at' argument")
2025-10-29 20:00:38,946 - src.modeling.rankers.lgbm_ranker - INFO - Top-5 most important features:
2025-10-29 20:00:38,946 - src.modeling.rankers.lgbm_ranker - INFO -   position_frequency: 346.00
2025-10-29 20:00:38,946 - src.modeling.rankers.lgbm_ranker - INFO -   tunneling: 267.00
2025-10-29 20:00:38,946 - src.modeling.rankers.lgbm_ranker - INFO -   position_id: 225.00
2025-10-29 20:00:38,946 - src.modeling.rankers.lgbm_ranker - INFO -   min_distance: 186.00
2025-10-29 20:00:38,946 - src.modeling.rankers.lgbm_ranker - INFO -   density_window_0: 138.00
2025-10-29 20:00:38,946 - src.modeling.rankers.lgbm_ranker - INFO - ✓ Training completed in 81.75 seconds
2025-10-29 20:00:38,947 - src.modeling.rankers.lgbm_ranker - INFO - ✓ LGBMRanker training successful
2025-10-29 20:00:38,951 - src.modeling.rankers.lgbm_ranker - INFO - Predicting top-20 for 1 test events...
/usr/local/lib/python3.10/dist-packages/lightgbm/sklearn.py:861: UserWarning: Found 'ndcg_eval_at' in params. Will use it instead of 'eval_at' argument
  _log_warning(f"Found '{alias}' in params. Will use it instead of 'eval_at' argument")
2025-10-29 20:00:38,959 - src.modeling.rankers.lgbm_ranker - INFO - ✓ Predictions generated for 1 events
2025-10-29 20:00:41,110 - src.modeling.rankers.lgbm_ranker - INFO - Top-5 most important features:
2025-10-29 20:00:41,110 - src.modeling.rankers.lgbm_ranker - INFO -   tunneling: 383.00
2025-10-29 20:00:41,110 - src.modeling.rankers.lgbm_ranker - INFO -   min_distance: 239.00
2025-10-29 20:00:41,110 - src.modeling.rankers.lgbm_ranker - INFO -   position_id: 221.00
2025-10-29 20:00:41,110 - src.modeling.rankers.lgbm_ranker - INFO -   density_window_0: 189.00
2025-10-29 20:00:41,110 - src.modeling.rankers.lgbm_ranker - INFO -   dft_45: 186.00
2025-10-29 20:00:41,110 - src.modeling.rankers.lgbm_ranker - INFO - ✓ Training completed in 83.85 seconds
2025-10-29 20:00:41,110 - src.modeling.rankers.lgbm_ranker - INFO - ✓ LGBMRanker training successful
2025-10-29 20:00:41,170 - src.modeling.rankers.lgbm_ranker - INFO - Predicting top-20 for 1 test events...
/usr/local/lib/python3.10/dist-packages/lightgbm/sklearn.py:861: UserWarning: Found 'ndcg_eval_at' in params. Will use it instead of 'eval_at' argument
  _log_warning(f"Found '{alias}' in params. Will use it instead of 'eval_at' argument")
2025-10-29 20:00:41,179 - src.modeling.rankers.lgbm_ranker - INFO - ✓ Predictions generated for 1 events

  Event Duration: 98.2s
  Parallel Exec:  98.2s
  Model Training Times:
    amplitude: train=81.8s, total=95.8s
    angle_encoding: train=76.8s, total=90.7s
    graph_cycle: train=83.9s, total=98.1s
    density_matrix: train=78.8s, total=92.6s
  Memory Peak: 1.43 GB
  Recalls: amplitude: 100%, angle_encoding: 100%, graph_cycle: 100%, density_matrix: 100%, ensemble: 100%
  [CHECKPOINT] Saved

================================================================================
Event 11569 (80/100)
================================================================================
2025-10-29 20:00:41,363 - src.imputation.base_imputer - INFO - Fitting amplitude_embedding imputer on 11568 samples
2025-10-29 20:00:41,364 - src.imputation.base_imputer - INFO - Fitting angle_encoding imputer on 11568 samples
2025-10-29 20:00:41,364 - src.imputation.base_imputer - INFO - Fitting graph_cycle_encoding imputer on 11568 samples
2025-10-29 20:00:41,364 - src.imputation.base_imputer - INFO - Fitting density_matrix_optimized imputer on 11568 samples
2025-10-29 20:00:41,367 - src.imputation.amplitude_embedding - INFO - Learned position frequencies from 11568 samples. Normalization mode: uniform
2025-10-29 20:00:41,367 - src.imputation.base_imputer - INFO - amplitude_embedding imputer fitted successfully
2025-10-29 20:00:41,367 - src.imputation.base_imputer - INFO - Transforming 11568 samples with amplitude_embedding imputer
2025-10-29 20:00:41,367 - src.imputation.angle_encoding - INFO - Angle encoding uses fixed angular mapping (no learning from 11568 training samples)
2025-10-29 20:00:41,367 - src.imputation.density_matrix - INFO - Density matrix uses fixed quantum mechanical construction (no learning from 11568 training samples)
2025-10-29 20:00:41,367 - src.imputation.graph_cycle_encoding - INFO - Graph/Cycle encoding uses fixed DFT basis and geometric distances (no learning from 11568 training samples)
2025-10-29 20:00:41,367 - src.imputation.base_imputer - INFO - angle_encoding imputer fitted successfully
2025-10-29 20:00:41,367 - src.imputation.base_imputer - INFO - density_matrix_optimized imputer fitted successfully
2025-10-29 20:00:41,367 - src.imputation.base_imputer - INFO - Transforming 11568 samples with angle_encoding imputer
2025-10-29 20:00:41,367 - src.imputation.base_imputer - INFO - graph_cycle_encoding imputer fitted successfully
2025-10-29 20:00:41,367 - src.imputation.base_imputer - INFO - Transforming 11568 samples with density_matrix_optimized imputer
2025-10-29 20:00:41,367 - src.imputation.base_imputer - INFO - Transforming 11568 samples with graph_cycle_encoding imputer
2025-10-29 20:00:49,187 - src.imputation.base_imputer - INFO - Transformation complete: output shape (11568, 322)
2025-10-29 20:00:49,187 - src.imputation.base_imputer - INFO - Transforming 1 samples with angle_encoding imputer
2025-10-29 20:00:49,189 - src.imputation.base_imputer - INFO - Transformation complete: output shape (1, 322)
2025-10-29 20:00:49,452 - src.imputation.base_imputer - INFO - Transformation complete: output shape (11568, 259)
2025-10-29 20:00:49,452 - src.imputation.base_imputer - INFO - Transforming 1 samples with density_matrix_optimized imputer
2025-10-29 20:00:49,454 - src.imputation.base_imputer - INFO - Transformation complete: output shape (1, 259)
2025-10-29 20:00:49,458 - src.imputation.base_imputer - INFO - Transformation complete: output shape (11568, 377)
2025-10-29 20:00:49,458 - src.imputation.base_imputer - INFO - Transforming 1 samples with amplitude_embedding imputer
2025-10-29 20:00:49,460 - src.imputation.base_imputer - INFO - Transformation complete: output shape (1, 377)
2025-10-29 20:00:49,991 - src.imputation.base_imputer - INFO - Transformation complete: output shape (11568, 277)
2025-10-29 20:00:49,992 - src.imputation.base_imputer - INFO - Transforming 1 samples with graph_cycle_encoding imputer
2025-10-29 20:00:49,994 - src.imputation.base_imputer - INFO - Transformation complete: output shape (1, 277)
2025-10-29 20:00:54,870 - src.modeling.rankers.lgbm_ranker - INFO - Training LGBMRanker on 11568 events...
2025-10-29 20:00:55,045 - src.modeling.rankers.lgbm_ranker - INFO - Computed position frequencies: 39 positions
2025-10-29 20:00:55,134 - src.modeling.rankers.lgbm_ranker - INFO - Training LGBMRanker on 11568 events...
2025-10-29 20:00:55,305 - src.modeling.rankers.lgbm_ranker - INFO - Computed position frequencies: 39 positions
2025-10-29 20:00:55,347 - src.modeling.rankers.lgbm_ranker - INFO - Training LGBMRanker on 11568 events...
2025-10-29 20:00:55,528 - src.modeling.rankers.lgbm_ranker - INFO - Computed position frequencies: 39 positions
2025-10-29 20:00:55,858 - src.modeling.rankers.lgbm_ranker - INFO - Training LGBMRanker on 11568 events...
2025-10-29 20:00:56,035 - src.modeling.rankers.lgbm_ranker - INFO - Computed position frequencies: 39 positions
2025-10-29 20:02:08,140 - src.modeling.rankers.lgbm_ranker - INFO - Transformed to ranking format: 451152 samples (11568 groups of 39 positions each)
2025-10-29 20:02:08,140 - src.modeling.rankers.lgbm_ranker - INFO - Training LightGBM model...
/usr/local/lib/python3.10/dist-packages/lightgbm/sklearn.py:861: UserWarning: Found 'ndcg_eval_at' in params. Will use it instead of 'eval_at' argument
  _log_warning(f"Found '{alias}' in params. Will use it instead of 'eval_at' argument")
2025-10-29 20:02:09,306 - src.modeling.rankers.lgbm_ranker - INFO - Top-5 most important features:
2025-10-29 20:02:09,306 - src.modeling.rankers.lgbm_ranker - INFO -   aggregate_0: 262.00
2025-10-29 20:02:09,306 - src.modeling.rankers.lgbm_ranker - INFO -   position_frequency: 259.00
2025-10-29 20:02:09,306 - src.modeling.rankers.lgbm_ranker - INFO -   position_id: 215.00
2025-10-29 20:02:09,306 - src.modeling.rankers.lgbm_ranker - INFO -   aggregate_1: 126.00
2025-10-29 20:02:09,306 - src.modeling.rankers.lgbm_ranker - INFO -   tunneling: 118.00
2025-10-29 20:02:09,306 - src.modeling.rankers.lgbm_ranker - INFO - ✓ Training completed in 74.44 seconds
2025-10-29 20:02:09,306 - src.modeling.rankers.lgbm_ranker - INFO - ✓ LGBMRanker training successful
2025-10-29 20:02:09,315 - src.modeling.rankers.lgbm_ranker - INFO - Predicting top-20 for 1 test events...
/usr/local/lib/python3.10/dist-packages/lightgbm/sklearn.py:861: UserWarning: Found 'ndcg_eval_at' in params. Will use it instead of 'eval_at' argument
  _log_warning(f"Found '{alias}' in params. Will use it instead of 'eval_at' argument")
2025-10-29 20:02:09,323 - src.modeling.rankers.lgbm_ranker - INFO - ✓ Predictions generated for 1 events
2025-10-29 20:02:09,794 - src.modeling.rankers.lgbm_ranker - INFO - Transformed to ranking format: 451152 samples (11568 groups of 39 positions each)
2025-10-29 20:02:09,794 - src.modeling.rankers.lgbm_ranker - INFO - Training LightGBM model...
/usr/local/lib/python3.10/dist-packages/lightgbm/sklearn.py:861: UserWarning: Found 'ndcg_eval_at' in params. Will use it instead of 'eval_at' argument
  _log_warning(f"Found '{alias}' in params. Will use it instead of 'eval_at' argument")
2025-10-29 20:02:11,355 - src.modeling.rankers.lgbm_ranker - INFO - Top-5 most important features:
2025-10-29 20:02:11,355 - src.modeling.rankers.lgbm_ranker - INFO -   position_id: 365.00
2025-10-29 20:02:11,355 - src.modeling.rankers.lgbm_ranker - INFO -   tunneling: 364.00
2025-10-29 20:02:11,355 - src.modeling.rankers.lgbm_ranker - INFO -   min_distance: 250.00
2025-10-29 20:02:11,355 - src.modeling.rankers.lgbm_ranker - INFO -   position_frequency: 235.00
2025-10-29 20:02:11,355 - src.modeling.rankers.lgbm_ranker - INFO -   density_window_0: 202.00
2025-10-29 20:02:11,355 - src.modeling.rankers.lgbm_ranker - INFO - ✓ Training completed in 76.22 seconds
2025-10-29 20:02:11,355 - src.modeling.rankers.lgbm_ranker - INFO - ✓ LGBMRanker training successful
2025-10-29 20:02:11,375 - src.modeling.rankers.lgbm_ranker - INFO - Predicting top-20 for 1 test events...
/usr/local/lib/python3.10/dist-packages/lightgbm/sklearn.py:861: UserWarning: Found 'ndcg_eval_at' in params. Will use it instead of 'eval_at' argument
  _log_warning(f"Found '{alias}' in params. Will use it instead of 'eval_at' argument")
2025-10-29 20:02:11,383 - src.modeling.rankers.lgbm_ranker - INFO - ✓ Predictions generated for 1 events
2025-10-29 20:02:18,374 - src.modeling.rankers.lgbm_ranker - INFO - Transformed to ranking format: 451152 samples (11568 groups of 39 positions each)
2025-10-29 20:02:18,374 - src.modeling.rankers.lgbm_ranker - INFO - Training LightGBM model...
2025-10-29 20:02:18,374 - src.modeling.rankers.lgbm_ranker - INFO - Transformed to ranking format: 451152 samples (11568 groups of 39 positions each)
2025-10-29 20:02:18,374 - src.modeling.rankers.lgbm_ranker - INFO - Training LightGBM model...
/usr/local/lib/python3.10/dist-packages/lightgbm/sklearn.py:861: UserWarning: Found 'ndcg_eval_at' in params. Will use it instead of 'eval_at' argument
  _log_warning(f"Found '{alias}' in params. Will use it instead of 'eval_at' argument")
/usr/local/lib/python3.10/dist-packages/lightgbm/sklearn.py:861: UserWarning: Found 'ndcg_eval_at' in params. Will use it instead of 'eval_at' argument
  _log_warning(f"Found '{alias}' in params. Will use it instead of 'eval_at' argument")
2025-10-29 20:02:19,413 - src.modeling.rankers.lgbm_ranker - INFO - Top-5 most important features:
2025-10-29 20:02:19,413 - src.modeling.rankers.lgbm_ranker - INFO -   position_frequency: 307.00
2025-10-29 20:02:19,413 - src.modeling.rankers.lgbm_ranker - INFO -   position_id: 278.00
2025-10-29 20:02:19,413 - src.modeling.rankers.lgbm_ranker - INFO -   tunneling: 268.00
2025-10-29 20:02:19,413 - src.modeling.rankers.lgbm_ranker - INFO -   min_distance: 202.00
2025-10-29 20:02:19,413 - src.modeling.rankers.lgbm_ranker - INFO -   density_window_0: 112.00
2025-10-29 20:02:19,413 - src.modeling.rankers.lgbm_ranker - INFO - ✓ Training completed in 84.07 seconds
2025-10-29 20:02:19,413 - src.modeling.rankers.lgbm_ranker - INFO - ✓ LGBMRanker training successful
2025-10-29 20:02:19,418 - src.modeling.rankers.lgbm_ranker - INFO - Predicting top-20 for 1 test events...
/usr/local/lib/python3.10/dist-packages/lightgbm/sklearn.py:861: UserWarning: Found 'ndcg_eval_at' in params. Will use it instead of 'eval_at' argument
  _log_warning(f"Found '{alias}' in params. Will use it instead of 'eval_at' argument")
2025-10-29 20:02:19,426 - src.modeling.rankers.lgbm_ranker - INFO - ✓ Predictions generated for 1 events
2025-10-29 20:02:21,433 - src.modeling.rankers.lgbm_ranker - INFO - Top-5 most important features:
2025-10-29 20:02:21,433 - src.modeling.rankers.lgbm_ranker - INFO -   tunneling: 347.00
2025-10-29 20:02:21,433 - src.modeling.rankers.lgbm_ranker - INFO -   position_id: 248.00
2025-10-29 20:02:21,433 - src.modeling.rankers.lgbm_ranker - INFO -   min_distance: 238.00
2025-10-29 20:02:21,433 - src.modeling.rankers.lgbm_ranker - INFO -   dft_45: 185.00
2025-10-29 20:02:21,433 - src.modeling.rankers.lgbm_ranker - INFO -   density_window_0: 183.00
2025-10-29 20:02:21,433 - src.modeling.rankers.lgbm_ranker - INFO - ✓ Training completed in 85.58 seconds
2025-10-29 20:02:21,433 - src.modeling.rankers.lgbm_ranker - INFO - ✓ LGBMRanker training successful
2025-10-29 20:02:21,473 - src.modeling.rankers.lgbm_ranker - INFO - Predicting top-20 for 1 test events...
/usr/local/lib/python3.10/dist-packages/lightgbm/sklearn.py:861: UserWarning: Found 'ndcg_eval_at' in params. Will use it instead of 'eval_at' argument
  _log_warning(f"Found '{alias}' in params. Will use it instead of 'eval_at' argument")
2025-10-29 20:02:21,482 - src.modeling.rankers.lgbm_ranker - INFO - ✓ Predictions generated for 1 events

  Event Duration: 100.3s
  Parallel Exec:  100.3s
  Model Training Times:
    amplitude: train=84.1s, total=98.1s
    angle_encoding: train=74.4s, total=88.0s
    graph_cycle: train=85.6s, total=100.1s
    density_matrix: train=76.2s, total=90.0s
  Memory Peak: 1.59 GB
  Recalls: amplitude: 100%, angle_encoding: 100%, graph_cycle: 100%, density_matrix: 100%, ensemble: 100%
  [CHECKPOINT] Saved

================================================================================
Event 11570 (81/100)
================================================================================
2025-10-29 20:02:21,641 - src.imputation.base_imputer - INFO - Fitting amplitude_embedding imputer on 11569 samples
2025-10-29 20:02:21,642 - src.imputation.base_imputer - INFO - Fitting density_matrix_optimized imputer on 11569 samples
2025-10-29 20:02:21,642 - src.imputation.base_imputer - INFO - Fitting graph_cycle_encoding imputer on 11569 samples
2025-10-29 20:02:21,642 - src.imputation.base_imputer - INFO - Fitting angle_encoding imputer on 11569 samples
2025-10-29 20:02:21,645 - src.imputation.amplitude_embedding - INFO - Learned position frequencies from 11569 samples. Normalization mode: uniform
2025-10-29 20:02:21,645 - src.imputation.base_imputer - INFO - amplitude_embedding imputer fitted successfully
2025-10-29 20:02:21,645 - src.imputation.base_imputer - INFO - Transforming 11569 samples with amplitude_embedding imputer
2025-10-29 20:02:21,645 - src.imputation.angle_encoding - INFO - Angle encoding uses fixed angular mapping (no learning from 11569 training samples)
2025-10-29 20:02:21,645 - src.imputation.density_matrix - INFO - Density matrix uses fixed quantum mechanical construction (no learning from 11569 training samples)
2025-10-29 20:02:21,645 - src.imputation.graph_cycle_encoding - INFO - Graph/Cycle encoding uses fixed DFT basis and geometric distances (no learning from 11569 training samples)
2025-10-29 20:02:21,645 - src.imputation.base_imputer - INFO - angle_encoding imputer fitted successfully
2025-10-29 20:02:21,645 - src.imputation.base_imputer - INFO - density_matrix_optimized imputer fitted successfully
2025-10-29 20:02:21,645 - src.imputation.base_imputer - INFO - Transforming 11569 samples with angle_encoding imputer
2025-10-29 20:02:21,645 - src.imputation.base_imputer - INFO - graph_cycle_encoding imputer fitted successfully
2025-10-29 20:02:21,645 - src.imputation.base_imputer - INFO - Transforming 11569 samples with density_matrix_optimized imputer
2025-10-29 20:02:21,645 - src.imputation.base_imputer - INFO - Transforming 11569 samples with graph_cycle_encoding imputer
2025-10-29 20:02:29,499 - src.imputation.base_imputer - INFO - Transformation complete: output shape (11569, 322)
2025-10-29 20:02:29,499 - src.imputation.base_imputer - INFO - Transforming 1 samples with angle_encoding imputer
2025-10-29 20:02:29,501 - src.imputation.base_imputer - INFO - Transformation complete: output shape (1, 322)
2025-10-29 20:02:29,687 - src.imputation.base_imputer - INFO - Transformation complete: output shape (11569, 377)
2025-10-29 20:02:29,687 - src.imputation.base_imputer - INFO - Transforming 1 samples with amplitude_embedding imputer
2025-10-29 20:02:29,689 - src.imputation.base_imputer - INFO - Transformation complete: output shape (1, 377)
2025-10-29 20:02:29,799 - src.imputation.base_imputer - INFO - Transformation complete: output shape (11569, 259)
2025-10-29 20:02:29,799 - src.imputation.base_imputer - INFO - Transforming 1 samples with density_matrix_optimized imputer
2025-10-29 20:02:29,801 - src.imputation.base_imputer - INFO - Transformation complete: output shape (1, 259)
2025-10-29 20:02:30,117 - src.imputation.base_imputer - INFO - Transformation complete: output shape (11569, 277)
2025-10-29 20:02:30,117 - src.imputation.base_imputer - INFO - Transforming 1 samples with graph_cycle_encoding imputer
2025-10-29 20:02:30,119 - src.imputation.base_imputer - INFO - Transformation complete: output shape (1, 277)
2025-10-29 20:02:35,397 - src.modeling.rankers.lgbm_ranker - INFO - Training LGBMRanker on 11569 events...
2025-10-29 20:02:35,417 - src.modeling.rankers.lgbm_ranker - INFO - Training LGBMRanker on 11569 events...
2025-10-29 20:02:35,572 - src.modeling.rankers.lgbm_ranker - INFO - Training LGBMRanker on 11569 events...
2025-10-29 20:02:35,575 - src.modeling.rankers.lgbm_ranker - INFO - Computed position frequencies: 39 positions
2025-10-29 20:02:35,587 - src.modeling.rankers.lgbm_ranker - INFO - Computed position frequencies: 39 positions
2025-10-29 20:02:35,751 - src.modeling.rankers.lgbm_ranker - INFO - Computed position frequencies: 39 positions
2025-10-29 20:02:35,757 - src.modeling.rankers.lgbm_ranker - INFO - Training LGBMRanker on 11569 events...
2025-10-29 20:02:35,927 - src.modeling.rankers.lgbm_ranker - INFO - Computed position frequencies: 39 positions
2025-10-29 20:03:49,922 - src.modeling.rankers.lgbm_ranker - INFO - Transformed to ranking format: 451191 samples (11569 groups of 39 positions each)
2025-10-29 20:03:49,922 - src.modeling.rankers.lgbm_ranker - INFO - Training LightGBM model...
/usr/local/lib/python3.10/dist-packages/lightgbm/sklearn.py:861: UserWarning: Found 'ndcg_eval_at' in params. Will use it instead of 'eval_at' argument
  _log_warning(f"Found '{alias}' in params. Will use it instead of 'eval_at' argument")
2025-10-29 20:03:50,655 - src.modeling.rankers.lgbm_ranker - INFO - Transformed to ranking format: 451191 samples (11569 groups of 39 positions each)
2025-10-29 20:03:50,655 - src.modeling.rankers.lgbm_ranker - INFO - Training LightGBM model...
/usr/local/lib/python3.10/dist-packages/lightgbm/sklearn.py:861: UserWarning: Found 'ndcg_eval_at' in params. Will use it instead of 'eval_at' argument
  _log_warning(f"Found '{alias}' in params. Will use it instead of 'eval_at' argument")
2025-10-29 20:03:51,625 - src.modeling.rankers.lgbm_ranker - INFO - Top-5 most important features:
2025-10-29 20:03:51,625 - src.modeling.rankers.lgbm_ranker - INFO -   position_id: 407.00
2025-10-29 20:03:51,625 - src.modeling.rankers.lgbm_ranker - INFO -   tunneling: 327.00
2025-10-29 20:03:51,625 - src.modeling.rankers.lgbm_ranker - INFO -   position_frequency: 318.00
2025-10-29 20:03:51,625 - src.modeling.rankers.lgbm_ranker - INFO -   min_distance: 232.00
2025-10-29 20:03:51,625 - src.modeling.rankers.lgbm_ranker - INFO -   density_window_0: 189.00
2025-10-29 20:03:51,625 - src.modeling.rankers.lgbm_ranker - INFO - ✓ Training completed in 76.21 seconds
2025-10-29 20:03:51,625 - src.modeling.rankers.lgbm_ranker - INFO - ✓ LGBMRanker training successful
2025-10-29 20:03:51,646 - src.modeling.rankers.lgbm_ranker - INFO - Predicting top-20 for 1 test events...
/usr/local/lib/python3.10/dist-packages/lightgbm/sklearn.py:861: UserWarning: Found 'ndcg_eval_at' in params. Will use it instead of 'eval_at' argument
  _log_warning(f"Found '{alias}' in params. Will use it instead of 'eval_at' argument")
2025-10-29 20:03:51,655 - src.modeling.rankers.lgbm_ranker - INFO - ✓ Predictions generated for 1 events
2025-10-29 20:03:51,808 - src.modeling.rankers.lgbm_ranker - INFO - Top-5 most important features:
2025-10-29 20:03:51,808 - src.modeling.rankers.lgbm_ranker - INFO -   aggregate_0: 265.00
2025-10-29 20:03:51,808 - src.modeling.rankers.lgbm_ranker - INFO -   position_frequency: 264.00
2025-10-29 20:03:51,808 - src.modeling.rankers.lgbm_ranker - INFO -   position_id: 240.00
2025-10-29 20:03:51,808 - src.modeling.rankers.lgbm_ranker - INFO -   aggregate_1: 131.00
2025-10-29 20:03:51,808 - src.modeling.rankers.lgbm_ranker - INFO -   tunneling: 104.00
2025-10-29 20:03:51,808 - src.modeling.rankers.lgbm_ranker - INFO - ✓ Training completed in 76.41 seconds
2025-10-29 20:03:51,808 - src.modeling.rankers.lgbm_ranker - INFO - ✓ LGBMRanker training successful
2025-10-29 20:03:51,812 - src.modeling.rankers.lgbm_ranker - INFO - Predicting top-20 for 1 test events...
/usr/local/lib/python3.10/dist-packages/lightgbm/sklearn.py:861: UserWarning: Found 'ndcg_eval_at' in params. Will use it instead of 'eval_at' argument
  _log_warning(f"Found '{alias}' in params. Will use it instead of 'eval_at' argument")
2025-10-29 20:03:51,820 - src.modeling.rankers.lgbm_ranker - INFO - ✓ Predictions generated for 1 events
2025-10-29 20:03:55,388 - src.modeling.rankers.lgbm_ranker - INFO - Transformed to ranking format: 451191 samples (11569 groups of 39 positions each)
2025-10-29 20:03:55,388 - src.modeling.rankers.lgbm_ranker - INFO - Training LightGBM model...
/usr/local/lib/python3.10/dist-packages/lightgbm/sklearn.py:861: UserWarning: Found 'ndcg_eval_at' in params. Will use it instead of 'eval_at' argument
  _log_warning(f"Found '{alias}' in params. Will use it instead of 'eval_at' argument")
2025-10-29 20:03:58,412 - src.modeling.rankers.lgbm_ranker - INFO - Top-5 most important features:
2025-10-29 20:03:58,412 - src.modeling.rankers.lgbm_ranker - INFO -   tunneling: 383.00
2025-10-29 20:03:58,412 - src.modeling.rankers.lgbm_ranker - INFO -   position_id: 255.00
2025-10-29 20:03:58,412 - src.modeling.rankers.lgbm_ranker - INFO -   min_distance: 248.00
2025-10-29 20:03:58,412 - src.modeling.rankers.lgbm_ranker - INFO -   dft_45: 212.00
2025-10-29 20:03:58,412 - src.modeling.rankers.lgbm_ranker - INFO -   density_window_0: 210.00
2025-10-29 20:03:58,412 - src.modeling.rankers.lgbm_ranker - INFO - ✓ Training completed in 82.65 seconds
2025-10-29 20:03:58,412 - src.modeling.rankers.lgbm_ranker - INFO - ✓ LGBMRanker training successful
2025-10-29 20:03:58,459 - src.modeling.rankers.lgbm_ranker - INFO - Predicting top-20 for 1 test events...
/usr/local/lib/python3.10/dist-packages/lightgbm/sklearn.py:861: UserWarning: Found 'ndcg_eval_at' in params. Will use it instead of 'eval_at' argument
  _log_warning(f"Found '{alias}' in params. Will use it instead of 'eval_at' argument")
2025-10-29 20:03:58,467 - src.modeling.rankers.lgbm_ranker - INFO - ✓ Predictions generated for 1 events
2025-10-29 20:04:00,734 - src.modeling.rankers.lgbm_ranker - INFO - Transformed to ranking format: 451191 samples (11569 groups of 39 positions each)
2025-10-29 20:04:00,734 - src.modeling.rankers.lgbm_ranker - INFO - Training LightGBM model...
/usr/local/lib/python3.10/dist-packages/lightgbm/sklearn.py:861: UserWarning: Found 'ndcg_eval_at' in params. Will use it instead of 'eval_at' argument
  _log_warning(f"Found '{alias}' in params. Will use it instead of 'eval_at' argument")
2025-10-29 20:04:01,859 - src.modeling.rankers.lgbm_ranker - INFO - Top-5 most important features:
2025-10-29 20:04:01,859 - src.modeling.rankers.lgbm_ranker - INFO -   position_frequency: 337.00
2025-10-29 20:04:01,859 - src.modeling.rankers.lgbm_ranker - INFO -   position_id: 276.00
2025-10-29 20:04:01,859 - src.modeling.rankers.lgbm_ranker - INFO -   min_distance: 245.00
2025-10-29 20:04:01,859 - src.modeling.rankers.lgbm_ranker - INFO -   tunneling: 236.00
2025-10-29 20:04:01,859 - src.modeling.rankers.lgbm_ranker - INFO -   density_window_0: 117.00
2025-10-29 20:04:01,859 - src.modeling.rankers.lgbm_ranker - INFO - ✓ Training completed in 86.29 seconds
2025-10-29 20:04:01,859 - src.modeling.rankers.lgbm_ranker - INFO - ✓ LGBMRanker training successful
2025-10-29 20:04:01,863 - src.modeling.rankers.lgbm_ranker - INFO - Predicting top-20 for 1 test events...
/usr/local/lib/python3.10/dist-packages/lightgbm/sklearn.py:861: UserWarning: Found 'ndcg_eval_at' in params. Will use it instead of 'eval_at' argument
  _log_warning(f"Found '{alias}' in params. Will use it instead of 'eval_at' argument")
2025-10-29 20:04:01,871 - src.modeling.rankers.lgbm_ranker - INFO - ✓ Predictions generated for 1 events

  Event Duration: 100.4s
  Parallel Exec:  100.4s
  Model Training Times:
    amplitude: train=86.3s, total=100.3s
    angle_encoding: train=76.4s, total=90.2s
    graph_cycle: train=82.7s, total=96.8s
    density_matrix: train=76.2s, total=90.0s
  Memory Peak: 1.58 GB
  Recalls: amplitude: 100%, angle_encoding: 100%, graph_cycle: 100%, density_matrix: 100%, ensemble: 100%
  [CHECKPOINT] Saved

================================================================================
Event 11571 (82/100)
================================================================================
2025-10-29 20:04:02,047 - src.imputation.base_imputer - INFO - Fitting amplitude_embedding imputer on 11570 samples
2025-10-29 20:04:02,049 - src.imputation.base_imputer - INFO - Fitting density_matrix_optimized imputer on 11570 samples
2025-10-29 20:04:02,049 - src.imputation.base_imputer - INFO - Fitting angle_encoding imputer on 11570 samples
2025-10-29 20:04:02,049 - src.imputation.base_imputer - INFO - Fitting graph_cycle_encoding imputer on 11570 samples
2025-10-29 20:04:02,050 - src.imputation.amplitude_embedding - INFO - Learned position frequencies from 11570 samples. Normalization mode: uniform
2025-10-29 20:04:02,050 - src.imputation.base_imputer - INFO - amplitude_embedding imputer fitted successfully
2025-10-29 20:04:02,050 - src.imputation.base_imputer - INFO - Transforming 11570 samples with amplitude_embedding imputer
2025-10-29 20:04:02,052 - src.imputation.density_matrix - INFO - Density matrix uses fixed quantum mechanical construction (no learning from 11570 training samples)
2025-10-29 20:04:02,052 - src.imputation.graph_cycle_encoding - INFO - Graph/Cycle encoding uses fixed DFT basis and geometric distances (no learning from 11570 training samples)
2025-10-29 20:04:02,052 - src.imputation.angle_encoding - INFO - Angle encoding uses fixed angular mapping (no learning from 11570 training samples)
2025-10-29 20:04:02,053 - src.imputation.base_imputer - INFO - density_matrix_optimized imputer fitted successfully
2025-10-29 20:04:02,053 - src.imputation.base_imputer - INFO - graph_cycle_encoding imputer fitted successfully
2025-10-29 20:04:02,053 - src.imputation.base_imputer - INFO - angle_encoding imputer fitted successfully
2025-10-29 20:04:02,053 - src.imputation.base_imputer - INFO - Transforming 11570 samples with density_matrix_optimized imputer
2025-10-29 20:04:02,053 - src.imputation.base_imputer - INFO - Transforming 11570 samples with graph_cycle_encoding imputer
2025-10-29 20:04:02,053 - src.imputation.base_imputer - INFO - Transforming 11570 samples with angle_encoding imputer
2025-10-29 20:04:09,838 - src.imputation.base_imputer - INFO - Transformation complete: output shape (11570, 377)
2025-10-29 20:04:09,838 - src.imputation.base_imputer - INFO - Transforming 1 samples with amplitude_embedding imputer
2025-10-29 20:04:09,840 - src.imputation.base_imputer - INFO - Transformation complete: output shape (1, 377)
2025-10-29 20:04:09,974 - src.imputation.base_imputer - INFO - Transformation complete: output shape (11570, 322)
2025-10-29 20:04:09,974 - src.imputation.base_imputer - INFO - Transforming 1 samples with angle_encoding imputer
2025-10-29 20:04:09,976 - src.imputation.base_imputer - INFO - Transformation complete: output shape (1, 322)
2025-10-29 20:04:10,438 - src.imputation.base_imputer - INFO - Transformation complete: output shape (11570, 259)
2025-10-29 20:04:10,439 - src.imputation.base_imputer - INFO - Transforming 1 samples with density_matrix_optimized imputer
2025-10-29 20:04:10,441 - src.imputation.base_imputer - INFO - Transformation complete: output shape (1, 259)
2025-10-29 20:04:10,488 - src.imputation.base_imputer - INFO - Transformation complete: output shape (11570, 277)
2025-10-29 20:04:10,488 - src.imputation.base_imputer - INFO - Transforming 1 samples with graph_cycle_encoding imputer
2025-10-29 20:04:10,490 - src.imputation.base_imputer - INFO - Transformation complete: output shape (1, 277)
2025-10-29 20:04:15,540 - src.modeling.rankers.lgbm_ranker - INFO - Training LGBMRanker on 11570 events...
2025-10-29 20:04:15,681 - src.modeling.rankers.lgbm_ranker - INFO - Computed position frequencies: 39 positions
2025-10-29 20:04:15,869 - src.modeling.rankers.lgbm_ranker - INFO - Training LGBMRanker on 11570 events...
2025-10-29 20:04:16,018 - src.modeling.rankers.lgbm_ranker - INFO - Computed position frequencies: 39 positions
2025-10-29 20:04:16,161 - src.modeling.rankers.lgbm_ranker - INFO - Training LGBMRanker on 11570 events...
2025-10-29 20:04:16,286 - src.modeling.rankers.lgbm_ranker - INFO - Training LGBMRanker on 11570 events...
2025-10-29 20:04:16,304 - src.modeling.rankers.lgbm_ranker - INFO - Computed position frequencies: 39 positions
2025-10-29 20:04:16,433 - src.modeling.rankers.lgbm_ranker - INFO - Computed position frequencies: 39 positions
2025-10-29 20:05:31,725 - src.modeling.rankers.lgbm_ranker - INFO - Transformed to ranking format: 451230 samples (11570 groups of 39 positions each)
2025-10-29 20:05:31,725 - src.modeling.rankers.lgbm_ranker - INFO - Training LightGBM model...
/usr/local/lib/python3.10/dist-packages/lightgbm/sklearn.py:861: UserWarning: Found 'ndcg_eval_at' in params. Will use it instead of 'eval_at' argument
  _log_warning(f"Found '{alias}' in params. Will use it instead of 'eval_at' argument")
2025-10-29 20:05:32,608 - src.modeling.rankers.lgbm_ranker - INFO - Transformed to ranking format: 451230 samples (11570 groups of 39 positions each)
2025-10-29 20:05:32,608 - src.modeling.rankers.lgbm_ranker - INFO - Training LightGBM model...
/usr/local/lib/python3.10/dist-packages/lightgbm/sklearn.py:861: UserWarning: Found 'ndcg_eval_at' in params. Will use it instead of 'eval_at' argument
  _log_warning(f"Found '{alias}' in params. Will use it instead of 'eval_at' argument")
2025-10-29 20:05:32,920 - src.modeling.rankers.lgbm_ranker - INFO - Top-5 most important features:
2025-10-29 20:05:32,920 - src.modeling.rankers.lgbm_ranker - INFO -   aggregate_0: 289.00
2025-10-29 20:05:32,920 - src.modeling.rankers.lgbm_ranker - INFO -   position_frequency: 253.00
2025-10-29 20:05:32,920 - src.modeling.rankers.lgbm_ranker - INFO -   position_id: 220.00
2025-10-29 20:05:32,920 - src.modeling.rankers.lgbm_ranker - INFO -   density_window_0: 109.00
2025-10-29 20:05:32,920 - src.modeling.rankers.lgbm_ranker - INFO -   aggregate_1: 103.00
2025-10-29 20:05:32,920 - src.modeling.rankers.lgbm_ranker - INFO - ✓ Training completed in 77.05 seconds
2025-10-29 20:05:32,920 - src.modeling.rankers.lgbm_ranker - INFO - ✓ LGBMRanker training successful
2025-10-29 20:05:32,931 - src.modeling.rankers.lgbm_ranker - INFO - Predicting top-20 for 1 test events...
/usr/local/lib/python3.10/dist-packages/lightgbm/sklearn.py:861: UserWarning: Found 'ndcg_eval_at' in params. Will use it instead of 'eval_at' argument
  _log_warning(f"Found '{alias}' in params. Will use it instead of 'eval_at' argument")
2025-10-29 20:05:32,939 - src.modeling.rankers.lgbm_ranker - INFO - ✓ Predictions generated for 1 events
2025-10-29 20:05:34,231 - src.modeling.rankers.lgbm_ranker - INFO - Top-5 most important features:
2025-10-29 20:05:34,231 - src.modeling.rankers.lgbm_ranker - INFO -   position_id: 360.00
2025-10-29 20:05:34,231 - src.modeling.rankers.lgbm_ranker - INFO -   position_frequency: 348.00
2025-10-29 20:05:34,231 - src.modeling.rankers.lgbm_ranker - INFO -   tunneling: 331.00
2025-10-29 20:05:34,231 - src.modeling.rankers.lgbm_ranker - INFO -   min_distance: 247.00
2025-10-29 20:05:34,231 - src.modeling.rankers.lgbm_ranker - INFO -   density_window_0: 198.00
2025-10-29 20:05:34,231 - src.modeling.rankers.lgbm_ranker - INFO - ✓ Training completed in 77.95 seconds
2025-10-29 20:05:34,231 - src.modeling.rankers.lgbm_ranker - INFO - ✓ LGBMRanker training successful
2025-10-29 20:05:34,255 - src.modeling.rankers.lgbm_ranker - INFO - Predicting top-20 for 1 test events...
/usr/local/lib/python3.10/dist-packages/lightgbm/sklearn.py:861: UserWarning: Found 'ndcg_eval_at' in params. Will use it instead of 'eval_at' argument
  _log_warning(f"Found '{alias}' in params. Will use it instead of 'eval_at' argument")
2025-10-29 20:05:34,263 - src.modeling.rankers.lgbm_ranker - INFO - ✓ Predictions generated for 1 events
2025-10-29 20:05:35,050 - src.modeling.rankers.lgbm_ranker - INFO - Transformed to ranking format: 451230 samples (11570 groups of 39 positions each)
2025-10-29 20:05:35,050 - src.modeling.rankers.lgbm_ranker - INFO - Training LightGBM model...
/usr/local/lib/python3.10/dist-packages/lightgbm/sklearn.py:861: UserWarning: Found 'ndcg_eval_at' in params. Will use it instead of 'eval_at' argument
  _log_warning(f"Found '{alias}' in params. Will use it instead of 'eval_at' argument")
2025-10-29 20:05:35,596 - src.modeling.rankers.lgbm_ranker - INFO - Transformed to ranking format: 451230 samples (11570 groups of 39 positions each)
2025-10-29 20:05:35,596 - src.modeling.rankers.lgbm_ranker - INFO - Training LightGBM model...
/usr/local/lib/python3.10/dist-packages/lightgbm/sklearn.py:861: UserWarning: Found 'ndcg_eval_at' in params. Will use it instead of 'eval_at' argument
  _log_warning(f"Found '{alias}' in params. Will use it instead of 'eval_at' argument")
2025-10-29 20:05:36,069 - src.modeling.rankers.lgbm_ranker - INFO - Top-5 most important features:
2025-10-29 20:05:36,069 - src.modeling.rankers.lgbm_ranker - INFO -   position_frequency: 359.00
2025-10-29 20:05:36,069 - src.modeling.rankers.lgbm_ranker - INFO -   tunneling: 242.00
2025-10-29 20:05:36,069 - src.modeling.rankers.lgbm_ranker - INFO -   position_id: 234.00
2025-10-29 20:05:36,069 - src.modeling.rankers.lgbm_ranker - INFO -   min_distance: 170.00
2025-10-29 20:05:36,069 - src.modeling.rankers.lgbm_ranker - INFO -   density_window_0: 101.00
2025-10-29 20:05:36,069 - src.modeling.rankers.lgbm_ranker - INFO - ✓ Training completed in 80.53 seconds
2025-10-29 20:05:36,069 - src.modeling.rankers.lgbm_ranker - INFO - ✓ LGBMRanker training successful
2025-10-29 20:05:36,073 - src.modeling.rankers.lgbm_ranker - INFO - Predicting top-20 for 1 test events...
/usr/local/lib/python3.10/dist-packages/lightgbm/sklearn.py:861: UserWarning: Found 'ndcg_eval_at' in params. Will use it instead of 'eval_at' argument
  _log_warning(f"Found '{alias}' in params. Will use it instead of 'eval_at' argument")
2025-10-29 20:05:36,081 - src.modeling.rankers.lgbm_ranker - INFO - ✓ Predictions generated for 1 events
2025-10-29 20:05:38,552 - src.modeling.rankers.lgbm_ranker - INFO - Top-5 most important features:
2025-10-29 20:05:38,552 - src.modeling.rankers.lgbm_ranker - INFO -   tunneling: 428.00
2025-10-29 20:05:38,552 - src.modeling.rankers.lgbm_ranker - INFO -   position_id: 274.00
2025-10-29 20:05:38,552 - src.modeling.rankers.lgbm_ranker - INFO -   min_distance: 270.00
2025-10-29 20:05:38,552 - src.modeling.rankers.lgbm_ranker - INFO -   density_window_0: 212.00
2025-10-29 20:05:38,552 - src.modeling.rankers.lgbm_ranker - INFO -   dft_45: 208.00
2025-10-29 20:05:38,552 - src.modeling.rankers.lgbm_ranker - INFO - ✓ Training completed in 82.39 seconds
2025-10-29 20:05:38,552 - src.modeling.rankers.lgbm_ranker - INFO - ✓ LGBMRanker training successful
2025-10-29 20:05:38,612 - src.modeling.rankers.lgbm_ranker - INFO - Predicting top-20 for 1 test events...
/usr/local/lib/python3.10/dist-packages/lightgbm/sklearn.py:861: UserWarning: Found 'ndcg_eval_at' in params. Will use it instead of 'eval_at' argument
  _log_warning(f"Found '{alias}' in params. Will use it instead of 'eval_at' argument")
2025-10-29 20:05:38,620 - src.modeling.rankers.lgbm_ranker - INFO - ✓ Predictions generated for 1 events

  Event Duration: 96.7s
  Parallel Exec:  96.7s
  Model Training Times:
    amplitude: train=80.5s, total=94.1s
    angle_encoding: train=77.1s, total=90.9s
    graph_cycle: train=82.4s, total=96.6s
    density_matrix: train=78.0s, total=92.2s
  Memory Peak: 1.43 GB
  Recalls: amplitude: 100%, angle_encoding: 100%, graph_cycle: 100%, density_matrix: 100%, ensemble: 100%
  [CHECKPOINT] Saved

================================================================================
Event 11572 (83/100)
================================================================================
2025-10-29 20:05:38,787 - src.imputation.base_imputer - INFO - Fitting amplitude_embedding imputer on 11571 samples
2025-10-29 20:05:38,789 - src.imputation.base_imputer - INFO - Fitting graph_cycle_encoding imputer on 11571 samples
2025-10-29 20:05:38,789 - src.imputation.base_imputer - INFO - Fitting density_matrix_optimized imputer on 11571 samples
2025-10-29 20:05:38,789 - src.imputation.base_imputer - INFO - Fitting angle_encoding imputer on 11571 samples
2025-10-29 20:05:38,790 - src.imputation.amplitude_embedding - INFO - Learned position frequencies from 11571 samples. Normalization mode: uniform
2025-10-29 20:05:38,790 - src.imputation.base_imputer - INFO - amplitude_embedding imputer fitted successfully
2025-10-29 20:05:38,791 - src.imputation.base_imputer - INFO - Transforming 11571 samples with amplitude_embedding imputer
2025-10-29 20:05:38,792 - src.imputation.graph_cycle_encoding - INFO - Graph/Cycle encoding uses fixed DFT basis and geometric distances (no learning from 11571 training samples)
2025-10-29 20:05:38,793 - src.imputation.base_imputer - INFO - graph_cycle_encoding imputer fitted successfully
2025-10-29 20:05:38,793 - src.imputation.base_imputer - INFO - Transforming 11571 samples with graph_cycle_encoding imputer
2025-10-29 20:05:38,793 - src.imputation.angle_encoding - INFO - Angle encoding uses fixed angular mapping (no learning from 11571 training samples)
2025-10-29 20:05:38,793 - src.imputation.base_imputer - INFO - angle_encoding imputer fitted successfully
2025-10-29 20:05:38,793 - src.imputation.base_imputer - INFO - Transforming 11571 samples with angle_encoding imputer
2025-10-29 20:05:38,793 - src.imputation.density_matrix - INFO - Density matrix uses fixed quantum mechanical construction (no learning from 11571 training samples)
2025-10-29 20:05:38,793 - src.imputation.base_imputer - INFO - density_matrix_optimized imputer fitted successfully
2025-10-29 20:05:38,793 - src.imputation.base_imputer - INFO - Transforming 11571 samples with density_matrix_optimized imputer
2025-10-29 20:05:46,617 - src.imputation.base_imputer - INFO - Transformation complete: output shape (11571, 377)
2025-10-29 20:05:46,617 - src.imputation.base_imputer - INFO - Transforming 1 samples with amplitude_embedding imputer
2025-10-29 20:05:46,619 - src.imputation.base_imputer - INFO - Transformation complete: output shape (1, 377)
2025-10-29 20:05:46,748 - src.imputation.base_imputer - INFO - Transformation complete: output shape (11571, 322)
2025-10-29 20:05:46,748 - src.imputation.base_imputer - INFO - Transforming 1 samples with angle_encoding imputer
2025-10-29 20:05:46,750 - src.imputation.base_imputer - INFO - Transformation complete: output shape (1, 322)
2025-10-29 20:05:46,847 - src.imputation.base_imputer - INFO - Transformation complete: output shape (11571, 259)
2025-10-29 20:05:46,847 - src.imputation.base_imputer - INFO - Transforming 1 samples with density_matrix_optimized imputer
2025-10-29 20:05:46,849 - src.imputation.base_imputer - INFO - Transformation complete: output shape (1, 259)
2025-10-29 20:05:47,380 - src.imputation.base_imputer - INFO - Transformation complete: output shape (11571, 277)
2025-10-29 20:05:47,380 - src.imputation.base_imputer - INFO - Transforming 1 samples with graph_cycle_encoding imputer
2025-10-29 20:05:47,382 - src.imputation.base_imputer - INFO - Transformation complete: output shape (1, 277)
2025-10-29 20:05:52,345 - src.modeling.rankers.lgbm_ranker - INFO - Training LGBMRanker on 11571 events...
2025-10-29 20:05:52,487 - src.modeling.rankers.lgbm_ranker - INFO - Computed position frequencies: 39 positions
2025-10-29 20:05:52,537 - src.modeling.rankers.lgbm_ranker - INFO - Training LGBMRanker on 11571 events...
2025-10-29 20:05:52,628 - src.modeling.rankers.lgbm_ranker - INFO - Training LGBMRanker on 11571 events...
2025-10-29 20:05:52,679 - src.modeling.rankers.lgbm_ranker - INFO - Computed position frequencies: 39 positions
2025-10-29 20:05:52,775 - src.modeling.rankers.lgbm_ranker - INFO - Computed position frequencies: 39 positions
2025-10-29 20:05:53,242 - src.modeling.rankers.lgbm_ranker - INFO - Training LGBMRanker on 11571 events...
2025-10-29 20:05:53,388 - src.modeling.rankers.lgbm_ranker - INFO - Computed position frequencies: 39 positions
2025-10-29 20:07:06,690 - src.modeling.rankers.lgbm_ranker - INFO - Transformed to ranking format: 451269 samples (11571 groups of 39 positions each)
2025-10-29 20:07:06,690 - src.modeling.rankers.lgbm_ranker - INFO - Training LightGBM model...
/usr/local/lib/python3.10/dist-packages/lightgbm/sklearn.py:861: UserWarning: Found 'ndcg_eval_at' in params. Will use it instead of 'eval_at' argument
  _log_warning(f"Found '{alias}' in params. Will use it instead of 'eval_at' argument")
2025-10-29 20:07:07,215 - src.modeling.rankers.lgbm_ranker - INFO - Transformed to ranking format: 451269 samples (11571 groups of 39 positions each)
2025-10-29 20:07:07,215 - src.modeling.rankers.lgbm_ranker - INFO - Training LightGBM model...
/usr/local/lib/python3.10/dist-packages/lightgbm/sklearn.py:861: UserWarning: Found 'ndcg_eval_at' in params. Will use it instead of 'eval_at' argument
  _log_warning(f"Found '{alias}' in params. Will use it instead of 'eval_at' argument")
2025-10-29 20:07:08,359 - src.modeling.rankers.lgbm_ranker - INFO - Top-5 most important features:
2025-10-29 20:07:08,359 - src.modeling.rankers.lgbm_ranker - INFO -   position_id: 389.00
2025-10-29 20:07:08,359 - src.modeling.rankers.lgbm_ranker - INFO -   tunneling: 330.00
2025-10-29 20:07:08,359 - src.modeling.rankers.lgbm_ranker - INFO -   position_frequency: 264.00
2025-10-29 20:07:08,359 - src.modeling.rankers.lgbm_ranker - INFO -   min_distance: 257.00
2025-10-29 20:07:08,359 - src.modeling.rankers.lgbm_ranker - INFO -   density_window_0: 189.00
2025-10-29 20:07:08,359 - src.modeling.rankers.lgbm_ranker - INFO - ✓ Training completed in 75.82 seconds
2025-10-29 20:07:08,359 - src.modeling.rankers.lgbm_ranker - INFO - ✓ LGBMRanker training successful
2025-10-29 20:07:08,379 - src.modeling.rankers.lgbm_ranker - INFO - Predicting top-20 for 1 test events...
/usr/local/lib/python3.10/dist-packages/lightgbm/sklearn.py:861: UserWarning: Found 'ndcg_eval_at' in params. Will use it instead of 'eval_at' argument
  _log_warning(f"Found '{alias}' in params. Will use it instead of 'eval_at' argument")
2025-10-29 20:07:08,387 - src.modeling.rankers.lgbm_ranker - INFO - ✓ Predictions generated for 1 events
2025-10-29 20:07:08,420 - src.modeling.rankers.lgbm_ranker - INFO - Top-5 most important features:
2025-10-29 20:07:08,421 - src.modeling.rankers.lgbm_ranker - INFO -   position_frequency: 310.00
2025-10-29 20:07:08,421 - src.modeling.rankers.lgbm_ranker - INFO -   aggregate_0: 293.00
2025-10-29 20:07:08,421 - src.modeling.rankers.lgbm_ranker - INFO -   position_id: 196.00
2025-10-29 20:07:08,421 - src.modeling.rankers.lgbm_ranker - INFO -   aggregate_1: 93.00
2025-10-29 20:07:08,421 - src.modeling.rankers.lgbm_ranker - INFO -   tunneling: 91.00
2025-10-29 20:07:08,421 - src.modeling.rankers.lgbm_ranker - INFO - ✓ Training completed in 75.79 seconds
2025-10-29 20:07:08,421 - src.modeling.rankers.lgbm_ranker - INFO - ✓ LGBMRanker training successful
2025-10-29 20:07:08,431 - src.modeling.rankers.lgbm_ranker - INFO - Predicting top-20 for 1 test events...
/usr/local/lib/python3.10/dist-packages/lightgbm/sklearn.py:861: UserWarning: Found 'ndcg_eval_at' in params. Will use it instead of 'eval_at' argument
  _log_warning(f"Found '{alias}' in params. Will use it instead of 'eval_at' argument")
2025-10-29 20:07:08,439 - src.modeling.rankers.lgbm_ranker - INFO - ✓ Predictions generated for 1 events
2025-10-29 20:07:12,080 - src.modeling.rankers.lgbm_ranker - INFO - Transformed to ranking format: 451269 samples (11571 groups of 39 positions each)
2025-10-29 20:07:12,080 - src.modeling.rankers.lgbm_ranker - INFO - Training LightGBM model...
/usr/local/lib/python3.10/dist-packages/lightgbm/sklearn.py:861: UserWarning: Found 'ndcg_eval_at' in params. Will use it instead of 'eval_at' argument
  _log_warning(f"Found '{alias}' in params. Will use it instead of 'eval_at' argument")
2025-10-29 20:07:13,064 - src.modeling.rankers.lgbm_ranker - INFO - Top-5 most important features:
2025-10-29 20:07:13,064 - src.modeling.rankers.lgbm_ranker - INFO -   position_frequency: 349.00
2025-10-29 20:07:13,064 - src.modeling.rankers.lgbm_ranker - INFO -   position_id: 247.00
2025-10-29 20:07:13,064 - src.modeling.rankers.lgbm_ranker - INFO -   min_distance: 240.00
2025-10-29 20:07:13,064 - src.modeling.rankers.lgbm_ranker - INFO -   tunneling: 238.00
2025-10-29 20:07:13,064 - src.modeling.rankers.lgbm_ranker - INFO -   amplitude: 81.00
2025-10-29 20:07:13,064 - src.modeling.rankers.lgbm_ranker - INFO - ✓ Training completed in 80.72 seconds
2025-10-29 20:07:13,064 - src.modeling.rankers.lgbm_ranker - INFO - ✓ LGBMRanker training successful
2025-10-29 20:07:13,068 - src.modeling.rankers.lgbm_ranker - INFO - Predicting top-20 for 1 test events...
/usr/local/lib/python3.10/dist-packages/lightgbm/sklearn.py:861: UserWarning: Found 'ndcg_eval_at' in params. Will use it instead of 'eval_at' argument
  _log_warning(f"Found '{alias}' in params. Will use it instead of 'eval_at' argument")
2025-10-29 20:07:13,076 - src.modeling.rankers.lgbm_ranker - INFO - ✓ Predictions generated for 1 events
2025-10-29 20:07:15,037 - src.modeling.rankers.lgbm_ranker - INFO - Transformed to ranking format: 451269 samples (11571 groups of 39 positions each)
2025-10-29 20:07:15,037 - src.modeling.rankers.lgbm_ranker - INFO - Training LightGBM model...
/usr/local/lib/python3.10/dist-packages/lightgbm/sklearn.py:861: UserWarning: Found 'ndcg_eval_at' in params. Will use it instead of 'eval_at' argument
  _log_warning(f"Found '{alias}' in params. Will use it instead of 'eval_at' argument")
2025-10-29 20:07:17,951 - src.modeling.rankers.lgbm_ranker - INFO - Top-5 most important features:
2025-10-29 20:07:17,951 - src.modeling.rankers.lgbm_ranker - INFO -   tunneling: 400.00
2025-10-29 20:07:17,951 - src.modeling.rankers.lgbm_ranker - INFO -   position_id: 244.00
2025-10-29 20:07:17,951 - src.modeling.rankers.lgbm_ranker - INFO -   min_distance: 234.00
2025-10-29 20:07:17,951 - src.modeling.rankers.lgbm_ranker - INFO -   dft_45: 229.00
2025-10-29 20:07:17,951 - src.modeling.rankers.lgbm_ranker - INFO -   density_window_0: 202.00
2025-10-29 20:07:17,951 - src.modeling.rankers.lgbm_ranker - INFO - ✓ Training completed in 84.71 seconds
2025-10-29 20:07:17,951 - src.modeling.rankers.lgbm_ranker - INFO - ✓ LGBMRanker training successful
2025-10-29 20:07:17,999 - src.modeling.rankers.lgbm_ranker - INFO - Predicting top-20 for 1 test events...
/usr/local/lib/python3.10/dist-packages/lightgbm/sklearn.py:861: UserWarning: Found 'ndcg_eval_at' in params. Will use it instead of 'eval_at' argument
  _log_warning(f"Found '{alias}' in params. Will use it instead of 'eval_at' argument")
2025-10-29 20:07:18,007 - src.modeling.rankers.lgbm_ranker - INFO - ✓ Predictions generated for 1 events

  Event Duration: 99.4s
  Parallel Exec:  99.4s
  Model Training Times:
    amplitude: train=80.7s, total=94.3s
    angle_encoding: train=75.8s, total=89.7s
    graph_cycle: train=84.8s, total=99.2s
    density_matrix: train=75.8s, total=89.6s
  Memory Peak: 1.58 GB
  Recalls: amplitude: 100%, angle_encoding: 100%, graph_cycle: 100%, density_matrix: 100%, ensemble: 100%
  [CHECKPOINT] Saved

================================================================================
Event 11573 (84/100)
================================================================================
2025-10-29 20:07:18,180 - src.imputation.base_imputer - INFO - Fitting amplitude_embedding imputer on 11572 samples
2025-10-29 20:07:18,183 - src.imputation.base_imputer - INFO - Fitting angle_encoding imputer on 11572 samples
2025-10-29 20:07:18,183 - src.imputation.base_imputer - INFO - Fitting density_matrix_optimized imputer on 11572 samples
2025-10-29 20:07:18,183 - src.imputation.base_imputer - INFO - Fitting graph_cycle_encoding imputer on 11572 samples
2025-10-29 20:07:18,184 - src.imputation.amplitude_embedding - INFO - Learned position frequencies from 11572 samples. Normalization mode: uniform
2025-10-29 20:07:18,184 - src.imputation.base_imputer - INFO - amplitude_embedding imputer fitted successfully
2025-10-29 20:07:18,184 - src.imputation.base_imputer - INFO - Transforming 11572 samples with amplitude_embedding imputer
2025-10-29 20:07:18,186 - src.imputation.angle_encoding - INFO - Angle encoding uses fixed angular mapping (no learning from 11572 training samples)
2025-10-29 20:07:18,186 - src.imputation.density_matrix - INFO - Density matrix uses fixed quantum mechanical construction (no learning from 11572 training samples)
2025-10-29 20:07:18,186 - src.imputation.base_imputer - INFO - angle_encoding imputer fitted successfully
2025-10-29 20:07:18,186 - src.imputation.base_imputer - INFO - Transforming 11572 samples with angle_encoding imputer
2025-10-29 20:07:18,186 - src.imputation.base_imputer - INFO - density_matrix_optimized imputer fitted successfully
2025-10-29 20:07:18,186 - src.imputation.base_imputer - INFO - Transforming 11572 samples with density_matrix_optimized imputer
2025-10-29 20:07:18,186 - src.imputation.graph_cycle_encoding - INFO - Graph/Cycle encoding uses fixed DFT basis and geometric distances (no learning from 11572 training samples)
2025-10-29 20:07:18,186 - src.imputation.base_imputer - INFO - graph_cycle_encoding imputer fitted successfully
2025-10-29 20:07:18,186 - src.imputation.base_imputer - INFO - Transforming 11572 samples with graph_cycle_encoding imputer
2025-10-29 20:07:25,895 - src.imputation.base_imputer - INFO - Transformation complete: output shape (11572, 377)
2025-10-29 20:07:25,895 - src.imputation.base_imputer - INFO - Transforming 1 samples with amplitude_embedding imputer
2025-10-29 20:07:25,897 - src.imputation.base_imputer - INFO - Transformation complete: output shape (1, 377)
2025-10-29 20:07:26,101 - src.imputation.base_imputer - INFO - Transformation complete: output shape (11572, 322)
2025-10-29 20:07:26,101 - src.imputation.base_imputer - INFO - Transforming 1 samples with angle_encoding imputer
2025-10-29 20:07:26,103 - src.imputation.base_imputer - INFO - Transformation complete: output shape (1, 322)
2025-10-29 20:07:26,274 - src.imputation.base_imputer - INFO - Transformation complete: output shape (11572, 259)
2025-10-29 20:07:26,274 - src.imputation.base_imputer - INFO - Transforming 1 samples with density_matrix_optimized imputer
2025-10-29 20:07:26,276 - src.imputation.base_imputer - INFO - Transformation complete: output shape (1, 259)
2025-10-29 20:07:26,820 - src.imputation.base_imputer - INFO - Transformation complete: output shape (11572, 277)
2025-10-29 20:07:26,820 - src.imputation.base_imputer - INFO - Transforming 1 samples with graph_cycle_encoding imputer
2025-10-29 20:07:26,822 - src.imputation.base_imputer - INFO - Transformation complete: output shape (1, 277)
2025-10-29 20:07:31,579 - src.modeling.rankers.lgbm_ranker - INFO - Training LGBMRanker on 11572 events...
2025-10-29 20:07:31,720 - src.modeling.rankers.lgbm_ranker - INFO - Computed position frequencies: 39 positions
2025-10-29 20:07:31,960 - src.modeling.rankers.lgbm_ranker - INFO - Training LGBMRanker on 11572 events...
2025-10-29 20:07:31,997 - src.modeling.rankers.lgbm_ranker - INFO - Training LGBMRanker on 11572 events...
2025-10-29 20:07:32,103 - src.modeling.rankers.lgbm_ranker - INFO - Computed position frequencies: 39 positions
2025-10-29 20:07:32,144 - src.modeling.rankers.lgbm_ranker - INFO - Computed position frequencies: 39 positions
2025-10-29 20:07:32,716 - src.modeling.rankers.lgbm_ranker - INFO - Training LGBMRanker on 11572 events...
2025-10-29 20:07:32,864 - src.modeling.rankers.lgbm_ranker - INFO - Computed position frequencies: 39 positions
2025-10-29 20:08:46,477 - src.modeling.rankers.lgbm_ranker - INFO - Transformed to ranking format: 451308 samples (11572 groups of 39 positions each)
2025-10-29 20:08:46,477 - src.modeling.rankers.lgbm_ranker - INFO - Training LightGBM model...
/usr/local/lib/python3.10/dist-packages/lightgbm/sklearn.py:861: UserWarning: Found 'ndcg_eval_at' in params. Will use it instead of 'eval_at' argument
  _log_warning(f"Found '{alias}' in params. Will use it instead of 'eval_at' argument")
2025-10-29 20:08:46,940 - src.modeling.rankers.lgbm_ranker - INFO - Transformed to ranking format: 451308 samples (11572 groups of 39 positions each)
2025-10-29 20:08:46,940 - src.modeling.rankers.lgbm_ranker - INFO - Training LightGBM model...
/usr/local/lib/python3.10/dist-packages/lightgbm/sklearn.py:861: UserWarning: Found 'ndcg_eval_at' in params. Will use it instead of 'eval_at' argument
  _log_warning(f"Found '{alias}' in params. Will use it instead of 'eval_at' argument")
2025-10-29 20:08:48,068 - src.modeling.rankers.lgbm_ranker - INFO - Top-5 most important features:
2025-10-29 20:08:48,068 - src.modeling.rankers.lgbm_ranker - INFO -   position_frequency: 305.00
2025-10-29 20:08:48,068 - src.modeling.rankers.lgbm_ranker - INFO -   aggregate_0: 291.00
2025-10-29 20:08:48,068 - src.modeling.rankers.lgbm_ranker - INFO -   position_id: 225.00
2025-10-29 20:08:48,068 - src.modeling.rankers.lgbm_ranker - INFO -   tunneling: 98.00
2025-10-29 20:08:48,068 - src.modeling.rankers.lgbm_ranker - INFO -   density_window_0: 98.00
2025-10-29 20:08:48,068 - src.modeling.rankers.lgbm_ranker - INFO - ✓ Training completed in 76.07 seconds
2025-10-29 20:08:48,068 - src.modeling.rankers.lgbm_ranker - INFO - ✓ LGBMRanker training successful
2025-10-29 20:08:48,079 - src.modeling.rankers.lgbm_ranker - INFO - Predicting top-20 for 1 test events...
/usr/local/lib/python3.10/dist-packages/lightgbm/sklearn.py:861: UserWarning: Found 'ndcg_eval_at' in params. Will use it instead of 'eval_at' argument
  _log_warning(f"Found '{alias}' in params. Will use it instead of 'eval_at' argument")
2025-10-29 20:08:48,087 - src.modeling.rankers.lgbm_ranker - INFO - ✓ Predictions generated for 1 events
2025-10-29 20:08:48,127 - src.modeling.rankers.lgbm_ranker - INFO - Top-5 most important features:
2025-10-29 20:08:48,127 - src.modeling.rankers.lgbm_ranker - INFO -   position_id: 450.00
2025-10-29 20:08:48,127 - src.modeling.rankers.lgbm_ranker - INFO -   tunneling: 333.00
2025-10-29 20:08:48,127 - src.modeling.rankers.lgbm_ranker - INFO -   position_frequency: 286.00
2025-10-29 20:08:48,127 - src.modeling.rankers.lgbm_ranker - INFO -   min_distance: 227.00
2025-10-29 20:08:48,127 - src.modeling.rankers.lgbm_ranker - INFO -   density_window_0: 200.00
2025-10-29 20:08:48,127 - src.modeling.rankers.lgbm_ranker - INFO - ✓ Training completed in 76.17 seconds
2025-10-29 20:08:48,127 - src.modeling.rankers.lgbm_ranker - INFO - ✓ LGBMRanker training successful
2025-10-29 20:08:48,145 - src.modeling.rankers.lgbm_ranker - INFO - Predicting top-20 for 1 test events...
/usr/local/lib/python3.10/dist-packages/lightgbm/sklearn.py:861: UserWarning: Found 'ndcg_eval_at' in params. Will use it instead of 'eval_at' argument
  _log_warning(f"Found '{alias}' in params. Will use it instead of 'eval_at' argument")
2025-10-29 20:08:48,153 - src.modeling.rankers.lgbm_ranker - INFO - ✓ Predictions generated for 1 events
2025-10-29 20:08:51,539 - src.modeling.rankers.lgbm_ranker - INFO - Transformed to ranking format: 451308 samples (11572 groups of 39 positions each)
2025-10-29 20:08:51,539 - src.modeling.rankers.lgbm_ranker - INFO - Training LightGBM model...
/usr/local/lib/python3.10/dist-packages/lightgbm/sklearn.py:861: UserWarning: Found 'ndcg_eval_at' in params. Will use it instead of 'eval_at' argument
  _log_warning(f"Found '{alias}' in params. Will use it instead of 'eval_at' argument")
2025-10-29 20:08:52,529 - src.modeling.rankers.lgbm_ranker - INFO - Top-5 most important features:
2025-10-29 20:08:52,529 - src.modeling.rankers.lgbm_ranker - INFO -   position_frequency: 410.00
2025-10-29 20:08:52,529 - src.modeling.rankers.lgbm_ranker - INFO -   tunneling: 210.00
2025-10-29 20:08:52,529 - src.modeling.rankers.lgbm_ranker - INFO -   density_window_0: 188.00
2025-10-29 20:08:52,529 - src.modeling.rankers.lgbm_ranker - INFO -   position_id: 187.00
2025-10-29 20:08:52,529 - src.modeling.rankers.lgbm_ranker - INFO -   min_distance: 162.00
2025-10-29 20:08:52,529 - src.modeling.rankers.lgbm_ranker - INFO - ✓ Training completed in 80.95 seconds
2025-10-29 20:08:52,529 - src.modeling.rankers.lgbm_ranker - INFO - ✓ LGBMRanker training successful
2025-10-29 20:08:52,533 - src.modeling.rankers.lgbm_ranker - INFO - Predicting top-20 for 1 test events...
/usr/local/lib/python3.10/dist-packages/lightgbm/sklearn.py:861: UserWarning: Found 'ndcg_eval_at' in params. Will use it instead of 'eval_at' argument
  _log_warning(f"Found '{alias}' in params. Will use it instead of 'eval_at' argument")
2025-10-29 20:08:52,541 - src.modeling.rankers.lgbm_ranker - INFO - ✓ Predictions generated for 1 events
2025-10-29 20:08:55,065 - src.modeling.rankers.lgbm_ranker - INFO - Transformed to ranking format: 451308 samples (11572 groups of 39 positions each)
2025-10-29 20:08:55,065 - src.modeling.rankers.lgbm_ranker - INFO - Training LightGBM model...
/usr/local/lib/python3.10/dist-packages/lightgbm/sklearn.py:861: UserWarning: Found 'ndcg_eval_at' in params. Will use it instead of 'eval_at' argument
  _log_warning(f"Found '{alias}' in params. Will use it instead of 'eval_at' argument")
2025-10-29 20:08:58,367 - src.modeling.rankers.lgbm_ranker - INFO - Top-5 most important features:
2025-10-29 20:08:58,367 - src.modeling.rankers.lgbm_ranker - INFO -   tunneling: 378.00
2025-10-29 20:08:58,367 - src.modeling.rankers.lgbm_ranker - INFO -   position_id: 221.00
2025-10-29 20:08:58,367 - src.modeling.rankers.lgbm_ranker - INFO -   min_distance: 215.00
2025-10-29 20:08:58,367 - src.modeling.rankers.lgbm_ranker - INFO -   dft_45: 188.00
2025-10-29 20:08:58,367 - src.modeling.rankers.lgbm_ranker - INFO -   density_window_0: 187.00
2025-10-29 20:08:58,367 - src.modeling.rankers.lgbm_ranker - INFO - ✓ Training completed in 85.65 seconds
2025-10-29 20:08:58,367 - src.modeling.rankers.lgbm_ranker - INFO - ✓ LGBMRanker training successful
2025-10-29 20:08:58,419 - src.modeling.rankers.lgbm_ranker - INFO - Predicting top-20 for 1 test events...
/usr/local/lib/python3.10/dist-packages/lightgbm/sklearn.py:861: UserWarning: Found 'ndcg_eval_at' in params. Will use it instead of 'eval_at' argument
  _log_warning(f"Found '{alias}' in params. Will use it instead of 'eval_at' argument")
2025-10-29 20:08:58,429 - src.modeling.rankers.lgbm_ranker - INFO - ✓ Predictions generated for 1 events

  Event Duration: 100.4s
  Parallel Exec:  100.4s
  Model Training Times:
    amplitude: train=81.0s, total=94.4s
    angle_encoding: train=76.1s, total=89.9s
    graph_cycle: train=85.7s, total=100.3s
    density_matrix: train=76.2s, total=90.0s
  Memory Peak: 1.59 GB
  Recalls: amplitude: 100%, angle_encoding: 100%, graph_cycle: 100%, density_matrix: 100%, ensemble: 100%
  [CHECKPOINT] Saved

================================================================================
Event 11574 (85/100)
================================================================================
2025-10-29 20:08:58,622 - src.imputation.base_imputer - INFO - Fitting amplitude_embedding imputer on 11573 samples
2025-10-29 20:08:58,625 - src.imputation.base_imputer - INFO - Fitting angle_encoding imputer on 11573 samples
2025-10-29 20:08:58,625 - src.imputation.base_imputer - INFO - Fitting density_matrix_optimized imputer on 11573 samples
2025-10-29 20:08:58,625 - src.imputation.base_imputer - INFO - Fitting graph_cycle_encoding imputer on 11573 samples
2025-10-29 20:08:58,626 - src.imputation.amplitude_embedding - INFO - Learned position frequencies from 11573 samples. Normalization mode: uniform
2025-10-29 20:08:58,626 - src.imputation.base_imputer - INFO - amplitude_embedding imputer fitted successfully
2025-10-29 20:08:58,626 - src.imputation.base_imputer - INFO - Transforming 11573 samples with amplitude_embedding imputer
2025-10-29 20:08:58,628 - src.imputation.density_matrix - INFO - Density matrix uses fixed quantum mechanical construction (no learning from 11573 training samples)
2025-10-29 20:08:58,628 - src.imputation.angle_encoding - INFO - Angle encoding uses fixed angular mapping (no learning from 11573 training samples)
2025-10-29 20:08:58,628 - src.imputation.base_imputer - INFO - density_matrix_optimized imputer fitted successfully
2025-10-29 20:08:58,628 - src.imputation.base_imputer - INFO - angle_encoding imputer fitted successfully
2025-10-29 20:08:58,628 - src.imputation.base_imputer - INFO - Transforming 11573 samples with density_matrix_optimized imputer
2025-10-29 20:08:58,628 - src.imputation.base_imputer - INFO - Transforming 11573 samples with angle_encoding imputer
2025-10-29 20:08:58,628 - src.imputation.graph_cycle_encoding - INFO - Graph/Cycle encoding uses fixed DFT basis and geometric distances (no learning from 11573 training samples)
2025-10-29 20:08:58,628 - src.imputation.base_imputer - INFO - graph_cycle_encoding imputer fitted successfully
2025-10-29 20:08:58,628 - src.imputation.base_imputer - INFO - Transforming 11573 samples with graph_cycle_encoding imputer
2025-10-29 20:09:06,459 - src.imputation.base_imputer - INFO - Transformation complete: output shape (11573, 377)
2025-10-29 20:09:06,459 - src.imputation.base_imputer - INFO - Transforming 1 samples with amplitude_embedding imputer
2025-10-29 20:09:06,461 - src.imputation.base_imputer - INFO - Transformation complete: output shape (1, 377)
2025-10-29 20:09:06,664 - src.imputation.base_imputer - INFO - Transformation complete: output shape (11573, 322)
2025-10-29 20:09:06,664 - src.imputation.base_imputer - INFO - Transforming 1 samples with angle_encoding imputer
2025-10-29 20:09:06,666 - src.imputation.base_imputer - INFO - Transformation complete: output shape (1, 322)
2025-10-29 20:09:07,027 - src.imputation.base_imputer - INFO - Transformation complete: output shape (11573, 277)
2025-10-29 20:09:07,027 - src.imputation.base_imputer - INFO - Transforming 1 samples with graph_cycle_encoding imputer
2025-10-29 20:09:07,029 - src.imputation.base_imputer - INFO - Transformation complete: output shape (1, 277)
2025-10-29 20:09:07,081 - src.imputation.base_imputer - INFO - Transformation complete: output shape (11573, 259)
2025-10-29 20:09:07,081 - src.imputation.base_imputer - INFO - Transforming 1 samples with density_matrix_optimized imputer
2025-10-29 20:09:07,083 - src.imputation.base_imputer - INFO - Transformation complete: output shape (1, 259)
2025-10-29 20:09:12,242 - src.modeling.rankers.lgbm_ranker - INFO - Training LGBMRanker on 11573 events...
2025-10-29 20:09:12,388 - src.modeling.rankers.lgbm_ranker - INFO - Computed position frequencies: 39 positions
2025-10-29 20:09:12,505 - src.modeling.rankers.lgbm_ranker - INFO - Training LGBMRanker on 11573 events...
2025-10-29 20:09:12,651 - src.modeling.rankers.lgbm_ranker - INFO - Computed position frequencies: 39 positions
2025-10-29 20:09:12,690 - src.modeling.rankers.lgbm_ranker - INFO - Training LGBMRanker on 11573 events...
2025-10-29 20:09:12,834 - src.modeling.rankers.lgbm_ranker - INFO - Computed position frequencies: 39 positions
2025-10-29 20:09:12,936 - src.modeling.rankers.lgbm_ranker - INFO - Training LGBMRanker on 11573 events...
2025-10-29 20:09:13,083 - src.modeling.rankers.lgbm_ranker - INFO - Computed position frequencies: 39 positions
2025-10-29 20:10:27,963 - src.modeling.rankers.lgbm_ranker - INFO - Transformed to ranking format: 451347 samples (11573 groups of 39 positions each)
2025-10-29 20:10:27,963 - src.modeling.rankers.lgbm_ranker - INFO - Training LightGBM model...
/usr/local/lib/python3.10/dist-packages/lightgbm/sklearn.py:861: UserWarning: Found 'ndcg_eval_at' in params. Will use it instead of 'eval_at' argument
  _log_warning(f"Found '{alias}' in params. Will use it instead of 'eval_at' argument")
2025-10-29 20:10:29,105 - src.modeling.rankers.lgbm_ranker - INFO - Top-5 most important features:
2025-10-29 20:10:29,105 - src.modeling.rankers.lgbm_ranker - INFO -   aggregate_0: 292.00
2025-10-29 20:10:29,105 - src.modeling.rankers.lgbm_ranker - INFO -   position_frequency: 257.00
2025-10-29 20:10:29,105 - src.modeling.rankers.lgbm_ranker - INFO -   position_id: 162.00
2025-10-29 20:10:29,105 - src.modeling.rankers.lgbm_ranker - INFO -   aggregate_1: 123.00
2025-10-29 20:10:29,105 - src.modeling.rankers.lgbm_ranker - INFO -   tunneling: 100.00
2025-10-29 20:10:29,105 - src.modeling.rankers.lgbm_ranker - INFO - ✓ Training completed in 76.60 seconds
2025-10-29 20:10:29,105 - src.modeling.rankers.lgbm_ranker - INFO - ✓ LGBMRanker training successful
2025-10-29 20:10:29,120 - src.modeling.rankers.lgbm_ranker - INFO - Predicting top-20 for 1 test events...
/usr/local/lib/python3.10/dist-packages/lightgbm/sklearn.py:861: UserWarning: Found 'ndcg_eval_at' in params. Will use it instead of 'eval_at' argument
  _log_warning(f"Found '{alias}' in params. Will use it instead of 'eval_at' argument")
2025-10-29 20:10:29,128 - src.modeling.rankers.lgbm_ranker - INFO - ✓ Predictions generated for 1 events
2025-10-29 20:10:30,278 - src.modeling.rankers.lgbm_ranker - INFO - Transformed to ranking format: 451347 samples (11573 groups of 39 positions each)
2025-10-29 20:10:30,278 - src.modeling.rankers.lgbm_ranker - INFO - Training LightGBM model...
/usr/local/lib/python3.10/dist-packages/lightgbm/sklearn.py:861: UserWarning: Found 'ndcg_eval_at' in params. Will use it instead of 'eval_at' argument
  _log_warning(f"Found '{alias}' in params. Will use it instead of 'eval_at' argument")
2025-10-29 20:10:31,922 - src.modeling.rankers.lgbm_ranker - INFO - Top-5 most important features:
2025-10-29 20:10:31,922 - src.modeling.rankers.lgbm_ranker - INFO -   position_id: 453.00
2025-10-29 20:10:31,922 - src.modeling.rankers.lgbm_ranker - INFO -   tunneling: 321.00
2025-10-29 20:10:31,922 - src.modeling.rankers.lgbm_ranker - INFO -   min_distance: 250.00
2025-10-29 20:10:31,922 - src.modeling.rankers.lgbm_ranker - INFO -   position_frequency: 236.00
2025-10-29 20:10:31,922 - src.modeling.rankers.lgbm_ranker - INFO -   density_window_0: 221.00
2025-10-29 20:10:31,922 - src.modeling.rankers.lgbm_ranker - INFO - ✓ Training completed in 78.99 seconds
2025-10-29 20:10:31,922 - src.modeling.rankers.lgbm_ranker - INFO - ✓ LGBMRanker training successful
2025-10-29 20:10:31,943 - src.modeling.rankers.lgbm_ranker - INFO - Predicting top-20 for 1 test events...
/usr/local/lib/python3.10/dist-packages/lightgbm/sklearn.py:861: UserWarning: Found 'ndcg_eval_at' in params. Will use it instead of 'eval_at' argument
  _log_warning(f"Found '{alias}' in params. Will use it instead of 'eval_at' argument")
2025-10-29 20:10:31,952 - src.modeling.rankers.lgbm_ranker - INFO - ✓ Predictions generated for 1 events
2025-10-29 20:10:32,620 - src.modeling.rankers.lgbm_ranker - INFO - Transformed to ranking format: 451347 samples (11573 groups of 39 positions each)
2025-10-29 20:10:32,620 - src.modeling.rankers.lgbm_ranker - INFO - Training LightGBM model...
/usr/local/lib/python3.10/dist-packages/lightgbm/sklearn.py:861: UserWarning: Found 'ndcg_eval_at' in params. Will use it instead of 'eval_at' argument
  _log_warning(f"Found '{alias}' in params. Will use it instead of 'eval_at' argument")
2025-10-29 20:10:32,943 - src.modeling.rankers.lgbm_ranker - INFO - Transformed to ranking format: 451347 samples (11573 groups of 39 positions each)
2025-10-29 20:10:32,943 - src.modeling.rankers.lgbm_ranker - INFO - Training LightGBM model...
/usr/local/lib/python3.10/dist-packages/lightgbm/sklearn.py:861: UserWarning: Found 'ndcg_eval_at' in params. Will use it instead of 'eval_at' argument
  _log_warning(f"Found '{alias}' in params. Will use it instead of 'eval_at' argument")
2025-10-29 20:10:33,661 - src.modeling.rankers.lgbm_ranker - INFO - Top-5 most important features:
2025-10-29 20:10:33,661 - src.modeling.rankers.lgbm_ranker - INFO -   position_frequency: 347.00
2025-10-29 20:10:33,661 - src.modeling.rankers.lgbm_ranker - INFO -   position_id: 241.00
2025-10-29 20:10:33,661 - src.modeling.rankers.lgbm_ranker - INFO -   tunneling: 226.00
2025-10-29 20:10:33,661 - src.modeling.rankers.lgbm_ranker - INFO -   min_distance: 202.00
2025-10-29 20:10:33,661 - src.modeling.rankers.lgbm_ranker - INFO -   density_window_0: 131.00
2025-10-29 20:10:33,661 - src.modeling.rankers.lgbm_ranker - INFO - ✓ Training completed in 81.42 seconds
2025-10-29 20:10:33,661 - src.modeling.rankers.lgbm_ranker - INFO - ✓ LGBMRanker training successful
2025-10-29 20:10:33,665 - src.modeling.rankers.lgbm_ranker - INFO - Predicting top-20 for 1 test events...
/usr/local/lib/python3.10/dist-packages/lightgbm/sklearn.py:861: UserWarning: Found 'ndcg_eval_at' in params. Will use it instead of 'eval_at' argument
  _log_warning(f"Found '{alias}' in params. Will use it instead of 'eval_at' argument")
2025-10-29 20:10:33,673 - src.modeling.rankers.lgbm_ranker - INFO - ✓ Predictions generated for 1 events
2025-10-29 20:10:35,999 - src.modeling.rankers.lgbm_ranker - INFO - Top-5 most important features:
2025-10-29 20:10:35,999 - src.modeling.rankers.lgbm_ranker - INFO -   tunneling: 411.00
2025-10-29 20:10:35,999 - src.modeling.rankers.lgbm_ranker - INFO -   min_distance: 231.00
2025-10-29 20:10:35,999 - src.modeling.rankers.lgbm_ranker - INFO -   position_id: 220.00
2025-10-29 20:10:35,999 - src.modeling.rankers.lgbm_ranker - INFO -   density_window_0: 216.00
2025-10-29 20:10:35,999 - src.modeling.rankers.lgbm_ranker - INFO -   dft_45: 202.00
2025-10-29 20:10:35,999 - src.modeling.rankers.lgbm_ranker - INFO - ✓ Training completed in 83.31 seconds
2025-10-29 20:10:35,999 - src.modeling.rankers.lgbm_ranker - INFO - ✓ LGBMRanker training successful
2025-10-29 20:10:36,052 - src.modeling.rankers.lgbm_ranker - INFO - Predicting top-20 for 1 test events...
/usr/local/lib/python3.10/dist-packages/lightgbm/sklearn.py:861: UserWarning: Found 'ndcg_eval_at' in params. Will use it instead of 'eval_at' argument
  _log_warning(f"Found '{alias}' in params. Will use it instead of 'eval_at' argument")
2025-10-29 20:10:36,060 - src.modeling.rankers.lgbm_ranker - INFO - ✓ Predictions generated for 1 events

  Event Duration: 97.6s
  Parallel Exec:  97.6s
  Model Training Times:
    amplitude: train=81.4s, total=95.1s
    angle_encoding: train=76.6s, total=90.5s
    graph_cycle: train=83.4s, total=97.5s
    density_matrix: train=79.0s, total=93.3s
  Memory Peak: 1.59 GB
  Recalls: amplitude: 100%, angle_encoding: 100%, graph_cycle: 100%, density_matrix: 100%, ensemble: 100%
  [CHECKPOINT] Saved

================================================================================
Event 11575 (86/100)
================================================================================
2025-10-29 20:10:36,261 - src.imputation.base_imputer - INFO - Fitting amplitude_embedding imputer on 11574 samples
2025-10-29 20:10:36,264 - src.imputation.base_imputer - INFO - Fitting density_matrix_optimized imputer on 11574 samples
2025-10-29 20:10:36,264 - src.imputation.base_imputer - INFO - Fitting angle_encoding imputer on 11574 samples
2025-10-29 20:10:36,264 - src.imputation.base_imputer - INFO - Fitting graph_cycle_encoding imputer on 11574 samples
2025-10-29 20:10:36,265 - src.imputation.amplitude_embedding - INFO - Learned position frequencies from 11574 samples. Normalization mode: uniform
2025-10-29 20:10:36,265 - src.imputation.base_imputer - INFO - amplitude_embedding imputer fitted successfully
2025-10-29 20:10:36,265 - src.imputation.base_imputer - INFO - Transforming 11574 samples with amplitude_embedding imputer
2025-10-29 20:10:36,267 - src.imputation.angle_encoding - INFO - Angle encoding uses fixed angular mapping (no learning from 11574 training samples)
2025-10-29 20:10:36,267 - src.imputation.density_matrix - INFO - Density matrix uses fixed quantum mechanical construction (no learning from 11574 training samples)
2025-10-29 20:10:36,267 - src.imputation.base_imputer - INFO - angle_encoding imputer fitted successfully
2025-10-29 20:10:36,267 - src.imputation.base_imputer - INFO - density_matrix_optimized imputer fitted successfully
2025-10-29 20:10:36,267 - src.imputation.base_imputer - INFO - Transforming 11574 samples with angle_encoding imputer
2025-10-29 20:10:36,267 - src.imputation.base_imputer - INFO - Transforming 11574 samples with density_matrix_optimized imputer
2025-10-29 20:10:36,267 - src.imputation.graph_cycle_encoding - INFO - Graph/Cycle encoding uses fixed DFT basis and geometric distances (no learning from 11574 training samples)
2025-10-29 20:10:36,267 - src.imputation.base_imputer - INFO - graph_cycle_encoding imputer fitted successfully
2025-10-29 20:10:36,267 - src.imputation.base_imputer - INFO - Transforming 11574 samples with graph_cycle_encoding imputer
2025-10-29 20:10:44,042 - src.imputation.base_imputer - INFO - Transformation complete: output shape (11574, 322)
2025-10-29 20:10:44,042 - src.imputation.base_imputer - INFO - Transforming 1 samples with angle_encoding imputer
2025-10-29 20:10:44,044 - src.imputation.base_imputer - INFO - Transformation complete: output shape (1, 322)
2025-10-29 20:10:44,114 - src.imputation.base_imputer - INFO - Transformation complete: output shape (11574, 377)
2025-10-29 20:10:44,114 - src.imputation.base_imputer - INFO - Transforming 1 samples with amplitude_embedding imputer
2025-10-29 20:10:44,116 - src.imputation.base_imputer - INFO - Transformation complete: output shape (1, 377)
2025-10-29 20:10:44,753 - src.imputation.base_imputer - INFO - Transformation complete: output shape (11574, 259)
2025-10-29 20:10:44,753 - src.imputation.base_imputer - INFO - Transforming 1 samples with density_matrix_optimized imputer
2025-10-29 20:10:44,755 - src.imputation.base_imputer - INFO - Transformation complete: output shape (1, 259)
2025-10-29 20:10:45,028 - src.imputation.base_imputer - INFO - Transformation complete: output shape (11574, 277)
2025-10-29 20:10:45,028 - src.imputation.base_imputer - INFO - Transforming 1 samples with graph_cycle_encoding imputer
2025-10-29 20:10:45,030 - src.imputation.base_imputer - INFO - Transformation complete: output shape (1, 277)
2025-10-29 20:10:49,703 - src.modeling.rankers.lgbm_ranker - INFO - Training LGBMRanker on 11574 events...
2025-10-29 20:10:49,818 - src.modeling.rankers.lgbm_ranker - INFO - Training LGBMRanker on 11574 events...
2025-10-29 20:10:49,844 - src.modeling.rankers.lgbm_ranker - INFO - Computed position frequencies: 39 positions
2025-10-29 20:10:49,962 - src.modeling.rankers.lgbm_ranker - INFO - Computed position frequencies: 39 positions
2025-10-29 20:10:50,652 - src.modeling.rankers.lgbm_ranker - INFO - Training LGBMRanker on 11574 events...
2025-10-29 20:10:50,799 - src.modeling.rankers.lgbm_ranker - INFO - Computed position frequencies: 39 positions
2025-10-29 20:10:50,952 - src.modeling.rankers.lgbm_ranker - INFO - Training LGBMRanker on 11574 events...
2025-10-29 20:10:51,099 - src.modeling.rankers.lgbm_ranker - INFO - Computed position frequencies: 39 positions
2025-10-29 20:12:02,682 - src.modeling.rankers.lgbm_ranker - INFO - Transformed to ranking format: 451386 samples (11574 groups of 39 positions each)
2025-10-29 20:12:02,682 - src.modeling.rankers.lgbm_ranker - INFO - Training LightGBM model...
/usr/local/lib/python3.10/dist-packages/lightgbm/sklearn.py:861: UserWarning: Found 'ndcg_eval_at' in params. Will use it instead of 'eval_at' argument
  _log_warning(f"Found '{alias}' in params. Will use it instead of 'eval_at' argument")
2025-10-29 20:12:03,808 - src.modeling.rankers.lgbm_ranker - INFO - Top-5 most important features:
2025-10-29 20:12:03,808 - src.modeling.rankers.lgbm_ranker - INFO -   position_frequency: 358.00
2025-10-29 20:12:03,808 - src.modeling.rankers.lgbm_ranker - INFO -   aggregate_0: 318.00
2025-10-29 20:12:03,808 - src.modeling.rankers.lgbm_ranker - INFO -   position_id: 167.00
2025-10-29 20:12:03,809 - src.modeling.rankers.lgbm_ranker - INFO -   aggregate_1: 146.00
2025-10-29 20:12:03,809 - src.modeling.rankers.lgbm_ranker - INFO -   tunneling: 88.00
2025-10-29 20:12:03,809 - src.modeling.rankers.lgbm_ranker - INFO - ✓ Training completed in 74.11 seconds
2025-10-29 20:12:03,809 - src.modeling.rankers.lgbm_ranker - INFO - ✓ LGBMRanker training successful
2025-10-29 20:12:03,820 - src.modeling.rankers.lgbm_ranker - INFO - Predicting top-20 for 1 test events...
/usr/local/lib/python3.10/dist-packages/lightgbm/sklearn.py:861: UserWarning: Found 'ndcg_eval_at' in params. Will use it instead of 'eval_at' argument
  _log_warning(f"Found '{alias}' in params. Will use it instead of 'eval_at' argument")
2025-10-29 20:12:03,828 - src.modeling.rankers.lgbm_ranker - INFO - ✓ Predictions generated for 1 events
2025-10-29 20:12:08,293 - src.modeling.rankers.lgbm_ranker - INFO - Transformed to ranking format: 451386 samples (11574 groups of 39 positions each)
2025-10-29 20:12:08,293 - src.modeling.rankers.lgbm_ranker - INFO - Training LightGBM model...
/usr/local/lib/python3.10/dist-packages/lightgbm/sklearn.py:861: UserWarning: Found 'ndcg_eval_at' in params. Will use it instead of 'eval_at' argument
  _log_warning(f"Found '{alias}' in params. Will use it instead of 'eval_at' argument")
2025-10-29 20:12:10,011 - src.modeling.rankers.lgbm_ranker - INFO - Top-5 most important features:
2025-10-29 20:12:10,011 - src.modeling.rankers.lgbm_ranker - INFO -   position_frequency: 337.00
2025-10-29 20:12:10,011 - src.modeling.rankers.lgbm_ranker - INFO -   min_distance: 325.00
2025-10-29 20:12:10,011 - src.modeling.rankers.lgbm_ranker - INFO -   position_id: 321.00
2025-10-29 20:12:10,011 - src.modeling.rankers.lgbm_ranker - INFO -   tunneling: 290.00
2025-10-29 20:12:10,011 - src.modeling.rankers.lgbm_ranker - INFO -   density_window_0: 210.00
2025-10-29 20:12:10,011 - src.modeling.rankers.lgbm_ranker - INFO - ✓ Training completed in 79.36 seconds
2025-10-29 20:12:10,011 - src.modeling.rankers.lgbm_ranker - INFO - ✓ LGBMRanker training successful
2025-10-29 20:12:10,033 - src.modeling.rankers.lgbm_ranker - INFO - Predicting top-20 for 1 test events...
/usr/local/lib/python3.10/dist-packages/lightgbm/sklearn.py:861: UserWarning: Found 'ndcg_eval_at' in params. Will use it instead of 'eval_at' argument
  _log_warning(f"Found '{alias}' in params. Will use it instead of 'eval_at' argument")
2025-10-29 20:12:10,041 - src.modeling.rankers.lgbm_ranker - INFO - ✓ Predictions generated for 1 events
2025-10-29 20:12:11,431 - src.modeling.rankers.lgbm_ranker - INFO - Transformed to ranking format: 451386 samples (11574 groups of 39 positions each)
2025-10-29 20:12:11,432 - src.modeling.rankers.lgbm_ranker - INFO - Training LightGBM model...
/usr/local/lib/python3.10/dist-packages/lightgbm/sklearn.py:861: UserWarning: Found 'ndcg_eval_at' in params. Will use it instead of 'eval_at' argument
  _log_warning(f"Found '{alias}' in params. Will use it instead of 'eval_at' argument")
2025-10-29 20:12:12,432 - src.modeling.rankers.lgbm_ranker - INFO - Top-5 most important features:
2025-10-29 20:12:12,432 - src.modeling.rankers.lgbm_ranker - INFO -   position_frequency: 326.00
2025-10-29 20:12:12,432 - src.modeling.rankers.lgbm_ranker - INFO -   position_id: 242.00
2025-10-29 20:12:12,432 - src.modeling.rankers.lgbm_ranker - INFO -   tunneling: 235.00
2025-10-29 20:12:12,432 - src.modeling.rankers.lgbm_ranker - INFO -   min_distance: 164.00
2025-10-29 20:12:12,432 - src.modeling.rankers.lgbm_ranker - INFO -   density_window_0: 163.00
2025-10-29 20:12:12,432 - src.modeling.rankers.lgbm_ranker - INFO - ✓ Training completed in 82.61 seconds
2025-10-29 20:12:12,432 - src.modeling.rankers.lgbm_ranker - INFO - ✓ LGBMRanker training successful
2025-10-29 20:12:12,436 - src.modeling.rankers.lgbm_ranker - INFO - Predicting top-20 for 1 test events...
/usr/local/lib/python3.10/dist-packages/lightgbm/sklearn.py:861: UserWarning: Found 'ndcg_eval_at' in params. Will use it instead of 'eval_at' argument
  _log_warning(f"Found '{alias}' in params. Will use it instead of 'eval_at' argument")
2025-10-29 20:12:12,445 - src.modeling.rankers.lgbm_ranker - INFO - ✓ Predictions generated for 1 events
2025-10-29 20:12:13,607 - src.modeling.rankers.lgbm_ranker - INFO - Transformed to ranking format: 451386 samples (11574 groups of 39 positions each)
2025-10-29 20:12:13,607 - src.modeling.rankers.lgbm_ranker - INFO - Training LightGBM model...
/usr/local/lib/python3.10/dist-packages/lightgbm/sklearn.py:861: UserWarning: Found 'ndcg_eval_at' in params. Will use it instead of 'eval_at' argument
  _log_warning(f"Found '{alias}' in params. Will use it instead of 'eval_at' argument")
2025-10-29 20:12:16,605 - src.modeling.rankers.lgbm_ranker - INFO - Top-5 most important features:
2025-10-29 20:12:16,605 - src.modeling.rankers.lgbm_ranker - INFO -   tunneling: 403.00
2025-10-29 20:12:16,605 - src.modeling.rankers.lgbm_ranker - INFO -   position_id: 265.00
2025-10-29 20:12:16,605 - src.modeling.rankers.lgbm_ranker - INFO -   min_distance: 223.00
2025-10-29 20:12:16,605 - src.modeling.rankers.lgbm_ranker - INFO -   dft_45: 220.00
2025-10-29 20:12:16,605 - src.modeling.rankers.lgbm_ranker - INFO -   density_window_0: 207.00
2025-10-29 20:12:16,605 - src.modeling.rankers.lgbm_ranker - INFO - ✓ Training completed in 85.65 seconds
2025-10-29 20:12:16,605 - src.modeling.rankers.lgbm_ranker - INFO - ✓ LGBMRanker training successful
2025-10-29 20:12:16,653 - src.modeling.rankers.lgbm_ranker - INFO - Predicting top-20 for 1 test events...
/usr/local/lib/python3.10/dist-packages/lightgbm/sklearn.py:861: UserWarning: Found 'ndcg_eval_at' in params. Will use it instead of 'eval_at' argument
  _log_warning(f"Found '{alias}' in params. Will use it instead of 'eval_at' argument")
2025-10-29 20:12:16,662 - src.modeling.rankers.lgbm_ranker - INFO - ✓ Predictions generated for 1 events

  Event Duration: 100.6s
  Parallel Exec:  100.6s
  Model Training Times:
    amplitude: train=82.6s, total=96.2s
    angle_encoding: train=74.1s, total=87.6s
    graph_cycle: train=85.7s, total=100.4s
    density_matrix: train=79.4s, total=93.8s
  Memory Peak: 1.58 GB
  Recalls: amplitude: 100%, angle_encoding: 100%, graph_cycle: 100%, density_matrix: 100%, ensemble: 100%
  [CHECKPOINT] Saved

================================================================================
Event 11576 (87/100)
================================================================================
2025-10-29 20:12:16,844 - src.imputation.base_imputer - INFO - Fitting amplitude_embedding imputer on 11575 samples
2025-10-29 20:12:16,846 - src.imputation.base_imputer - INFO - Fitting graph_cycle_encoding imputer on 11575 samples
2025-10-29 20:12:16,846 - src.imputation.base_imputer - INFO - Fitting angle_encoding imputer on 11575 samples
2025-10-29 20:12:16,846 - src.imputation.base_imputer - INFO - Fitting density_matrix_optimized imputer on 11575 samples
2025-10-29 20:12:16,848 - src.imputation.amplitude_embedding - INFO - Learned position frequencies from 11575 samples. Normalization mode: uniform
2025-10-29 20:12:16,848 - src.imputation.base_imputer - INFO - amplitude_embedding imputer fitted successfully
2025-10-29 20:12:16,848 - src.imputation.base_imputer - INFO - Transforming 11575 samples with amplitude_embedding imputer
2025-10-29 20:12:16,849 - src.imputation.density_matrix - INFO - Density matrix uses fixed quantum mechanical construction (no learning from 11575 training samples)
2025-10-29 20:12:16,849 - src.imputation.base_imputer - INFO - density_matrix_optimized imputer fitted successfully
2025-10-29 20:12:16,850 - src.imputation.base_imputer - INFO - Transforming 11575 samples with density_matrix_optimized imputer
2025-10-29 20:12:16,850 - src.imputation.angle_encoding - INFO - Angle encoding uses fixed angular mapping (no learning from 11575 training samples)
2025-10-29 20:12:16,850 - src.imputation.graph_cycle_encoding - INFO - Graph/Cycle encoding uses fixed DFT basis and geometric distances (no learning from 11575 training samples)
2025-10-29 20:12:16,850 - src.imputation.base_imputer - INFO - angle_encoding imputer fitted successfully
2025-10-29 20:12:16,850 - src.imputation.base_imputer - INFO - graph_cycle_encoding imputer fitted successfully
2025-10-29 20:12:16,850 - src.imputation.base_imputer - INFO - Transforming 11575 samples with angle_encoding imputer
2025-10-29 20:12:16,850 - src.imputation.base_imputer - INFO - Transforming 11575 samples with graph_cycle_encoding imputer
2025-10-29 20:12:24,578 - src.imputation.base_imputer - INFO - Transformation complete: output shape (11575, 322)
2025-10-29 20:12:24,578 - src.imputation.base_imputer - INFO - Transforming 1 samples with angle_encoding imputer
2025-10-29 20:12:24,580 - src.imputation.base_imputer - INFO - Transformation complete: output shape (1, 322)
2025-10-29 20:12:24,720 - src.imputation.base_imputer - INFO - Transformation complete: output shape (11575, 377)
2025-10-29 20:12:24,720 - src.imputation.base_imputer - INFO - Transforming 1 samples with amplitude_embedding imputer
2025-10-29 20:12:24,722 - src.imputation.base_imputer - INFO - Transformation complete: output shape (1, 377)
2025-10-29 20:12:25,433 - src.imputation.base_imputer - INFO - Transformation complete: output shape (11575, 259)
2025-10-29 20:12:25,433 - src.imputation.base_imputer - INFO - Transforming 1 samples with density_matrix_optimized imputer
2025-10-29 20:12:25,435 - src.imputation.base_imputer - INFO - Transformation complete: output shape (1, 259)
2025-10-29 20:12:25,647 - src.imputation.base_imputer - INFO - Transformation complete: output shape (11575, 277)
2025-10-29 20:12:25,647 - src.imputation.base_imputer - INFO - Transforming 1 samples with graph_cycle_encoding imputer
2025-10-29 20:12:25,649 - src.imputation.base_imputer - INFO - Transformation complete: output shape (1, 277)
2025-10-29 20:12:30,294 - src.modeling.rankers.lgbm_ranker - INFO - Training LGBMRanker on 11575 events...
2025-10-29 20:12:30,376 - src.modeling.rankers.lgbm_ranker - INFO - Training LGBMRanker on 11575 events...
2025-10-29 20:12:30,438 - src.modeling.rankers.lgbm_ranker - INFO - Computed position frequencies: 39 positions
2025-10-29 20:12:30,520 - src.modeling.rankers.lgbm_ranker - INFO - Computed position frequencies: 39 positions
2025-10-29 20:12:31,340 - src.modeling.rankers.lgbm_ranker - INFO - Training LGBMRanker on 11575 events...
2025-10-29 20:12:31,489 - src.modeling.rankers.lgbm_ranker - INFO - Computed position frequencies: 39 positions
2025-10-29 20:12:31,532 - src.modeling.rankers.lgbm_ranker - INFO - Training LGBMRanker on 11575 events...
2025-10-29 20:12:31,678 - src.modeling.rankers.lgbm_ranker - INFO - Computed position frequencies: 39 positions
2025-10-29 20:13:43,722 - src.modeling.rankers.lgbm_ranker - INFO - Transformed to ranking format: 451425 samples (11575 groups of 39 positions each)
2025-10-29 20:13:43,722 - src.modeling.rankers.lgbm_ranker - INFO - Training LightGBM model...
/usr/local/lib/python3.10/dist-packages/lightgbm/sklearn.py:861: UserWarning: Found 'ndcg_eval_at' in params. Will use it instead of 'eval_at' argument
  _log_warning(f"Found '{alias}' in params. Will use it instead of 'eval_at' argument")
2025-10-29 20:13:44,955 - src.modeling.rankers.lgbm_ranker - INFO - Top-5 most important features:
2025-10-29 20:13:44,955 - src.modeling.rankers.lgbm_ranker - INFO -   aggregate_0: 338.00
2025-10-29 20:13:44,955 - src.modeling.rankers.lgbm_ranker - INFO -   position_frequency: 252.00
2025-10-29 20:13:44,955 - src.modeling.rankers.lgbm_ranker - INFO -   position_id: 176.00
2025-10-29 20:13:44,955 - src.modeling.rankers.lgbm_ranker - INFO -   aggregate_1: 107.00
2025-10-29 20:13:44,955 - src.modeling.rankers.lgbm_ranker - INFO -   angle: 81.00
2025-10-29 20:13:44,955 - src.modeling.rankers.lgbm_ranker - INFO - ✓ Training completed in 74.66 seconds
2025-10-29 20:13:44,955 - src.modeling.rankers.lgbm_ranker - INFO - ✓ LGBMRanker training successful
2025-10-29 20:13:44,970 - src.modeling.rankers.lgbm_ranker - INFO - Predicting top-20 for 1 test events...
/usr/local/lib/python3.10/dist-packages/lightgbm/sklearn.py:861: UserWarning: Found 'ndcg_eval_at' in params. Will use it instead of 'eval_at' argument
  _log_warning(f"Found '{alias}' in params. Will use it instead of 'eval_at' argument")
2025-10-29 20:13:44,978 - src.modeling.rankers.lgbm_ranker - INFO - ✓ Predictions generated for 1 events
2025-10-29 20:13:47,271 - src.modeling.rankers.lgbm_ranker - INFO - Transformed to ranking format: 451425 samples (11575 groups of 39 positions each)
2025-10-29 20:13:47,271 - src.modeling.rankers.lgbm_ranker - INFO - Training LightGBM model...
/usr/local/lib/python3.10/dist-packages/lightgbm/sklearn.py:861: UserWarning: Found 'ndcg_eval_at' in params. Will use it instead of 'eval_at' argument
  _log_warning(f"Found '{alias}' in params. Will use it instead of 'eval_at' argument")
2025-10-29 20:13:48,829 - src.modeling.rankers.lgbm_ranker - INFO - Top-5 most important features:
2025-10-29 20:13:48,829 - src.modeling.rankers.lgbm_ranker - INFO -   position_id: 327.00
2025-10-29 20:13:48,829 - src.modeling.rankers.lgbm_ranker - INFO -   tunneling: 311.00
2025-10-29 20:13:48,829 - src.modeling.rankers.lgbm_ranker - INFO -   position_frequency: 290.00
2025-10-29 20:13:48,829 - src.modeling.rankers.lgbm_ranker - INFO -   min_distance: 277.00
2025-10-29 20:13:48,829 - src.modeling.rankers.lgbm_ranker - INFO -   density_window_0: 236.00
2025-10-29 20:13:48,829 - src.modeling.rankers.lgbm_ranker - INFO - ✓ Training completed in 77.49 seconds
2025-10-29 20:13:48,829 - src.modeling.rankers.lgbm_ranker - INFO - ✓ LGBMRanker training successful
2025-10-29 20:13:48,851 - src.modeling.rankers.lgbm_ranker - INFO - Predicting top-20 for 1 test events...
/usr/local/lib/python3.10/dist-packages/lightgbm/sklearn.py:861: UserWarning: Found 'ndcg_eval_at' in params. Will use it instead of 'eval_at' argument
  _log_warning(f"Found '{alias}' in params. Will use it instead of 'eval_at' argument")
2025-10-29 20:13:48,859 - src.modeling.rankers.lgbm_ranker - INFO - ✓ Predictions generated for 1 events
2025-10-29 20:13:52,011 - src.modeling.rankers.lgbm_ranker - INFO - Transformed to ranking format: 451425 samples (11575 groups of 39 positions each)
2025-10-29 20:13:52,011 - src.modeling.rankers.lgbm_ranker - INFO - Training LightGBM model...
/usr/local/lib/python3.10/dist-packages/lightgbm/sklearn.py:861: UserWarning: Found 'ndcg_eval_at' in params. Will use it instead of 'eval_at' argument
  _log_warning(f"Found '{alias}' in params. Will use it instead of 'eval_at' argument")
2025-10-29 20:13:53,039 - src.modeling.rankers.lgbm_ranker - INFO - Top-5 most important features:
2025-10-29 20:13:53,039 - src.modeling.rankers.lgbm_ranker - INFO -   tunneling: 279.00
2025-10-29 20:13:53,039 - src.modeling.rankers.lgbm_ranker - INFO -   position_id: 230.00
2025-10-29 20:13:53,039 - src.modeling.rankers.lgbm_ranker - INFO -   position_frequency: 221.00
2025-10-29 20:13:53,039 - src.modeling.rankers.lgbm_ranker - INFO -   min_distance: 179.00
2025-10-29 20:13:53,039 - src.modeling.rankers.lgbm_ranker - INFO -   density_window_0: 142.00
2025-10-29 20:13:53,039 - src.modeling.rankers.lgbm_ranker - INFO - ✓ Training completed in 82.66 seconds
2025-10-29 20:13:53,039 - src.modeling.rankers.lgbm_ranker - INFO - ✓ LGBMRanker training successful
2025-10-29 20:13:53,043 - src.modeling.rankers.lgbm_ranker - INFO - Predicting top-20 for 1 test events...
/usr/local/lib/python3.10/dist-packages/lightgbm/sklearn.py:861: UserWarning: Found 'ndcg_eval_at' in params. Will use it instead of 'eval_at' argument
  _log_warning(f"Found '{alias}' in params. Will use it instead of 'eval_at' argument")
2025-10-29 20:13:53,052 - src.modeling.rankers.lgbm_ranker - INFO - ✓ Predictions generated for 1 events
2025-10-29 20:13:54,305 - src.modeling.rankers.lgbm_ranker - INFO - Transformed to ranking format: 451425 samples (11575 groups of 39 positions each)
2025-10-29 20:13:54,305 - src.modeling.rankers.lgbm_ranker - INFO - Training LightGBM model...
/usr/local/lib/python3.10/dist-packages/lightgbm/sklearn.py:861: UserWarning: Found 'ndcg_eval_at' in params. Will use it instead of 'eval_at' argument
  _log_warning(f"Found '{alias}' in params. Will use it instead of 'eval_at' argument")
2025-10-29 20:13:57,329 - src.modeling.rankers.lgbm_ranker - INFO - Top-5 most important features:
2025-10-29 20:13:57,329 - src.modeling.rankers.lgbm_ranker - INFO -   tunneling: 394.00
2025-10-29 20:13:57,329 - src.modeling.rankers.lgbm_ranker - INFO -   min_distance: 238.00
2025-10-29 20:13:57,329 - src.modeling.rankers.lgbm_ranker - INFO -   position_id: 231.00
2025-10-29 20:13:57,329 - src.modeling.rankers.lgbm_ranker - INFO -   density_window_0: 179.00
2025-10-29 20:13:57,329 - src.modeling.rankers.lgbm_ranker - INFO -   dft_45: 174.00
2025-10-29 20:13:57,329 - src.modeling.rankers.lgbm_ranker - INFO - ✓ Training completed in 85.80 seconds
2025-10-29 20:13:57,329 - src.modeling.rankers.lgbm_ranker - INFO - ✓ LGBMRanker training successful
2025-10-29 20:13:57,409 - src.modeling.rankers.lgbm_ranker - INFO - Predicting top-20 for 1 test events...
/usr/local/lib/python3.10/dist-packages/lightgbm/sklearn.py:861: UserWarning: Found 'ndcg_eval_at' in params. Will use it instead of 'eval_at' argument
  _log_warning(f"Found '{alias}' in params. Will use it instead of 'eval_at' argument")
2025-10-29 20:13:57,418 - src.modeling.rankers.lgbm_ranker - INFO - ✓ Predictions generated for 1 events

  Event Duration: 100.7s
  Parallel Exec:  100.7s
  Model Training Times:
    amplitude: train=82.7s, total=96.2s
    angle_encoding: train=74.7s, total=88.2s
    graph_cycle: train=85.9s, total=100.6s
    density_matrix: train=77.5s, total=92.0s
  Memory Peak: 1.27 GB
  Recalls: amplitude: 100%, angle_encoding: 100%, graph_cycle: 100%, density_matrix: 100%, ensemble: 100%
  [CHECKPOINT] Saved

================================================================================
Event 11577 (88/100)
================================================================================
2025-10-29 20:13:57,570 - src.imputation.base_imputer - INFO - Fitting amplitude_embedding imputer on 11576 samples
2025-10-29 20:13:57,573 - src.imputation.base_imputer - INFO - Fitting density_matrix_optimized imputer on 11576 samples
2025-10-29 20:13:57,573 - src.imputation.base_imputer - INFO - Fitting angle_encoding imputer on 11576 samples
2025-10-29 20:13:57,573 - src.imputation.base_imputer - INFO - Fitting graph_cycle_encoding imputer on 11576 samples
2025-10-29 20:13:57,574 - src.imputation.amplitude_embedding - INFO - Learned position frequencies from 11576 samples. Normalization mode: uniform
2025-10-29 20:13:57,574 - src.imputation.base_imputer - INFO - amplitude_embedding imputer fitted successfully
2025-10-29 20:13:57,574 - src.imputation.base_imputer - INFO - Transforming 11576 samples with amplitude_embedding imputer
2025-10-29 20:13:57,577 - src.imputation.angle_encoding - INFO - Angle encoding uses fixed angular mapping (no learning from 11576 training samples)
2025-10-29 20:13:57,577 - src.imputation.density_matrix - INFO - Density matrix uses fixed quantum mechanical construction (no learning from 11576 training samples)
2025-10-29 20:13:57,577 - src.imputation.graph_cycle_encoding - INFO - Graph/Cycle encoding uses fixed DFT basis and geometric distances (no learning from 11576 training samples)
2025-10-29 20:13:57,577 - src.imputation.base_imputer - INFO - angle_encoding imputer fitted successfully
2025-10-29 20:13:57,577 - src.imputation.base_imputer - INFO - density_matrix_optimized imputer fitted successfully
2025-10-29 20:13:57,577 - src.imputation.base_imputer - INFO - graph_cycle_encoding imputer fitted successfully
2025-10-29 20:13:57,577 - src.imputation.base_imputer - INFO - Transforming 11576 samples with angle_encoding imputer
2025-10-29 20:13:57,577 - src.imputation.base_imputer - INFO - Transforming 11576 samples with density_matrix_optimized imputer
2025-10-29 20:13:57,577 - src.imputation.base_imputer - INFO - Transforming 11576 samples with graph_cycle_encoding imputer
2025-10-29 20:14:05,459 - src.imputation.base_imputer - INFO - Transformation complete: output shape (11576, 377)
2025-10-29 20:14:05,459 - src.imputation.base_imputer - INFO - Transforming 1 samples with amplitude_embedding imputer
2025-10-29 20:14:05,461 - src.imputation.base_imputer - INFO - Transformation complete: output shape (1, 377)
2025-10-29 20:14:05,537 - src.imputation.base_imputer - INFO - Transformation complete: output shape (11576, 322)
2025-10-29 20:14:05,537 - src.imputation.base_imputer - INFO - Transforming 1 samples with angle_encoding imputer
2025-10-29 20:14:05,539 - src.imputation.base_imputer - INFO - Transformation complete: output shape (1, 322)
2025-10-29 20:14:05,690 - src.imputation.base_imputer - INFO - Transformation complete: output shape (11576, 259)
2025-10-29 20:14:05,690 - src.imputation.base_imputer - INFO - Transforming 1 samples with density_matrix_optimized imputer
2025-10-29 20:14:05,692 - src.imputation.base_imputer - INFO - Transformation complete: output shape (1, 259)
2025-10-29 20:14:06,302 - src.imputation.base_imputer - INFO - Transformation complete: output shape (11576, 277)
2025-10-29 20:14:06,302 - src.imputation.base_imputer - INFO - Transforming 1 samples with graph_cycle_encoding imputer
2025-10-29 20:14:06,304 - src.imputation.base_imputer - INFO - Transformation complete: output shape (1, 277)
2025-10-29 20:14:11,164 - src.modeling.rankers.lgbm_ranker - INFO - Training LGBMRanker on 11576 events...
2025-10-29 20:14:11,309 - src.modeling.rankers.lgbm_ranker - INFO - Computed position frequencies: 39 positions
2025-10-29 20:14:11,333 - src.modeling.rankers.lgbm_ranker - INFO - Training LGBMRanker on 11576 events...
2025-10-29 20:14:11,428 - src.modeling.rankers.lgbm_ranker - INFO - Training LGBMRanker on 11576 events...
2025-10-29 20:14:11,476 - src.modeling.rankers.lgbm_ranker - INFO - Computed position frequencies: 39 positions
2025-10-29 20:14:11,574 - src.modeling.rankers.lgbm_ranker - INFO - Computed position frequencies: 39 positions
2025-10-29 20:14:12,151 - src.modeling.rankers.lgbm_ranker - INFO - Training LGBMRanker on 11576 events...
2025-10-29 20:14:12,300 - src.modeling.rankers.lgbm_ranker - INFO - Computed position frequencies: 39 positions
2025-10-29 20:15:25,886 - src.modeling.rankers.lgbm_ranker - INFO - Transformed to ranking format: 451464 samples (11576 groups of 39 positions each)
2025-10-29 20:15:25,886 - src.modeling.rankers.lgbm_ranker - INFO - Training LightGBM model...
/usr/local/lib/python3.10/dist-packages/lightgbm/sklearn.py:861: UserWarning: Found 'ndcg_eval_at' in params. Will use it instead of 'eval_at' argument
  _log_warning(f"Found '{alias}' in params. Will use it instead of 'eval_at' argument")
2025-10-29 20:15:26,434 - src.modeling.rankers.lgbm_ranker - INFO - Transformed to ranking format: 451464 samples (11576 groups of 39 positions each)
2025-10-29 20:15:26,434 - src.modeling.rankers.lgbm_ranker - INFO - Training LightGBM model...
/usr/local/lib/python3.10/dist-packages/lightgbm/sklearn.py:861: UserWarning: Found 'ndcg_eval_at' in params. Will use it instead of 'eval_at' argument
  _log_warning(f"Found '{alias}' in params. Will use it instead of 'eval_at' argument")
2025-10-29 20:15:27,537 - src.modeling.rankers.lgbm_ranker - INFO - Top-5 most important features:
2025-10-29 20:15:27,537 - src.modeling.rankers.lgbm_ranker - INFO -   position_id: 397.00
2025-10-29 20:15:27,537 - src.modeling.rankers.lgbm_ranker - INFO -   position_frequency: 315.00
2025-10-29 20:15:27,537 - src.modeling.rankers.lgbm_ranker - INFO -   tunneling: 297.00
2025-10-29 20:15:27,537 - src.modeling.rankers.lgbm_ranker - INFO -   min_distance: 245.00
2025-10-29 20:15:27,537 - src.modeling.rankers.lgbm_ranker - INFO -   density_window_0: 212.00
2025-10-29 20:15:27,537 - src.modeling.rankers.lgbm_ranker - INFO - ✓ Training completed in 76.20 seconds
2025-10-29 20:15:27,537 - src.modeling.rankers.lgbm_ranker - INFO - ✓ LGBMRanker training successful
2025-10-29 20:15:27,558 - src.modeling.rankers.lgbm_ranker - INFO - Predicting top-20 for 1 test events...
2025-10-29 20:15:27,565 - src.modeling.rankers.lgbm_ranker - INFO - Top-5 most important features:
2025-10-29 20:15:27,566 - src.modeling.rankers.lgbm_ranker - INFO -   aggregate_0: 271.00
2025-10-29 20:15:27,566 - src.modeling.rankers.lgbm_ranker - INFO -   position_frequency: 203.00
2025-10-29 20:15:27,566 - src.modeling.rankers.lgbm_ranker - INFO -   position_id: 190.00
2025-10-29 20:15:27,566 - src.modeling.rankers.lgbm_ranker - INFO -   aggregate_1: 142.00
2025-10-29 20:15:27,566 - src.modeling.rankers.lgbm_ranker - INFO -   density_window_0: 114.00
2025-10-29 20:15:27,566 - src.modeling.rankers.lgbm_ranker - INFO - ✓ Training completed in 76.14 seconds
2025-10-29 20:15:27,566 - src.modeling.rankers.lgbm_ranker - INFO - ✓ LGBMRanker training successful
/usr/local/lib/python3.10/dist-packages/lightgbm/sklearn.py:861: UserWarning: Found 'ndcg_eval_at' in params. Will use it instead of 'eval_at' argument
  _log_warning(f"Found '{alias}' in params. Will use it instead of 'eval_at' argument")
2025-10-29 20:15:27,567 - src.modeling.rankers.lgbm_ranker - INFO - ✓ Predictions generated for 1 events
2025-10-29 20:15:27,578 - src.modeling.rankers.lgbm_ranker - INFO - Predicting top-20 for 1 test events...
/usr/local/lib/python3.10/dist-packages/lightgbm/sklearn.py:861: UserWarning: Found 'ndcg_eval_at' in params. Will use it instead of 'eval_at' argument
  _log_warning(f"Found '{alias}' in params. Will use it instead of 'eval_at' argument")
2025-10-29 20:15:27,586 - src.modeling.rankers.lgbm_ranker - INFO - ✓ Predictions generated for 1 events
2025-10-29 20:15:31,146 - src.modeling.rankers.lgbm_ranker - INFO - Transformed to ranking format: 451464 samples (11576 groups of 39 positions each)
2025-10-29 20:15:31,146 - src.modeling.rankers.lgbm_ranker - INFO - Training LightGBM model...
/usr/local/lib/python3.10/dist-packages/lightgbm/sklearn.py:861: UserWarning: Found 'ndcg_eval_at' in params. Will use it instead of 'eval_at' argument
  _log_warning(f"Found '{alias}' in params. Will use it instead of 'eval_at' argument")
2025-10-29 20:15:32,143 - src.modeling.rankers.lgbm_ranker - INFO - Top-5 most important features:
2025-10-29 20:15:32,143 - src.modeling.rankers.lgbm_ranker - INFO -   position_frequency: 310.00
2025-10-29 20:15:32,143 - src.modeling.rankers.lgbm_ranker - INFO -   position_id: 272.00
2025-10-29 20:15:32,143 - src.modeling.rankers.lgbm_ranker - INFO -   tunneling: 223.00
2025-10-29 20:15:32,143 - src.modeling.rankers.lgbm_ranker - INFO -   min_distance: 202.00
2025-10-29 20:15:32,143 - src.modeling.rankers.lgbm_ranker - INFO -   density_window_0: 121.00
2025-10-29 20:15:32,143 - src.modeling.rankers.lgbm_ranker - INFO - ✓ Training completed in 80.98 seconds
2025-10-29 20:15:32,143 - src.modeling.rankers.lgbm_ranker - INFO - ✓ LGBMRanker training successful
2025-10-29 20:15:32,146 - src.modeling.rankers.lgbm_ranker - INFO - Predicting top-20 for 1 test events...
/usr/local/lib/python3.10/dist-packages/lightgbm/sklearn.py:861: UserWarning: Found 'ndcg_eval_at' in params. Will use it instead of 'eval_at' argument
  _log_warning(f"Found '{alias}' in params. Will use it instead of 'eval_at' argument")
2025-10-29 20:15:32,155 - src.modeling.rankers.lgbm_ranker - INFO - ✓ Predictions generated for 1 events
2025-10-29 20:15:34,825 - src.modeling.rankers.lgbm_ranker - INFO - Transformed to ranking format: 451464 samples (11576 groups of 39 positions each)
2025-10-29 20:15:34,825 - src.modeling.rankers.lgbm_ranker - INFO - Training LightGBM model...
/usr/local/lib/python3.10/dist-packages/lightgbm/sklearn.py:861: UserWarning: Found 'ndcg_eval_at' in params. Will use it instead of 'eval_at' argument
  _log_warning(f"Found '{alias}' in params. Will use it instead of 'eval_at' argument")
2025-10-29 20:15:37,767 - src.modeling.rankers.lgbm_ranker - INFO - Top-5 most important features:
2025-10-29 20:15:37,767 - src.modeling.rankers.lgbm_ranker - INFO -   tunneling: 367.00
2025-10-29 20:15:37,767 - src.modeling.rankers.lgbm_ranker - INFO -   position_id: 244.00
2025-10-29 20:15:37,767 - src.modeling.rankers.lgbm_ranker - INFO -   min_distance: 215.00
2025-10-29 20:15:37,767 - src.modeling.rankers.lgbm_ranker - INFO -   density_window_0: 180.00
2025-10-29 20:15:37,767 - src.modeling.rankers.lgbm_ranker - INFO -   dft_45: 175.00
2025-10-29 20:15:37,767 - src.modeling.rankers.lgbm_ranker - INFO - ✓ Training completed in 85.62 seconds
2025-10-29 20:15:37,767 - src.modeling.rankers.lgbm_ranker - INFO - ✓ LGBMRanker training successful
2025-10-29 20:15:37,819 - src.modeling.rankers.lgbm_ranker - INFO - Predicting top-20 for 1 test events...
/usr/local/lib/python3.10/dist-packages/lightgbm/sklearn.py:861: UserWarning: Found 'ndcg_eval_at' in params. Will use it instead of 'eval_at' argument
  _log_warning(f"Found '{alias}' in params. Will use it instead of 'eval_at' argument")
2025-10-29 20:15:37,828 - src.modeling.rankers.lgbm_ranker - INFO - ✓ Predictions generated for 1 events

  Event Duration: 100.4s
  Parallel Exec:  100.4s
  Model Training Times:
    amplitude: train=81.0s, total=94.6s
    angle_encoding: train=76.1s, total=90.0s
    graph_cycle: train=85.7s, total=100.3s
    density_matrix: train=76.2s, total=90.0s
  Memory Peak: 1.43 GB
  Recalls: amplitude: 100%, angle_encoding: 100%, graph_cycle: 100%, density_matrix: 100%, ensemble: 100%
  [CHECKPOINT] Saved

================================================================================
Event 11578 (89/100)
================================================================================
2025-10-29 20:15:37,976 - src.imputation.base_imputer - INFO - Fitting amplitude_embedding imputer on 11577 samples
2025-10-29 20:15:37,978 - src.imputation.base_imputer - INFO - Fitting graph_cycle_encoding imputer on 11577 samples
2025-10-29 20:15:37,978 - src.imputation.base_imputer - INFO - Fitting density_matrix_optimized imputer on 11577 samples
2025-10-29 20:15:37,978 - src.imputation.base_imputer - INFO - Fitting angle_encoding imputer on 11577 samples
2025-10-29 20:15:37,980 - src.imputation.amplitude_embedding - INFO - Learned position frequencies from 11577 samples. Normalization mode: uniform
2025-10-29 20:15:37,980 - src.imputation.base_imputer - INFO - amplitude_embedding imputer fitted successfully
2025-10-29 20:15:37,980 - src.imputation.base_imputer - INFO - Transforming 11577 samples with amplitude_embedding imputer
2025-10-29 20:15:37,982 - src.imputation.density_matrix - INFO - Density matrix uses fixed quantum mechanical construction (no learning from 11577 training samples)
2025-10-29 20:15:37,982 - src.imputation.graph_cycle_encoding - INFO - Graph/Cycle encoding uses fixed DFT basis and geometric distances (no learning from 11577 training samples)
2025-10-29 20:15:37,982 - src.imputation.base_imputer - INFO - density_matrix_optimized imputer fitted successfully
2025-10-29 20:15:37,982 - src.imputation.base_imputer - INFO - graph_cycle_encoding imputer fitted successfully
2025-10-29 20:15:37,982 - src.imputation.angle_encoding - INFO - Angle encoding uses fixed angular mapping (no learning from 11577 training samples)
2025-10-29 20:15:37,982 - src.imputation.base_imputer - INFO - Transforming 11577 samples with density_matrix_optimized imputer
2025-10-29 20:15:37,982 - src.imputation.base_imputer - INFO - Transforming 11577 samples with graph_cycle_encoding imputer
2025-10-29 20:15:37,982 - src.imputation.base_imputer - INFO - angle_encoding imputer fitted successfully
2025-10-29 20:15:37,982 - src.imputation.base_imputer - INFO - Transforming 11577 samples with angle_encoding imputer
2025-10-29 20:15:45,802 - src.imputation.base_imputer - INFO - Transformation complete: output shape (11577, 377)
2025-10-29 20:15:45,802 - src.imputation.base_imputer - INFO - Transforming 1 samples with amplitude_embedding imputer
2025-10-29 20:15:45,804 - src.imputation.base_imputer - INFO - Transformation complete: output shape (1, 377)
2025-10-29 20:15:46,024 - src.imputation.base_imputer - INFO - Transformation complete: output shape (11577, 322)
2025-10-29 20:15:46,024 - src.imputation.base_imputer - INFO - Transforming 1 samples with angle_encoding imputer
2025-10-29 20:15:46,026 - src.imputation.base_imputer - INFO - Transformation complete: output shape (1, 322)
2025-10-29 20:15:46,326 - src.imputation.base_imputer - INFO - Transformation complete: output shape (11577, 259)
2025-10-29 20:15:46,326 - src.imputation.base_imputer - INFO - Transforming 1 samples with density_matrix_optimized imputer
2025-10-29 20:15:46,328 - src.imputation.base_imputer - INFO - Transformation complete: output shape (1, 259)
2025-10-29 20:15:46,409 - src.imputation.base_imputer - INFO - Transformation complete: output shape (11577, 277)
2025-10-29 20:15:46,410 - src.imputation.base_imputer - INFO - Transforming 1 samples with graph_cycle_encoding imputer
2025-10-29 20:15:46,412 - src.imputation.base_imputer - INFO - Transformation complete: output shape (1, 277)
2025-10-29 20:15:51,501 - src.modeling.rankers.lgbm_ranker - INFO - Training LGBMRanker on 11577 events...
2025-10-29 20:15:51,643 - src.modeling.rankers.lgbm_ranker - INFO - Computed position frequencies: 39 positions
2025-10-29 20:15:51,839 - src.modeling.rankers.lgbm_ranker - INFO - Training LGBMRanker on 11577 events...
2025-10-29 20:15:51,985 - src.modeling.rankers.lgbm_ranker - INFO - Computed position frequencies: 39 positions
2025-10-29 20:15:52,035 - src.modeling.rankers.lgbm_ranker - INFO - Training LGBMRanker on 11577 events...
2025-10-29 20:15:52,147 - src.modeling.rankers.lgbm_ranker - INFO - Training LGBMRanker on 11577 events...
2025-10-29 20:15:52,177 - src.modeling.rankers.lgbm_ranker - INFO - Computed position frequencies: 39 positions
2025-10-29 20:15:52,293 - src.modeling.rankers.lgbm_ranker - INFO - Computed position frequencies: 39 positions
2025-10-29 20:17:06,324 - src.modeling.rankers.lgbm_ranker - INFO - Transformed to ranking format: 451503 samples (11577 groups of 39 positions each)
2025-10-29 20:17:06,325 - src.modeling.rankers.lgbm_ranker - INFO - Training LightGBM model...
/usr/local/lib/python3.10/dist-packages/lightgbm/sklearn.py:861: UserWarning: Found 'ndcg_eval_at' in params. Will use it instead of 'eval_at' argument
  _log_warning(f"Found '{alias}' in params. Will use it instead of 'eval_at' argument")
2025-10-29 20:17:07,487 - src.modeling.rankers.lgbm_ranker - INFO - Top-5 most important features:
2025-10-29 20:17:07,487 - src.modeling.rankers.lgbm_ranker - INFO -   position_frequency: 259.00
2025-10-29 20:17:07,487 - src.modeling.rankers.lgbm_ranker - INFO -   aggregate_0: 245.00
2025-10-29 20:17:07,487 - src.modeling.rankers.lgbm_ranker - INFO -   position_id: 239.00
2025-10-29 20:17:07,487 - src.modeling.rankers.lgbm_ranker - INFO -   tunneling: 122.00
2025-10-29 20:17:07,487 - src.modeling.rankers.lgbm_ranker - INFO -   density_window_0: 93.00
2025-10-29 20:17:07,487 - src.modeling.rankers.lgbm_ranker - INFO - ✓ Training completed in 75.65 seconds
2025-10-29 20:17:07,487 - src.modeling.rankers.lgbm_ranker - INFO - ✓ LGBMRanker training successful
2025-10-29 20:17:07,499 - src.modeling.rankers.lgbm_ranker - INFO - Predicting top-20 for 1 test events...
/usr/local/lib/python3.10/dist-packages/lightgbm/sklearn.py:861: UserWarning: Found 'ndcg_eval_at' in params. Will use it instead of 'eval_at' argument
  _log_warning(f"Found '{alias}' in params. Will use it instead of 'eval_at' argument")
2025-10-29 20:17:07,507 - src.modeling.rankers.lgbm_ranker - INFO - ✓ Predictions generated for 1 events
2025-10-29 20:17:08,808 - src.modeling.rankers.lgbm_ranker - INFO - Transformed to ranking format: 451503 samples (11577 groups of 39 positions each)
2025-10-29 20:17:08,808 - src.modeling.rankers.lgbm_ranker - INFO - Training LightGBM model...
/usr/local/lib/python3.10/dist-packages/lightgbm/sklearn.py:861: UserWarning: Found 'ndcg_eval_at' in params. Will use it instead of 'eval_at' argument
  _log_warning(f"Found '{alias}' in params. Will use it instead of 'eval_at' argument")
2025-10-29 20:17:10,432 - src.modeling.rankers.lgbm_ranker - INFO - Top-5 most important features:
2025-10-29 20:17:10,432 - src.modeling.rankers.lgbm_ranker - INFO -   position_id: 366.00
2025-10-29 20:17:10,432 - src.modeling.rankers.lgbm_ranker - INFO -   position_frequency: 334.00
2025-10-29 20:17:10,432 - src.modeling.rankers.lgbm_ranker - INFO -   tunneling: 309.00
2025-10-29 20:17:10,432 - src.modeling.rankers.lgbm_ranker - INFO -   min_distance: 268.00
2025-10-29 20:17:10,432 - src.modeling.rankers.lgbm_ranker - INFO -   density_window_0: 209.00
2025-10-29 20:17:10,432 - src.modeling.rankers.lgbm_ranker - INFO - ✓ Training completed in 78.29 seconds
2025-10-29 20:17:10,432 - src.modeling.rankers.lgbm_ranker - INFO - ✓ LGBMRanker training successful
2025-10-29 20:17:10,463 - src.modeling.rankers.lgbm_ranker - INFO - Predicting top-20 for 1 test events...
/usr/local/lib/python3.10/dist-packages/lightgbm/sklearn.py:861: UserWarning: Found 'ndcg_eval_at' in params. Will use it instead of 'eval_at' argument
  _log_warning(f"Found '{alias}' in params. Will use it instead of 'eval_at' argument")
2025-10-29 20:17:10,473 - src.modeling.rankers.lgbm_ranker - INFO - ✓ Predictions generated for 1 events
2025-10-29 20:17:11,587 - src.modeling.rankers.lgbm_ranker - INFO - Transformed to ranking format: 451503 samples (11577 groups of 39 positions each)
2025-10-29 20:17:11,587 - src.modeling.rankers.lgbm_ranker - INFO - Training LightGBM model...
/usr/local/lib/python3.10/dist-packages/lightgbm/sklearn.py:861: UserWarning: Found 'ndcg_eval_at' in params. Will use it instead of 'eval_at' argument
  _log_warning(f"Found '{alias}' in params. Will use it instead of 'eval_at' argument")
2025-10-29 20:17:11,814 - src.modeling.rankers.lgbm_ranker - INFO - Transformed to ranking format: 451503 samples (11577 groups of 39 positions each)
2025-10-29 20:17:11,814 - src.modeling.rankers.lgbm_ranker - INFO - Training LightGBM model...
/usr/local/lib/python3.10/dist-packages/lightgbm/sklearn.py:861: UserWarning: Found 'ndcg_eval_at' in params. Will use it instead of 'eval_at' argument
  _log_warning(f"Found '{alias}' in params. Will use it instead of 'eval_at' argument")
2025-10-29 20:17:12,821 - src.modeling.rankers.lgbm_ranker - INFO - Top-5 most important features:
2025-10-29 20:17:12,821 - src.modeling.rankers.lgbm_ranker - INFO -   tunneling: 317.00
2025-10-29 20:17:12,821 - src.modeling.rankers.lgbm_ranker - INFO -   position_frequency: 286.00
2025-10-29 20:17:12,822 - src.modeling.rankers.lgbm_ranker - INFO -   position_id: 248.00
2025-10-29 20:17:12,822 - src.modeling.rankers.lgbm_ranker - INFO -   min_distance: 181.00
2025-10-29 20:17:12,822 - src.modeling.rankers.lgbm_ranker - INFO -   amplitude: 81.00
2025-10-29 20:17:12,822 - src.modeling.rankers.lgbm_ranker - INFO - ✓ Training completed in 81.32 seconds
2025-10-29 20:17:12,822 - src.modeling.rankers.lgbm_ranker - INFO - ✓ LGBMRanker training successful
2025-10-29 20:17:12,826 - src.modeling.rankers.lgbm_ranker - INFO - Predicting top-20 for 1 test events...
/usr/local/lib/python3.10/dist-packages/lightgbm/sklearn.py:861: UserWarning: Found 'ndcg_eval_at' in params. Will use it instead of 'eval_at' argument
  _log_warning(f"Found '{alias}' in params. Will use it instead of 'eval_at' argument")
2025-10-29 20:17:12,834 - src.modeling.rankers.lgbm_ranker - INFO - ✓ Predictions generated for 1 events
2025-10-29 20:17:14,586 - src.modeling.rankers.lgbm_ranker - INFO - Top-5 most important features:
2025-10-29 20:17:14,586 - src.modeling.rankers.lgbm_ranker - INFO -   tunneling: 407.00
2025-10-29 20:17:14,586 - src.modeling.rankers.lgbm_ranker - INFO -   position_id: 248.00
2025-10-29 20:17:14,586 - src.modeling.rankers.lgbm_ranker - INFO -   min_distance: 236.00
2025-10-29 20:17:14,586 - src.modeling.rankers.lgbm_ranker - INFO -   density_window_0: 198.00
2025-10-29 20:17:14,586 - src.modeling.rankers.lgbm_ranker - INFO -   dft_45: 197.00
2025-10-29 20:17:14,586 - src.modeling.rankers.lgbm_ranker - INFO - ✓ Training completed in 82.55 seconds
2025-10-29 20:17:14,586 - src.modeling.rankers.lgbm_ranker - INFO - ✓ LGBMRanker training successful
2025-10-29 20:17:14,645 - src.modeling.rankers.lgbm_ranker - INFO - Predicting top-20 for 1 test events...
/usr/local/lib/python3.10/dist-packages/lightgbm/sklearn.py:861: UserWarning: Found 'ndcg_eval_at' in params. Will use it instead of 'eval_at' argument
  _log_warning(f"Found '{alias}' in params. Will use it instead of 'eval_at' argument")
2025-10-29 20:17:14,654 - src.modeling.rankers.lgbm_ranker - INFO - ✓ Predictions generated for 1 events

  Event Duration: 96.8s
  Parallel Exec:  96.8s
  Model Training Times:
    amplitude: train=81.3s, total=94.9s
    angle_encoding: train=75.7s, total=89.5s
    graph_cycle: train=82.6s, total=96.7s
    density_matrix: train=78.3s, total=92.5s
  Memory Peak: 1.43 GB
  Recalls: amplitude: 100%, angle_encoding: 100%, graph_cycle: 100%, density_matrix: 100%, ensemble: 100%
  [CHECKPOINT] Saved

================================================================================
Event 11579 (90/100)
================================================================================
2025-10-29 20:17:14,816 - src.imputation.base_imputer - INFO - Fitting amplitude_embedding imputer on 11578 samples
2025-10-29 20:17:14,818 - src.imputation.base_imputer - INFO - Fitting density_matrix_optimized imputer on 11578 samples
2025-10-29 20:17:14,818 - src.imputation.base_imputer - INFO - Fitting angle_encoding imputer on 11578 samples
2025-10-29 20:17:14,819 - src.imputation.base_imputer - INFO - Fitting graph_cycle_encoding imputer on 11578 samples
2025-10-29 20:17:14,819 - src.imputation.amplitude_embedding - INFO - Learned position frequencies from 11578 samples. Normalization mode: uniform
2025-10-29 20:17:14,819 - src.imputation.base_imputer - INFO - amplitude_embedding imputer fitted successfully
2025-10-29 20:17:14,819 - src.imputation.base_imputer - INFO - Transforming 11578 samples with amplitude_embedding imputer
2025-10-29 20:17:14,821 - src.imputation.angle_encoding - INFO - Angle encoding uses fixed angular mapping (no learning from 11578 training samples)
2025-10-29 20:17:14,821 - src.imputation.density_matrix - INFO - Density matrix uses fixed quantum mechanical construction (no learning from 11578 training samples)
2025-10-29 20:17:14,821 - src.imputation.base_imputer - INFO - angle_encoding imputer fitted successfully
2025-10-29 20:17:14,821 - src.imputation.base_imputer - INFO - density_matrix_optimized imputer fitted successfully
2025-10-29 20:17:14,821 - src.imputation.base_imputer - INFO - Transforming 11578 samples with angle_encoding imputer
2025-10-29 20:17:14,821 - src.imputation.base_imputer - INFO - Transforming 11578 samples with density_matrix_optimized imputer
2025-10-29 20:17:14,822 - src.imputation.graph_cycle_encoding - INFO - Graph/Cycle encoding uses fixed DFT basis and geometric distances (no learning from 11578 training samples)
2025-10-29 20:17:14,822 - src.imputation.base_imputer - INFO - graph_cycle_encoding imputer fitted successfully
2025-10-29 20:17:14,822 - src.imputation.base_imputer - INFO - Transforming 11578 samples with graph_cycle_encoding imputer
2025-10-29 20:17:22,509 - src.imputation.base_imputer - INFO - Transformation complete: output shape (11578, 322)
2025-10-29 20:17:22,509 - src.imputation.base_imputer - INFO - Transforming 1 samples with angle_encoding imputer
2025-10-29 20:17:22,511 - src.imputation.base_imputer - INFO - Transformation complete: output shape (1, 322)
2025-10-29 20:17:22,648 - src.imputation.base_imputer - INFO - Transformation complete: output shape (11578, 377)
2025-10-29 20:17:22,648 - src.imputation.base_imputer - INFO - Transforming 1 samples with amplitude_embedding imputer
2025-10-29 20:17:22,650 - src.imputation.base_imputer - INFO - Transformation complete: output shape (1, 377)
2025-10-29 20:17:23,042 - src.imputation.base_imputer - INFO - Transformation complete: output shape (11578, 259)
2025-10-29 20:17:23,043 - src.imputation.base_imputer - INFO - Transforming 1 samples with density_matrix_optimized imputer
2025-10-29 20:17:23,045 - src.imputation.base_imputer - INFO - Transformation complete: output shape (1, 259)
2025-10-29 20:17:23,473 - src.imputation.base_imputer - INFO - Transformation complete: output shape (11578, 277)
2025-10-29 20:17:23,473 - src.imputation.base_imputer - INFO - Transforming 1 samples with graph_cycle_encoding imputer
2025-10-29 20:17:23,476 - src.imputation.base_imputer - INFO - Transformation complete: output shape (1, 277)
2025-10-29 20:17:28,119 - src.modeling.rankers.lgbm_ranker - INFO - Training LGBMRanker on 11578 events...
2025-10-29 20:17:28,256 - src.modeling.rankers.lgbm_ranker - INFO - Training LGBMRanker on 11578 events...
2025-10-29 20:17:28,260 - src.modeling.rankers.lgbm_ranker - INFO - Computed position frequencies: 39 positions
2025-10-29 20:17:28,396 - src.modeling.rankers.lgbm_ranker - INFO - Computed position frequencies: 39 positions
2025-10-29 20:17:28,830 - src.modeling.rankers.lgbm_ranker - INFO - Training LGBMRanker on 11578 events...
2025-10-29 20:17:28,976 - src.modeling.rankers.lgbm_ranker - INFO - Computed position frequencies: 39 positions
2025-10-29 20:17:29,281 - src.modeling.rankers.lgbm_ranker - INFO - Training LGBMRanker on 11578 events...
2025-10-29 20:17:29,428 - src.modeling.rankers.lgbm_ranker - INFO - Computed position frequencies: 39 positions
2025-10-29 20:18:40,686 - src.modeling.rankers.lgbm_ranker - INFO - Transformed to ranking format: 451542 samples (11578 groups of 39 positions each)
2025-10-29 20:18:40,686 - src.modeling.rankers.lgbm_ranker - INFO - Training LightGBM model...
/usr/local/lib/python3.10/dist-packages/lightgbm/sklearn.py:861: UserWarning: Found 'ndcg_eval_at' in params. Will use it instead of 'eval_at' argument
  _log_warning(f"Found '{alias}' in params. Will use it instead of 'eval_at' argument")
2025-10-29 20:18:41,830 - src.modeling.rankers.lgbm_ranker - INFO - Top-5 most important features:
2025-10-29 20:18:41,830 - src.modeling.rankers.lgbm_ranker - INFO -   position_frequency: 302.00
2025-10-29 20:18:41,830 - src.modeling.rankers.lgbm_ranker - INFO -   aggregate_0: 281.00
2025-10-29 20:18:41,830 - src.modeling.rankers.lgbm_ranker - INFO -   position_id: 207.00
2025-10-29 20:18:41,830 - src.modeling.rankers.lgbm_ranker - INFO -   aggregate_1: 136.00
2025-10-29 20:18:41,830 - src.modeling.rankers.lgbm_ranker - INFO -   aggregate_5: 89.00
2025-10-29 20:18:41,830 - src.modeling.rankers.lgbm_ranker - INFO - ✓ Training completed in 73.71 seconds
2025-10-29 20:18:41,830 - src.modeling.rankers.lgbm_ranker - INFO - ✓ LGBMRanker training successful
2025-10-29 20:18:41,842 - src.modeling.rankers.lgbm_ranker - INFO - Predicting top-20 for 1 test events...
/usr/local/lib/python3.10/dist-packages/lightgbm/sklearn.py:861: UserWarning: Found 'ndcg_eval_at' in params. Will use it instead of 'eval_at' argument
  _log_warning(f"Found '{alias}' in params. Will use it instead of 'eval_at' argument")
2025-10-29 20:18:41,850 - src.modeling.rankers.lgbm_ranker - INFO - ✓ Predictions generated for 1 events
2025-10-29 20:18:44,548 - src.modeling.rankers.lgbm_ranker - INFO - Transformed to ranking format: 451542 samples (11578 groups of 39 positions each)
2025-10-29 20:18:44,548 - src.modeling.rankers.lgbm_ranker - INFO - Training LightGBM model...
/usr/local/lib/python3.10/dist-packages/lightgbm/sklearn.py:861: UserWarning: Found 'ndcg_eval_at' in params. Will use it instead of 'eval_at' argument
  _log_warning(f"Found '{alias}' in params. Will use it instead of 'eval_at' argument")
2025-10-29 20:18:46,147 - src.modeling.rankers.lgbm_ranker - INFO - Top-5 most important features:
2025-10-29 20:18:46,147 - src.modeling.rankers.lgbm_ranker - INFO -   position_id: 357.00
2025-10-29 20:18:46,147 - src.modeling.rankers.lgbm_ranker - INFO -   position_frequency: 326.00
2025-10-29 20:18:46,147 - src.modeling.rankers.lgbm_ranker - INFO -   tunneling: 294.00
2025-10-29 20:18:46,147 - src.modeling.rankers.lgbm_ranker - INFO -   min_distance: 240.00
2025-10-29 20:18:46,147 - src.modeling.rankers.lgbm_ranker - INFO -   density_window_0: 183.00
2025-10-29 20:18:46,147 - src.modeling.rankers.lgbm_ranker - INFO - ✓ Training completed in 77.32 seconds
2025-10-29 20:18:46,147 - src.modeling.rankers.lgbm_ranker - INFO - ✓ LGBMRanker training successful
2025-10-29 20:18:46,166 - src.modeling.rankers.lgbm_ranker - INFO - Predicting top-20 for 1 test events...
/usr/local/lib/python3.10/dist-packages/lightgbm/sklearn.py:861: UserWarning: Found 'ndcg_eval_at' in params. Will use it instead of 'eval_at' argument
  _log_warning(f"Found '{alias}' in params. Will use it instead of 'eval_at' argument")
2025-10-29 20:18:46,174 - src.modeling.rankers.lgbm_ranker - INFO - ✓ Predictions generated for 1 events
2025-10-29 20:18:47,688 - src.modeling.rankers.lgbm_ranker - INFO - Transformed to ranking format: 451542 samples (11578 groups of 39 positions each)
2025-10-29 20:18:47,689 - src.modeling.rankers.lgbm_ranker - INFO - Training LightGBM model...
/usr/local/lib/python3.10/dist-packages/lightgbm/sklearn.py:861: UserWarning: Found 'ndcg_eval_at' in params. Will use it instead of 'eval_at' argument
  _log_warning(f"Found '{alias}' in params. Will use it instead of 'eval_at' argument")
2025-10-29 20:18:48,707 - src.modeling.rankers.lgbm_ranker - INFO - Top-5 most important features:
2025-10-29 20:18:48,707 - src.modeling.rankers.lgbm_ranker - INFO -   position_frequency: 303.00
2025-10-29 20:18:48,707 - src.modeling.rankers.lgbm_ranker - INFO -   tunneling: 219.00
2025-10-29 20:18:48,707 - src.modeling.rankers.lgbm_ranker - INFO -   position_id: 214.00
2025-10-29 20:18:48,707 - src.modeling.rankers.lgbm_ranker - INFO -   min_distance: 200.00
2025-10-29 20:18:48,707 - src.modeling.rankers.lgbm_ranker - INFO -   density_window_0: 145.00
2025-10-29 20:18:48,707 - src.modeling.rankers.lgbm_ranker - INFO - ✓ Training completed in 80.45 seconds
2025-10-29 20:18:48,707 - src.modeling.rankers.lgbm_ranker - INFO - ✓ LGBMRanker training successful
2025-10-29 20:18:48,711 - src.modeling.rankers.lgbm_ranker - INFO - Predicting top-20 for 1 test events...
/usr/local/lib/python3.10/dist-packages/lightgbm/sklearn.py:861: UserWarning: Found 'ndcg_eval_at' in params. Will use it instead of 'eval_at' argument
  _log_warning(f"Found '{alias}' in params. Will use it instead of 'eval_at' argument")
2025-10-29 20:18:48,719 - src.modeling.rankers.lgbm_ranker - INFO - ✓ Predictions generated for 1 events
2025-10-29 20:18:50,898 - src.modeling.rankers.lgbm_ranker - INFO - Transformed to ranking format: 451542 samples (11578 groups of 39 positions each)
2025-10-29 20:18:50,898 - src.modeling.rankers.lgbm_ranker - INFO - Training LightGBM model...
/usr/local/lib/python3.10/dist-packages/lightgbm/sklearn.py:861: UserWarning: Found 'ndcg_eval_at' in params. Will use it instead of 'eval_at' argument
  _log_warning(f"Found '{alias}' in params. Will use it instead of 'eval_at' argument")
2025-10-29 20:18:53,902 - src.modeling.rankers.lgbm_ranker - INFO - Top-5 most important features:
2025-10-29 20:18:53,902 - src.modeling.rankers.lgbm_ranker - INFO -   tunneling: 415.00
2025-10-29 20:18:53,902 - src.modeling.rankers.lgbm_ranker - INFO -   position_id: 244.00
2025-10-29 20:18:53,902 - src.modeling.rankers.lgbm_ranker - INFO -   min_distance: 229.00
2025-10-29 20:18:53,902 - src.modeling.rankers.lgbm_ranker - INFO -   dft_45: 212.00
2025-10-29 20:18:53,902 - src.modeling.rankers.lgbm_ranker - INFO -   density_window_0: 211.00
2025-10-29 20:18:53,902 - src.modeling.rankers.lgbm_ranker - INFO - ✓ Training completed in 84.62 seconds
2025-10-29 20:18:53,902 - src.modeling.rankers.lgbm_ranker - INFO - ✓ LGBMRanker training successful
2025-10-29 20:18:53,976 - src.modeling.rankers.lgbm_ranker - INFO - Predicting top-20 for 1 test events...
/usr/local/lib/python3.10/dist-packages/lightgbm/sklearn.py:861: UserWarning: Found 'ndcg_eval_at' in params. Will use it instead of 'eval_at' argument
  _log_warning(f"Found '{alias}' in params. Will use it instead of 'eval_at' argument")
2025-10-29 20:18:53,985 - src.modeling.rankers.lgbm_ranker - INFO - ✓ Predictions generated for 1 events

  Event Duration: 99.3s
  Parallel Exec:  99.3s
  Model Training Times:
    amplitude: train=80.5s, total=93.9s
    angle_encoding: train=73.7s, total=87.1s
    graph_cycle: train=84.7s, total=99.2s
    density_matrix: train=77.3s, total=91.4s
  Memory Peak: 1.26 GB
  Recalls: amplitude: 100%, angle_encoding: 100%, graph_cycle: 100%, density_matrix: 100%, ensemble: 100%
  [CHECKPOINT] Saved

================================================================================
Event 11580 (91/100)
================================================================================
2025-10-29 20:18:54,147 - src.imputation.base_imputer - INFO - Fitting amplitude_embedding imputer on 11579 samples
2025-10-29 20:18:54,149 - src.imputation.base_imputer - INFO - Fitting graph_cycle_encoding imputer on 11579 samples
2025-10-29 20:18:54,149 - src.imputation.base_imputer - INFO - Fitting density_matrix_optimized imputer on 11579 samples
2025-10-29 20:18:54,149 - src.imputation.base_imputer - INFO - Fitting angle_encoding imputer on 11579 samples
2025-10-29 20:18:54,150 - src.imputation.amplitude_embedding - INFO - Learned position frequencies from 11579 samples. Normalization mode: uniform
2025-10-29 20:18:54,150 - src.imputation.base_imputer - INFO - amplitude_embedding imputer fitted successfully
2025-10-29 20:18:54,150 - src.imputation.base_imputer - INFO - Transforming 11579 samples with amplitude_embedding imputer
2025-10-29 20:18:54,152 - src.imputation.angle_encoding - INFO - Angle encoding uses fixed angular mapping (no learning from 11579 training samples)
2025-10-29 20:18:54,152 - src.imputation.density_matrix - INFO - Density matrix uses fixed quantum mechanical construction (no learning from 11579 training samples)
2025-10-29 20:18:54,152 - src.imputation.graph_cycle_encoding - INFO - Graph/Cycle encoding uses fixed DFT basis and geometric distances (no learning from 11579 training samples)
2025-10-29 20:18:54,152 - src.imputation.base_imputer - INFO - angle_encoding imputer fitted successfully
2025-10-29 20:18:54,152 - src.imputation.base_imputer - INFO - density_matrix_optimized imputer fitted successfully
2025-10-29 20:18:54,152 - src.imputation.base_imputer - INFO - graph_cycle_encoding imputer fitted successfully
2025-10-29 20:18:54,152 - src.imputation.base_imputer - INFO - Transforming 11579 samples with angle_encoding imputer
2025-10-29 20:18:54,152 - src.imputation.base_imputer - INFO - Transforming 11579 samples with density_matrix_optimized imputer
2025-10-29 20:18:54,152 - src.imputation.base_imputer - INFO - Transforming 11579 samples with graph_cycle_encoding imputer
2025-10-29 20:19:01,958 - src.imputation.base_imputer - INFO - Transformation complete: output shape (11579, 377)
2025-10-29 20:19:01,958 - src.imputation.base_imputer - INFO - Transforming 1 samples with amplitude_embedding imputer
2025-10-29 20:19:01,960 - src.imputation.base_imputer - INFO - Transformation complete: output shape (1, 377)
2025-10-29 20:19:02,092 - src.imputation.base_imputer - INFO - Transformation complete: output shape (11579, 322)
2025-10-29 20:19:02,092 - src.imputation.base_imputer - INFO - Transforming 1 samples with angle_encoding imputer
2025-10-29 20:19:02,094 - src.imputation.base_imputer - INFO - Transformation complete: output shape (1, 322)
2025-10-29 20:19:02,264 - src.imputation.base_imputer - INFO - Transformation complete: output shape (11579, 259)
2025-10-29 20:19:02,264 - src.imputation.base_imputer - INFO - Transforming 1 samples with density_matrix_optimized imputer
2025-10-29 20:19:02,266 - src.imputation.base_imputer - INFO - Transformation complete: output shape (1, 259)
2025-10-29 20:19:02,785 - src.imputation.base_imputer - INFO - Transformation complete: output shape (11579, 277)
2025-10-29 20:19:02,785 - src.imputation.base_imputer - INFO - Transforming 1 samples with graph_cycle_encoding imputer
2025-10-29 20:19:02,787 - src.imputation.base_imputer - INFO - Transformation complete: output shape (1, 277)
2025-10-29 20:19:07,607 - src.modeling.rankers.lgbm_ranker - INFO - Training LGBMRanker on 11579 events...
2025-10-29 20:19:07,749 - src.modeling.rankers.lgbm_ranker - INFO - Computed position frequencies: 39 positions
2025-10-29 20:19:07,837 - src.modeling.rankers.lgbm_ranker - INFO - Training LGBMRanker on 11579 events...
2025-10-29 20:19:07,956 - src.modeling.rankers.lgbm_ranker - INFO - Training LGBMRanker on 11579 events...
2025-10-29 20:19:07,978 - src.modeling.rankers.lgbm_ranker - INFO - Computed position frequencies: 39 positions
2025-10-29 20:19:08,103 - src.modeling.rankers.lgbm_ranker - INFO - Computed position frequencies: 39 positions
2025-10-29 20:19:08,585 - src.modeling.rankers.lgbm_ranker - INFO - Training LGBMRanker on 11579 events...
2025-10-29 20:19:08,729 - src.modeling.rankers.lgbm_ranker - INFO - Computed position frequencies: 39 positions
2025-10-29 20:20:21,927 - src.modeling.rankers.lgbm_ranker - INFO - Transformed to ranking format: 451581 samples (11579 groups of 39 positions each)
2025-10-29 20:20:21,927 - src.modeling.rankers.lgbm_ranker - INFO - Training LightGBM model...
/usr/local/lib/python3.10/dist-packages/lightgbm/sklearn.py:861: UserWarning: Found 'ndcg_eval_at' in params. Will use it instead of 'eval_at' argument
  _log_warning(f"Found '{alias}' in params. Will use it instead of 'eval_at' argument")
2025-10-29 20:20:22,418 - src.modeling.rankers.lgbm_ranker - INFO - Transformed to ranking format: 451581 samples (11579 groups of 39 positions each)
2025-10-29 20:20:22,418 - src.modeling.rankers.lgbm_ranker - INFO - Training LightGBM model...
/usr/local/lib/python3.10/dist-packages/lightgbm/sklearn.py:861: UserWarning: Found 'ndcg_eval_at' in params. Will use it instead of 'eval_at' argument
  _log_warning(f"Found '{alias}' in params. Will use it instead of 'eval_at' argument")
2025-10-29 20:20:23,561 - src.modeling.rankers.lgbm_ranker - INFO - Top-5 most important features:
2025-10-29 20:20:23,561 - src.modeling.rankers.lgbm_ranker - INFO -   aggregate_0: 318.00
2025-10-29 20:20:23,561 - src.modeling.rankers.lgbm_ranker - INFO -   position_frequency: 298.00
2025-10-29 20:20:23,561 - src.modeling.rankers.lgbm_ranker - INFO -   position_id: 173.00
2025-10-29 20:20:23,561 - src.modeling.rankers.lgbm_ranker - INFO -   aggregate_1: 155.00
2025-10-29 20:20:23,561 - src.modeling.rankers.lgbm_ranker - INFO -   tunneling: 101.00
2025-10-29 20:20:23,561 - src.modeling.rankers.lgbm_ranker - INFO - ✓ Training completed in 75.61 seconds
2025-10-29 20:20:23,561 - src.modeling.rankers.lgbm_ranker - INFO - ✓ LGBMRanker training successful
2025-10-29 20:20:23,573 - src.modeling.rankers.lgbm_ranker - INFO - Predicting top-20 for 1 test events...
/usr/local/lib/python3.10/dist-packages/lightgbm/sklearn.py:861: UserWarning: Found 'ndcg_eval_at' in params. Will use it instead of 'eval_at' argument
  _log_warning(f"Found '{alias}' in params. Will use it instead of 'eval_at' argument")
2025-10-29 20:20:23,581 - src.modeling.rankers.lgbm_ranker - INFO - ✓ Predictions generated for 1 events
2025-10-29 20:20:23,601 - src.modeling.rankers.lgbm_ranker - INFO - Top-5 most important features:
2025-10-29 20:20:23,601 - src.modeling.rankers.lgbm_ranker - INFO -   position_frequency: 355.00
2025-10-29 20:20:23,601 - src.modeling.rankers.lgbm_ranker - INFO -   tunneling: 349.00
2025-10-29 20:20:23,601 - src.modeling.rankers.lgbm_ranker - INFO -   position_id: 347.00
2025-10-29 20:20:23,601 - src.modeling.rankers.lgbm_ranker - INFO -   min_distance: 258.00
2025-10-29 20:20:23,601 - src.modeling.rankers.lgbm_ranker - INFO -   density_window_0: 191.00
2025-10-29 20:20:23,601 - src.modeling.rankers.lgbm_ranker - INFO - ✓ Training completed in 75.76 seconds
2025-10-29 20:20:23,601 - src.modeling.rankers.lgbm_ranker - INFO - ✓ LGBMRanker training successful
2025-10-29 20:20:23,620 - src.modeling.rankers.lgbm_ranker - INFO - Predicting top-20 for 1 test events...
/usr/local/lib/python3.10/dist-packages/lightgbm/sklearn.py:861: UserWarning: Found 'ndcg_eval_at' in params. Will use it instead of 'eval_at' argument
  _log_warning(f"Found '{alias}' in params. Will use it instead of 'eval_at' argument")
2025-10-29 20:20:23,628 - src.modeling.rankers.lgbm_ranker - INFO - ✓ Predictions generated for 1 events
2025-10-29 20:20:27,428 - src.modeling.rankers.lgbm_ranker - INFO - Transformed to ranking format: 451581 samples (11579 groups of 39 positions each)
2025-10-29 20:20:27,428 - src.modeling.rankers.lgbm_ranker - INFO - Training LightGBM model...
/usr/local/lib/python3.10/dist-packages/lightgbm/sklearn.py:861: UserWarning: Found 'ndcg_eval_at' in params. Will use it instead of 'eval_at' argument
  _log_warning(f"Found '{alias}' in params. Will use it instead of 'eval_at' argument")
2025-10-29 20:20:28,427 - src.modeling.rankers.lgbm_ranker - INFO - Top-5 most important features:
2025-10-29 20:20:28,427 - src.modeling.rankers.lgbm_ranker - INFO -   position_frequency: 308.00
2025-10-29 20:20:28,427 - src.modeling.rankers.lgbm_ranker - INFO -   position_id: 216.00
2025-10-29 20:20:28,427 - src.modeling.rankers.lgbm_ranker - INFO -   min_distance: 170.00
2025-10-29 20:20:28,427 - src.modeling.rankers.lgbm_ranker - INFO -   density_window_0: 157.00
2025-10-29 20:20:28,427 - src.modeling.rankers.lgbm_ranker - INFO -   tunneling: 136.00
2025-10-29 20:20:28,427 - src.modeling.rankers.lgbm_ranker - INFO - ✓ Training completed in 80.82 seconds
2025-10-29 20:20:28,427 - src.modeling.rankers.lgbm_ranker - INFO - ✓ LGBMRanker training successful
2025-10-29 20:20:28,431 - src.modeling.rankers.lgbm_ranker - INFO - Predicting top-20 for 1 test events...
/usr/local/lib/python3.10/dist-packages/lightgbm/sklearn.py:861: UserWarning: Found 'ndcg_eval_at' in params. Will use it instead of 'eval_at' argument
  _log_warning(f"Found '{alias}' in params. Will use it instead of 'eval_at' argument")
2025-10-29 20:20:28,440 - src.modeling.rankers.lgbm_ranker - INFO - ✓ Predictions generated for 1 events
2025-10-29 20:20:30,366 - src.modeling.rankers.lgbm_ranker - INFO - Transformed to ranking format: 451581 samples (11579 groups of 39 positions each)
2025-10-29 20:20:30,366 - src.modeling.rankers.lgbm_ranker - INFO - Training LightGBM model...
/usr/local/lib/python3.10/dist-packages/lightgbm/sklearn.py:861: UserWarning: Found 'ndcg_eval_at' in params. Will use it instead of 'eval_at' argument
  _log_warning(f"Found '{alias}' in params. Will use it instead of 'eval_at' argument")
2025-10-29 20:20:33,298 - src.modeling.rankers.lgbm_ranker - INFO - Top-5 most important features:
2025-10-29 20:20:33,298 - src.modeling.rankers.lgbm_ranker - INFO -   tunneling: 415.00
2025-10-29 20:20:33,298 - src.modeling.rankers.lgbm_ranker - INFO -   position_id: 259.00
2025-10-29 20:20:33,298 - src.modeling.rankers.lgbm_ranker - INFO -   min_distance: 231.00
2025-10-29 20:20:33,298 - src.modeling.rankers.lgbm_ranker - INFO -   dft_45: 202.00
2025-10-29 20:20:33,298 - src.modeling.rankers.lgbm_ranker - INFO -   density_window_0: 195.00
2025-10-29 20:20:33,298 - src.modeling.rankers.lgbm_ranker - INFO - ✓ Training completed in 84.71 seconds
2025-10-29 20:20:33,298 - src.modeling.rankers.lgbm_ranker - INFO - ✓ LGBMRanker training successful
2025-10-29 20:20:33,346 - src.modeling.rankers.lgbm_ranker - INFO - Predicting top-20 for 1 test events...
/usr/local/lib/python3.10/dist-packages/lightgbm/sklearn.py:861: UserWarning: Found 'ndcg_eval_at' in params. Will use it instead of 'eval_at' argument
  _log_warning(f"Found '{alias}' in params. Will use it instead of 'eval_at' argument")
2025-10-29 20:20:33,354 - src.modeling.rankers.lgbm_ranker - INFO - ✓ Predictions generated for 1 events

  Event Duration: 99.4s
  Parallel Exec:  99.4s
  Model Training Times:
    amplitude: train=80.8s, total=94.3s
    angle_encoding: train=75.6s, total=89.5s
    graph_cycle: train=84.8s, total=99.2s
    density_matrix: train=75.8s, total=89.5s
  Memory Peak: 1.58 GB
  Recalls: amplitude: 100%, angle_encoding: 100%, graph_cycle: 100%, density_matrix: 100%, ensemble: 100%
  [CHECKPOINT] Saved

================================================================================
Event 11581 (92/100)
================================================================================
2025-10-29 20:20:33,532 - src.imputation.base_imputer - INFO - Fitting graph_cycle_encoding imputer on 11580 samples
2025-10-29 20:20:33,532 - src.imputation.base_imputer - INFO - Fitting amplitude_embedding imputer on 11580 samples
2025-10-29 20:20:33,532 - src.imputation.base_imputer - INFO - Fitting density_matrix_optimized imputer on 11580 samples
2025-10-29 20:20:33,532 - src.imputation.base_imputer - INFO - Fitting angle_encoding imputer on 11580 samples
2025-10-29 20:20:33,535 - src.imputation.graph_cycle_encoding - INFO - Graph/Cycle encoding uses fixed DFT basis and geometric distances (no learning from 11580 training samples)
2025-10-29 20:20:33,535 - src.imputation.base_imputer - INFO - graph_cycle_encoding imputer fitted successfully
2025-10-29 20:20:33,535 - src.imputation.base_imputer - INFO - Transforming 11580 samples with graph_cycle_encoding imputer
2025-10-29 20:20:33,536 - src.imputation.angle_encoding - INFO - Angle encoding uses fixed angular mapping (no learning from 11580 training samples)
2025-10-29 20:20:33,536 - src.imputation.base_imputer - INFO - angle_encoding imputer fitted successfully
2025-10-29 20:20:33,536 - src.imputation.density_matrix - INFO - Density matrix uses fixed quantum mechanical construction (no learning from 11580 training samples)
2025-10-29 20:20:33,536 - src.imputation.base_imputer - INFO - Transforming 11580 samples with angle_encoding imputer
2025-10-29 20:20:33,536 - src.imputation.base_imputer - INFO - density_matrix_optimized imputer fitted successfully
2025-10-29 20:20:33,536 - src.imputation.base_imputer - INFO - Transforming 11580 samples with density_matrix_optimized imputer
2025-10-29 20:20:33,536 - src.imputation.amplitude_embedding - INFO - Learned position frequencies from 11580 samples. Normalization mode: uniform
2025-10-29 20:20:33,536 - src.imputation.base_imputer - INFO - amplitude_embedding imputer fitted successfully
2025-10-29 20:20:33,536 - src.imputation.base_imputer - INFO - Transforming 11580 samples with amplitude_embedding imputer
2025-10-29 20:20:41,408 - src.imputation.base_imputer - INFO - Transformation complete: output shape (11580, 377)
2025-10-29 20:20:41,408 - src.imputation.base_imputer - INFO - Transforming 1 samples with amplitude_embedding imputer
2025-10-29 20:20:41,411 - src.imputation.base_imputer - INFO - Transformation complete: output shape (1, 377)
2025-10-29 20:20:41,474 - src.imputation.base_imputer - INFO - Transformation complete: output shape (11580, 322)
2025-10-29 20:20:41,474 - src.imputation.base_imputer - INFO - Transforming 1 samples with angle_encoding imputer
2025-10-29 20:20:41,476 - src.imputation.base_imputer - INFO - Transformation complete: output shape (1, 322)
2025-10-29 20:20:41,798 - src.imputation.base_imputer - INFO - Transformation complete: output shape (11580, 259)
2025-10-29 20:20:41,798 - src.imputation.base_imputer - INFO - Transforming 1 samples with density_matrix_optimized imputer
2025-10-29 20:20:41,800 - src.imputation.base_imputer - INFO - Transformation complete: output shape (1, 259)
2025-10-29 20:20:41,921 - src.imputation.base_imputer - INFO - Transformation complete: output shape (11580, 277)
2025-10-29 20:20:41,921 - src.imputation.base_imputer - INFO - Transforming 1 samples with graph_cycle_encoding imputer
2025-10-29 20:20:41,923 - src.imputation.base_imputer - INFO - Transformation complete: output shape (1, 277)
2025-10-29 20:20:47,088 - src.modeling.rankers.lgbm_ranker - INFO - Training LGBMRanker on 11580 events...
2025-10-29 20:20:47,228 - src.modeling.rankers.lgbm_ranker - INFO - Computed position frequencies: 39 positions
2025-10-29 20:20:47,345 - src.modeling.rankers.lgbm_ranker - INFO - Training LGBMRanker on 11580 events...
2025-10-29 20:20:47,490 - src.modeling.rankers.lgbm_ranker - INFO - Computed position frequencies: 39 positions
2025-10-29 20:20:47,551 - src.modeling.rankers.lgbm_ranker - INFO - Training LGBMRanker on 11580 events...
2025-10-29 20:20:47,595 - src.modeling.rankers.lgbm_ranker - INFO - Training LGBMRanker on 11580 events...
2025-10-29 20:20:47,693 - src.modeling.rankers.lgbm_ranker - INFO - Computed position frequencies: 39 positions
2025-10-29 20:20:47,743 - src.modeling.rankers.lgbm_ranker - INFO - Computed position frequencies: 39 positions
2025-10-29 20:22:02,357 - src.modeling.rankers.lgbm_ranker - INFO - Transformed to ranking format: 451620 samples (11580 groups of 39 positions each)
2025-10-29 20:22:02,357 - src.modeling.rankers.lgbm_ranker - INFO - Training LightGBM model...
/usr/local/lib/python3.10/dist-packages/lightgbm/sklearn.py:861: UserWarning: Found 'ndcg_eval_at' in params. Will use it instead of 'eval_at' argument
  _log_warning(f"Found '{alias}' in params. Will use it instead of 'eval_at' argument")
2025-10-29 20:22:03,514 - src.modeling.rankers.lgbm_ranker - INFO - Top-5 most important features:
2025-10-29 20:22:03,514 - src.modeling.rankers.lgbm_ranker - INFO -   aggregate_0: 272.00
2025-10-29 20:22:03,514 - src.modeling.rankers.lgbm_ranker - INFO -   position_frequency: 249.00
2025-10-29 20:22:03,514 - src.modeling.rankers.lgbm_ranker - INFO -   position_id: 229.00
2025-10-29 20:22:03,514 - src.modeling.rankers.lgbm_ranker - INFO -   tunneling: 103.00
2025-10-29 20:22:03,514 - src.modeling.rankers.lgbm_ranker - INFO -   aggregate_1: 100.00
2025-10-29 20:22:03,514 - src.modeling.rankers.lgbm_ranker - INFO - ✓ Training completed in 76.17 seconds
2025-10-29 20:22:03,514 - src.modeling.rankers.lgbm_ranker - INFO - ✓ LGBMRanker training successful
2025-10-29 20:22:03,528 - src.modeling.rankers.lgbm_ranker - INFO - Predicting top-20 for 1 test events...
/usr/local/lib/python3.10/dist-packages/lightgbm/sklearn.py:861: UserWarning: Found 'ndcg_eval_at' in params. Will use it instead of 'eval_at' argument
  _log_warning(f"Found '{alias}' in params. Will use it instead of 'eval_at' argument")
2025-10-29 20:22:03,537 - src.modeling.rankers.lgbm_ranker - INFO - ✓ Predictions generated for 1 events
2025-10-29 20:22:05,007 - src.modeling.rankers.lgbm_ranker - INFO - Transformed to ranking format: 451620 samples (11580 groups of 39 positions each)
2025-10-29 20:22:05,007 - src.modeling.rankers.lgbm_ranker - INFO - Training LightGBM model...
/usr/local/lib/python3.10/dist-packages/lightgbm/sklearn.py:861: UserWarning: Found 'ndcg_eval_at' in params. Will use it instead of 'eval_at' argument
  _log_warning(f"Found '{alias}' in params. Will use it instead of 'eval_at' argument")
2025-10-29 20:22:06,697 - src.modeling.rankers.lgbm_ranker - INFO - Top-5 most important features:
2025-10-29 20:22:06,697 - src.modeling.rankers.lgbm_ranker - INFO -   position_id: 369.00
2025-10-29 20:22:06,697 - src.modeling.rankers.lgbm_ranker - INFO -   tunneling: 305.00
2025-10-29 20:22:06,697 - src.modeling.rankers.lgbm_ranker - INFO -   position_frequency: 294.00
2025-10-29 20:22:06,697 - src.modeling.rankers.lgbm_ranker - INFO -   min_distance: 264.00
2025-10-29 20:22:06,697 - src.modeling.rankers.lgbm_ranker - INFO -   density_window_0: 205.00
2025-10-29 20:22:06,697 - src.modeling.rankers.lgbm_ranker - INFO - ✓ Training completed in 79.10 seconds
2025-10-29 20:22:06,697 - src.modeling.rankers.lgbm_ranker - INFO - ✓ LGBMRanker training successful
2025-10-29 20:22:06,720 - src.modeling.rankers.lgbm_ranker - INFO - Predicting top-20 for 1 test events...
/usr/local/lib/python3.10/dist-packages/lightgbm/sklearn.py:861: UserWarning: Found 'ndcg_eval_at' in params. Will use it instead of 'eval_at' argument
  _log_warning(f"Found '{alias}' in params. Will use it instead of 'eval_at' argument")
2025-10-29 20:22:06,728 - src.modeling.rankers.lgbm_ranker - INFO - ✓ Predictions generated for 1 events
2025-10-29 20:22:07,748 - src.modeling.rankers.lgbm_ranker - INFO - Transformed to ranking format: 451620 samples (11580 groups of 39 positions each)
2025-10-29 20:22:07,748 - src.modeling.rankers.lgbm_ranker - INFO - Training LightGBM model...
/usr/local/lib/python3.10/dist-packages/lightgbm/sklearn.py:861: UserWarning: Found 'ndcg_eval_at' in params. Will use it instead of 'eval_at' argument
  _log_warning(f"Found '{alias}' in params. Will use it instead of 'eval_at' argument")
2025-10-29 20:22:07,801 - src.modeling.rankers.lgbm_ranker - INFO - Transformed to ranking format: 451620 samples (11580 groups of 39 positions each)
2025-10-29 20:22:07,801 - src.modeling.rankers.lgbm_ranker - INFO - Training LightGBM model...
/usr/local/lib/python3.10/dist-packages/lightgbm/sklearn.py:861: UserWarning: Found 'ndcg_eval_at' in params. Will use it instead of 'eval_at' argument
  _log_warning(f"Found '{alias}' in params. Will use it instead of 'eval_at' argument")
2025-10-29 20:22:08,823 - src.modeling.rankers.lgbm_ranker - INFO - Top-5 most important features:
2025-10-29 20:22:08,823 - src.modeling.rankers.lgbm_ranker - INFO -   position_frequency: 333.00
2025-10-29 20:22:08,823 - src.modeling.rankers.lgbm_ranker - INFO -   tunneling: 232.00
2025-10-29 20:22:08,823 - src.modeling.rankers.lgbm_ranker - INFO -   position_id: 208.00
2025-10-29 20:22:08,823 - src.modeling.rankers.lgbm_ranker - INFO -   min_distance: 178.00
2025-10-29 20:22:08,823 - src.modeling.rankers.lgbm_ranker - INFO -   density_window_0: 90.00
2025-10-29 20:22:08,823 - src.modeling.rankers.lgbm_ranker - INFO - ✓ Training completed in 81.74 seconds
2025-10-29 20:22:08,823 - src.modeling.rankers.lgbm_ranker - INFO - ✓ LGBMRanker training successful
2025-10-29 20:22:08,827 - src.modeling.rankers.lgbm_ranker - INFO - Predicting top-20 for 1 test events...
/usr/local/lib/python3.10/dist-packages/lightgbm/sklearn.py:861: UserWarning: Found 'ndcg_eval_at' in params. Will use it instead of 'eval_at' argument
  _log_warning(f"Found '{alias}' in params. Will use it instead of 'eval_at' argument")
2025-10-29 20:22:08,836 - src.modeling.rankers.lgbm_ranker - INFO - ✓ Predictions generated for 1 events
2025-10-29 20:22:10,729 - src.modeling.rankers.lgbm_ranker - INFO - Top-5 most important features:
2025-10-29 20:22:10,729 - src.modeling.rankers.lgbm_ranker - INFO -   tunneling: 386.00
2025-10-29 20:22:10,729 - src.modeling.rankers.lgbm_ranker - INFO -   position_id: 224.00
2025-10-29 20:22:10,729 - src.modeling.rankers.lgbm_ranker - INFO -   min_distance: 209.00
2025-10-29 20:22:10,729 - src.modeling.rankers.lgbm_ranker - INFO -   dft_45: 192.00
2025-10-29 20:22:10,729 - src.modeling.rankers.lgbm_ranker - INFO -   density_window_0: 191.00
2025-10-29 20:22:10,729 - src.modeling.rankers.lgbm_ranker - INFO - ✓ Training completed in 83.18 seconds
2025-10-29 20:22:10,729 - src.modeling.rankers.lgbm_ranker - INFO - ✓ LGBMRanker training successful
2025-10-29 20:22:10,777 - src.modeling.rankers.lgbm_ranker - INFO - Predicting top-20 for 1 test events...
/usr/local/lib/python3.10/dist-packages/lightgbm/sklearn.py:861: UserWarning: Found 'ndcg_eval_at' in params. Will use it instead of 'eval_at' argument
  _log_warning(f"Found '{alias}' in params. Will use it instead of 'eval_at' argument")
2025-10-29 20:22:10,786 - src.modeling.rankers.lgbm_ranker - INFO - ✓ Predictions generated for 1 events

  Event Duration: 97.4s
  Parallel Exec:  97.4s
  Model Training Times:
    amplitude: train=81.7s, total=95.3s
    angle_encoding: train=76.2s, total=90.0s
    graph_cycle: train=83.2s, total=97.3s
    density_matrix: train=79.1s, total=93.2s
  Memory Peak: 1.58 GB
  Recalls: amplitude: 100%, angle_encoding: 100%, graph_cycle: 100%, density_matrix: 100%, ensemble: 100%
  [CHECKPOINT] Saved

================================================================================
Event 11582 (93/100)
================================================================================
2025-10-29 20:22:10,966 - src.imputation.base_imputer - INFO - Fitting amplitude_embedding imputer on 11581 samples
2025-10-29 20:22:10,968 - src.imputation.base_imputer - INFO - Fitting angle_encoding imputer on 11581 samples
2025-10-29 20:22:10,968 - src.imputation.base_imputer - INFO - Fitting density_matrix_optimized imputer on 11581 samples
2025-10-29 20:22:10,968 - src.imputation.base_imputer - INFO - Fitting graph_cycle_encoding imputer on 11581 samples
2025-10-29 20:22:10,970 - src.imputation.amplitude_embedding - INFO - Learned position frequencies from 11581 samples. Normalization mode: uniform
2025-10-29 20:22:10,970 - src.imputation.base_imputer - INFO - amplitude_embedding imputer fitted successfully
2025-10-29 20:22:10,970 - src.imputation.base_imputer - INFO - Transforming 11581 samples with amplitude_embedding imputer
2025-10-29 20:22:10,971 - src.imputation.density_matrix - INFO - Density matrix uses fixed quantum mechanical construction (no learning from 11581 training samples)
2025-10-29 20:22:10,971 - src.imputation.angle_encoding - INFO - Angle encoding uses fixed angular mapping (no learning from 11581 training samples)
2025-10-29 20:22:10,971 - src.imputation.graph_cycle_encoding - INFO - Graph/Cycle encoding uses fixed DFT basis and geometric distances (no learning from 11581 training samples)
2025-10-29 20:22:10,971 - src.imputation.base_imputer - INFO - density_matrix_optimized imputer fitted successfully
2025-10-29 20:22:10,971 - src.imputation.base_imputer - INFO - angle_encoding imputer fitted successfully
2025-10-29 20:22:10,971 - src.imputation.base_imputer - INFO - graph_cycle_encoding imputer fitted successfully
2025-10-29 20:22:10,971 - src.imputation.base_imputer - INFO - Transforming 11581 samples with density_matrix_optimized imputer
2025-10-29 20:22:10,971 - src.imputation.base_imputer - INFO - Transforming 11581 samples with angle_encoding imputer
2025-10-29 20:22:10,971 - src.imputation.base_imputer - INFO - Transforming 11581 samples with graph_cycle_encoding imputer
2025-10-29 20:22:18,736 - src.imputation.base_imputer - INFO - Transformation complete: output shape (11581, 322)
2025-10-29 20:22:18,736 - src.imputation.base_imputer - INFO - Transforming 1 samples with angle_encoding imputer
2025-10-29 20:22:18,738 - src.imputation.base_imputer - INFO - Transformation complete: output shape (1, 322)
2025-10-29 20:22:18,831 - src.imputation.base_imputer - INFO - Transformation complete: output shape (11581, 377)
2025-10-29 20:22:18,831 - src.imputation.base_imputer - INFO - Transforming 1 samples with amplitude_embedding imputer
2025-10-29 20:22:18,833 - src.imputation.base_imputer - INFO - Transformation complete: output shape (1, 377)
2025-10-29 20:22:19,354 - src.imputation.base_imputer - INFO - Transformation complete: output shape (11581, 259)
2025-10-29 20:22:19,354 - src.imputation.base_imputer - INFO - Transforming 1 samples with density_matrix_optimized imputer
2025-10-29 20:22:19,356 - src.imputation.base_imputer - INFO - Transformation complete: output shape (1, 259)
2025-10-29 20:22:19,817 - src.imputation.base_imputer - INFO - Transformation complete: output shape (11581, 277)
2025-10-29 20:22:19,817 - src.imputation.base_imputer - INFO - Transforming 1 samples with graph_cycle_encoding imputer
2025-10-29 20:22:19,819 - src.imputation.base_imputer - INFO - Transformation complete: output shape (1, 277)
2025-10-29 20:22:24,388 - src.modeling.rankers.lgbm_ranker - INFO - Training LGBMRanker on 11581 events...
2025-10-29 20:22:24,509 - src.modeling.rankers.lgbm_ranker - INFO - Training LGBMRanker on 11581 events...
2025-10-29 20:22:24,532 - src.modeling.rankers.lgbm_ranker - INFO - Computed position frequencies: 39 positions
2025-10-29 20:22:24,650 - src.modeling.rankers.lgbm_ranker - INFO - Computed position frequencies: 39 positions
2025-10-29 20:22:25,264 - src.modeling.rankers.lgbm_ranker - INFO - Training LGBMRanker on 11581 events...
2025-10-29 20:22:25,411 - src.modeling.rankers.lgbm_ranker - INFO - Computed position frequencies: 39 positions
2025-10-29 20:22:25,686 - src.modeling.rankers.lgbm_ranker - INFO - Training LGBMRanker on 11581 events...
2025-10-29 20:22:25,833 - src.modeling.rankers.lgbm_ranker - INFO - Computed position frequencies: 39 positions
2025-10-29 20:23:36,915 - src.modeling.rankers.lgbm_ranker - INFO - Transformed to ranking format: 451659 samples (11581 groups of 39 positions each)
2025-10-29 20:23:36,915 - src.modeling.rankers.lgbm_ranker - INFO - Training LightGBM model...
/usr/local/lib/python3.10/dist-packages/lightgbm/sklearn.py:861: UserWarning: Found 'ndcg_eval_at' in params. Will use it instead of 'eval_at' argument
  _log_warning(f"Found '{alias}' in params. Will use it instead of 'eval_at' argument")
2025-10-29 20:23:38,024 - src.modeling.rankers.lgbm_ranker - INFO - Top-5 most important features:
2025-10-29 20:23:38,024 - src.modeling.rankers.lgbm_ranker - INFO -   position_frequency: 312.00
2025-10-29 20:23:38,024 - src.modeling.rankers.lgbm_ranker - INFO -   aggregate_0: 293.00
2025-10-29 20:23:38,024 - src.modeling.rankers.lgbm_ranker - INFO -   position_id: 166.00
2025-10-29 20:23:38,024 - src.modeling.rankers.lgbm_ranker - INFO -   aggregate_1: 96.00
2025-10-29 20:23:38,024 - src.modeling.rankers.lgbm_ranker - INFO -   min_distance: 83.00
2025-10-29 20:23:38,024 - src.modeling.rankers.lgbm_ranker - INFO - ✓ Training completed in 73.64 seconds
2025-10-29 20:23:38,024 - src.modeling.rankers.lgbm_ranker - INFO - ✓ LGBMRanker training successful
2025-10-29 20:23:38,035 - src.modeling.rankers.lgbm_ranker - INFO - Predicting top-20 for 1 test events...
/usr/local/lib/python3.10/dist-packages/lightgbm/sklearn.py:861: UserWarning: Found 'ndcg_eval_at' in params. Will use it instead of 'eval_at' argument
  _log_warning(f"Found '{alias}' in params. Will use it instead of 'eval_at' argument")
2025-10-29 20:23:38,043 - src.modeling.rankers.lgbm_ranker - INFO - ✓ Predictions generated for 1 events
2025-10-29 20:23:42,630 - src.modeling.rankers.lgbm_ranker - INFO - Transformed to ranking format: 451659 samples (11581 groups of 39 positions each)
2025-10-29 20:23:42,630 - src.modeling.rankers.lgbm_ranker - INFO - Training LightGBM model...
/usr/local/lib/python3.10/dist-packages/lightgbm/sklearn.py:861: UserWarning: Found 'ndcg_eval_at' in params. Will use it instead of 'eval_at' argument
  _log_warning(f"Found '{alias}' in params. Will use it instead of 'eval_at' argument")
2025-10-29 20:23:44,326 - src.modeling.rankers.lgbm_ranker - INFO - Top-5 most important features:
2025-10-29 20:23:44,326 - src.modeling.rankers.lgbm_ranker - INFO -   position_id: 407.00
2025-10-29 20:23:44,326 - src.modeling.rankers.lgbm_ranker - INFO -   tunneling: 330.00
2025-10-29 20:23:44,326 - src.modeling.rankers.lgbm_ranker - INFO -   position_frequency: 289.00
2025-10-29 20:23:44,326 - src.modeling.rankers.lgbm_ranker - INFO -   min_distance: 239.00
2025-10-29 20:23:44,326 - src.modeling.rankers.lgbm_ranker - INFO -   density_window_0: 197.00
2025-10-29 20:23:44,326 - src.modeling.rankers.lgbm_ranker - INFO - ✓ Training completed in 79.06 seconds
2025-10-29 20:23:44,326 - src.modeling.rankers.lgbm_ranker - INFO - ✓ LGBMRanker training successful
2025-10-29 20:23:44,348 - src.modeling.rankers.lgbm_ranker - INFO - Predicting top-20 for 1 test events...
/usr/local/lib/python3.10/dist-packages/lightgbm/sklearn.py:861: UserWarning: Found 'ndcg_eval_at' in params. Will use it instead of 'eval_at' argument
  _log_warning(f"Found '{alias}' in params. Will use it instead of 'eval_at' argument")
2025-10-29 20:23:44,357 - src.modeling.rankers.lgbm_ranker - INFO - ✓ Predictions generated for 1 events
2025-10-29 20:23:45,486 - src.modeling.rankers.lgbm_ranker - INFO - Transformed to ranking format: 451659 samples (11581 groups of 39 positions each)
2025-10-29 20:23:45,486 - src.modeling.rankers.lgbm_ranker - INFO - Training LightGBM model...
/usr/local/lib/python3.10/dist-packages/lightgbm/sklearn.py:861: UserWarning: Found 'ndcg_eval_at' in params. Will use it instead of 'eval_at' argument
  _log_warning(f"Found '{alias}' in params. Will use it instead of 'eval_at' argument")
2025-10-29 20:23:46,481 - src.modeling.rankers.lgbm_ranker - INFO - Top-5 most important features:
2025-10-29 20:23:46,481 - src.modeling.rankers.lgbm_ranker - INFO -   position_frequency: 312.00
2025-10-29 20:23:46,481 - src.modeling.rankers.lgbm_ranker - INFO -   position_id: 236.00
2025-10-29 20:23:46,481 - src.modeling.rankers.lgbm_ranker - INFO -   tunneling: 208.00
2025-10-29 20:23:46,481 - src.modeling.rankers.lgbm_ranker - INFO -   min_distance: 191.00
2025-10-29 20:23:46,481 - src.modeling.rankers.lgbm_ranker - INFO -   density_window_0: 84.00
2025-10-29 20:23:46,481 - src.modeling.rankers.lgbm_ranker - INFO - ✓ Training completed in 81.97 seconds
2025-10-29 20:23:46,481 - src.modeling.rankers.lgbm_ranker - INFO - ✓ LGBMRanker training successful
2025-10-29 20:23:46,485 - src.modeling.rankers.lgbm_ranker - INFO - Predicting top-20 for 1 test events...
/usr/local/lib/python3.10/dist-packages/lightgbm/sklearn.py:861: UserWarning: Found 'ndcg_eval_at' in params. Will use it instead of 'eval_at' argument
  _log_warning(f"Found '{alias}' in params. Will use it instead of 'eval_at' argument")
2025-10-29 20:23:46,494 - src.modeling.rankers.lgbm_ranker - INFO - ✓ Predictions generated for 1 events
2025-10-29 20:23:48,302 - src.modeling.rankers.lgbm_ranker - INFO - Transformed to ranking format: 451659 samples (11581 groups of 39 positions each)
2025-10-29 20:23:48,302 - src.modeling.rankers.lgbm_ranker - INFO - Training LightGBM model...
/usr/local/lib/python3.10/dist-packages/lightgbm/sklearn.py:861: UserWarning: Found 'ndcg_eval_at' in params. Will use it instead of 'eval_at' argument
  _log_warning(f"Found '{alias}' in params. Will use it instead of 'eval_at' argument")
2025-10-29 20:23:51,341 - src.modeling.rankers.lgbm_ranker - INFO - Top-5 most important features:
2025-10-29 20:23:51,342 - src.modeling.rankers.lgbm_ranker - INFO -   tunneling: 427.00
2025-10-29 20:23:51,342 - src.modeling.rankers.lgbm_ranker - INFO -   min_distance: 263.00
2025-10-29 20:23:51,342 - src.modeling.rankers.lgbm_ranker - INFO -   position_id: 239.00
2025-10-29 20:23:51,342 - src.modeling.rankers.lgbm_ranker - INFO -   density_window_0: 196.00
2025-10-29 20:23:51,342 - src.modeling.rankers.lgbm_ranker - INFO -   dft_45: 186.00
2025-10-29 20:23:51,342 - src.modeling.rankers.lgbm_ranker - INFO - ✓ Training completed in 85.66 seconds
2025-10-29 20:23:51,342 - src.modeling.rankers.lgbm_ranker - INFO - ✓ LGBMRanker training successful
2025-10-29 20:23:51,390 - src.modeling.rankers.lgbm_ranker - INFO - Predicting top-20 for 1 test events...
/usr/local/lib/python3.10/dist-packages/lightgbm/sklearn.py:861: UserWarning: Found 'ndcg_eval_at' in params. Will use it instead of 'eval_at' argument
  _log_warning(f"Found '{alias}' in params. Will use it instead of 'eval_at' argument")
2025-10-29 20:23:51,399 - src.modeling.rankers.lgbm_ranker - INFO - ✓ Predictions generated for 1 events

  Event Duration: 100.6s
  Parallel Exec:  100.6s
  Model Training Times:
    amplitude: train=82.0s, total=95.5s
    angle_encoding: train=73.6s, total=87.1s
    graph_cycle: train=85.7s, total=100.5s
    density_matrix: train=79.1s, total=93.4s
  Memory Peak: 1.58 GB
  Recalls: amplitude: 100%, angle_encoding: 100%, graph_cycle: 100%, density_matrix: 100%, ensemble: 100%
  [CHECKPOINT] Saved

================================================================================
Event 11583 (94/100)
================================================================================
2025-10-29 20:23:51,572 - src.imputation.base_imputer - INFO - Fitting amplitude_embedding imputer on 11582 samples
2025-10-29 20:23:51,574 - src.imputation.base_imputer - INFO - Fitting graph_cycle_encoding imputer on 11582 samples
2025-10-29 20:23:51,574 - src.imputation.base_imputer - INFO - Fitting density_matrix_optimized imputer on 11582 samples
2025-10-29 20:23:51,574 - src.imputation.base_imputer - INFO - Fitting angle_encoding imputer on 11582 samples
2025-10-29 20:23:51,576 - src.imputation.amplitude_embedding - INFO - Learned position frequencies from 11582 samples. Normalization mode: uniform
2025-10-29 20:23:51,576 - src.imputation.base_imputer - INFO - amplitude_embedding imputer fitted successfully
2025-10-29 20:23:51,576 - src.imputation.base_imputer - INFO - Transforming 11582 samples with amplitude_embedding imputer
2025-10-29 20:23:51,578 - src.imputation.density_matrix - INFO - Density matrix uses fixed quantum mechanical construction (no learning from 11582 training samples)
2025-10-29 20:23:51,578 - src.imputation.base_imputer - INFO - density_matrix_optimized imputer fitted successfully
2025-10-29 20:23:51,578 - src.imputation.base_imputer - INFO - Transforming 11582 samples with density_matrix_optimized imputer
2025-10-29 20:23:51,578 - src.imputation.angle_encoding - INFO - Angle encoding uses fixed angular mapping (no learning from 11582 training samples)
2025-10-29 20:23:51,578 - src.imputation.graph_cycle_encoding - INFO - Graph/Cycle encoding uses fixed DFT basis and geometric distances (no learning from 11582 training samples)
2025-10-29 20:23:51,578 - src.imputation.base_imputer - INFO - angle_encoding imputer fitted successfully
2025-10-29 20:23:51,578 - src.imputation.base_imputer - INFO - graph_cycle_encoding imputer fitted successfully
2025-10-29 20:23:51,578 - src.imputation.base_imputer - INFO - Transforming 11582 samples with angle_encoding imputer
2025-10-29 20:23:51,578 - src.imputation.base_imputer - INFO - Transforming 11582 samples with graph_cycle_encoding imputer
2025-10-29 20:23:59,494 - src.imputation.base_imputer - INFO - Transformation complete: output shape (11582, 377)
2025-10-29 20:23:59,494 - src.imputation.base_imputer - INFO - Transforming 1 samples with amplitude_embedding imputer
2025-10-29 20:23:59,496 - src.imputation.base_imputer - INFO - Transformation complete: output shape (1, 377)
2025-10-29 20:23:59,741 - src.imputation.base_imputer - INFO - Transformation complete: output shape (11582, 322)
2025-10-29 20:23:59,741 - src.imputation.base_imputer - INFO - Transforming 1 samples with angle_encoding imputer
2025-10-29 20:23:59,743 - src.imputation.base_imputer - INFO - Transformation complete: output shape (1, 322)
2025-10-29 20:23:59,749 - src.imputation.base_imputer - INFO - Transformation complete: output shape (11582, 259)
2025-10-29 20:23:59,749 - src.imputation.base_imputer - INFO - Transforming 1 samples with density_matrix_optimized imputer
2025-10-29 20:23:59,751 - src.imputation.base_imputer - INFO - Transformation complete: output shape (1, 259)
2025-10-29 20:24:00,366 - src.imputation.base_imputer - INFO - Transformation complete: output shape (11582, 277)
2025-10-29 20:24:00,367 - src.imputation.base_imputer - INFO - Transforming 1 samples with graph_cycle_encoding imputer
2025-10-29 20:24:00,369 - src.imputation.base_imputer - INFO - Transformation complete: output shape (1, 277)
2025-10-29 20:24:05,220 - src.modeling.rankers.lgbm_ranker - INFO - Training LGBMRanker on 11582 events...
2025-10-29 20:24:05,362 - src.modeling.rankers.lgbm_ranker - INFO - Computed position frequencies: 39 positions
2025-10-29 20:24:05,450 - src.modeling.rankers.lgbm_ranker - INFO - Training LGBMRanker on 11582 events...
2025-10-29 20:24:05,591 - src.modeling.rankers.lgbm_ranker - INFO - Computed position frequencies: 39 positions
2025-10-29 20:24:05,664 - src.modeling.rankers.lgbm_ranker - INFO - Training LGBMRanker on 11582 events...
2025-10-29 20:24:05,813 - src.modeling.rankers.lgbm_ranker - INFO - Computed position frequencies: 39 positions
2025-10-29 20:24:06,231 - src.modeling.rankers.lgbm_ranker - INFO - Training LGBMRanker on 11582 events...
2025-10-29 20:24:06,378 - src.modeling.rankers.lgbm_ranker - INFO - Computed position frequencies: 39 positions
2025-10-29 20:25:20,742 - src.modeling.rankers.lgbm_ranker - INFO - Transformed to ranking format: 451698 samples (11582 groups of 39 positions each)
2025-10-29 20:25:20,742 - src.modeling.rankers.lgbm_ranker - INFO - Training LightGBM model...
/usr/local/lib/python3.10/dist-packages/lightgbm/sklearn.py:861: UserWarning: Found 'ndcg_eval_at' in params. Will use it instead of 'eval_at' argument
  _log_warning(f"Found '{alias}' in params. Will use it instead of 'eval_at' argument")
2025-10-29 20:25:21,982 - src.modeling.rankers.lgbm_ranker - INFO - Transformed to ranking format: 451698 samples (11582 groups of 39 positions each)
2025-10-29 20:25:21,982 - src.modeling.rankers.lgbm_ranker - INFO - Training LightGBM model...
/usr/local/lib/python3.10/dist-packages/lightgbm/sklearn.py:861: UserWarning: Found 'ndcg_eval_at' in params. Will use it instead of 'eval_at' argument
  _log_warning(f"Found '{alias}' in params. Will use it instead of 'eval_at' argument")
2025-10-29 20:25:22,375 - src.modeling.rankers.lgbm_ranker - INFO - Top-5 most important features:
2025-10-29 20:25:22,375 - src.modeling.rankers.lgbm_ranker - INFO -   position_frequency: 344.00
2025-10-29 20:25:22,375 - src.modeling.rankers.lgbm_ranker - INFO -   position_id: 313.00
2025-10-29 20:25:22,375 - src.modeling.rankers.lgbm_ranker - INFO -   tunneling: 306.00
2025-10-29 20:25:22,375 - src.modeling.rankers.lgbm_ranker - INFO -   min_distance: 224.00
2025-10-29 20:25:22,375 - src.modeling.rankers.lgbm_ranker - INFO -   density_window_1: 167.00
2025-10-29 20:25:22,375 - src.modeling.rankers.lgbm_ranker - INFO - ✓ Training completed in 76.92 seconds
2025-10-29 20:25:22,375 - src.modeling.rankers.lgbm_ranker - INFO - ✓ LGBMRanker training successful
2025-10-29 20:25:22,395 - src.modeling.rankers.lgbm_ranker - INFO - Predicting top-20 for 1 test events...
/usr/local/lib/python3.10/dist-packages/lightgbm/sklearn.py:861: UserWarning: Found 'ndcg_eval_at' in params. Will use it instead of 'eval_at' argument
  _log_warning(f"Found '{alias}' in params. Will use it instead of 'eval_at' argument")
2025-10-29 20:25:22,403 - src.modeling.rankers.lgbm_ranker - INFO - ✓ Predictions generated for 1 events
2025-10-29 20:25:23,148 - src.modeling.rankers.lgbm_ranker - INFO - Top-5 most important features:
2025-10-29 20:25:23,149 - src.modeling.rankers.lgbm_ranker - INFO -   position_frequency: 287.00
2025-10-29 20:25:23,149 - src.modeling.rankers.lgbm_ranker - INFO -   aggregate_0: 233.00
2025-10-29 20:25:23,149 - src.modeling.rankers.lgbm_ranker - INFO -   position_id: 220.00
2025-10-29 20:25:23,149 - src.modeling.rankers.lgbm_ranker - INFO -   tunneling: 129.00
2025-10-29 20:25:23,149 - src.modeling.rankers.lgbm_ranker - INFO -   aggregate_1: 104.00
2025-10-29 20:25:23,149 - src.modeling.rankers.lgbm_ranker - INFO - ✓ Training completed in 77.48 seconds
2025-10-29 20:25:23,149 - src.modeling.rankers.lgbm_ranker - INFO - ✓ LGBMRanker training successful
2025-10-29 20:25:23,152 - src.modeling.rankers.lgbm_ranker - INFO - Predicting top-20 for 1 test events...
/usr/local/lib/python3.10/dist-packages/lightgbm/sklearn.py:861: UserWarning: Found 'ndcg_eval_at' in params. Will use it instead of 'eval_at' argument
  _log_warning(f"Found '{alias}' in params. Will use it instead of 'eval_at' argument")
2025-10-29 20:25:23,160 - src.modeling.rankers.lgbm_ranker - INFO - ✓ Predictions generated for 1 events
2025-10-29 20:25:25,670 - src.modeling.rankers.lgbm_ranker - INFO - Transformed to ranking format: 451698 samples (11582 groups of 39 positions each)
2025-10-29 20:25:25,671 - src.modeling.rankers.lgbm_ranker - INFO - Training LightGBM model...
/usr/local/lib/python3.10/dist-packages/lightgbm/sklearn.py:861: UserWarning: Found 'ndcg_eval_at' in params. Will use it instead of 'eval_at' argument
  _log_warning(f"Found '{alias}' in params. Will use it instead of 'eval_at' argument")
2025-10-29 20:25:26,683 - src.modeling.rankers.lgbm_ranker - INFO - Top-5 most important features:
2025-10-29 20:25:26,683 - src.modeling.rankers.lgbm_ranker - INFO -   position_frequency: 326.00
2025-10-29 20:25:26,683 - src.modeling.rankers.lgbm_ranker - INFO -   tunneling: 224.00
2025-10-29 20:25:26,683 - src.modeling.rankers.lgbm_ranker - INFO -   min_distance: 221.00
2025-10-29 20:25:26,683 - src.modeling.rankers.lgbm_ranker - INFO -   position_id: 188.00
2025-10-29 20:25:26,683 - src.modeling.rankers.lgbm_ranker - INFO -   density_window_0: 84.00
2025-10-29 20:25:26,683 - src.modeling.rankers.lgbm_ranker - INFO - ✓ Training completed in 81.46 seconds
2025-10-29 20:25:26,683 - src.modeling.rankers.lgbm_ranker - INFO - ✓ LGBMRanker training successful
2025-10-29 20:25:26,687 - src.modeling.rankers.lgbm_ranker - INFO - Predicting top-20 for 1 test events...
/usr/local/lib/python3.10/dist-packages/lightgbm/sklearn.py:861: UserWarning: Found 'ndcg_eval_at' in params. Will use it instead of 'eval_at' argument
  _log_warning(f"Found '{alias}' in params. Will use it instead of 'eval_at' argument")
2025-10-29 20:25:26,695 - src.modeling.rankers.lgbm_ranker - INFO - ✓ Predictions generated for 1 events
2025-10-29 20:25:29,015 - src.modeling.rankers.lgbm_ranker - INFO - Transformed to ranking format: 451698 samples (11582 groups of 39 positions each)
2025-10-29 20:25:29,015 - src.modeling.rankers.lgbm_ranker - INFO - Training LightGBM model...
/usr/local/lib/python3.10/dist-packages/lightgbm/sklearn.py:861: UserWarning: Found 'ndcg_eval_at' in params. Will use it instead of 'eval_at' argument
  _log_warning(f"Found '{alias}' in params. Will use it instead of 'eval_at' argument")
2025-10-29 20:25:31,971 - src.modeling.rankers.lgbm_ranker - INFO - Top-5 most important features:
2025-10-29 20:25:31,971 - src.modeling.rankers.lgbm_ranker - INFO -   tunneling: 393.00
2025-10-29 20:25:31,971 - src.modeling.rankers.lgbm_ranker - INFO -   position_id: 256.00
2025-10-29 20:25:31,971 - src.modeling.rankers.lgbm_ranker - INFO -   min_distance: 233.00
2025-10-29 20:25:31,971 - src.modeling.rankers.lgbm_ranker - INFO -   dft_45: 217.00
2025-10-29 20:25:31,971 - src.modeling.rankers.lgbm_ranker - INFO -   density_window_0: 199.00
2025-10-29 20:25:31,971 - src.modeling.rankers.lgbm_ranker - INFO - ✓ Training completed in 85.74 seconds
2025-10-29 20:25:31,971 - src.modeling.rankers.lgbm_ranker - INFO - ✓ LGBMRanker training successful
2025-10-29 20:25:32,021 - src.modeling.rankers.lgbm_ranker - INFO - Predicting top-20 for 1 test events...
/usr/local/lib/python3.10/dist-packages/lightgbm/sklearn.py:861: UserWarning: Found 'ndcg_eval_at' in params. Will use it instead of 'eval_at' argument
  _log_warning(f"Found '{alias}' in params. Will use it instead of 'eval_at' argument")
2025-10-29 20:25:32,030 - src.modeling.rankers.lgbm_ranker - INFO - ✓ Predictions generated for 1 events

  Event Duration: 100.6s
  Parallel Exec:  100.6s
  Model Training Times:
    amplitude: train=81.5s, total=95.1s
    angle_encoding: train=77.5s, total=91.6s
    graph_cycle: train=85.8s, total=100.5s
    density_matrix: train=76.9s, total=90.9s
  Memory Peak: 1.58 GB
  Recalls: amplitude: 100%, angle_encoding: 100%, graph_cycle: 100%, density_matrix: 100%, ensemble: 100%
  [CHECKPOINT] Saved

================================================================================
Event 11584 (95/100)
================================================================================
2025-10-29 20:25:32,214 - src.imputation.base_imputer - INFO - Fitting amplitude_embedding imputer on 11583 samples
2025-10-29 20:25:32,216 - src.imputation.base_imputer - INFO - Fitting density_matrix_optimized imputer on 11583 samples
2025-10-29 20:25:32,216 - src.imputation.base_imputer - INFO - Fitting graph_cycle_encoding imputer on 11583 samples
2025-10-29 20:25:32,216 - src.imputation.base_imputer - INFO - Fitting angle_encoding imputer on 11583 samples
2025-10-29 20:25:32,217 - src.imputation.amplitude_embedding - INFO - Learned position frequencies from 11583 samples. Normalization mode: uniform
2025-10-29 20:25:32,217 - src.imputation.base_imputer - INFO - amplitude_embedding imputer fitted successfully
2025-10-29 20:25:32,217 - src.imputation.base_imputer - INFO - Transforming 11583 samples with amplitude_embedding imputer
2025-10-29 20:25:32,219 - src.imputation.density_matrix - INFO - Density matrix uses fixed quantum mechanical construction (no learning from 11583 training samples)
2025-10-29 20:25:32,219 - src.imputation.angle_encoding - INFO - Angle encoding uses fixed angular mapping (no learning from 11583 training samples)
2025-10-29 20:25:32,219 - src.imputation.graph_cycle_encoding - INFO - Graph/Cycle encoding uses fixed DFT basis and geometric distances (no learning from 11583 training samples)
2025-10-29 20:25:32,219 - src.imputation.base_imputer - INFO - density_matrix_optimized imputer fitted successfully
2025-10-29 20:25:32,219 - src.imputation.base_imputer - INFO - angle_encoding imputer fitted successfully
2025-10-29 20:25:32,219 - src.imputation.base_imputer - INFO - graph_cycle_encoding imputer fitted successfully
2025-10-29 20:25:32,219 - src.imputation.base_imputer - INFO - Transforming 11583 samples with density_matrix_optimized imputer
2025-10-29 20:25:32,219 - src.imputation.base_imputer - INFO - Transforming 11583 samples with angle_encoding imputer
2025-10-29 20:25:32,219 - src.imputation.base_imputer - INFO - Transforming 11583 samples with graph_cycle_encoding imputer
2025-10-29 20:25:39,988 - src.imputation.base_imputer - INFO - Transformation complete: output shape (11583, 322)
2025-10-29 20:25:39,988 - src.imputation.base_imputer - INFO - Transforming 1 samples with angle_encoding imputer
2025-10-29 20:25:39,990 - src.imputation.base_imputer - INFO - Transformation complete: output shape (1, 322)
2025-10-29 20:25:40,103 - src.imputation.base_imputer - INFO - Transformation complete: output shape (11583, 377)
2025-10-29 20:25:40,103 - src.imputation.base_imputer - INFO - Transforming 1 samples with amplitude_embedding imputer
2025-10-29 20:25:40,105 - src.imputation.base_imputer - INFO - Transformation complete: output shape (1, 377)
2025-10-29 20:25:40,746 - src.imputation.base_imputer - INFO - Transformation complete: output shape (11583, 259)
2025-10-29 20:25:40,746 - src.imputation.base_imputer - INFO - Transforming 1 samples with density_matrix_optimized imputer
2025-10-29 20:25:40,748 - src.imputation.base_imputer - INFO - Transformation complete: output shape (1, 259)
2025-10-29 20:25:40,940 - src.imputation.base_imputer - INFO - Transformation complete: output shape (11583, 277)
2025-10-29 20:25:40,940 - src.imputation.base_imputer - INFO - Transforming 1 samples with graph_cycle_encoding imputer
2025-10-29 20:25:40,942 - src.imputation.base_imputer - INFO - Transformation complete: output shape (1, 277)
2025-10-29 20:25:45,827 - src.modeling.rankers.lgbm_ranker - INFO - Training LGBMRanker on 11583 events...
2025-10-29 20:25:45,889 - src.modeling.rankers.lgbm_ranker - INFO - Training LGBMRanker on 11583 events...
2025-10-29 20:25:45,974 - src.modeling.rankers.lgbm_ranker - INFO - Computed position frequencies: 39 positions
2025-10-29 20:25:46,033 - src.modeling.rankers.lgbm_ranker - INFO - Computed position frequencies: 39 positions
2025-10-29 20:25:46,625 - src.modeling.rankers.lgbm_ranker - INFO - Training LGBMRanker on 11583 events...
2025-10-29 20:25:46,650 - src.modeling.rankers.lgbm_ranker - INFO - Training LGBMRanker on 11583 events...
2025-10-29 20:25:46,772 - src.modeling.rankers.lgbm_ranker - INFO - Computed position frequencies: 39 positions
2025-10-29 20:25:46,792 - src.modeling.rankers.lgbm_ranker - INFO - Computed position frequencies: 39 positions
2025-10-29 20:27:00,951 - src.modeling.rankers.lgbm_ranker - INFO - Transformed to ranking format: 451737 samples (11583 groups of 39 positions each)
2025-10-29 20:27:00,951 - src.modeling.rankers.lgbm_ranker - INFO - Training LightGBM model...
/usr/local/lib/python3.10/dist-packages/lightgbm/sklearn.py:861: UserWarning: Found 'ndcg_eval_at' in params. Will use it instead of 'eval_at' argument
  _log_warning(f"Found '{alias}' in params. Will use it instead of 'eval_at' argument")
2025-10-29 20:27:02,085 - src.modeling.rankers.lgbm_ranker - INFO - Top-5 most important features:
2025-10-29 20:27:02,085 - src.modeling.rankers.lgbm_ranker - INFO -   aggregate_0: 277.00
2025-10-29 20:27:02,085 - src.modeling.rankers.lgbm_ranker - INFO -   position_frequency: 247.00
2025-10-29 20:27:02,085 - src.modeling.rankers.lgbm_ranker - INFO -   position_id: 237.00
2025-10-29 20:27:02,085 - src.modeling.rankers.lgbm_ranker - INFO -   tunneling: 132.00
2025-10-29 20:27:02,085 - src.modeling.rankers.lgbm_ranker - INFO -   aggregate_5: 82.00
2025-10-29 20:27:02,085 - src.modeling.rankers.lgbm_ranker - INFO - ✓ Training completed in 76.26 seconds
2025-10-29 20:27:02,085 - src.modeling.rankers.lgbm_ranker - INFO - ✓ LGBMRanker training successful
2025-10-29 20:27:02,098 - src.modeling.rankers.lgbm_ranker - INFO - Predicting top-20 for 1 test events...
/usr/local/lib/python3.10/dist-packages/lightgbm/sklearn.py:861: UserWarning: Found 'ndcg_eval_at' in params. Will use it instead of 'eval_at' argument
  _log_warning(f"Found '{alias}' in params. Will use it instead of 'eval_at' argument")
2025-10-29 20:27:02,106 - src.modeling.rankers.lgbm_ranker - INFO - ✓ Predictions generated for 1 events
2025-10-29 20:27:03,920 - src.modeling.rankers.lgbm_ranker - INFO - Transformed to ranking format: 451737 samples (11583 groups of 39 positions each)
2025-10-29 20:27:03,920 - src.modeling.rankers.lgbm_ranker - INFO - Training LightGBM model...
/usr/local/lib/python3.10/dist-packages/lightgbm/sklearn.py:861: UserWarning: Found 'ndcg_eval_at' in params. Will use it instead of 'eval_at' argument
  _log_warning(f"Found '{alias}' in params. Will use it instead of 'eval_at' argument")
2025-10-29 20:27:05,523 - src.modeling.rankers.lgbm_ranker - INFO - Top-5 most important features:
2025-10-29 20:27:05,523 - src.modeling.rankers.lgbm_ranker - INFO -   position_id: 436.00
2025-10-29 20:27:05,523 - src.modeling.rankers.lgbm_ranker - INFO -   tunneling: 301.00
2025-10-29 20:27:05,523 - src.modeling.rankers.lgbm_ranker - INFO -   position_frequency: 297.00
2025-10-29 20:27:05,523 - src.modeling.rankers.lgbm_ranker - INFO -   min_distance: 229.00
2025-10-29 20:27:05,523 - src.modeling.rankers.lgbm_ranker - INFO -   density_window_0: 186.00
2025-10-29 20:27:05,523 - src.modeling.rankers.lgbm_ranker - INFO - ✓ Training completed in 78.90 seconds
2025-10-29 20:27:05,523 - src.modeling.rankers.lgbm_ranker - INFO - ✓ LGBMRanker training successful
2025-10-29 20:27:05,546 - src.modeling.rankers.lgbm_ranker - INFO - Predicting top-20 for 1 test events...
/usr/local/lib/python3.10/dist-packages/lightgbm/sklearn.py:861: UserWarning: Found 'ndcg_eval_at' in params. Will use it instead of 'eval_at' argument
  _log_warning(f"Found '{alias}' in params. Will use it instead of 'eval_at' argument")
2025-10-29 20:27:05,554 - src.modeling.rankers.lgbm_ranker - INFO - ✓ Predictions generated for 1 events
2025-10-29 20:27:06,896 - src.modeling.rankers.lgbm_ranker - INFO - Transformed to ranking format: 451737 samples (11583 groups of 39 positions each)
2025-10-29 20:27:06,896 - src.modeling.rankers.lgbm_ranker - INFO - Training LightGBM model...
/usr/local/lib/python3.10/dist-packages/lightgbm/sklearn.py:861: UserWarning: Found 'ndcg_eval_at' in params. Will use it instead of 'eval_at' argument
  _log_warning(f"Found '{alias}' in params. Will use it instead of 'eval_at' argument")
2025-10-29 20:27:07,722 - src.modeling.rankers.lgbm_ranker - INFO - Transformed to ranking format: 451737 samples (11583 groups of 39 positions each)
2025-10-29 20:27:07,722 - src.modeling.rankers.lgbm_ranker - INFO - Training LightGBM model...
/usr/local/lib/python3.10/dist-packages/lightgbm/sklearn.py:861: UserWarning: Found 'ndcg_eval_at' in params. Will use it instead of 'eval_at' argument
  _log_warning(f"Found '{alias}' in params. Will use it instead of 'eval_at' argument")
2025-10-29 20:27:07,913 - src.modeling.rankers.lgbm_ranker - INFO - Top-5 most important features:
2025-10-29 20:27:07,913 - src.modeling.rankers.lgbm_ranker - INFO -   position_frequency: 356.00
2025-10-29 20:27:07,913 - src.modeling.rankers.lgbm_ranker - INFO -   tunneling: 245.00
2025-10-29 20:27:07,913 - src.modeling.rankers.lgbm_ranker - INFO -   position_id: 207.00
2025-10-29 20:27:07,913 - src.modeling.rankers.lgbm_ranker - INFO -   min_distance: 173.00
2025-10-29 20:27:07,913 - src.modeling.rankers.lgbm_ranker - INFO -   density_window_0: 98.00
2025-10-29 20:27:07,913 - src.modeling.rankers.lgbm_ranker - INFO - ✓ Training completed in 82.02 seconds
2025-10-29 20:27:07,913 - src.modeling.rankers.lgbm_ranker - INFO - ✓ LGBMRanker training successful
2025-10-29 20:27:07,917 - src.modeling.rankers.lgbm_ranker - INFO - Predicting top-20 for 1 test events...
/usr/local/lib/python3.10/dist-packages/lightgbm/sklearn.py:861: UserWarning: Found 'ndcg_eval_at' in params. Will use it instead of 'eval_at' argument
  _log_warning(f"Found '{alias}' in params. Will use it instead of 'eval_at' argument")
2025-10-29 20:27:07,926 - src.modeling.rankers.lgbm_ranker - INFO - ✓ Predictions generated for 1 events
2025-10-29 20:27:10,768 - src.modeling.rankers.lgbm_ranker - INFO - Top-5 most important features:
2025-10-29 20:27:10,768 - src.modeling.rankers.lgbm_ranker - INFO -   tunneling: 461.00
2025-10-29 20:27:10,768 - src.modeling.rankers.lgbm_ranker - INFO -   min_distance: 287.00
2025-10-29 20:27:10,768 - src.modeling.rankers.lgbm_ranker - INFO -   position_id: 242.00
2025-10-29 20:27:10,768 - src.modeling.rankers.lgbm_ranker - INFO -   density_window_0: 199.00
2025-10-29 20:27:10,768 - src.modeling.rankers.lgbm_ranker - INFO -   dft_45: 174.00
2025-10-29 20:27:10,768 - src.modeling.rankers.lgbm_ranker - INFO - ✓ Training completed in 84.12 seconds
2025-10-29 20:27:10,768 - src.modeling.rankers.lgbm_ranker - INFO - ✓ LGBMRanker training successful
2025-10-29 20:27:10,841 - src.modeling.rankers.lgbm_ranker - INFO - Predicting top-20 for 1 test events...
/usr/local/lib/python3.10/dist-packages/lightgbm/sklearn.py:861: UserWarning: Found 'ndcg_eval_at' in params. Will use it instead of 'eval_at' argument
  _log_warning(f"Found '{alias}' in params. Will use it instead of 'eval_at' argument")
2025-10-29 20:27:10,849 - src.modeling.rankers.lgbm_ranker - INFO - ✓ Predictions generated for 1 events

  Event Duration: 98.8s
  Parallel Exec:  98.8s
  Model Training Times:
    amplitude: train=82.0s, total=95.7s
    angle_encoding: train=76.3s, total=89.9s
    graph_cycle: train=84.2s, total=98.7s
    density_matrix: train=78.9s, total=93.4s
  Memory Peak: 1.27 GB
  Recalls: amplitude: 100%, angle_encoding: 100%, graph_cycle: 100%, density_matrix: 100%, ensemble: 100%
  [CHECKPOINT] Saved

================================================================================
Event 11585 (96/100)
================================================================================
2025-10-29 20:27:11,001 - src.imputation.base_imputer - INFO - Fitting amplitude_embedding imputer on 11584 samples
2025-10-29 20:27:11,003 - src.imputation.base_imputer - INFO - Fitting angle_encoding imputer on 11584 samples
2025-10-29 20:27:11,003 - src.imputation.base_imputer - INFO - Fitting graph_cycle_encoding imputer on 11584 samples
2025-10-29 20:27:11,003 - src.imputation.base_imputer - INFO - Fitting density_matrix_optimized imputer on 11584 samples
2025-10-29 20:27:11,005 - src.imputation.amplitude_embedding - INFO - Learned position frequencies from 11584 samples. Normalization mode: uniform
2025-10-29 20:27:11,005 - src.imputation.base_imputer - INFO - amplitude_embedding imputer fitted successfully
2025-10-29 20:27:11,005 - src.imputation.base_imputer - INFO - Transforming 11584 samples with amplitude_embedding imputer
2025-10-29 20:27:11,006 - src.imputation.angle_encoding - INFO - Angle encoding uses fixed angular mapping (no learning from 11584 training samples)
2025-10-29 20:27:11,006 - src.imputation.base_imputer - INFO - angle_encoding imputer fitted successfully
2025-10-29 20:27:11,006 - src.imputation.base_imputer - INFO - Transforming 11584 samples with angle_encoding imputer
2025-10-29 20:27:11,006 - src.imputation.graph_cycle_encoding - INFO - Graph/Cycle encoding uses fixed DFT basis and geometric distances (no learning from 11584 training samples)
2025-10-29 20:27:11,006 - src.imputation.base_imputer - INFO - graph_cycle_encoding imputer fitted successfully
2025-10-29 20:27:11,006 - src.imputation.base_imputer - INFO - Transforming 11584 samples with graph_cycle_encoding imputer
2025-10-29 20:27:11,006 - src.imputation.density_matrix - INFO - Density matrix uses fixed quantum mechanical construction (no learning from 11584 training samples)
2025-10-29 20:27:11,006 - src.imputation.base_imputer - INFO - density_matrix_optimized imputer fitted successfully
2025-10-29 20:27:11,006 - src.imputation.base_imputer - INFO - Transforming 11584 samples with density_matrix_optimized imputer
2025-10-29 20:27:18,904 - src.imputation.base_imputer - INFO - Transformation complete: output shape (11584, 377)
2025-10-29 20:27:18,904 - src.imputation.base_imputer - INFO - Transforming 1 samples with amplitude_embedding imputer
2025-10-29 20:27:18,906 - src.imputation.base_imputer - INFO - Transformation complete: output shape (1, 377)
2025-10-29 20:27:18,978 - src.imputation.base_imputer - INFO - Transformation complete: output shape (11584, 322)
2025-10-29 20:27:18,978 - src.imputation.base_imputer - INFO - Transforming 1 samples with angle_encoding imputer
2025-10-29 20:27:18,980 - src.imputation.base_imputer - INFO - Transformation complete: output shape (1, 322)
2025-10-29 20:27:19,353 - src.imputation.base_imputer - INFO - Transformation complete: output shape (11584, 259)
2025-10-29 20:27:19,353 - src.imputation.base_imputer - INFO - Transforming 1 samples with density_matrix_optimized imputer
2025-10-29 20:27:19,355 - src.imputation.base_imputer - INFO - Transformation complete: output shape (1, 259)
2025-10-29 20:27:19,792 - src.imputation.base_imputer - INFO - Transformation complete: output shape (11584, 277)
2025-10-29 20:27:19,792 - src.imputation.base_imputer - INFO - Transforming 1 samples with graph_cycle_encoding imputer
2025-10-29 20:27:19,794 - src.imputation.base_imputer - INFO - Transformation complete: output shape (1, 277)
2025-10-29 20:27:24,608 - src.modeling.rankers.lgbm_ranker - INFO - Training LGBMRanker on 11584 events...
2025-10-29 20:27:24,751 - src.modeling.rankers.lgbm_ranker - INFO - Computed position frequencies: 39 positions
2025-10-29 20:27:24,889 - src.modeling.rankers.lgbm_ranker - INFO - Training LGBMRanker on 11584 events...
2025-10-29 20:27:24,996 - src.modeling.rankers.lgbm_ranker - INFO - Training LGBMRanker on 11584 events...
2025-10-29 20:27:25,037 - src.modeling.rankers.lgbm_ranker - INFO - Computed position frequencies: 39 positions
2025-10-29 20:27:25,140 - src.modeling.rankers.lgbm_ranker - INFO - Computed position frequencies: 39 positions
2025-10-29 20:27:25,726 - src.modeling.rankers.lgbm_ranker - INFO - Training LGBMRanker on 11584 events...
2025-10-29 20:27:25,875 - src.modeling.rankers.lgbm_ranker - INFO - Computed position frequencies: 39 positions
2025-10-29 20:28:39,393 - src.modeling.rankers.lgbm_ranker - INFO - Transformed to ranking format: 451776 samples (11584 groups of 39 positions each)
2025-10-29 20:28:39,393 - src.modeling.rankers.lgbm_ranker - INFO - Training LightGBM model...
/usr/local/lib/python3.10/dist-packages/lightgbm/sklearn.py:861: UserWarning: Found 'ndcg_eval_at' in params. Will use it instead of 'eval_at' argument
  _log_warning(f"Found '{alias}' in params. Will use it instead of 'eval_at' argument")
2025-10-29 20:28:40,994 - src.modeling.rankers.lgbm_ranker - INFO - Top-5 most important features:
2025-10-29 20:28:40,994 - src.modeling.rankers.lgbm_ranker - INFO -   position_frequency: 342.00
2025-10-29 20:28:40,994 - src.modeling.rankers.lgbm_ranker - INFO -   position_id: 329.00
2025-10-29 20:28:40,994 - src.modeling.rankers.lgbm_ranker - INFO -   tunneling: 283.00
2025-10-29 20:28:40,994 - src.modeling.rankers.lgbm_ranker - INFO -   min_distance: 239.00
2025-10-29 20:28:40,994 - src.modeling.rankers.lgbm_ranker - INFO -   density_window_0: 196.00
2025-10-29 20:28:40,994 - src.modeling.rankers.lgbm_ranker - INFO - ✓ Training completed in 76.00 seconds
2025-10-29 20:28:40,994 - src.modeling.rankers.lgbm_ranker - INFO - ✓ LGBMRanker training successful
2025-10-29 20:28:41,015 - src.modeling.rankers.lgbm_ranker - INFO - Predicting top-20 for 1 test events...
/usr/local/lib/python3.10/dist-packages/lightgbm/sklearn.py:861: UserWarning: Found 'ndcg_eval_at' in params. Will use it instead of 'eval_at' argument
  _log_warning(f"Found '{alias}' in params. Will use it instead of 'eval_at' argument")
2025-10-29 20:28:41,023 - src.modeling.rankers.lgbm_ranker - INFO - ✓ Predictions generated for 1 events
2025-10-29 20:28:41,053 - src.modeling.rankers.lgbm_ranker - INFO - Transformed to ranking format: 451776 samples (11584 groups of 39 positions each)
2025-10-29 20:28:41,053 - src.modeling.rankers.lgbm_ranker - INFO - Training LightGBM model...
/usr/local/lib/python3.10/dist-packages/lightgbm/sklearn.py:861: UserWarning: Found 'ndcg_eval_at' in params. Will use it instead of 'eval_at' argument
  _log_warning(f"Found '{alias}' in params. Will use it instead of 'eval_at' argument")
2025-10-29 20:28:42,171 - src.modeling.rankers.lgbm_ranker - INFO - Top-5 most important features:
2025-10-29 20:28:42,171 - src.modeling.rankers.lgbm_ranker - INFO -   aggregate_0: 346.00
2025-10-29 20:28:42,171 - src.modeling.rankers.lgbm_ranker - INFO -   position_frequency: 252.00
2025-10-29 20:28:42,171 - src.modeling.rankers.lgbm_ranker - INFO -   position_id: 204.00
2025-10-29 20:28:42,171 - src.modeling.rankers.lgbm_ranker - INFO -   aggregate_1: 138.00
2025-10-29 20:28:42,171 - src.modeling.rankers.lgbm_ranker - INFO -   min_distance: 89.00
2025-10-29 20:28:42,171 - src.modeling.rankers.lgbm_ranker - INFO - ✓ Training completed in 77.28 seconds
2025-10-29 20:28:42,171 - src.modeling.rankers.lgbm_ranker - INFO - ✓ LGBMRanker training successful
2025-10-29 20:28:42,189 - src.modeling.rankers.lgbm_ranker - INFO - Predicting top-20 for 1 test events...
/usr/local/lib/python3.10/dist-packages/lightgbm/sklearn.py:861: UserWarning: Found 'ndcg_eval_at' in params. Will use it instead of 'eval_at' argument
  _log_warning(f"Found '{alias}' in params. Will use it instead of 'eval_at' argument")
2025-10-29 20:28:42,197 - src.modeling.rankers.lgbm_ranker - INFO - ✓ Predictions generated for 1 events
2025-10-29 20:28:46,658 - src.modeling.rankers.lgbm_ranker - INFO - Transformed to ranking format: 451776 samples (11584 groups of 39 positions each)
2025-10-29 20:28:46,658 - src.modeling.rankers.lgbm_ranker - INFO - Training LightGBM model...
/usr/local/lib/python3.10/dist-packages/lightgbm/sklearn.py:861: UserWarning: Found 'ndcg_eval_at' in params. Will use it instead of 'eval_at' argument
  _log_warning(f"Found '{alias}' in params. Will use it instead of 'eval_at' argument")
2025-10-29 20:28:46,725 - src.modeling.rankers.lgbm_ranker - INFO - Transformed to ranking format: 451776 samples (11584 groups of 39 positions each)
2025-10-29 20:28:46,725 - src.modeling.rankers.lgbm_ranker - INFO - Training LightGBM model...
/usr/local/lib/python3.10/dist-packages/lightgbm/sklearn.py:861: UserWarning: Found 'ndcg_eval_at' in params. Will use it instead of 'eval_at' argument
  _log_warning(f"Found '{alias}' in params. Will use it instead of 'eval_at' argument")
2025-10-29 20:28:47,777 - src.modeling.rankers.lgbm_ranker - INFO - Top-5 most important features:
2025-10-29 20:28:47,777 - src.modeling.rankers.lgbm_ranker - INFO -   position_frequency: 441.00
2025-10-29 20:28:47,777 - src.modeling.rankers.lgbm_ranker - INFO -   tunneling: 271.00
2025-10-29 20:28:47,777 - src.modeling.rankers.lgbm_ranker - INFO -   position_id: 247.00
2025-10-29 20:28:47,777 - src.modeling.rankers.lgbm_ranker - INFO -   min_distance: 197.00
2025-10-29 20:28:47,777 - src.modeling.rankers.lgbm_ranker - INFO -   density_window_0: 90.00
2025-10-29 20:28:47,777 - src.modeling.rankers.lgbm_ranker - INFO - ✓ Training completed in 83.17 seconds
2025-10-29 20:28:47,777 - src.modeling.rankers.lgbm_ranker - INFO - ✓ LGBMRanker training successful
2025-10-29 20:28:47,781 - src.modeling.rankers.lgbm_ranker - INFO - Predicting top-20 for 1 test events...
/usr/local/lib/python3.10/dist-packages/lightgbm/sklearn.py:861: UserWarning: Found 'ndcg_eval_at' in params. Will use it instead of 'eval_at' argument
  _log_warning(f"Found '{alias}' in params. Will use it instead of 'eval_at' argument")
2025-10-29 20:28:47,790 - src.modeling.rankers.lgbm_ranker - INFO - ✓ Predictions generated for 1 events
2025-10-29 20:28:50,046 - src.modeling.rankers.lgbm_ranker - INFO - Top-5 most important features:
2025-10-29 20:28:50,046 - src.modeling.rankers.lgbm_ranker - INFO -   tunneling: 405.00
2025-10-29 20:28:50,046 - src.modeling.rankers.lgbm_ranker - INFO -   min_distance: 263.00
2025-10-29 20:28:50,046 - src.modeling.rankers.lgbm_ranker - INFO -   position_id: 260.00
2025-10-29 20:28:50,046 - src.modeling.rankers.lgbm_ranker - INFO -   density_window_0: 190.00
2025-10-29 20:28:50,046 - src.modeling.rankers.lgbm_ranker - INFO -   dft_45: 180.00
2025-10-29 20:28:50,046 - src.modeling.rankers.lgbm_ranker - INFO - ✓ Training completed in 84.32 seconds
2025-10-29 20:28:50,046 - src.modeling.rankers.lgbm_ranker - INFO - ✓ LGBMRanker training successful
2025-10-29 20:28:50,095 - src.modeling.rankers.lgbm_ranker - INFO - Predicting top-20 for 1 test events...
/usr/local/lib/python3.10/dist-packages/lightgbm/sklearn.py:861: UserWarning: Found 'ndcg_eval_at' in params. Will use it instead of 'eval_at' argument
  _log_warning(f"Found '{alias}' in params. Will use it instead of 'eval_at' argument")
2025-10-29 20:28:50,103 - src.modeling.rankers.lgbm_ranker - INFO - ✓ Predictions generated for 1 events

  Event Duration: 99.3s
  Parallel Exec:  99.3s
  Model Training Times:
    amplitude: train=83.2s, total=96.8s
    angle_encoding: train=77.3s, total=91.2s
    graph_cycle: train=84.4s, total=99.1s
    density_matrix: train=76.0s, total=90.0s
  Memory Peak: 1.58 GB
  Recalls: amplitude: 100%, angle_encoding: 100%, graph_cycle: 100%, density_matrix: 100%, ensemble: 100%
  [CHECKPOINT] Saved

================================================================================
Event 11586 (97/100)
================================================================================
2025-10-29 20:28:50,291 - src.imputation.base_imputer - INFO - Fitting amplitude_embedding imputer on 11585 samples
2025-10-29 20:28:50,294 - src.imputation.base_imputer - INFO - Fitting graph_cycle_encoding imputer on 11585 samples
2025-10-29 20:28:50,295 - src.imputation.amplitude_embedding - INFO - Learned position frequencies from 11585 samples. Normalization mode: uniform
2025-10-29 20:28:50,295 - src.imputation.base_imputer - INFO - amplitude_embedding imputer fitted successfully
2025-10-29 20:28:50,295 - src.imputation.base_imputer - INFO - Transforming 11585 samples with amplitude_embedding imputer
2025-10-29 20:28:50,297 - src.imputation.graph_cycle_encoding - INFO - Graph/Cycle encoding uses fixed DFT basis and geometric distances (no learning from 11585 training samples)
2025-10-29 20:28:50,297 - src.imputation.base_imputer - INFO - graph_cycle_encoding imputer fitted successfully
2025-10-29 20:28:50,297 - src.imputation.base_imputer - INFO - Transforming 11585 samples with graph_cycle_encoding imputer
2025-10-29 20:28:50,301 - src.imputation.base_imputer - INFO - Fitting density_matrix_optimized imputer on 11585 samples
2025-10-29 20:28:50,301 - src.imputation.base_imputer - INFO - Fitting angle_encoding imputer on 11585 samples
2025-10-29 20:28:50,307 - src.imputation.density_matrix - INFO - Density matrix uses fixed quantum mechanical construction (no learning from 11585 training samples)
2025-10-29 20:28:50,307 - src.imputation.angle_encoding - INFO - Angle encoding uses fixed angular mapping (no learning from 11585 training samples)
2025-10-29 20:28:50,307 - src.imputation.base_imputer - INFO - angle_encoding imputer fitted successfully
2025-10-29 20:28:50,307 - src.imputation.base_imputer - INFO - density_matrix_optimized imputer fitted successfully
2025-10-29 20:28:50,307 - src.imputation.base_imputer - INFO - Transforming 11585 samples with density_matrix_optimized imputer
2025-10-29 20:28:50,307 - src.imputation.base_imputer - INFO - Transforming 11585 samples with angle_encoding imputer
2025-10-29 20:28:58,150 - src.imputation.base_imputer - INFO - Transformation complete: output shape (11585, 377)
2025-10-29 20:28:58,150 - src.imputation.base_imputer - INFO - Transforming 1 samples with amplitude_embedding imputer
2025-10-29 20:28:58,152 - src.imputation.base_imputer - INFO - Transformation complete: output shape (1, 377)
2025-10-29 20:28:58,325 - src.imputation.base_imputer - INFO - Transformation complete: output shape (11585, 322)
2025-10-29 20:28:58,325 - src.imputation.base_imputer - INFO - Transforming 1 samples with angle_encoding imputer
2025-10-29 20:28:58,327 - src.imputation.base_imputer - INFO - Transformation complete: output shape (1, 322)
2025-10-29 20:28:58,376 - src.imputation.base_imputer - INFO - Transformation complete: output shape (11585, 259)
2025-10-29 20:28:58,377 - src.imputation.base_imputer - INFO - Transforming 1 samples with density_matrix_optimized imputer
2025-10-29 20:28:58,379 - src.imputation.base_imputer - INFO - Transformation complete: output shape (1, 259)
2025-10-29 20:28:59,098 - src.imputation.base_imputer - INFO - Transformation complete: output shape (11585, 277)
2025-10-29 20:28:59,098 - src.imputation.base_imputer - INFO - Transforming 1 samples with graph_cycle_encoding imputer
2025-10-29 20:28:59,100 - src.imputation.base_imputer - INFO - Transformation complete: output shape (1, 277)
2025-10-29 20:29:03,930 - src.modeling.rankers.lgbm_ranker - INFO - Training LGBMRanker on 11585 events...
2025-10-29 20:29:04,039 - src.modeling.rankers.lgbm_ranker - INFO - Training LGBMRanker on 11585 events...
2025-10-29 20:29:04,074 - src.modeling.rankers.lgbm_ranker - INFO - Computed position frequencies: 39 positions
2025-10-29 20:29:04,181 - src.modeling.rankers.lgbm_ranker - INFO - Computed position frequencies: 39 positions
2025-10-29 20:29:04,218 - src.modeling.rankers.lgbm_ranker - INFO - Training LGBMRanker on 11585 events...
2025-10-29 20:29:04,365 - src.modeling.rankers.lgbm_ranker - INFO - Computed position frequencies: 39 positions
2025-10-29 20:29:04,968 - src.modeling.rankers.lgbm_ranker - INFO - Training LGBMRanker on 11585 events...
2025-10-29 20:29:05,115 - src.modeling.rankers.lgbm_ranker - INFO - Computed position frequencies: 39 positions
2025-10-29 20:30:18,574 - src.modeling.rankers.lgbm_ranker - INFO - Transformed to ranking format: 451815 samples (11585 groups of 39 positions each)
2025-10-29 20:30:18,574 - src.modeling.rankers.lgbm_ranker - INFO - Training LightGBM model...
/usr/local/lib/python3.10/dist-packages/lightgbm/sklearn.py:861: UserWarning: Found 'ndcg_eval_at' in params. Will use it instead of 'eval_at' argument
  _log_warning(f"Found '{alias}' in params. Will use it instead of 'eval_at' argument")
2025-10-29 20:30:19,084 - src.modeling.rankers.lgbm_ranker - INFO - Transformed to ranking format: 451815 samples (11585 groups of 39 positions each)
2025-10-29 20:30:19,084 - src.modeling.rankers.lgbm_ranker - INFO - Training LightGBM model...
/usr/local/lib/python3.10/dist-packages/lightgbm/sklearn.py:861: UserWarning: Found 'ndcg_eval_at' in params. Will use it instead of 'eval_at' argument
  _log_warning(f"Found '{alias}' in params. Will use it instead of 'eval_at' argument")
2025-10-29 20:30:20,235 - src.modeling.rankers.lgbm_ranker - INFO - Top-5 most important features:
2025-10-29 20:30:20,235 - src.modeling.rankers.lgbm_ranker - INFO -   position_id: 361.00
2025-10-29 20:30:20,235 - src.modeling.rankers.lgbm_ranker - INFO -   min_distance: 315.00
2025-10-29 20:30:20,235 - src.modeling.rankers.lgbm_ranker - INFO -   tunneling: 308.00
2025-10-29 20:30:20,235 - src.modeling.rankers.lgbm_ranker - INFO -   position_frequency: 254.00
2025-10-29 20:30:20,235 - src.modeling.rankers.lgbm_ranker - INFO -   density_window_0: 193.00
2025-10-29 20:30:20,235 - src.modeling.rankers.lgbm_ranker - INFO - ✓ Training completed in 76.20 seconds
2025-10-29 20:30:20,235 - src.modeling.rankers.lgbm_ranker - INFO - ✓ LGBMRanker training successful
2025-10-29 20:30:20,239 - src.modeling.rankers.lgbm_ranker - INFO - Top-5 most important features:
2025-10-29 20:30:20,239 - src.modeling.rankers.lgbm_ranker - INFO -   aggregate_0: 274.00
2025-10-29 20:30:20,239 - src.modeling.rankers.lgbm_ranker - INFO -   position_frequency: 263.00
2025-10-29 20:30:20,239 - src.modeling.rankers.lgbm_ranker - INFO -   position_id: 166.00
2025-10-29 20:30:20,239 - src.modeling.rankers.lgbm_ranker - INFO -   aggregate_1: 111.00
2025-10-29 20:30:20,239 - src.modeling.rankers.lgbm_ranker - INFO -   angle: 81.00
2025-10-29 20:30:20,239 - src.modeling.rankers.lgbm_ranker - INFO - ✓ Training completed in 76.02 seconds
2025-10-29 20:30:20,239 - src.modeling.rankers.lgbm_ranker - INFO - ✓ LGBMRanker training successful
2025-10-29 20:30:20,252 - src.modeling.rankers.lgbm_ranker - INFO - Predicting top-20 for 1 test events...
2025-10-29 20:30:20,256 - src.modeling.rankers.lgbm_ranker - INFO - Predicting top-20 for 1 test events...
/usr/local/lib/python3.10/dist-packages/lightgbm/sklearn.py:861: UserWarning: Found 'ndcg_eval_at' in params. Will use it instead of 'eval_at' argument
  _log_warning(f"Found '{alias}' in params. Will use it instead of 'eval_at' argument")
2025-10-29 20:30:20,260 - src.modeling.rankers.lgbm_ranker - INFO - ✓ Predictions generated for 1 events
/usr/local/lib/python3.10/dist-packages/lightgbm/sklearn.py:861: UserWarning: Found 'ndcg_eval_at' in params. Will use it instead of 'eval_at' argument
  _log_warning(f"Found '{alias}' in params. Will use it instead of 'eval_at' argument")
2025-10-29 20:30:20,263 - src.modeling.rankers.lgbm_ranker - INFO - ✓ Predictions generated for 1 events
2025-10-29 20:30:24,193 - src.modeling.rankers.lgbm_ranker - INFO - Transformed to ranking format: 451815 samples (11585 groups of 39 positions each)
2025-10-29 20:30:24,193 - src.modeling.rankers.lgbm_ranker - INFO - Training LightGBM model...
/usr/local/lib/python3.10/dist-packages/lightgbm/sklearn.py:861: UserWarning: Found 'ndcg_eval_at' in params. Will use it instead of 'eval_at' argument
  _log_warning(f"Found '{alias}' in params. Will use it instead of 'eval_at' argument")
2025-10-29 20:30:25,186 - src.modeling.rankers.lgbm_ranker - INFO - Top-5 most important features:
2025-10-29 20:30:25,186 - src.modeling.rankers.lgbm_ranker - INFO -   position_frequency: 302.00
2025-10-29 20:30:25,186 - src.modeling.rankers.lgbm_ranker - INFO -   position_id: 232.00
2025-10-29 20:30:25,186 - src.modeling.rankers.lgbm_ranker - INFO -   tunneling: 231.00
2025-10-29 20:30:25,186 - src.modeling.rankers.lgbm_ranker - INFO -   min_distance: 161.00
2025-10-29 20:30:25,186 - src.modeling.rankers.lgbm_ranker - INFO -   density_window_0: 107.00
2025-10-29 20:30:25,186 - src.modeling.rankers.lgbm_ranker - INFO - ✓ Training completed in 81.26 seconds
2025-10-29 20:30:25,186 - src.modeling.rankers.lgbm_ranker - INFO - ✓ LGBMRanker training successful
2025-10-29 20:30:25,190 - src.modeling.rankers.lgbm_ranker - INFO - Predicting top-20 for 1 test events...
/usr/local/lib/python3.10/dist-packages/lightgbm/sklearn.py:861: UserWarning: Found 'ndcg_eval_at' in params. Will use it instead of 'eval_at' argument
  _log_warning(f"Found '{alias}' in params. Will use it instead of 'eval_at' argument")
2025-10-29 20:30:25,198 - src.modeling.rankers.lgbm_ranker - INFO - ✓ Predictions generated for 1 events
2025-10-29 20:30:27,638 - src.modeling.rankers.lgbm_ranker - INFO - Transformed to ranking format: 451815 samples (11585 groups of 39 positions each)
2025-10-29 20:30:27,638 - src.modeling.rankers.lgbm_ranker - INFO - Training LightGBM model...
/usr/local/lib/python3.10/dist-packages/lightgbm/sklearn.py:861: UserWarning: Found 'ndcg_eval_at' in params. Will use it instead of 'eval_at' argument
  _log_warning(f"Found '{alias}' in params. Will use it instead of 'eval_at' argument")
2025-10-29 20:30:30,595 - src.modeling.rankers.lgbm_ranker - INFO - Top-5 most important features:
2025-10-29 20:30:30,595 - src.modeling.rankers.lgbm_ranker - INFO -   tunneling: 409.00
2025-10-29 20:30:30,595 - src.modeling.rankers.lgbm_ranker - INFO -   position_id: 244.00
2025-10-29 20:30:30,595 - src.modeling.rankers.lgbm_ranker - INFO -   min_distance: 224.00
2025-10-29 20:30:30,595 - src.modeling.rankers.lgbm_ranker - INFO -   dft_45: 212.00
2025-10-29 20:30:30,595 - src.modeling.rankers.lgbm_ranker - INFO -   density_window_0: 196.00
2025-10-29 20:30:30,595 - src.modeling.rankers.lgbm_ranker - INFO - ✓ Training completed in 85.63 seconds
2025-10-29 20:30:30,595 - src.modeling.rankers.lgbm_ranker - INFO - ✓ LGBMRanker training successful
2025-10-29 20:30:30,643 - src.modeling.rankers.lgbm_ranker - INFO - Predicting top-20 for 1 test events...
/usr/local/lib/python3.10/dist-packages/lightgbm/sklearn.py:861: UserWarning: Found 'ndcg_eval_at' in params. Will use it instead of 'eval_at' argument
  _log_warning(f"Found '{alias}' in params. Will use it instead of 'eval_at' argument")
2025-10-29 20:30:30,652 - src.modeling.rankers.lgbm_ranker - INFO - ✓ Predictions generated for 1 events

  Event Duration: 100.5s
  Parallel Exec:  100.5s
  Model Training Times:
    amplitude: train=81.3s, total=94.9s
    angle_encoding: train=76.0s, total=90.0s
    graph_cycle: train=85.7s, total=100.4s
    density_matrix: train=76.2s, total=90.0s
  Memory Peak: 1.58 GB
  Recalls: amplitude: 100%, angle_encoding: 100%, graph_cycle: 100%, density_matrix: 100%, ensemble: 100%
  [CHECKPOINT] Saved

================================================================================
Event 11587 (98/100)
================================================================================
2025-10-29 20:30:30,827 - src.imputation.base_imputer - INFO - Fitting amplitude_embedding imputer on 11586 samples
2025-10-29 20:30:30,828 - src.imputation.base_imputer - INFO - Fitting density_matrix_optimized imputer on 11586 samples
2025-10-29 20:30:30,828 - src.imputation.base_imputer - INFO - Fitting angle_encoding imputer on 11586 samples
2025-10-29 20:30:30,828 - src.imputation.base_imputer - INFO - Fitting graph_cycle_encoding imputer on 11586 samples
2025-10-29 20:30:30,831 - src.imputation.density_matrix - INFO - Density matrix uses fixed quantum mechanical construction (no learning from 11586 training samples)
2025-10-29 20:30:30,831 - src.imputation.base_imputer - INFO - density_matrix_optimized imputer fitted successfully
2025-10-29 20:30:30,831 - src.imputation.base_imputer - INFO - Transforming 11586 samples with density_matrix_optimized imputer
2025-10-29 20:30:30,831 - src.imputation.amplitude_embedding - INFO - Learned position frequencies from 11586 samples. Normalization mode: uniform
2025-10-29 20:30:30,831 - src.imputation.base_imputer - INFO - amplitude_embedding imputer fitted successfully
2025-10-29 20:30:30,831 - src.imputation.base_imputer - INFO - Transforming 11586 samples with amplitude_embedding imputer
2025-10-29 20:30:30,831 - src.imputation.angle_encoding - INFO - Angle encoding uses fixed angular mapping (no learning from 11586 training samples)
2025-10-29 20:30:30,831 - src.imputation.base_imputer - INFO - angle_encoding imputer fitted successfully
2025-10-29 20:30:30,831 - src.imputation.base_imputer - INFO - Transforming 11586 samples with angle_encoding imputer
2025-10-29 20:30:30,832 - src.imputation.graph_cycle_encoding - INFO - Graph/Cycle encoding uses fixed DFT basis and geometric distances (no learning from 11586 training samples)
2025-10-29 20:30:30,832 - src.imputation.base_imputer - INFO - graph_cycle_encoding imputer fitted successfully
2025-10-29 20:30:30,832 - src.imputation.base_imputer - INFO - Transforming 11586 samples with graph_cycle_encoding imputer
2025-10-29 20:30:38,452 - src.imputation.base_imputer - INFO - Transformation complete: output shape (11586, 322)
2025-10-29 20:30:38,452 - src.imputation.base_imputer - INFO - Transforming 1 samples with angle_encoding imputer
2025-10-29 20:30:38,454 - src.imputation.base_imputer - INFO - Transformation complete: output shape (1, 322)
2025-10-29 20:30:38,719 - src.imputation.base_imputer - INFO - Transformation complete: output shape (11586, 377)
2025-10-29 20:30:38,719 - src.imputation.base_imputer - INFO - Transforming 1 samples with amplitude_embedding imputer
2025-10-29 20:30:38,721 - src.imputation.base_imputer - INFO - Transformation complete: output shape (1, 377)
2025-10-29 20:30:39,125 - src.imputation.base_imputer - INFO - Transformation complete: output shape (11586, 259)
2025-10-29 20:30:39,125 - src.imputation.base_imputer - INFO - Transforming 1 samples with density_matrix_optimized imputer
2025-10-29 20:30:39,127 - src.imputation.base_imputer - INFO - Transformation complete: output shape (1, 259)
2025-10-29 20:30:39,477 - src.imputation.base_imputer - INFO - Transformation complete: output shape (11586, 277)
2025-10-29 20:30:39,477 - src.imputation.base_imputer - INFO - Transforming 1 samples with graph_cycle_encoding imputer
2025-10-29 20:30:39,479 - src.imputation.base_imputer - INFO - Transformation complete: output shape (1, 277)
2025-10-29 20:30:44,088 - src.modeling.rankers.lgbm_ranker - INFO - Training LGBMRanker on 11586 events...
2025-10-29 20:30:44,235 - src.modeling.rankers.lgbm_ranker - INFO - Computed position frequencies: 39 positions
2025-10-29 20:30:44,419 - src.modeling.rankers.lgbm_ranker - INFO - Training LGBMRanker on 11586 events...
2025-10-29 20:30:44,560 - src.modeling.rankers.lgbm_ranker - INFO - Computed position frequencies: 39 positions
2025-10-29 20:30:44,966 - src.modeling.rankers.lgbm_ranker - INFO - Training LGBMRanker on 11586 events...
2025-10-29 20:30:45,112 - src.modeling.rankers.lgbm_ranker - INFO - Computed position frequencies: 39 positions
2025-10-29 20:30:45,254 - src.modeling.rankers.lgbm_ranker - INFO - Training LGBMRanker on 11586 events...
2025-10-29 20:30:45,400 - src.modeling.rankers.lgbm_ranker - INFO - Computed position frequencies: 39 positions
2025-10-29 20:31:56,341 - src.modeling.rankers.lgbm_ranker - INFO - Transformed to ranking format: 451854 samples (11586 groups of 39 positions each)
2025-10-29 20:31:56,341 - src.modeling.rankers.lgbm_ranker - INFO - Training LightGBM model...
/usr/local/lib/python3.10/dist-packages/lightgbm/sklearn.py:861: UserWarning: Found 'ndcg_eval_at' in params. Will use it instead of 'eval_at' argument
  _log_warning(f"Found '{alias}' in params. Will use it instead of 'eval_at' argument")
2025-10-29 20:31:57,439 - src.modeling.rankers.lgbm_ranker - INFO - Top-5 most important features:
2025-10-29 20:31:57,439 - src.modeling.rankers.lgbm_ranker - INFO -   aggregate_0: 274.00
2025-10-29 20:31:57,439 - src.modeling.rankers.lgbm_ranker - INFO -   position_id: 253.00
2025-10-29 20:31:57,439 - src.modeling.rankers.lgbm_ranker - INFO -   position_frequency: 242.00
2025-10-29 20:31:57,439 - src.modeling.rankers.lgbm_ranker - INFO -   aggregate_1: 119.00
2025-10-29 20:31:57,439 - src.modeling.rankers.lgbm_ranker - INFO -   min_distance: 85.00
2025-10-29 20:31:57,439 - src.modeling.rankers.lgbm_ranker - INFO - ✓ Training completed in 73.35 seconds
2025-10-29 20:31:57,439 - src.modeling.rankers.lgbm_ranker - INFO - ✓ LGBMRanker training successful
2025-10-29 20:31:57,451 - src.modeling.rankers.lgbm_ranker - INFO - Predicting top-20 for 1 test events...
/usr/local/lib/python3.10/dist-packages/lightgbm/sklearn.py:861: UserWarning: Found 'ndcg_eval_at' in params. Will use it instead of 'eval_at' argument
  _log_warning(f"Found '{alias}' in params. Will use it instead of 'eval_at' argument")
2025-10-29 20:31:57,459 - src.modeling.rankers.lgbm_ranker - INFO - ✓ Predictions generated for 1 events
2025-10-29 20:32:01,156 - src.modeling.rankers.lgbm_ranker - INFO - Transformed to ranking format: 451854 samples (11586 groups of 39 positions each)
2025-10-29 20:32:01,156 - src.modeling.rankers.lgbm_ranker - INFO - Training LightGBM model...
/usr/local/lib/python3.10/dist-packages/lightgbm/sklearn.py:861: UserWarning: Found 'ndcg_eval_at' in params. Will use it instead of 'eval_at' argument
  _log_warning(f"Found '{alias}' in params. Will use it instead of 'eval_at' argument")
2025-10-29 20:32:02,792 - src.modeling.rankers.lgbm_ranker - INFO - Top-5 most important features:
2025-10-29 20:32:02,792 - src.modeling.rankers.lgbm_ranker - INFO -   position_id: 400.00
2025-10-29 20:32:02,792 - src.modeling.rankers.lgbm_ranker - INFO -   tunneling: 339.00
2025-10-29 20:32:02,792 - src.modeling.rankers.lgbm_ranker - INFO -   position_frequency: 265.00
2025-10-29 20:32:02,792 - src.modeling.rankers.lgbm_ranker - INFO -   min_distance: 242.00
2025-10-29 20:32:02,792 - src.modeling.rankers.lgbm_ranker - INFO -   density_window_0: 220.00
2025-10-29 20:32:02,792 - src.modeling.rankers.lgbm_ranker - INFO - ✓ Training completed in 77.83 seconds
2025-10-29 20:32:02,792 - src.modeling.rankers.lgbm_ranker - INFO - ✓ LGBMRanker training successful
2025-10-29 20:32:02,824 - src.modeling.rankers.lgbm_ranker - INFO - Predicting top-20 for 1 test events...
/usr/local/lib/python3.10/dist-packages/lightgbm/sklearn.py:861: UserWarning: Found 'ndcg_eval_at' in params. Will use it instead of 'eval_at' argument
  _log_warning(f"Found '{alias}' in params. Will use it instead of 'eval_at' argument")
2025-10-29 20:32:02,833 - src.modeling.rankers.lgbm_ranker - INFO - ✓ Predictions generated for 1 events
2025-10-29 20:32:04,736 - src.modeling.rankers.lgbm_ranker - INFO - Transformed to ranking format: 451854 samples (11586 groups of 39 positions each)
2025-10-29 20:32:04,737 - src.modeling.rankers.lgbm_ranker - INFO - Training LightGBM model...
/usr/local/lib/python3.10/dist-packages/lightgbm/sklearn.py:861: UserWarning: Found 'ndcg_eval_at' in params. Will use it instead of 'eval_at' argument
  _log_warning(f"Found '{alias}' in params. Will use it instead of 'eval_at' argument")
2025-10-29 20:32:05,755 - src.modeling.rankers.lgbm_ranker - INFO - Top-5 most important features:
2025-10-29 20:32:05,755 - src.modeling.rankers.lgbm_ranker - INFO -   position_frequency: 329.00
2025-10-29 20:32:05,755 - src.modeling.rankers.lgbm_ranker - INFO -   position_id: 265.00
2025-10-29 20:32:05,755 - src.modeling.rankers.lgbm_ranker - INFO -   tunneling: 240.00
2025-10-29 20:32:05,755 - src.modeling.rankers.lgbm_ranker - INFO -   min_distance: 234.00
2025-10-29 20:32:05,755 - src.modeling.rankers.lgbm_ranker - INFO -   density_window_0: 143.00
2025-10-29 20:32:05,755 - src.modeling.rankers.lgbm_ranker - INFO - ✓ Training completed in 81.34 seconds
2025-10-29 20:32:05,755 - src.modeling.rankers.lgbm_ranker - INFO - ✓ LGBMRanker training successful
2025-10-29 20:32:05,759 - src.modeling.rankers.lgbm_ranker - INFO - Predicting top-20 for 1 test events...
/usr/local/lib/python3.10/dist-packages/lightgbm/sklearn.py:861: UserWarning: Found 'ndcg_eval_at' in params. Will use it instead of 'eval_at' argument
  _log_warning(f"Found '{alias}' in params. Will use it instead of 'eval_at' argument")
2025-10-29 20:32:05,767 - src.modeling.rankers.lgbm_ranker - INFO - ✓ Predictions generated for 1 events
2025-10-29 20:32:07,493 - src.modeling.rankers.lgbm_ranker - INFO - Transformed to ranking format: 451854 samples (11586 groups of 39 positions each)
2025-10-29 20:32:07,493 - src.modeling.rankers.lgbm_ranker - INFO - Training LightGBM model...
/usr/local/lib/python3.10/dist-packages/lightgbm/sklearn.py:861: UserWarning: Found 'ndcg_eval_at' in params. Will use it instead of 'eval_at' argument
  _log_warning(f"Found '{alias}' in params. Will use it instead of 'eval_at' argument")
2025-10-29 20:32:10,546 - src.modeling.rankers.lgbm_ranker - INFO - Top-5 most important features:
2025-10-29 20:32:10,546 - src.modeling.rankers.lgbm_ranker - INFO -   tunneling: 434.00
2025-10-29 20:32:10,546 - src.modeling.rankers.lgbm_ranker - INFO -   min_distance: 286.00
2025-10-29 20:32:10,546 - src.modeling.rankers.lgbm_ranker - INFO -   position_id: 248.00
2025-10-29 20:32:10,546 - src.modeling.rankers.lgbm_ranker - INFO -   density_window_0: 181.00
2025-10-29 20:32:10,546 - src.modeling.rankers.lgbm_ranker - INFO -   dft_45: 165.00
2025-10-29 20:32:10,546 - src.modeling.rankers.lgbm_ranker - INFO - ✓ Training completed in 85.29 seconds
2025-10-29 20:32:10,546 - src.modeling.rankers.lgbm_ranker - INFO - ✓ LGBMRanker training successful
2025-10-29 20:32:10,597 - src.modeling.rankers.lgbm_ranker - INFO - Predicting top-20 for 1 test events...
/usr/local/lib/python3.10/dist-packages/lightgbm/sklearn.py:861: UserWarning: Found 'ndcg_eval_at' in params. Will use it instead of 'eval_at' argument
  _log_warning(f"Found '{alias}' in params. Will use it instead of 'eval_at' argument")
2025-10-29 20:32:10,607 - src.modeling.rankers.lgbm_ranker - INFO - ✓ Predictions generated for 1 events

  Event Duration: 100.0s
  Parallel Exec:  99.9s
  Model Training Times:
    amplitude: train=81.3s, total=95.0s
    angle_encoding: train=73.4s, total=86.7s
    graph_cycle: train=85.3s, total=99.8s
    density_matrix: train=77.9s, total=92.0s
  Memory Peak: 1.58 GB
  Recalls: amplitude: 100%, angle_encoding: 100%, graph_cycle: 100%, density_matrix: 100%, ensemble: 100%
  [CHECKPOINT] Saved

================================================================================
Event 11588 (99/100)
================================================================================
2025-10-29 20:32:10,788 - src.imputation.base_imputer - INFO - Fitting amplitude_embedding imputer on 11587 samples
2025-10-29 20:32:10,790 - src.imputation.base_imputer - INFO - Fitting graph_cycle_encoding imputer on 11587 samples
2025-10-29 20:32:10,790 - src.imputation.base_imputer - INFO - Fitting angle_encoding imputer on 11587 samples
2025-10-29 20:32:10,790 - src.imputation.base_imputer - INFO - Fitting density_matrix_optimized imputer on 11587 samples
2025-10-29 20:32:10,792 - src.imputation.amplitude_embedding - INFO - Learned position frequencies from 11587 samples. Normalization mode: uniform
2025-10-29 20:32:10,792 - src.imputation.base_imputer - INFO - amplitude_embedding imputer fitted successfully
2025-10-29 20:32:10,792 - src.imputation.base_imputer - INFO - Transforming 11587 samples with amplitude_embedding imputer
2025-10-29 20:32:10,793 - src.imputation.graph_cycle_encoding - INFO - Graph/Cycle encoding uses fixed DFT basis and geometric distances (no learning from 11587 training samples)
2025-10-29 20:32:10,793 - src.imputation.base_imputer - INFO - graph_cycle_encoding imputer fitted successfully
2025-10-29 20:32:10,793 - src.imputation.base_imputer - INFO - Transforming 11587 samples with graph_cycle_encoding imputer
2025-10-29 20:32:10,793 - src.imputation.angle_encoding - INFO - Angle encoding uses fixed angular mapping (no learning from 11587 training samples)
2025-10-29 20:32:10,793 - src.imputation.base_imputer - INFO - angle_encoding imputer fitted successfully
2025-10-29 20:32:10,793 - src.imputation.base_imputer - INFO - Transforming 11587 samples with angle_encoding imputer
2025-10-29 20:32:10,794 - src.imputation.density_matrix - INFO - Density matrix uses fixed quantum mechanical construction (no learning from 11587 training samples)
2025-10-29 20:32:10,794 - src.imputation.base_imputer - INFO - density_matrix_optimized imputer fitted successfully
2025-10-29 20:32:10,794 - src.imputation.base_imputer - INFO - Transforming 11587 samples with density_matrix_optimized imputer
2025-10-29 20:32:18,650 - src.imputation.base_imputer - INFO - Transformation complete: output shape (11587, 377)
2025-10-29 20:32:18,650 - src.imputation.base_imputer - INFO - Transforming 1 samples with amplitude_embedding imputer
2025-10-29 20:32:18,652 - src.imputation.base_imputer - INFO - Transformation complete: output shape (1, 377)
2025-10-29 20:32:18,753 - src.imputation.base_imputer - INFO - Transformation complete: output shape (11587, 322)
2025-10-29 20:32:18,753 - src.imputation.base_imputer - INFO - Transforming 1 samples with angle_encoding imputer
2025-10-29 20:32:18,755 - src.imputation.base_imputer - INFO - Transformation complete: output shape (1, 322)
2025-10-29 20:32:19,240 - src.imputation.base_imputer - INFO - Transformation complete: output shape (11587, 259)
2025-10-29 20:32:19,240 - src.imputation.base_imputer - INFO - Transforming 1 samples with density_matrix_optimized imputer
2025-10-29 20:32:19,242 - src.imputation.base_imputer - INFO - Transformation complete: output shape (1, 259)
2025-10-29 20:32:19,400 - src.imputation.base_imputer - INFO - Transformation complete: output shape (11587, 277)
2025-10-29 20:32:19,400 - src.imputation.base_imputer - INFO - Transforming 1 samples with graph_cycle_encoding imputer
2025-10-29 20:32:19,403 - src.imputation.base_imputer - INFO - Transformation complete: output shape (1, 277)
2025-10-29 20:32:24,335 - src.modeling.rankers.lgbm_ranker - INFO - Training LGBMRanker on 11587 events...
2025-10-29 20:32:24,477 - src.modeling.rankers.lgbm_ranker - INFO - Computed position frequencies: 39 positions
2025-10-29 20:32:24,612 - src.modeling.rankers.lgbm_ranker - INFO - Training LGBMRanker on 11587 events...
2025-10-29 20:32:24,760 - src.modeling.rankers.lgbm_ranker - INFO - Computed position frequencies: 39 positions
2025-10-29 20:32:25,033 - src.modeling.rankers.lgbm_ranker - INFO - Training LGBMRanker on 11587 events...
2025-10-29 20:32:25,104 - src.modeling.rankers.lgbm_ranker - INFO - Training LGBMRanker on 11587 events...
2025-10-29 20:32:25,174 - src.modeling.rankers.lgbm_ranker - INFO - Computed position frequencies: 39 positions
2025-10-29 20:32:25,251 - src.modeling.rankers.lgbm_ranker - INFO - Computed position frequencies: 39 positions
2025-10-29 20:33:39,702 - src.modeling.rankers.lgbm_ranker - INFO - Transformed to ranking format: 451893 samples (11587 groups of 39 positions each)
2025-10-29 20:33:39,702 - src.modeling.rankers.lgbm_ranker - INFO - Training LightGBM model...
/usr/local/lib/python3.10/dist-packages/lightgbm/sklearn.py:861: UserWarning: Found 'ndcg_eval_at' in params. Will use it instead of 'eval_at' argument
  _log_warning(f"Found '{alias}' in params. Will use it instead of 'eval_at' argument")
2025-10-29 20:33:40,860 - src.modeling.rankers.lgbm_ranker - INFO - Top-5 most important features:
2025-10-29 20:33:40,860 - src.modeling.rankers.lgbm_ranker - INFO -   position_frequency: 275.00
2025-10-29 20:33:40,860 - src.modeling.rankers.lgbm_ranker - INFO -   aggregate_0: 218.00
2025-10-29 20:33:40,860 - src.modeling.rankers.lgbm_ranker - INFO -   position_id: 200.00
2025-10-29 20:33:40,860 - src.modeling.rankers.lgbm_ranker - INFO -   aggregate_1: 134.00
2025-10-29 20:33:40,860 - src.modeling.rankers.lgbm_ranker - INFO -   density_window_0: 108.00
2025-10-29 20:33:40,860 - src.modeling.rankers.lgbm_ranker - INFO - ✓ Training completed in 76.25 seconds
2025-10-29 20:33:40,860 - src.modeling.rankers.lgbm_ranker - INFO - ✓ LGBMRanker training successful
2025-10-29 20:33:40,875 - src.modeling.rankers.lgbm_ranker - INFO - Predicting top-20 for 1 test events...
/usr/local/lib/python3.10/dist-packages/lightgbm/sklearn.py:861: UserWarning: Found 'ndcg_eval_at' in params. Will use it instead of 'eval_at' argument
  _log_warning(f"Found '{alias}' in params. Will use it instead of 'eval_at' argument")
2025-10-29 20:33:40,884 - src.modeling.rankers.lgbm_ranker - INFO - ✓ Predictions generated for 1 events
2025-10-29 20:33:42,743 - src.modeling.rankers.lgbm_ranker - INFO - Transformed to ranking format: 451893 samples (11587 groups of 39 positions each)
2025-10-29 20:33:42,743 - src.modeling.rankers.lgbm_ranker - INFO - Training LightGBM model...
/usr/local/lib/python3.10/dist-packages/lightgbm/sklearn.py:861: UserWarning: Found 'ndcg_eval_at' in params. Will use it instead of 'eval_at' argument
  _log_warning(f"Found '{alias}' in params. Will use it instead of 'eval_at' argument")
2025-10-29 20:33:44,475 - src.modeling.rankers.lgbm_ranker - INFO - Top-5 most important features:
2025-10-29 20:33:44,475 - src.modeling.rankers.lgbm_ranker - INFO -   position_id: 397.00
2025-10-29 20:33:44,475 - src.modeling.rankers.lgbm_ranker - INFO -   position_frequency: 329.00
2025-10-29 20:33:44,475 - src.modeling.rankers.lgbm_ranker - INFO -   tunneling: 310.00
2025-10-29 20:33:44,475 - src.modeling.rankers.lgbm_ranker - INFO -   min_distance: 243.00
2025-10-29 20:33:44,475 - src.modeling.rankers.lgbm_ranker - INFO -   density_window_0: 178.00
2025-10-29 20:33:44,475 - src.modeling.rankers.lgbm_ranker - INFO - ✓ Training completed in 79.37 seconds
2025-10-29 20:33:44,475 - src.modeling.rankers.lgbm_ranker - INFO - ✓ LGBMRanker training successful
2025-10-29 20:33:44,497 - src.modeling.rankers.lgbm_ranker - INFO - Predicting top-20 for 1 test events...
/usr/local/lib/python3.10/dist-packages/lightgbm/sklearn.py:861: UserWarning: Found 'ndcg_eval_at' in params. Will use it instead of 'eval_at' argument
  _log_warning(f"Found '{alias}' in params. Will use it instead of 'eval_at' argument")
2025-10-29 20:33:44,506 - src.modeling.rankers.lgbm_ranker - INFO - ✓ Predictions generated for 1 events
2025-10-29 20:33:44,681 - src.modeling.rankers.lgbm_ranker - INFO - Transformed to ranking format: 451893 samples (11587 groups of 39 positions each)
2025-10-29 20:33:44,682 - src.modeling.rankers.lgbm_ranker - INFO - Training LightGBM model...
/usr/local/lib/python3.10/dist-packages/lightgbm/sklearn.py:861: UserWarning: Found 'ndcg_eval_at' in params. Will use it instead of 'eval_at' argument
  _log_warning(f"Found '{alias}' in params. Will use it instead of 'eval_at' argument")
2025-10-29 20:33:45,279 - src.modeling.rankers.lgbm_ranker - INFO - Transformed to ranking format: 451893 samples (11587 groups of 39 positions each)
2025-10-29 20:33:45,279 - src.modeling.rankers.lgbm_ranker - INFO - Training LightGBM model...
/usr/local/lib/python3.10/dist-packages/lightgbm/sklearn.py:861: UserWarning: Found 'ndcg_eval_at' in params. Will use it instead of 'eval_at' argument
  _log_warning(f"Found '{alias}' in params. Will use it instead of 'eval_at' argument")
2025-10-29 20:33:45,734 - src.modeling.rankers.lgbm_ranker - INFO - Top-5 most important features:
2025-10-29 20:33:45,734 - src.modeling.rankers.lgbm_ranker - INFO -   position_frequency: 310.00
2025-10-29 20:33:45,734 - src.modeling.rankers.lgbm_ranker - INFO -   min_distance: 258.00
2025-10-29 20:33:45,734 - src.modeling.rankers.lgbm_ranker - INFO -   tunneling: 216.00
2025-10-29 20:33:45,734 - src.modeling.rankers.lgbm_ranker - INFO -   position_id: 174.00
2025-10-29 20:33:45,734 - src.modeling.rankers.lgbm_ranker - INFO -   density_window_0: 138.00
2025-10-29 20:33:45,734 - src.modeling.rankers.lgbm_ranker - INFO - ✓ Training completed in 81.40 seconds
2025-10-29 20:33:45,734 - src.modeling.rankers.lgbm_ranker - INFO - ✓ LGBMRanker training successful
2025-10-29 20:33:45,738 - src.modeling.rankers.lgbm_ranker - INFO - Predicting top-20 for 1 test events...
/usr/local/lib/python3.10/dist-packages/lightgbm/sklearn.py:861: UserWarning: Found 'ndcg_eval_at' in params. Will use it instead of 'eval_at' argument
  _log_warning(f"Found '{alias}' in params. Will use it instead of 'eval_at' argument")
2025-10-29 20:33:45,746 - src.modeling.rankers.lgbm_ranker - INFO - ✓ Predictions generated for 1 events
2025-10-29 20:33:48,221 - src.modeling.rankers.lgbm_ranker - INFO - Top-5 most important features:
2025-10-29 20:33:48,221 - src.modeling.rankers.lgbm_ranker - INFO -   tunneling: 435.00
2025-10-29 20:33:48,221 - src.modeling.rankers.lgbm_ranker - INFO -   min_distance: 238.00
2025-10-29 20:33:48,221 - src.modeling.rankers.lgbm_ranker - INFO -   position_id: 216.00
2025-10-29 20:33:48,221 - src.modeling.rankers.lgbm_ranker - INFO -   density_window_0: 207.00
2025-10-29 20:33:48,221 - src.modeling.rankers.lgbm_ranker - INFO -   dft_45: 204.00
2025-10-29 20:33:48,222 - src.modeling.rankers.lgbm_ranker - INFO - ✓ Training completed in 83.19 seconds
2025-10-29 20:33:48,222 - src.modeling.rankers.lgbm_ranker - INFO - ✓ LGBMRanker training successful
2025-10-29 20:33:48,272 - src.modeling.rankers.lgbm_ranker - INFO - Predicting top-20 for 1 test events...
/usr/local/lib/python3.10/dist-packages/lightgbm/sklearn.py:861: UserWarning: Found 'ndcg_eval_at' in params. Will use it instead of 'eval_at' argument
  _log_warning(f"Found '{alias}' in params. Will use it instead of 'eval_at' argument")
2025-10-29 20:33:48,280 - src.modeling.rankers.lgbm_ranker - INFO - ✓ Predictions generated for 1 events

  Event Duration: 97.7s
  Parallel Exec:  97.7s
  Model Training Times:
    amplitude: train=81.4s, total=95.0s
    angle_encoding: train=76.3s, total=90.1s
    graph_cycle: train=83.2s, total=97.5s
    density_matrix: train=79.4s, total=93.7s
  Memory Peak: 1.58 GB
  Recalls: amplitude: 100%, angle_encoding: 100%, graph_cycle: 100%, density_matrix: 100%, ensemble: 100%
  [CHECKPOINT] Saved

================================================================================
Event 11589 (100/100)
================================================================================
2025-10-29 20:33:48,467 - src.imputation.base_imputer - INFO - Fitting amplitude_embedding imputer on 11588 samples
2025-10-29 20:33:48,469 - src.imputation.base_imputer - INFO - Fitting density_matrix_optimized imputer on 11588 samples
2025-10-29 20:33:48,469 - src.imputation.base_imputer - INFO - Fitting angle_encoding imputer on 11588 samples
2025-10-29 20:33:48,469 - src.imputation.base_imputer - INFO - Fitting graph_cycle_encoding imputer on 11588 samples
2025-10-29 20:33:48,471 - src.imputation.amplitude_embedding - INFO - Learned position frequencies from 11588 samples. Normalization mode: uniform
2025-10-29 20:33:48,471 - src.imputation.base_imputer - INFO - amplitude_embedding imputer fitted successfully
2025-10-29 20:33:48,471 - src.imputation.base_imputer - INFO - Transforming 11588 samples with amplitude_embedding imputer
2025-10-29 20:33:48,472 - src.imputation.density_matrix - INFO - Density matrix uses fixed quantum mechanical construction (no learning from 11588 training samples)
2025-10-29 20:33:48,472 - src.imputation.angle_encoding - INFO - Angle encoding uses fixed angular mapping (no learning from 11588 training samples)
2025-10-29 20:33:48,472 - src.imputation.base_imputer - INFO - density_matrix_optimized imputer fitted successfully
2025-10-29 20:33:48,472 - src.imputation.base_imputer - INFO - angle_encoding imputer fitted successfully
2025-10-29 20:33:48,472 - src.imputation.base_imputer - INFO - Transforming 11588 samples with density_matrix_optimized imputer
2025-10-29 20:33:48,472 - src.imputation.base_imputer - INFO - Transforming 11588 samples with angle_encoding imputer
2025-10-29 20:33:48,472 - src.imputation.graph_cycle_encoding - INFO - Graph/Cycle encoding uses fixed DFT basis and geometric distances (no learning from 11588 training samples)
2025-10-29 20:33:48,472 - src.imputation.base_imputer - INFO - graph_cycle_encoding imputer fitted successfully
2025-10-29 20:33:48,473 - src.imputation.base_imputer - INFO - Transforming 11588 samples with graph_cycle_encoding imputer
2025-10-29 20:33:56,170 - src.imputation.base_imputer - INFO - Transformation complete: output shape (11588, 322)
2025-10-29 20:33:56,170 - src.imputation.base_imputer - INFO - Transforming 1 samples with angle_encoding imputer
2025-10-29 20:33:56,172 - src.imputation.base_imputer - INFO - Transformation complete: output shape (1, 322)
2025-10-29 20:33:56,369 - src.imputation.base_imputer - INFO - Transformation complete: output shape (11588, 377)
2025-10-29 20:33:56,369 - src.imputation.base_imputer - INFO - Transforming 1 samples with amplitude_embedding imputer
2025-10-29 20:33:56,371 - src.imputation.base_imputer - INFO - Transformation complete: output shape (1, 377)
2025-10-29 20:33:56,866 - src.imputation.base_imputer - INFO - Transformation complete: output shape (11588, 259)
2025-10-29 20:33:56,866 - src.imputation.base_imputer - INFO - Transforming 1 samples with density_matrix_optimized imputer
2025-10-29 20:33:56,868 - src.imputation.base_imputer - INFO - Transformation complete: output shape (1, 259)
2025-10-29 20:33:57,146 - src.imputation.base_imputer - INFO - Transformation complete: output shape (11588, 277)
2025-10-29 20:33:57,147 - src.imputation.base_imputer - INFO - Transforming 1 samples with graph_cycle_encoding imputer
2025-10-29 20:33:57,149 - src.imputation.base_imputer - INFO - Transformation complete: output shape (1, 277)
2025-10-29 20:34:01,889 - src.modeling.rankers.lgbm_ranker - INFO - Training LGBMRanker on 11588 events...
2025-10-29 20:34:02,027 - src.modeling.rankers.lgbm_ranker - INFO - Training LGBMRanker on 11588 events...
2025-10-29 20:34:02,032 - src.modeling.rankers.lgbm_ranker - INFO - Computed position frequencies: 39 positions
2025-10-29 20:34:02,176 - src.modeling.rankers.lgbm_ranker - INFO - Computed position frequencies: 39 positions
2025-10-29 20:34:02,702 - src.modeling.rankers.lgbm_ranker - INFO - Training LGBMRanker on 11588 events...
2025-10-29 20:34:02,850 - src.modeling.rankers.lgbm_ranker - INFO - Computed position frequencies: 39 positions
2025-10-29 20:34:03,004 - src.modeling.rankers.lgbm_ranker - INFO - Training LGBMRanker on 11588 events...
2025-10-29 20:34:03,152 - src.modeling.rankers.lgbm_ranker - INFO - Computed position frequencies: 39 positions
2025-10-29 20:35:14,976 - src.modeling.rankers.lgbm_ranker - INFO - Transformed to ranking format: 451932 samples (11588 groups of 39 positions each)
2025-10-29 20:35:14,976 - src.modeling.rankers.lgbm_ranker - INFO - Training LightGBM model...
/usr/local/lib/python3.10/dist-packages/lightgbm/sklearn.py:861: UserWarning: Found 'ndcg_eval_at' in params. Will use it instead of 'eval_at' argument
  _log_warning(f"Found '{alias}' in params. Will use it instead of 'eval_at' argument")
2025-10-29 20:35:16,159 - src.modeling.rankers.lgbm_ranker - INFO - Top-5 most important features:
2025-10-29 20:35:16,159 - src.modeling.rankers.lgbm_ranker - INFO -   aggregate_0: 348.00
2025-10-29 20:35:16,159 - src.modeling.rankers.lgbm_ranker - INFO -   position_frequency: 318.00
2025-10-29 20:35:16,159 - src.modeling.rankers.lgbm_ranker - INFO -   position_id: 238.00
2025-10-29 20:35:16,159 - src.modeling.rankers.lgbm_ranker - INFO -   aggregate_1: 115.00
2025-10-29 20:35:16,159 - src.modeling.rankers.lgbm_ranker - INFO -   angle: 82.00
2025-10-29 20:35:16,159 - src.modeling.rankers.lgbm_ranker - INFO - ✓ Training completed in 74.27 seconds
2025-10-29 20:35:16,159 - src.modeling.rankers.lgbm_ranker - INFO - ✓ LGBMRanker training successful
2025-10-29 20:35:16,170 - src.modeling.rankers.lgbm_ranker - INFO - Predicting top-20 for 1 test events...
/usr/local/lib/python3.10/dist-packages/lightgbm/sklearn.py:861: UserWarning: Found 'ndcg_eval_at' in params. Will use it instead of 'eval_at' argument
  _log_warning(f"Found '{alias}' in params. Will use it instead of 'eval_at' argument")
2025-10-29 20:35:16,178 - src.modeling.rankers.lgbm_ranker - INFO - ✓ Predictions generated for 1 events
2025-10-29 20:35:19,573 - src.modeling.rankers.lgbm_ranker - INFO - Transformed to ranking format: 451932 samples (11588 groups of 39 positions each)
2025-10-29 20:35:19,573 - src.modeling.rankers.lgbm_ranker - INFO - Training LightGBM model...
/usr/local/lib/python3.10/dist-packages/lightgbm/sklearn.py:861: UserWarning: Found 'ndcg_eval_at' in params. Will use it instead of 'eval_at' argument
  _log_warning(f"Found '{alias}' in params. Will use it instead of 'eval_at' argument")
2025-10-29 20:35:21,268 - src.modeling.rankers.lgbm_ranker - INFO - Top-5 most important features:
2025-10-29 20:35:21,269 - src.modeling.rankers.lgbm_ranker - INFO -   position_id: 393.00
2025-10-29 20:35:21,269 - src.modeling.rankers.lgbm_ranker - INFO -   tunneling: 322.00
2025-10-29 20:35:21,269 - src.modeling.rankers.lgbm_ranker - INFO -   min_distance: 274.00
2025-10-29 20:35:21,269 - src.modeling.rankers.lgbm_ranker - INFO -   position_frequency: 265.00
2025-10-29 20:35:21,269 - src.modeling.rankers.lgbm_ranker - INFO -   density_window_0: 201.00
2025-10-29 20:35:21,269 - src.modeling.rankers.lgbm_ranker - INFO - ✓ Training completed in 78.57 seconds
2025-10-29 20:35:21,269 - src.modeling.rankers.lgbm_ranker - INFO - ✓ LGBMRanker training successful
2025-10-29 20:35:21,291 - src.modeling.rankers.lgbm_ranker - INFO - Predicting top-20 for 1 test events...
/usr/local/lib/python3.10/dist-packages/lightgbm/sklearn.py:861: UserWarning: Found 'ndcg_eval_at' in params. Will use it instead of 'eval_at' argument
  _log_warning(f"Found '{alias}' in params. Will use it instead of 'eval_at' argument")
2025-10-29 20:35:21,300 - src.modeling.rankers.lgbm_ranker - INFO - ✓ Predictions generated for 1 events
2025-10-29 20:35:22,924 - src.modeling.rankers.lgbm_ranker - INFO - Transformed to ranking format: 451932 samples (11588 groups of 39 positions each)
2025-10-29 20:35:22,924 - src.modeling.rankers.lgbm_ranker - INFO - Training LightGBM model...
/usr/local/lib/python3.10/dist-packages/lightgbm/sklearn.py:861: UserWarning: Found 'ndcg_eval_at' in params. Will use it instead of 'eval_at' argument
  _log_warning(f"Found '{alias}' in params. Will use it instead of 'eval_at' argument")
2025-10-29 20:35:23,976 - src.modeling.rankers.lgbm_ranker - INFO - Top-5 most important features:
2025-10-29 20:35:23,976 - src.modeling.rankers.lgbm_ranker - INFO -   position_frequency: 355.00
2025-10-29 20:35:23,976 - src.modeling.rankers.lgbm_ranker - INFO -   tunneling: 236.00
2025-10-29 20:35:23,976 - src.modeling.rankers.lgbm_ranker - INFO -   position_id: 230.00
2025-10-29 20:35:23,976 - src.modeling.rankers.lgbm_ranker - INFO -   min_distance: 222.00
2025-10-29 20:35:23,976 - src.modeling.rankers.lgbm_ranker - INFO -   density_window_0: 115.00
2025-10-29 20:35:23,976 - src.modeling.rankers.lgbm_ranker - INFO - ✓ Training completed in 81.95 seconds
2025-10-29 20:35:23,976 - src.modeling.rankers.lgbm_ranker - INFO - ✓ LGBMRanker training successful
2025-10-29 20:35:23,980 - src.modeling.rankers.lgbm_ranker - INFO - Predicting top-20 for 1 test events...
/usr/local/lib/python3.10/dist-packages/lightgbm/sklearn.py:861: UserWarning: Found 'ndcg_eval_at' in params. Will use it instead of 'eval_at' argument
  _log_warning(f"Found '{alias}' in params. Will use it instead of 'eval_at' argument")
2025-10-29 20:35:23,988 - src.modeling.rankers.lgbm_ranker - INFO - ✓ Predictions generated for 1 events
2025-10-29 20:35:25,511 - src.modeling.rankers.lgbm_ranker - INFO - Transformed to ranking format: 451932 samples (11588 groups of 39 positions each)
2025-10-29 20:35:25,511 - src.modeling.rankers.lgbm_ranker - INFO - Training LightGBM model...
/usr/local/lib/python3.10/dist-packages/lightgbm/sklearn.py:861: UserWarning: Found 'ndcg_eval_at' in params. Will use it instead of 'eval_at' argument
  _log_warning(f"Found '{alias}' in params. Will use it instead of 'eval_at' argument")
2025-10-29 20:35:28,444 - src.modeling.rankers.lgbm_ranker - INFO - Top-5 most important features:
2025-10-29 20:35:28,444 - src.modeling.rankers.lgbm_ranker - INFO -   tunneling: 413.00
2025-10-29 20:35:28,444 - src.modeling.rankers.lgbm_ranker - INFO -   position_id: 250.00
2025-10-29 20:35:28,444 - src.modeling.rankers.lgbm_ranker - INFO -   min_distance: 229.00
2025-10-29 20:35:28,444 - src.modeling.rankers.lgbm_ranker - INFO -   density_window_0: 210.00
2025-10-29 20:35:28,444 - src.modeling.rankers.lgbm_ranker - INFO -   dft_45: 197.00
2025-10-29 20:35:28,444 - src.modeling.rankers.lgbm_ranker - INFO - ✓ Training completed in 85.44 seconds
2025-10-29 20:35:28,444 - src.modeling.rankers.lgbm_ranker - INFO - ✓ LGBMRanker training successful
2025-10-29 20:35:28,493 - src.modeling.rankers.lgbm_ranker - INFO - Predicting top-20 for 1 test events...
/usr/local/lib/python3.10/dist-packages/lightgbm/sklearn.py:861: UserWarning: Found 'ndcg_eval_at' in params. Will use it instead of 'eval_at' argument
  _log_warning(f"Found '{alias}' in params. Will use it instead of 'eval_at' argument")
2025-10-29 20:35:28,502 - src.modeling.rankers.lgbm_ranker - INFO - ✓ Predictions generated for 1 events

  Event Duration: 100.2s
  Parallel Exec:  100.2s
  Model Training Times:
    amplitude: train=82.0s, total=95.5s
    angle_encoding: train=74.3s, total=87.7s
    graph_cycle: train=85.5s, total=100.1s
    density_matrix: train=78.6s, total=92.9s
  Memory Peak: 1.58 GB
  Recalls: amplitude: 100%, angle_encoding: 100%, graph_cycle: 100%, density_matrix: 100%, ensemble: 100%
  [CHECKPOINT] Saved

================================================================================
AGGREGATE RESULTS
================================================================================

Recall@20 Statistics (100 events):

Model                Mean       Std        Min        Max       
------------------------------------------------------------
Amplitude             100.0%      0.0%    100.0%    100.0%
Angle Encoding        100.0%      0.0%    100.0%    100.0%
Graph Cycle           100.0%      0.0%    100.0%    100.0%
Density Matrix        100.0%      0.0%    100.0%    100.0%
Ensemble              100.0%      0.0%    100.0%    100.0%

[BEST] Best Model: Amplitude (100.0% avg recall)

================================================================================
TIMING ANALYSIS (Pure Compute Time)
================================================================================

[COMPUTE] PURE COMPUTE TIME: 164.71 minutes (9882.7s)
   (Excludes manual setup, only actual computation)

Per-Event Statistics:
  Average per event: 98.8s
  Min/Max per event: 96.5s / 101.8s
  Total events time: 164.7 minutes

Parallel Execution Statistics:
  Average parallel time: 98.8s
  Min/Max parallel time: 96.5s / 101.8s

Script Overhead:
  Data loading: 0.0s
  Checkpoint load: 0.0s
  Other overhead: 0.0s

[TOTAL] TOTAL SCRIPT TIME: 164.71 minutes
   (Includes all overhead + compute)

[TIME] Started:  2025-10-29 17:50:45
[TIME] Finished: 2025-10-29 20:35:28
[TIME] Duration: 2:44:42.722870
Traceback (most recent call last):
  File "/workspace/runpod_true_holdout_100/true_holdout_test_100_optimized.py", line 637, in <module>
    main()
  File "/workspace/runpod_true_holdout_100/true_holdout_test_100_optimized.py", line 570, in main
    json.dump({
  File "/usr/lib/python3.10/json/__init__.py", line 179, in dump
    for chunk in iterable:
  File "/usr/lib/python3.10/json/encoder.py", line 431, in _iterencode
    yield from _iterencode_dict(o, _current_indent_level)
  File "/usr/lib/python3.10/json/encoder.py", line 405, in _iterencode_dict
    yield from chunks
  File "/usr/lib/python3.10/json/encoder.py", line 325, in _iterencode_list
    yield from chunks
  File "/usr/lib/python3.10/json/encoder.py", line 405, in _iterencode_dict
    yield from chunks
  File "/usr/lib/python3.10/json/encoder.py", line 325, in _iterencode_list
    yield from chunks
  File "/usr/lib/python3.10/json/encoder.py", line 438, in _iterencode
    o = _default(o)
  File "/usr/lib/python3.10/json/encoder.py", line 179, in default
    raise TypeError(f'Object of type {o.__class__.__name__} '
TypeError: Object of type int64 is not JSON serializable
